Change Component Designator: Old Designator=C? New Designator=C141
Change Component Designator: Old Designator=C? New Designator=C142
Change Component Designator: Old Designator=C? New Designator=C143
Change Component Designator: Old Designator=C? New Designator=C144
Change Component Designator: Old Designator=C? New Designator=C145
Change Component Designator: Old Designator=C? New Designator=C146
Change Component Designator: Old Designator=C? New Designator=C147
Change Component Designator: Old Designator=C? New Designator=C148
Change Component Designator: Old Designator=D? New Designator=D13
Change Component Designator: Old Designator=DS? New Designator=DS3
Change Component Designator: Old Designator=DS? New Designator=DS4
Change Component Designator: Old Designator=JP? New Designator=JP3
Change Component Designator: Old Designator=R? New Designator=R227
Change Component Designator: Old Designator=R? New Designator=R228
Change Component Designator: Old Designator=R? New Designator=R229
Change Component Designator: Old Designator=R? New Designator=R230
Change Component Designator: Old Designator=R? New Designator=R231
Change Component Designator: Old Designator=R? New Designator=R232
Change Component Designator: Old Designator=R? New Designator=R233
Change Component Designator: Old Designator=R? New Designator=R234
Change Component Designator: Old Designator=R? New Designator=R235
Change Component Designator: Old Designator=R? New Designator=R236
Change Component Designator: Old Designator=U? New Designator=U24
Change Component Designator: Old Designator=VR? New Designator=VR2
