Change Component Designator: Old Designator=C? New Designator=C150
Change Component Designator: Old Designator=C? New Designator=C151
Change Component Designator: Old Designator=J? New Designator=J25
Change Component Designator: Old Designator=R? New Designator=R298
Change Component Designator: Old Designator=R? New Designator=R299
Change Component Designator: Old Designator=R? New Designator=R300
Change Component Designator: Old Designator=R? New Designator=R301
Change Component Designator: Old Designator=R? New Designator=R302
Change Component Designator: Old Designator=R? New Designator=R303
Change Component Designator: Old Designator=R? New Designator=R304
Change Component Designator: Old Designator=R? New Designator=R305
Change Component Designator: Old Designator=R? New Designator=R306
Change Component Designator: Old Designator=R? New Designator=R307
Change Component Designator: Old Designator=R? New Designator=R308
Change Component Designator: Old Designator=R? New Designator=R309
Change Component Designator: Old Designator=R? New Designator=R310
Change Component Designator: Old Designator=R? New Designator=R311
Change Component Designator: Old Designator=R? New Designator=R312
Change Component Designator: Old Designator=R? New Designator=R313
Change Component Designator: Old Designator=R? New Designator=R314
Change Component Designator: Old Designator=R? New Designator=R315
Change Component Designator: Old Designator=R? New Designator=R316
Change Component Designator: Old Designator=R? New Designator=R317
Change Component Designator: Old Designator=R? New Designator=R318
Change Component Designator: Old Designator=R? New Designator=R319
Change Component Designator: Old Designator=R? New Designator=R320
Change Component Designator: Old Designator=R? New Designator=R321
Change Component Designator: Old Designator=R? New Designator=R322
Change Component Designator: Old Designator=R? New Designator=R323
Change Component Designator: Old Designator=R? New Designator=R324
Change Component Designator: Old Designator=R? New Designator=R325
Change Component Designator: Old Designator=R? New Designator=R326
Change Component Designator: Old Designator=R? New Designator=R327
Change Component Designator: Old Designator=R? New Designator=R328
Change Component Designator: Old Designator=R? New Designator=R329
Change Component Designator: Old Designator=R? New Designator=R330
Change Component Designator: Old Designator=R? New Designator=R331
Change Component Designator: Old Designator=R? New Designator=R332
Change Component Designator: Old Designator=R? New Designator=R333
Change Component Designator: Old Designator=R? New Designator=R334
Change Component Designator: Old Designator=R? New Designator=R335
Change Component Designator: Old Designator=R? New Designator=R336
Change Component Designator: Old Designator=R? New Designator=R337
Change Component Designator: Old Designator=R? New Designator=R338
Change Component Designator: Old Designator=R? New Designator=R339
Change Component Designator: Old Designator=R? New Designator=R340
Change Component Designator: Old Designator=R? New Designator=R341
Change Component Designator: Old Designator=R? New Designator=R342
Change Component Designator: Old Designator=R? New Designator=R343
Change Component Designator: Old Designator=R? New Designator=R344
Change Component Designator: Old Designator=R? New Designator=R345
Change Component Designator: Old Designator=R? New Designator=R346
Change Component Designator: Old Designator=R? New Designator=R347
Change Component Designator: Old Designator=R? New Designator=R348
Change Component Designator: Old Designator=R? New Designator=R349
Change Component Designator: Old Designator=R? New Designator=R350
Change Component Designator: Old Designator=R? New Designator=R351
Change Component Designator: Old Designator=R? New Designator=R352
Change Component Designator: Old Designator=R? New Designator=R353
Change Component Designator: Old Designator=R? New Designator=R354
Change Component Designator: Old Designator=R? New Designator=R355
Change Component Designator: Old Designator=R? New Designator=R356
Change Component Designator: Old Designator=R? New Designator=R357
Change Component Designator: Old Designator=R? New Designator=R358
Change Component Designator: Old Designator=R? New Designator=R359
Change Component Designator: Old Designator=R? New Designator=R360
Change Component Designator: Old Designator=R? New Designator=R361
Change Component Designator: Old Designator=R? New Designator=R362
Change Component Designator: Old Designator=R? New Designator=R363
Change Component Designator: Old Designator=R? New Designator=R364
Change Component Designator: Old Designator=R? New Designator=R365
Change Component Designator: Old Designator=R? New Designator=R366
Change Component Designator: Old Designator=R? New Designator=R367
Change Component Designator: Old Designator=R? New Designator=R368
Change Component Designator: Old Designator=R? New Designator=R369
Change Component Designator: Old Designator=R? New Designator=R370
Change Component Designator: Old Designator=R? New Designator=R371
Change Component Designator: Old Designator=R? New Designator=R372
Change Component Designator: Old Designator=R? New Designator=R373
Change Component Designator: Old Designator=R? New Designator=R374
Change Component Designator: Old Designator=R? New Designator=R375
Change Component Designator: Old Designator=R? New Designator=R376
Change Component Designator: Old Designator=R? New Designator=R377
Change Component Designator: Old Designator=R? New Designator=R378
Change Component Designator: Old Designator=TP? New Designator=TP3
Change Component Designator: Old Designator=TP? New Designator=TP4
Change Component Designator: Old Designator=U? New Designator=U29
Change Component Designator: Old Designator=U? New Designator=U29
Change Component Designator: Old Designator=U? New Designator=U29
Change Component Designator: Old Designator=U? New Designator=U29
