Change Component Designator: Old Designator=C? New Designator=C281
Change Component Designator: Old Designator=C? New Designator=C282
Change Component Designator: Old Designator=C? New Designator=C283
Change Component Designator: Old Designator=C? New Designator=C284
Change Component Designator: Old Designator=C? New Designator=C285
Change Component Designator: Old Designator=C? New Designator=C286
Change Component Designator: Old Designator=C? New Designator=C287
Change Component Designator: Old Designator=C? New Designator=C288
Change Component Designator: Old Designator=C? New Designator=C289
Change Component Designator: Old Designator=C? New Designator=C290
Change Component Designator: Old Designator=C? New Designator=C291
Change Component Designator: Old Designator=C? New Designator=C292
Change Component Designator: Old Designator=C? New Designator=C293
Change Component Designator: Old Designator=C? New Designator=C294
Change Component Designator: Old Designator=C? New Designator=C295
Change Component Designator: Old Designator=C? New Designator=C296
Change Component Designator: Old Designator=C? New Designator=C297
Change Component Designator: Old Designator=C? New Designator=C298
Change Component Designator: Old Designator=L? New Designator=L7
Change Component Designator: Old Designator=L? New Designator=L8
Change Component Designator: Old Designator=L? New Designator=L9
Change Component Designator: Old Designator=L? New Designator=L10
Change Component Designator: Old Designator=Q? New Designator=Q27
Change Component Designator: Old Designator=R? New Designator=R329
Change Component Designator: Old Designator=R? New Designator=R330
Change Component Designator: Old Designator=R? New Designator=R331
Change Component Designator: Old Designator=R? New Designator=R332
Change Component Designator: Old Designator=R? New Designator=R333
Change Component Designator: Old Designator=R? New Designator=R334
Change Component Designator: Old Designator=R? New Designator=R335
Change Component Designator: Old Designator=R? New Designator=R336
Change Component Designator: Old Designator=R? New Designator=R337
Change Component Designator: Old Designator=R? New Designator=R338
Change Component Designator: Old Designator=R? New Designator=R339
Change Component Designator: Old Designator=R? New Designator=R340
Change Component Designator: Old Designator=R? New Designator=R342
Change Component Designator: Old Designator=R? New Designator=R343
Change Component Designator: Old Designator=R? New Designator=R344
Change Component Designator: Old Designator=R? New Designator=R345
Change Component Designator: Old Designator=R? New Designator=R346
Change Component Designator: Old Designator=R? New Designator=R348
Change Component Designator: Old Designator=R? New Designator=R349
Change Component Designator: Old Designator=R? New Designator=R350
Change Component Designator: Old Designator=R? New Designator=R351
Change Component Designator: Old Designator=R? New Designator=R352
Change Component Designator: Old Designator=R? New Designator=R353
Change Component Designator: Old Designator=R? New Designator=R354
Change Component Designator: Old Designator=TP? New Designator=TP6
Change Component Designator: Old Designator=TP? New Designator=TP7
Change Component Designator: Old Designator=TP? New Designator=TP8
Change Component Designator: Old Designator=TP? New Designator=TP9
Change Component Designator: Old Designator=TP? New Designator=TP10
Change Component Designator: Old Designator=TP? New Designator=TP11
Change Component Designator: Old Designator=TP? New Designator=TP12
Change Component Designator: Old Designator=TP? New Designator=TP13
Change Component Designator: Old Designator=TP? New Designator=TP14
Change Component Designator: Old Designator=TP? New Designator=TP15
Change Component Designator: Old Designator=TP? New Designator=TP16
Change Component Designator: Old Designator=U? New Designator=U51
Change Component Designator: Old Designator=U? New Designator=U52
