Change Component Designator: Old Designator=C? New Designator=C150
Change Component Designator: Old Designator=C? New Designator=C151
Change Component Designator: Old Designator=C? New Designator=C152
Change Component Designator: Old Designator=C? New Designator=C232
Change Component Designator: Old Designator=C? New Designator=C233
Change Component Designator: Old Designator=C? New Designator=C234
Change Component Designator: Old Designator=C? New Designator=C235
Change Component Designator: Old Designator=C? New Designator=C236
Change Component Designator: Old Designator=C? New Designator=C237
Change Component Designator: Old Designator=C? New Designator=C238
Change Component Designator: Old Designator=C? New Designator=C239
Change Component Designator: Old Designator=C? New Designator=C240
Change Component Designator: Old Designator=C? New Designator=C241
Change Component Designator: Old Designator=C? New Designator=C242
Change Component Designator: Old Designator=C? New Designator=C243
Change Component Designator: Old Designator=C? New Designator=C244
Change Component Designator: Old Designator=C? New Designator=C245
Change Component Designator: Old Designator=C? New Designator=C246
Change Component Designator: Old Designator=C? New Designator=C247
Change Component Designator: Old Designator=C? New Designator=C248
Change Component Designator: Old Designator=C? New Designator=C249
Change Component Designator: Old Designator=C? New Designator=C250
Change Component Designator: Old Designator=C? New Designator=C251
Change Component Designator: Old Designator=C? New Designator=C252
Change Component Designator: Old Designator=C? New Designator=C253
Change Component Designator: Old Designator=C? New Designator=C254
Change Component Designator: Old Designator=C? New Designator=C255
Change Component Designator: Old Designator=C? New Designator=C256
Change Component Designator: Old Designator=C? New Designator=C257
Change Component Designator: Old Designator=C? New Designator=C258
Change Component Designator: Old Designator=C? New Designator=C259
Change Component Designator: Old Designator=C? New Designator=C260
Change Component Designator: Old Designator=C? New Designator=C261
Change Component Designator: Old Designator=C? New Designator=C262
Change Component Designator: Old Designator=C? New Designator=C263
Change Component Designator: Old Designator=C? New Designator=C264
Change Component Designator: Old Designator=C? New Designator=C265
Change Component Designator: Old Designator=C? New Designator=C266
Change Component Designator: Old Designator=C? New Designator=C267
Change Component Designator: Old Designator=C? New Designator=C268
Change Component Designator: Old Designator=C? New Designator=C269
Change Component Designator: Old Designator=C? New Designator=C270
Change Component Designator: Old Designator=C? New Designator=C271
Change Component Designator: Old Designator=C? New Designator=C272
Change Component Designator: Old Designator=C? New Designator=C273
Change Component Designator: Old Designator=C? New Designator=C274
Change Component Designator: Old Designator=C? New Designator=C275
Change Component Designator: Old Designator=C? New Designator=C276
Change Component Designator: Old Designator=C? New Designator=C277
Change Component Designator: Old Designator=C? New Designator=C278
Change Component Designator: Old Designator=C? New Designator=C279
Change Component Designator: Old Designator=C? New Designator=C280
Change Component Designator: Old Designator=R? New Designator=R299
Change Component Designator: Old Designator=R? New Designator=R300
Change Component Designator: Old Designator=R? New Designator=R301
Change Component Designator: Old Designator=R? New Designator=R302
Change Component Designator: Old Designator=R? New Designator=R303
Change Component Designator: Old Designator=R? New Designator=R304
Change Component Designator: Old Designator=R? New Designator=R305
Change Component Designator: Old Designator=R? New Designator=R306
Change Component Designator: Old Designator=R? New Designator=R307
Change Component Designator: Old Designator=R? New Designator=R308
Change Component Designator: Old Designator=R? New Designator=R309
Change Component Designator: Old Designator=R? New Designator=R310
Change Component Designator: Old Designator=R? New Designator=R311
Change Component Designator: Old Designator=R? New Designator=R312
Change Component Designator: Old Designator=R? New Designator=R313
Change Component Designator: Old Designator=R? New Designator=R314
Change Component Designator: Old Designator=R? New Designator=R315
Change Component Designator: Old Designator=R? New Designator=R316
Change Component Designator: Old Designator=R? New Designator=R317
Change Component Designator: Old Designator=R? New Designator=R318
Change Component Designator: Old Designator=R? New Designator=R319
Change Component Designator: Old Designator=R? New Designator=R320
Change Component Designator: Old Designator=R? New Designator=R321
Change Component Designator: Old Designator=R? New Designator=R322
Change Component Designator: Old Designator=R? New Designator=R323
Change Component Designator: Old Designator=R? New Designator=R324
Change Component Designator: Old Designator=R? New Designator=R325
Change Component Designator: Old Designator=R? New Designator=R326
Change Component Designator: Old Designator=R? New Designator=R327
Change Component Designator: Old Designator=R? New Designator=R328
Change Component Designator: Old Designator=TP? New Designator=TP3
Change Component Designator: Old Designator=TP? New Designator=TP4
Change Component Designator: Old Designator=TP? New Designator=TP5
Change Component Designator: Old Designator=U? New Designator=U29
Change Component Designator: Old Designator=U? New Designator=U29
Change Component Designator: Old Designator=Y? New Designator=Y1
Change Component Designator: Old Designator=Y? New Designator=Y2
Change Component Designator: Old Designator=Y? New Designator=Y3
Change Component Designator: Old Designator=Y? New Designator=Y4
