Change Component Designator: Old Designator=C? New Designator=C299
Change Component Designator: Old Designator=C? New Designator=C300
Change Component Designator: Old Designator=DS? New Designator=DS12
Change Component Designator: Old Designator=DS? New Designator=DS13
Change Component Designator: Old Designator=J? New Designator=J25
Change Component Designator: Old Designator=R? New Designator=R355
Change Component Designator: Old Designator=R? New Designator=R356
Change Component Designator: Old Designator=R? New Designator=R357
Change Component Designator: Old Designator=R? New Designator=R358
Change Component Designator: Old Designator=R? New Designator=R359
Change Component Designator: Old Designator=R? New Designator=R360
Change Component Designator: Old Designator=R? New Designator=R361
Change Component Designator: Old Designator=R? New Designator=R362
Change Component Designator: Old Designator=R? New Designator=R363
Change Component Designator: Old Designator=R? New Designator=R364
Change Component Designator: Old Designator=R? New Designator=R365
Change Component Designator: Old Designator=R? New Designator=R366
Change Component Designator: Old Designator=R? New Designator=R367
Change Component Designator: Old Designator=R? New Designator=R368
Change Component Designator: Old Designator=R? New Designator=R369
Change Component Designator: Old Designator=R? New Designator=R370
Change Component Designator: Old Designator=R? New Designator=R371
Change Component Designator: Old Designator=R? New Designator=R372
Change Component Designator: Old Designator=R? New Designator=R373
Change Component Designator: Old Designator=R? New Designator=R374
Change Component Designator: Old Designator=R? New Designator=R375
Change Component Designator: Old Designator=R? New Designator=R376
Change Component Designator: Old Designator=R? New Designator=R377
Change Component Designator: Old Designator=R? New Designator=R378
Change Component Designator: Old Designator=R? New Designator=R379
Change Component Designator: Old Designator=R? New Designator=R380
Change Component Designator: Old Designator=R? New Designator=R381
Change Component Designator: Old Designator=R? New Designator=R382
Change Component Designator: Old Designator=R? New Designator=R383
Change Component Designator: Old Designator=R? New Designator=R384
Change Component Designator: Old Designator=R? New Designator=R385
Change Component Designator: Old Designator=R? New Designator=R386
Change Component Designator: Old Designator=R? New Designator=R387
Change Component Designator: Old Designator=R? New Designator=R388
Change Component Designator: Old Designator=R? New Designator=R389
Change Component Designator: Old Designator=R? New Designator=R390
Change Component Designator: Old Designator=R? New Designator=R391
Change Component Designator: Old Designator=R? New Designator=R392
Change Component Designator: Old Designator=R? New Designator=R393
Change Component Designator: Old Designator=R? New Designator=R394
Change Component Designator: Old Designator=R? New Designator=R395
Change Component Designator: Old Designator=R? New Designator=R456
Change Component Designator: Old Designator=R? New Designator=R457
Change Component Designator: Old Designator=R? New Designator=R458
Change Component Designator: Old Designator=R? New Designator=R459
Change Component Designator: Old Designator=R? New Designator=R460
Change Component Designator: Old Designator=R? New Designator=R461
Change Component Designator: Old Designator=R? New Designator=R485
Change Component Designator: Old Designator=R? New Designator=R486
Change Component Designator: Old Designator=R? New Designator=R487
Change Component Designator: Old Designator=R? New Designator=R488
Change Component Designator: Old Designator=R? New Designator=R505
Change Component Designator: Old Designator=R? New Designator=R506
Change Component Designator: Old Designator=R? New Designator=R507
Change Component Designator: Old Designator=R? New Designator=R508
Change Component Designator: Old Designator=R? New Designator=R509
Change Component Designator: Old Designator=R? New Designator=R510
Change Component Designator: Old Designator=R? New Designator=R511
Change Component Designator: Old Designator=R? New Designator=R512
Change Component Designator: Old Designator=R? New Designator=R513
Change Component Designator: Old Designator=R? New Designator=R514
Change Component Designator: Old Designator=R? New Designator=R515
Change Component Designator: Old Designator=R? New Designator=R516
Change Component Designator: Old Designator=R? New Designator=R517
Change Component Designator: Old Designator=R? New Designator=R518
Change Component Designator: Old Designator=R? New Designator=R519
Change Component Designator: Old Designator=R? New Designator=R520
Change Component Designator: Old Designator=R? New Designator=R521
Change Component Designator: Old Designator=R? New Designator=R522
Change Component Designator: Old Designator=R? New Designator=R523
Change Component Designator: Old Designator=R? New Designator=R524
Change Component Designator: Old Designator=R? New Designator=R525
Change Component Designator: Old Designator=R? New Designator=R526
Change Component Designator: Old Designator=R? New Designator=R527
Change Component Designator: Old Designator=R? New Designator=R528
Change Component Designator: Old Designator=R? New Designator=R529
Change Component Designator: Old Designator=R? New Designator=R530
Change Component Designator: Old Designator=R? New Designator=R531
Change Component Designator: Old Designator=R? New Designator=R532
Change Component Designator: Old Designator=R? New Designator=R533
Change Component Designator: Old Designator=R? New Designator=R534
Change Component Designator: Old Designator=R? New Designator=R535
Change Component Designator: Old Designator=R? New Designator=R536
Change Component Designator: Old Designator=R? New Designator=R537
Change Component Designator: Old Designator=R? New Designator=R538
Change Component Designator: Old Designator=U? New Designator=U29
Change Component Designator: Old Designator=U? New Designator=U29
Change Component Designator: Old Designator=U? New Designator=U29
Change Component Designator: Old Designator=U? New Designator=U29
Change Component Designator: Old Designator=U? New Designator=U29
