Change Component Designator: Old Designator=C174 New Designator=C151
Change Component Designator: Old Designator=C175 New Designator=C152
Change Component Designator: Old Designator=C176 New Designator=C153
Change Component Designator: Old Designator=C? New Designator=C154
Change Component Designator: Old Designator=JP12 New Designator=JP4
Change Component Designator: Old Designator=R264 New Designator=R364
Change Component Designator: Old Designator=R286 New Designator=R358
Change Component Designator: Old Designator=R287 New Designator=R359
Change Component Designator: Old Designator=R288 New Designator=R360
Change Component Designator: Old Designator=R289 New Designator=R361
Change Component Designator: Old Designator=R290 New Designator=R362
Change Component Designator: Old Designator=R291 New Designator=R363
Change Component Designator: Old Designator=R292 New Designator=R365
Change Component Designator: Old Designator=R293 New Designator=R366
Change Component Designator: Old Designator=R294 New Designator=R367
Change Component Designator: Old Designator=R295 New Designator=R369
Change Component Designator: Old Designator=R296 New Designator=R368
Change Component Designator: Old Designator=R297 New Designator=R370
Change Component Designator: Old Designator=R298 New Designator=R371
Change Component Designator: Old Designator=R299 New Designator=R372
Change Component Designator: Old Designator=U34 New Designator=U30
Change Component Designator: Old Designator=U35 New Designator=U31
Change Component Designator: Old Designator=U36 New Designator=U32
Change Component Designator: Old Designator=U37 New Designator=U33
Change Component Designator: Old Designator=U38 New Designator=U34
