Change Component Designator: Old Designator=C81 New Designator=C90
Change Component Designator: Old Designator=C? New Designator=C91
Change Component Designator: Old Designator=D7 New Designator=D5
Change Component Designator: Old Designator=D8 New Designator=D7
Change Component Designator: Old Designator=D10 New Designator=D11
Change Component Designator: Old Designator=D? New Designator=D6
Change Component Designator: Old Designator=D? New Designator=D8
Change Component Designator: Old Designator=D? New Designator=D10
Change Component Designator: Old Designator=D? New Designator=D12
Change Component Designator: Old Designator=Q4 New Designator=Q5
Change Component Designator: Old Designator=Q5 New Designator=Q7
Change Component Designator: Old Designator=Q6 New Designator=Q9
Change Component Designator: Old Designator=Q? New Designator=Q4
Change Component Designator: Old Designator=Q? New Designator=Q6
Change Component Designator: Old Designator=Q? New Designator=Q8
Change Component Designator: Old Designator=Q? New Designator=Q10
Change Component Designator: Old Designator=R52 New Designator=R127
Change Component Designator: Old Designator=R53 New Designator=R129
Change Component Designator: Old Designator=R54 New Designator=R131
Change Component Designator: Old Designator=R55 New Designator=R133
Change Component Designator: Old Designator=R56 New Designator=R135
Change Component Designator: Old Designator=R57 New Designator=R137
Change Component Designator: Old Designator=R58 New Designator=R139
Change Component Designator: Old Designator=R59 New Designator=R141
Change Component Designator: Old Designator=R? New Designator=R128
Change Component Designator: Old Designator=R? New Designator=R130
Change Component Designator: Old Designator=R? New Designator=R132
Change Component Designator: Old Designator=R? New Designator=R134
Change Component Designator: Old Designator=R? New Designator=R136
Change Component Designator: Old Designator=R? New Designator=R138
Change Component Designator: Old Designator=R? New Designator=R140
Change Component Designator: Old Designator=R? New Designator=R142
