Change Component Designator: Old Designator=C154 New Designator=C155
Change Component Designator: Old Designator=C155 New Designator=C156
Change Component Designator: Old Designator=C156 New Designator=C157
Change Component Designator: Old Designator=C? New Designator=C154
Change Component Designator: Old Designator=J? New Designator=J26
Change Component Designator: Old Designator=R402 New Designator=R397
Change Component Designator: Old Designator=R403 New Designator=R398
Change Component Designator: Old Designator=R404 New Designator=R399
Change Component Designator: Old Designator=R405 New Designator=R400
Change Component Designator: Old Designator=R406 New Designator=R401
Change Component Designator: Old Designator=R407 New Designator=R402
Change Component Designator: Old Designator=R408 New Designator=R403
Change Component Designator: Old Designator=R409 New Designator=R404
Change Component Designator: Old Designator=R410 New Designator=R405
Change Component Designator: Old Designator=R411 New Designator=R406
Change Component Designator: Old Designator=R412 New Designator=R407
Change Component Designator: Old Designator=R413 New Designator=R408
Change Component Designator: Old Designator=R414 New Designator=R409
Change Component Designator: Old Designator=R415 New Designator=R410
Change Component Designator: Old Designator=R416 New Designator=R411
Change Component Designator: Old Designator=U30 New Designator=U31
Change Component Designator: Old Designator=U31 New Designator=U30
