Change Component Designator: Old Designator=C? New Designator=C160
Change Component Designator: Old Designator=C? New Designator=C208
Change Component Designator: Old Designator=D? New Designator=D20
Change Component Designator: Old Designator=D? New Designator=D21
Change Component Designator: Old Designator=D? New Designator=D22
Change Component Designator: Old Designator=D? New Designator=D23
Change Component Designator: Old Designator=D? New Designator=D24
Change Component Designator: Old Designator=D? New Designator=D25
Change Component Designator: Old Designator=D? New Designator=D26
Change Component Designator: Old Designator=D? New Designator=D27
Change Component Designator: Old Designator=DZ? New Designator=DZ1
Change Component Designator: Old Designator=DZ? New Designator=DZ2
Change Component Designator: Old Designator=DZ? New Designator=DZ3
Change Component Designator: Old Designator=DZ? New Designator=DZ4
Change Component Designator: Old Designator=DZ? New Designator=DZ5
Change Component Designator: Old Designator=DZ? New Designator=DZ6
Change Component Designator: Old Designator=DZ? New Designator=DZ7
Change Component Designator: Old Designator=DZ? New Designator=DZ8
Change Component Designator: Old Designator=J? New Designator=J29
Change Component Designator: Old Designator=J? New Designator=J30
Change Component Designator: Old Designator=Q? New Designator=Q11
Change Component Designator: Old Designator=Q? New Designator=Q12
Change Component Designator: Old Designator=Q? New Designator=Q13
Change Component Designator: Old Designator=Q? New Designator=Q14
Change Component Designator: Old Designator=Q? New Designator=Q15
Change Component Designator: Old Designator=Q? New Designator=Q16
Change Component Designator: Old Designator=Q? New Designator=Q17
Change Component Designator: Old Designator=Q? New Designator=Q18
Change Component Designator: Old Designator=R? New Designator=R466
Change Component Designator: Old Designator=R? New Designator=R467
Change Component Designator: Old Designator=R? New Designator=R468
Change Component Designator: Old Designator=R? New Designator=R469
Change Component Designator: Old Designator=R? New Designator=R470
Change Component Designator: Old Designator=R? New Designator=R471
Change Component Designator: Old Designator=R? New Designator=R472
Change Component Designator: Old Designator=R? New Designator=R473
Change Component Designator: Old Designator=R? New Designator=R474
Change Component Designator: Old Designator=R? New Designator=R475
Change Component Designator: Old Designator=R? New Designator=R476
Change Component Designator: Old Designator=R? New Designator=R477
Change Component Designator: Old Designator=R? New Designator=R478
Change Component Designator: Old Designator=R? New Designator=R479
Change Component Designator: Old Designator=R? New Designator=R480
Change Component Designator: Old Designator=R? New Designator=R481
Change Component Designator: Old Designator=R? New Designator=R482
Change Component Designator: Old Designator=R? New Designator=R483
Change Component Designator: Old Designator=U? New Designator=U47
