Change Component Designator: Old Designator=D? New Designator=D28
Change Component Designator: Old Designator=D? New Designator=D29
Change Component Designator: Old Designator=D? New Designator=D30
Change Component Designator: Old Designator=D? New Designator=D31
Change Component Designator: Old Designator=D? New Designator=D32
Change Component Designator: Old Designator=D? New Designator=D33
Change Component Designator: Old Designator=D? New Designator=D34
Change Component Designator: Old Designator=D? New Designator=D35
Change Component Designator: Old Designator=DZ? New Designator=DZ9
Change Component Designator: Old Designator=DZ? New Designator=DZ10
Change Component Designator: Old Designator=DZ? New Designator=DZ11
Change Component Designator: Old Designator=DZ? New Designator=DZ12
Change Component Designator: Old Designator=DZ? New Designator=DZ13
Change Component Designator: Old Designator=DZ? New Designator=DZ14
Change Component Designator: Old Designator=DZ? New Designator=DZ15
Change Component Designator: Old Designator=DZ? New Designator=DZ16
Change Component Designator: Old Designator=J? New Designator=J32
Change Component Designator: Old Designator=J? New Designator=J33
Change Component Designator: Old Designator=Q? New Designator=Q19
Change Component Designator: Old Designator=Q? New Designator=Q20
Change Component Designator: Old Designator=Q? New Designator=Q21
Change Component Designator: Old Designator=Q? New Designator=Q22
Change Component Designator: Old Designator=Q? New Designator=Q23
Change Component Designator: Old Designator=Q? New Designator=Q24
Change Component Designator: Old Designator=Q? New Designator=Q25
Change Component Designator: Old Designator=Q? New Designator=Q26
Change Component Designator: Old Designator=R? New Designator=R201
Change Component Designator: Old Designator=R? New Designator=R202
Change Component Designator: Old Designator=R? New Designator=R491
Change Component Designator: Old Designator=R? New Designator=R492
Change Component Designator: Old Designator=R? New Designator=R493
Change Component Designator: Old Designator=R? New Designator=R494
Change Component Designator: Old Designator=R? New Designator=R495
Change Component Designator: Old Designator=R? New Designator=R496
Change Component Designator: Old Designator=R? New Designator=R497
Change Component Designator: Old Designator=R? New Designator=R498
Change Component Designator: Old Designator=R? New Designator=R499
Change Component Designator: Old Designator=R? New Designator=R500
Change Component Designator: Old Designator=R? New Designator=R501
Change Component Designator: Old Designator=R? New Designator=R502
Change Component Designator: Old Designator=R? New Designator=R503
Change Component Designator: Old Designator=R? New Designator=R504
