Change Component Designator: Old Designator=C? New Designator=C155
Change Component Designator: Old Designator=C? New Designator=C156
Change Component Designator: Old Designator=C? New Designator=C157
Change Component Designator: Old Designator=C? New Designator=C158
Change Component Designator: Old Designator=C? New Designator=C159
Change Component Designator: Old Designator=C? New Designator=C160
Change Component Designator: Old Designator=C? New Designator=C161
Change Component Designator: Old Designator=C? New Designator=C162
Change Component Designator: Old Designator=C? New Designator=C163
Change Component Designator: Old Designator=C? New Designator=C164
Change Component Designator: Old Designator=C? New Designator=C165
Change Component Designator: Old Designator=C? New Designator=C166
Change Component Designator: Old Designator=D? New Designator=D14
Change Component Designator: Old Designator=D? New Designator=D15
Change Component Designator: Old Designator=DS? New Designator=DS5
Change Component Designator: Old Designator=JP? New Designator=JP5
Change Component Designator: Old Designator=L? New Designator=L6
Change Component Designator: Old Designator=R? New Designator=R373
Change Component Designator: Old Designator=R? New Designator=R374
Change Component Designator: Old Designator=R? New Designator=R375
Change Component Designator: Old Designator=R? New Designator=R376
Change Component Designator: Old Designator=R? New Designator=R377
Change Component Designator: Old Designator=R? New Designator=R378
Change Component Designator: Old Designator=R? New Designator=R379
Change Component Designator: Old Designator=R? New Designator=R380
Change Component Designator: Old Designator=R? New Designator=R381
Change Component Designator: Old Designator=R? New Designator=R382
Change Component Designator: Old Designator=R? New Designator=R383
Change Component Designator: Old Designator=R? New Designator=R384
Change Component Designator: Old Designator=R? New Designator=R385
Change Component Designator: Old Designator=R? New Designator=R386
Change Component Designator: Old Designator=U? New Designator=U35
Change Component Designator: Old Designator=U? New Designator=U36
