Change Component Designator: Old Designator=C? New Designator=C167
Change Component Designator: Old Designator=C? New Designator=C168
Change Component Designator: Old Designator=C? New Designator=C169
Change Component Designator: Old Designator=C? New Designator=C170
Change Component Designator: Old Designator=C? New Designator=C171
Change Component Designator: Old Designator=C? New Designator=C172
Change Component Designator: Old Designator=C? New Designator=C173
Change Component Designator: Old Designator=C? New Designator=C174
Change Component Designator: Old Designator=C? New Designator=C175
Change Component Designator: Old Designator=C? New Designator=C176
Change Component Designator: Old Designator=D? New Designator=D16
Change Component Designator: Old Designator=D? New Designator=D17
Change Component Designator: Old Designator=JP? New Designator=JP6
Change Component Designator: Old Designator=JP? New Designator=JP7
Change Component Designator: Old Designator=JP? New Designator=JP8
Change Component Designator: Old Designator=JP? New Designator=JP9
Change Component Designator: Old Designator=R? New Designator=R387
Change Component Designator: Old Designator=R? New Designator=R388
Change Component Designator: Old Designator=R? New Designator=R389
Change Component Designator: Old Designator=R? New Designator=R390
Change Component Designator: Old Designator=R? New Designator=R391
Change Component Designator: Old Designator=R? New Designator=R392
Change Component Designator: Old Designator=R? New Designator=R393
Change Component Designator: Old Designator=R? New Designator=R394
Change Component Designator: Old Designator=R? New Designator=R395
Change Component Designator: Old Designator=R? New Designator=R396
Change Component Designator: Old Designator=R? New Designator=R397
Change Component Designator: Old Designator=R? New Designator=R398
Change Component Designator: Old Designator=R? New Designator=R399
Change Component Designator: Old Designator=R? New Designator=R400
Change Component Designator: Old Designator=R? New Designator=R401
Change Component Designator: Old Designator=R? New Designator=R402
Change Component Designator: Old Designator=U? New Designator=U37
Change Component Designator: Old Designator=U? New Designator=U38
