Add Pin To Net: Unknown Pin: Pin TP6-0
Add Pin To Net: Unknown Pin: Pin TP7-0
Add Pin To Net: Unknown Pin: Pin TP8-0
Add Pin To Net: Unknown Pin: Pin TP9-0
Add Pin To Net: Unknown Pin: Pin TP10-0
Add Pin To Net: Unknown Pin: Pin TP11-0
Add Pin To Net: Unknown Pin: Pin TP12-0
Add Pin To Net: Unknown Pin: Pin TP13-0
Add Pin To Net: Unknown Pin: Pin TP14-0
Add Pin To Net: Unknown Pin: Pin TP16-0
Add Pin To Net: Unknown Pin: Pin TP19-0
Add Pin To Net: Unknown Pin: Pin TP20-0
Add Pin To Net: Unknown Pin: Pin TP21-0
Add Pin To Net: Unknown Pin: Pin TP22-0
Add Pin To Net: Unknown Pin: Pin TP23-0
Add Pin To Net: Unknown Pin: Pin TP24-0
Add Pin To Net: Unknown Pin: Pin TP25-0
Add Pin To Net: Unknown Pin: Pin TP26-0
Add Pin To Net: Unknown Pin: Pin TP27-0
Add Pin To Net: Unknown Pin: Pin TP28-0
Added Pin To Net: NetName=VDD_3V3 Pin=U23-F2
Added Pin To Net: NetName=VDD_3V3 Pin=U23-F2
Added Pin To Net: NetName=VDD_3V3 Pin=U23-F3
Added Pin To Net: NetName=VDD_3V3 Pin=U23-F3
Added Pin To Net: NetName=VDD_3V3 Pin=U23-F4
Added Pin To Net: NetName=VDD_3V3 Pin=U23-F4
Added Pin To Net: NetName=VDD_3V3 Pin=U23-F5
Added Pin To Net: NetName=VDD_3V3 Pin=U23-F5
Added Pin To Net: NetName=VDD_3V3 Pin=U23-F6
Added Pin To Net: NetName=VDD_3V3 Pin=U23-F6
Added Pin To Net: NetName=VDD_3V3 Pin=U23-F7
Added Pin To Net: NetName=VDD_3V3 Pin=U23-F7
Added Pin To Net: NetName=VDD_3V3 Pin=U23-F8
Added Pin To Net: NetName=VDD_3V3 Pin=U23-F8
Added Pin To Net: NetName=VDD_3V3 Pin=U23-F9
Added Pin To Net: NetName=VDD_3V3 Pin=U23-F9
Added Pin To Net: NetName=VDD_3V3 Pin=U23-H3
Added Pin To Net: NetName=VDD_3V3 Pin=U23-H3
Added Pin To Net: NetName=VDD_3V3 Pin=U23-H8
Added Pin To Net: NetName=VDD_3V3 Pin=U23-H8
Added Pin To Net: NetName=VDD_3V3 Pin=U23-L2
Added Pin To Net: NetName=VDD_3V3 Pin=U23-L2
Added Pin To Net: NetName=VDD_3V3 Pin=U23-L4
Added Pin To Net: NetName=VDD_3V3 Pin=U23-L4
Added Pin To Net: NetName=VDD_3V3 Pin=U23-L7
Added Pin To Net: NetName=VDD_3V3 Pin=U23-L7
Added Pin To Net: NetName=VDD_3V3 Pin=U23-L9
Added Pin To Net: NetName=VDD_3V3 Pin=U23-L9
Added Pin To Net: NetName=VDD_3V3 Pin=U23-P3
Added Pin To Net: NetName=VDD_3V3 Pin=U23-P3
Added Pin To Net: NetName=VDD_3V3 Pin=U23-P8
Added Pin To Net: NetName=VDD_3V3 Pin=U23-P8
Add Pin To Net: Unknown Pin: Pin U28-2
