Change Component Footprint: Designator=C265 Old Footprint=CAP_C_0201 New Footprint=CAP_C_0603x30
Change Component Footprint: Designator=C272 Old Footprint=CAP_C_0201 New Footprint=CAP_C_0603x30
Change Component Footprint: Designator=C302 Old Footprint=CAP_C_0201 New Footprint=CAP_C_0603x30
Change Component Footprint: Designator=C303 Old Footprint=CAP_C_0201 New Footprint=CAP_C_0603x30
Change Component Footprint: Designator=C304 Old Footprint=CAP_C_0201 New Footprint=CAP_C_0603x30
Change Component Footprint: Designator=C305 Old Footprint=CAP_C_0201 New Footprint=CAP_C_0603x30
Change Component Footprint: Designator=C306 Old Footprint=CAP_C_0201 New Footprint=CAP_C_0603x30
Change Component Footprint: Designator=C307 Old Footprint=CAP_C_0201 New Footprint=CAP_C_0603x30
Change Component Footprint: Designator=C308 Old Footprint=CAP_C_0201 New Footprint=CAP_C_0603x30
Change Component Footprint: Designator=C309 Old Footprint=CAP_C_0201 New Footprint=CAP_C_0603x30
Change Component Footprint: Designator=C310 Old Footprint=CAP_C_0201 New Footprint=CAP_C_0603x30
Change Component Footprint: Designator=C311 Old Footprint=CAP_C_0201 New Footprint=CAP_C_0603x30
Change Component Footprint: Designator=C312 Old Footprint=CAP_C_0201 New Footprint=CAP_C_0603x30
Change Component Footprint: Designator=C313 Old Footprint=CAP_C_0201 New Footprint=CAP_C_0603x30
Change Component Footprint: Designator=C314 Old Footprint=CAP_C_0201 New Footprint=CAP_C_0603x30
Change Component Footprint: Designator=C315 Old Footprint=CAP_C_0201 New Footprint=CAP_C_0603x30
Change Component Footprint: Designator=C316 Old Footprint=CAP_C_0201 New Footprint=CAP_C_0603x30
Change Component Footprint: Designator=C317 Old Footprint=CAP_C_0201 New Footprint=CAP_C_0603x30
Change Component Footprint: Designator=C318 Old Footprint=CAP_C_0201 New Footprint=CAP_C_0603x30
Change Component Footprint: Designator=C319 Old Footprint=CAP_C_0201 New Footprint=CAP_C_0603x30
Change Component Footprint: Designator=C321 Old Footprint=CAP_C_0201 New Footprint=CAP_C_0603x30
Change Component Footprint: Designator=C322 Old Footprint=CAP_C_0201 New Footprint=CAP_C_0603x30
Change Component Footprint: Designator=C323 Old Footprint=CAP_C_0201 New Footprint=CAP_C_0603x30
Change Component Footprint: Designator=C324 Old Footprint=CAP_C_0201 New Footprint=CAP_C_0603x30
Change Component Footprint: Designator=C325 Old Footprint=CAP_C_0201 New Footprint=CAP_C_0603x30
Change Component Footprint: Designator=C326 Old Footprint=CAP_C_0201 New Footprint=CAP_C_0603x30
Change Component Footprint: Designator=C327 Old Footprint=CAP_C_0201 New Footprint=CAP_C_0603x30
Change Component Footprint: Designator=C328 Old Footprint=CAP_C_0201 New Footprint=CAP_C_0603x30
Change Component Footprint: Designator=C329 Old Footprint=CAP_C_0201 New Footprint=CAP_C_0603x30
Change Component Footprint: Designator=C330 Old Footprint=CAP_C_0201 New Footprint=CAP_C_0603x30
Change Component Footprint: Designator=C331 Old Footprint=CAP_C_0201 New Footprint=CAP_C_0603x30
Change Component Footprint: Designator=C332 Old Footprint=CAP_C_0201 New Footprint=CAP_C_0603x30
Change Component Footprint: Designator=C334 Old Footprint=CAP_C_0201 New Footprint=CAP_C_0603x30
Change Component Footprint: Designator=C335 Old Footprint=CAP_C_0201 New Footprint=CAP_C_0603x30
Change Component Footprint: Designator=C336 Old Footprint=CAP_C_0201 New Footprint=CAP_C_0603x30
Change Component Footprint: Designator=C337 Old Footprint=CAP_C_0201 New Footprint=CAP_C_0603x30
Change Component Footprint: Designator=C338 Old Footprint=CAP_C_0201 New Footprint=CAP_C_0603x30
Change Component Footprint: Designator=C339 Old Footprint=CAP_C_0201 New Footprint=CAP_C_0603x30
Change Component Footprint: Designator=C341 Old Footprint=CAP_C_0201 New Footprint=CAP_C_0603x30
Change Component Footprint: Designator=C342 Old Footprint=CAP_C_0201 New Footprint=CAP_C_0603x30
Change Component Footprint: Designator=C130 Old Footprint=cap_c_0402 New Footprint=CAP_C_1005X50_L
Change Component Footprint: Designator=C131 Old Footprint=cap_c_0402 New Footprint=CAP_C_1005X50_L
Change Component Footprint: Designator=C150 Old Footprint=cap_c_0402 New Footprint=CAP_C_1005X50_L
Change Component Footprint: Designator=C244 Old Footprint=cap_c_0402 New Footprint=CAP_C_1005X50_L
Change Component Footprint: Designator=C260 Old Footprint=cap_c_0402 New Footprint=CAP_C_1005X50_L
Change Component Footprint: Designator=C261 Old Footprint=cap_c_0402 New Footprint=CAP_C_1005X50_L
Change Component Footprint: Designator=C274 Old Footprint=cap_c_0402 New Footprint=CAP_C_1005X50_L
Change Component Footprint: Designator=C283 Old Footprint=cap_c_0402 New Footprint=CAP_C_1005X50_L
Change Component Footprint: Designator=C284 Old Footprint=cap_c_0402 New Footprint=CAP_C_1005X50_L
Change Component Footprint: Designator=C301 Old Footprint=cap_c_0402 New Footprint=CAP_C_1005X50_L
Change Component Footprint: Designator=C320 Old Footprint=cap_c_0402 New Footprint=CAP_C_1005X50_L
Change Component Footprint: Designator=C333 Old Footprint=cap_c_0402 New Footprint=CAP_C_1005X50_L
Change Component Footprint: Designator=C340 Old Footprint=cap_c_0402 New Footprint=CAP_C_1005X50_L
Change Component Footprint: Designator=C282 Old Footprint=cap_c_0603 New Footprint=CAP_C_1608X80
Change Component Footprint: Designator=C288 Old Footprint=cap_c_0603 New Footprint=CAP_C_1608X80
Change Component Footprint: Designator=C290 Old Footprint=cap_c_0603 New Footprint=CAP_C_1608X80
Change Component Footprint: Designator=C292 Old Footprint=cap_c_0603 New Footprint=CAP_C_1608X80
Change Component Footprint: Designator=C4 Old Footprint=CAP_C_1005X60 New Footprint=CAP_C_1005X50_L
Change Component Footprint: Designator=C5 Old Footprint=CAP_C_1005X60 New Footprint=CAP_C_1005X50_L
Change Component Footprint: Designator=C6 Old Footprint=CAP_C_1005X60 New Footprint=CAP_C_1005X50_L
Change Component Footprint: Designator=C9 Old Footprint=CAP_C_1005X60 New Footprint=CAP_C_1005X50_L
Change Component Footprint: Designator=C13 Old Footprint=CAP_C_1005X60 New Footprint=CAP_C_1005X50_L
Change Component Footprint: Designator=C15 Old Footprint=CAP_C_1005X60 New Footprint=CAP_C_1005X50_L
Change Component Footprint: Designator=C18 Old Footprint=CAP_C_1005X60 New Footprint=CAP_C_1005X50_L
Change Component Footprint: Designator=C19 Old Footprint=CAP_C_1005X60 New Footprint=CAP_C_1005X50_L
Change Component Footprint: Designator=C20 Old Footprint=CAP_C_1005X60 New Footprint=CAP_C_1005X50_L
Change Component Footprint: Designator=C23 Old Footprint=CAP_C_1005X60 New Footprint=CAP_C_1005X50_L
Change Component Footprint: Designator=C24 Old Footprint=CAP_C_1005X60 New Footprint=CAP_C_1005X50_L
Change Component Footprint: Designator=C25 Old Footprint=CAP_C_1005X60 New Footprint=CAP_C_1005X50_L
Change Component Footprint: Designator=C26 Old Footprint=CAP_C_1005X60 New Footprint=CAP_C_1005X50_L
Change Component Footprint: Designator=C27 Old Footprint=CAP_C_1005X60 New Footprint=CAP_C_1005X50_L
Change Component Footprint: Designator=C28 Old Footprint=CAP_C_1005X60 New Footprint=CAP_C_1005X50_L
Change Component Footprint: Designator=C29 Old Footprint=CAP_C_1005X60 New Footprint=CAP_C_1005X50_L
Change Component Footprint: Designator=C30 Old Footprint=CAP_C_1005X60 New Footprint=CAP_C_1005X50_L
Change Component Footprint: Designator=C31 Old Footprint=CAP_C_1005X60 New Footprint=CAP_C_1005X50_L
Change Component Footprint: Designator=C32 Old Footprint=CAP_C_1005X60 New Footprint=CAP_C_1005X50_L
Change Component Footprint: Designator=C33 Old Footprint=CAP_C_1005X60 New Footprint=CAP_C_1005X50_L
Change Component Footprint: Designator=C34 Old Footprint=CAP_C_1005X60 New Footprint=CAP_C_1005X50_L
Change Component Footprint: Designator=C35 Old Footprint=CAP_C_1005X60 New Footprint=CAP_C_1005X50_L
Change Component Footprint: Designator=C36 Old Footprint=CAP_C_1005X60 New Footprint=CAP_C_1005X50_L
Change Component Footprint: Designator=C37 Old Footprint=CAP_C_1005X60 New Footprint=CAP_C_1005X50_L
Change Component Footprint: Designator=C38 Old Footprint=CAP_C_1005X60 New Footprint=CAP_C_1005X50_L
Change Component Footprint: Designator=C39 Old Footprint=CAP_C_1005X60 New Footprint=CAP_C_1005X50_L
Change Component Footprint: Designator=C40 Old Footprint=CAP_C_1005X60 New Footprint=CAP_C_1005X50_L
Change Component Footprint: Designator=C42 Old Footprint=CAP_C_1005X60 New Footprint=CAP_C_1005X50_L
Change Component Footprint: Designator=C43 Old Footprint=CAP_C_1005X60 New Footprint=CAP_C_1005X50_L
Change Component Footprint: Designator=C44 Old Footprint=CAP_C_1005X60 New Footprint=CAP_C_1005X50_L
Change Component Footprint: Designator=C45 Old Footprint=CAP_C_1005X60 New Footprint=CAP_C_1005X50_L
Change Component Footprint: Designator=C46 Old Footprint=CAP_C_1005X60 New Footprint=CAP_C_1005X50_L
Change Component Footprint: Designator=C49 Old Footprint=CAP_C_1005X60 New Footprint=CAP_C_1005X50_L
Change Component Footprint: Designator=C50 Old Footprint=CAP_C_1005X60 New Footprint=CAP_C_1005X50_L
Change Component Footprint: Designator=C53 Old Footprint=CAP_C_1005X60 New Footprint=CAP_C_1005X50_L
Change Component Footprint: Designator=C54 Old Footprint=CAP_C_1005X60 New Footprint=CAP_C_1005X50_L
Change Component Footprint: Designator=C55 Old Footprint=CAP_C_1005X60 New Footprint=CAP_C_1005X50_L
Change Component Footprint: Designator=C56 Old Footprint=CAP_C_1005X60 New Footprint=CAP_C_1005X50_L
Change Component Footprint: Designator=C57 Old Footprint=CAP_C_1005X60 New Footprint=CAP_C_1005X50_L
Change Component Footprint: Designator=C58 Old Footprint=CAP_C_1005X60 New Footprint=CAP_C_1005X50_L
Change Component Footprint: Designator=C59 Old Footprint=CAP_C_1005X60 New Footprint=CAP_C_1005X50_L
Change Component Footprint: Designator=C60 Old Footprint=CAP_C_1005X60 New Footprint=CAP_C_1005X50_L
Change Component Footprint: Designator=C61 Old Footprint=CAP_C_1005X60 New Footprint=CAP_C_1005X50_L
Change Component Footprint: Designator=C62 Old Footprint=CAP_C_1005X60 New Footprint=CAP_C_1005X50_L
Change Component Footprint: Designator=C63 Old Footprint=CAP_C_1005X60 New Footprint=CAP_C_1005X50_L
Change Component Footprint: Designator=C64 Old Footprint=CAP_C_1005X60 New Footprint=CAP_C_1005X50_L
Change Component Footprint: Designator=C65 Old Footprint=CAP_C_1005X60 New Footprint=CAP_C_1005X50_L
Change Component Footprint: Designator=C66 Old Footprint=CAP_C_1005X60 New Footprint=CAP_C_1005X50_L
Change Component Footprint: Designator=C67 Old Footprint=CAP_C_1005X60 New Footprint=CAP_C_1005X50_L
Change Component Footprint: Designator=C68 Old Footprint=CAP_C_1005X60 New Footprint=CAP_C_1005X50_L
Change Component Footprint: Designator=C71 Old Footprint=CAP_C_1005X60 New Footprint=CAP_C_1005X50_L
Change Component Footprint: Designator=C72 Old Footprint=CAP_C_1005X60 New Footprint=CAP_C_1005X50_L
Change Component Footprint: Designator=C75 Old Footprint=CAP_C_1005X60 New Footprint=CAP_C_1005X50_L
Change Component Footprint: Designator=C76 Old Footprint=CAP_C_1005X60 New Footprint=CAP_C_1005X50_L
Change Component Footprint: Designator=C77 Old Footprint=CAP_C_1005X60 New Footprint=CAP_C_1005X50_L
Change Component Footprint: Designator=C78 Old Footprint=CAP_C_1005X60 New Footprint=CAP_C_1005X50_L
Change Component Footprint: Designator=C79 Old Footprint=CAP_C_1005X60 New Footprint=CAP_C_1005X50_L
Change Component Footprint: Designator=C80 Old Footprint=CAP_C_1005X60 New Footprint=CAP_C_1005X50_L
Change Component Footprint: Designator=C81 Old Footprint=CAP_C_1005X60 New Footprint=CAP_C_1005X50_L
Change Component Footprint: Designator=C82 Old Footprint=CAP_C_1005X60 New Footprint=CAP_C_1005X50_L
Change Component Footprint: Designator=C83 Old Footprint=CAP_C_1005X60 New Footprint=CAP_C_1005X50_L
Change Component Footprint: Designator=C84 Old Footprint=CAP_C_1005X60 New Footprint=CAP_C_1005X50_L
Change Component Footprint: Designator=C85 Old Footprint=CAP_C_1005X60 New Footprint=CAP_C_1005X50_L
Change Component Footprint: Designator=C86 Old Footprint=CAP_C_1005X60 New Footprint=CAP_C_1005X50_L
Change Component Footprint: Designator=C87 Old Footprint=CAP_C_1005X60 New Footprint=CAP_C_1005X50_L
Change Component Footprint: Designator=C88 Old Footprint=CAP_C_1005X60 New Footprint=CAP_C_1005X50_L
Change Component Footprint: Designator=C89 Old Footprint=CAP_C_1005X60 New Footprint=CAP_C_1005X50_L
Change Component Footprint: Designator=C90 Old Footprint=CAP_C_1005X60 New Footprint=CAP_C_1005X50_L
Change Component Footprint: Designator=C91 Old Footprint=CAP_C_1005X60 New Footprint=CAP_C_1005X50_L
Change Component Footprint: Designator=C92 Old Footprint=CAP_C_1005X60 New Footprint=CAP_C_1005X50_L
Change Component Footprint: Designator=C93 Old Footprint=CAP_C_1005X60 New Footprint=CAP_C_1005X50_L
Change Component Footprint: Designator=C94 Old Footprint=CAP_C_1005X60 New Footprint=CAP_C_1005X50_L
Change Component Footprint: Designator=C95 Old Footprint=CAP_C_1005X60 New Footprint=CAP_C_1005X50_L
Change Component Footprint: Designator=C96 Old Footprint=CAP_C_1005X60 New Footprint=CAP_C_1005X50_L
Change Component Footprint: Designator=C97 Old Footprint=CAP_C_1005X60 New Footprint=CAP_C_1005X50_L
Change Component Footprint: Designator=C98 Old Footprint=CAP_C_1005X60 New Footprint=CAP_C_1005X50_L
Change Component Footprint: Designator=C99 Old Footprint=CAP_C_1005X60 New Footprint=CAP_C_1005X50_L
Change Component Footprint: Designator=C100 Old Footprint=CAP_C_1005X60 New Footprint=CAP_C_1005X50_L
Change Component Footprint: Designator=C101 Old Footprint=CAP_C_1005X60 New Footprint=CAP_C_1005X50_L
Change Component Footprint: Designator=C102 Old Footprint=CAP_C_1005X60 New Footprint=CAP_C_1005X50_L
Change Component Footprint: Designator=C103 Old Footprint=CAP_C_1005X60 New Footprint=CAP_C_1005X50_L
Change Component Footprint: Designator=C104 Old Footprint=CAP_C_1005X60 New Footprint=CAP_C_1005X50_L
Change Component Footprint: Designator=C105 Old Footprint=CAP_C_1005X60 New Footprint=CAP_C_1005X50_L
Change Component Footprint: Designator=C106 Old Footprint=CAP_C_1005X60 New Footprint=CAP_C_1005X50_L
Change Component Footprint: Designator=C107 Old Footprint=CAP_C_1005X60 New Footprint=CAP_C_1005X50_L
Change Component Footprint: Designator=C108 Old Footprint=CAP_C_1005X60 New Footprint=CAP_C_1005X50_L
Change Component Footprint: Designator=C109 Old Footprint=CAP_C_1005X60 New Footprint=CAP_C_1005X50_L
Change Component Footprint: Designator=C110 Old Footprint=CAP_C_1005X60 New Footprint=CAP_C_1005X50_L
Change Component Footprint: Designator=C111 Old Footprint=CAP_C_1005X60 New Footprint=CAP_C_1005X50_L
Change Component Footprint: Designator=C112 Old Footprint=CAP_C_1005X60 New Footprint=CAP_C_1005X50_L
Change Component Footprint: Designator=C113 Old Footprint=CAP_C_1005X60 New Footprint=CAP_C_1005X50_L
Change Component Footprint: Designator=C114 Old Footprint=CAP_C_1005X60 New Footprint=CAP_C_1005X50_L
Change Component Footprint: Designator=C115 Old Footprint=CAP_C_1005X60 New Footprint=CAP_C_1005X50_L
Change Component Footprint: Designator=C116 Old Footprint=CAP_C_1005X60 New Footprint=CAP_C_1005X50_L
Change Component Footprint: Designator=C117 Old Footprint=CAP_C_1005X60 New Footprint=CAP_C_1005X50_L
Change Component Footprint: Designator=C118 Old Footprint=CAP_C_1005X60 New Footprint=CAP_C_1005X50_L
Change Component Footprint: Designator=C119 Old Footprint=CAP_C_1005X60 New Footprint=CAP_C_1005X50_L
Change Component Footprint: Designator=C120 Old Footprint=CAP_C_1005X60 New Footprint=CAP_C_1005X50_L
Change Component Footprint: Designator=C121 Old Footprint=CAP_C_1005X60 New Footprint=CAP_C_1005X50_L
Change Component Footprint: Designator=C122 Old Footprint=CAP_C_1005X60 New Footprint=CAP_C_1005X50_L
Change Component Footprint: Designator=C123 Old Footprint=CAP_C_1005X60 New Footprint=CAP_C_1005X50_L
Change Component Footprint: Designator=C124 Old Footprint=CAP_C_1005X60 New Footprint=CAP_C_1005X50_L
Change Component Footprint: Designator=C125 Old Footprint=CAP_C_1005X60 New Footprint=CAP_C_1005X50_L
Change Component Footprint: Designator=C126 Old Footprint=CAP_C_1005X60 New Footprint=CAP_C_1005X50_L
Change Component Footprint: Designator=C127 Old Footprint=CAP_C_1005X60 New Footprint=CAP_C_1005X50_L
Change Component Footprint: Designator=C128 Old Footprint=CAP_C_1005X60 New Footprint=CAP_C_1005X50_L
Change Component Footprint: Designator=C129 Old Footprint=CAP_C_1005X60 New Footprint=CAP_C_1005X50_L
Change Component Footprint: Designator=C132 Old Footprint=CAP_C_1005X60 New Footprint=CAP_C_1005X50_L
Change Component Footprint: Designator=C133 Old Footprint=CAP_C_1005X60 New Footprint=CAP_C_1005X50_L
Change Component Footprint: Designator=C134 Old Footprint=CAP_C_1005X60 New Footprint=CAP_C_1005X50_L
Change Component Footprint: Designator=C135 Old Footprint=CAP_C_1005X60 New Footprint=CAP_C_1005X50_L
Change Component Footprint: Designator=C136 Old Footprint=CAP_C_1005X60 New Footprint=CAP_C_1005X50_L
Change Component Footprint: Designator=C137 Old Footprint=CAP_C_1005X60 New Footprint=CAP_C_1005X50_L
Change Component Footprint: Designator=C138 Old Footprint=CAP_C_1005X60 New Footprint=CAP_C_1005X50_L
Change Component Footprint: Designator=C139 Old Footprint=CAP_C_1005X60 New Footprint=CAP_C_1005X50_L
Change Component Footprint: Designator=C140 Old Footprint=CAP_C_1005X60 New Footprint=CAP_C_1005X50_L
Change Component Footprint: Designator=C141 Old Footprint=CAP_C_1005X60 New Footprint=CAP_C_1005X50_L
Change Component Footprint: Designator=C144 Old Footprint=CAP_C_1005X60 New Footprint=CAP_C_1005X50_L
Change Component Footprint: Designator=C145 Old Footprint=CAP_C_1005X60 New Footprint=CAP_C_1005X50_L
Change Component Footprint: Designator=C146 Old Footprint=CAP_C_1005X60 New Footprint=CAP_C_1005X50_L
Change Component Footprint: Designator=C153 Old Footprint=CAP_C_1005X60 New Footprint=CAP_C_1005X50_L
Change Component Footprint: Designator=C154 Old Footprint=CAP_C_1005X60 New Footprint=CAP_C_1005X50_L
Change Component Footprint: Designator=C155 Old Footprint=CAP_C_1005X60 New Footprint=CAP_C_1005X50_L
Change Component Footprint: Designator=C156 Old Footprint=CAP_C_1005X60 New Footprint=CAP_C_1005X50_L
Change Component Footprint: Designator=C157 Old Footprint=CAP_C_1005X60 New Footprint=CAP_C_1005X50_L
Change Component Footprint: Designator=C160 Old Footprint=CAP_C_1005X60 New Footprint=CAP_C_1005X50_L
Change Component Footprint: Designator=C161 Old Footprint=CAP_C_1005X60 New Footprint=CAP_C_1005X50_L
Change Component Footprint: Designator=C165 Old Footprint=CAP_C_1005X60 New Footprint=CAP_C_1005X50_L
Change Component Footprint: Designator=C166 Old Footprint=CAP_C_1005X60 New Footprint=CAP_C_1005X50_L
Change Component Footprint: Designator=C167 Old Footprint=CAP_C_1005X60 New Footprint=CAP_C_1005X50_L
Change Component Footprint: Designator=C170 Old Footprint=CAP_C_1005X60 New Footprint=CAP_C_1005X50_L
Change Component Footprint: Designator=C171 Old Footprint=CAP_C_1005X60 New Footprint=CAP_C_1005X50_L
Change Component Footprint: Designator=C172 Old Footprint=CAP_C_1005X60 New Footprint=CAP_C_1005X50_L
Change Component Footprint: Designator=C175 Old Footprint=CAP_C_1005X60 New Footprint=CAP_C_1005X50_L
Change Component Footprint: Designator=C176 Old Footprint=CAP_C_1005X60 New Footprint=CAP_C_1005X50_L
Change Component Footprint: Designator=C177 Old Footprint=CAP_C_1005X60 New Footprint=CAP_C_1005X50_L
Change Component Footprint: Designator=C178 Old Footprint=CAP_C_1005X60 New Footprint=CAP_C_1005X50_L
Change Component Footprint: Designator=C179 Old Footprint=CAP_C_1005X60 New Footprint=CAP_C_1005X50_L
Change Component Footprint: Designator=C180 Old Footprint=CAP_C_1005X60 New Footprint=CAP_C_1005X50_L
Change Component Footprint: Designator=C181 Old Footprint=CAP_C_1005X60 New Footprint=CAP_C_1005X50_L
Change Component Footprint: Designator=C182 Old Footprint=CAP_C_1005X60 New Footprint=CAP_C_1005X50_L
Change Component Footprint: Designator=C183 Old Footprint=CAP_C_1005X60 New Footprint=CAP_C_1005X50_L
Change Component Footprint: Designator=C184 Old Footprint=CAP_C_1005X60 New Footprint=CAP_C_1005X50_L
Change Component Footprint: Designator=C185 Old Footprint=CAP_C_1005X60 New Footprint=CAP_C_1005X50_L
Change Component Footprint: Designator=C186 Old Footprint=CAP_C_1005X60 New Footprint=CAP_C_1005X50_L
Change Component Footprint: Designator=C191 Old Footprint=CAP_C_1005X60 New Footprint=CAP_C_1005X50_L
Change Component Footprint: Designator=C195 Old Footprint=CAP_C_1005X60 New Footprint=CAP_C_1005X50_L
Change Component Footprint: Designator=C196 Old Footprint=CAP_C_1005X60 New Footprint=CAP_C_1005X50_L
Change Component Footprint: Designator=C197 Old Footprint=CAP_C_1005X60 New Footprint=CAP_C_1005X50_L
Change Component Footprint: Designator=C201 Old Footprint=CAP_C_1005X60 New Footprint=CAP_C_1005X50_L
Change Component Footprint: Designator=C202 Old Footprint=CAP_C_1005X60 New Footprint=CAP_C_1005X50_L
Change Component Footprint: Designator=C203 Old Footprint=CAP_C_1005X60 New Footprint=CAP_C_1005X50_L
Change Component Footprint: Designator=C204 Old Footprint=CAP_C_1005X60 New Footprint=CAP_C_1005X50_L
Change Component Footprint: Designator=C205 Old Footprint=CAP_C_1005X60 New Footprint=CAP_C_1005X50_L
Change Component Footprint: Designator=C206 Old Footprint=CAP_C_1005X60 New Footprint=CAP_C_1005X50_L
Change Component Footprint: Designator=C207 Old Footprint=CAP_C_1005X60 New Footprint=CAP_C_1005X50_L
Change Component Footprint: Designator=C208 Old Footprint=CAP_C_1005X60 New Footprint=CAP_C_1005X50_L
Change Component Footprint: Designator=C209 Old Footprint=CAP_C_1005X60 New Footprint=CAP_C_1005X50_L
Change Component Footprint: Designator=C210 Old Footprint=CAP_C_1005X60 New Footprint=CAP_C_1005X50_L
Change Component Footprint: Designator=C211 Old Footprint=CAP_C_1005X60 New Footprint=CAP_C_1005X50_L
Change Component Footprint: Designator=C212 Old Footprint=CAP_C_1005X60 New Footprint=CAP_C_1005X50_L
Change Component Footprint: Designator=C213 Old Footprint=CAP_C_1005X60 New Footprint=CAP_C_1005X50_L
Change Component Footprint: Designator=C214 Old Footprint=CAP_C_1005X60 New Footprint=CAP_C_1005X50_L
Change Component Footprint: Designator=C215 Old Footprint=CAP_C_1005X60 New Footprint=CAP_C_1005X50_L
Change Component Footprint: Designator=C216 Old Footprint=CAP_C_1005X60 New Footprint=CAP_C_1005X50_L
Change Component Footprint: Designator=C217 Old Footprint=CAP_C_1005X60 New Footprint=CAP_C_1005X50_L
Change Component Footprint: Designator=C218 Old Footprint=CAP_C_1005X60 New Footprint=CAP_C_1005X50_L
Change Component Footprint: Designator=C219 Old Footprint=CAP_C_1005X60 New Footprint=CAP_C_1005X50_L
Change Component Footprint: Designator=C220 Old Footprint=CAP_C_1005X60 New Footprint=CAP_C_1005X50_L
Change Component Footprint: Designator=C221 Old Footprint=CAP_C_1005X60 New Footprint=CAP_C_1005X50_L
Change Component Footprint: Designator=C223 Old Footprint=CAP_C_1005X60 New Footprint=CAP_C_1005X50_L
Change Component Footprint: Designator=C225 Old Footprint=CAP_C_1005X60 New Footprint=CAP_C_1005X50_L
Change Component Footprint: Designator=C226 Old Footprint=CAP_C_1005X60 New Footprint=CAP_C_1005X50_L
Change Component Footprint: Designator=C227 Old Footprint=CAP_C_1005X60 New Footprint=CAP_C_1005X50_L
Change Component Footprint: Designator=C228 Old Footprint=CAP_C_1005X60 New Footprint=CAP_C_1005X50_L
Change Component Footprint: Designator=C229 Old Footprint=CAP_C_1005X60 New Footprint=CAP_C_1005X50_L
Change Component Footprint: Designator=C230 Old Footprint=CAP_C_1005X60 New Footprint=CAP_C_1005X50_L
Change Component Footprint: Designator=C231 Old Footprint=CAP_C_1005X60 New Footprint=CAP_C_1005X50_L
Change Component Footprint: Designator=C7 Old Footprint=CAP_C_1005X60 New Footprint=CAP_C_1608X80
Change Component Footprint: Designator=C158 Old Footprint=CAP_C_1005X60 New Footprint=CAP_C_1608X80
Change Component Footprint: Designator=C41 Old Footprint=CAP_C_1608X80 New Footprint=CAP_C_1005X50_L
Change Component Footprint: Designator=C47 Old Footprint=CAP_C_1608X80 New Footprint=CAP_C_1005X50_L
Change Component Footprint: Designator=C48 Old Footprint=CAP_C_1608X80 New Footprint=CAP_C_1005X50_L
Change Component Footprint: Designator=C51 Old Footprint=CAP_C_1608X80 New Footprint=CAP_C_1005X50_L
Change Component Footprint: Designator=C52 Old Footprint=CAP_C_1608X80 New Footprint=CAP_C_1005X50_L
Change Component Footprint: Designator=C69 Old Footprint=CAP_C_1608X80 New Footprint=CAP_C_1005X50_L
Change Component Footprint: Designator=C70 Old Footprint=CAP_C_1608X80 New Footprint=CAP_C_1005X50_L
Change Component Footprint: Designator=C73 Old Footprint=CAP_C_1608X80 New Footprint=CAP_C_1005X50_L
Change Component Footprint: Designator=C74 Old Footprint=CAP_C_1608X80 New Footprint=CAP_C_1005X50_L
Change Component Footprint: Designator=R299 Old Footprint=res_c_0201 New Footprint=RES_C_0603X30
Change Component Footprint: Designator=R300 Old Footprint=res_c_0201 New Footprint=RES_C_0603X30
Change Component Footprint: Designator=R301 Old Footprint=res_c_0201 New Footprint=RES_C_0603X30
Change Component Footprint: Designator=R302 Old Footprint=res_c_0201 New Footprint=RES_C_0603X30
Change Component Footprint: Designator=R303 Old Footprint=res_c_0201 New Footprint=RES_C_0603X30
Change Component Footprint: Designator=R304 Old Footprint=res_c_0201 New Footprint=RES_C_0603X30
Change Component Footprint: Designator=R305 Old Footprint=res_c_0201 New Footprint=RES_C_0603X30
Change Component Footprint: Designator=R306 Old Footprint=res_c_0201 New Footprint=RES_C_0603X30
Change Component Footprint: Designator=R307 Old Footprint=res_c_0201 New Footprint=RES_C_0603X30
Change Component Footprint: Designator=R308 Old Footprint=res_c_0201 New Footprint=RES_C_0603X30
Change Component Footprint: Designator=R309 Old Footprint=res_c_0201 New Footprint=RES_C_0603X30
Change Component Footprint: Designator=R310 Old Footprint=res_c_0201 New Footprint=RES_C_0603X30
Change Component Footprint: Designator=R311 Old Footprint=res_c_0201 New Footprint=RES_C_0603X30
Change Component Footprint: Designator=R312 Old Footprint=res_c_0201 New Footprint=RES_C_0603X30
Change Component Footprint: Designator=R313 Old Footprint=res_c_0201 New Footprint=RES_C_0603X30
Change Component Footprint: Designator=R314 Old Footprint=res_c_0201 New Footprint=RES_C_0603X30
Change Component Footprint: Designator=R315 Old Footprint=res_c_0201 New Footprint=RES_C_0603X30
Change Component Footprint: Designator=R316 Old Footprint=res_c_0201 New Footprint=RES_C_0603X30
Change Component Footprint: Designator=R317 Old Footprint=res_c_0201 New Footprint=RES_C_0603X30
Change Component Footprint: Designator=R318 Old Footprint=res_c_0201 New Footprint=RES_C_0603X30
Change Component Footprint: Designator=R319 Old Footprint=res_c_0201 New Footprint=RES_C_0603X30
Change Component Footprint: Designator=R320 Old Footprint=res_c_0201 New Footprint=RES_C_0603X30
Change Component Footprint: Designator=R321 Old Footprint=res_c_0201 New Footprint=RES_C_0603X30
Change Component Footprint: Designator=R322 Old Footprint=res_c_0201 New Footprint=RES_C_0603X30
Change Component Footprint: Designator=R323 Old Footprint=res_c_0201 New Footprint=RES_C_0603X30
Change Component Footprint: Designator=R325 Old Footprint=res_c_0201 New Footprint=RES_C_0603X30
Change Component Footprint: Designator=R326 Old Footprint=res_c_0201 New Footprint=RES_C_0603X30
Change Component Footprint: Designator=R328 Old Footprint=res_c_0201 New Footprint=RES_C_0603X30
Change Component Footprint: Designator=R331 Old Footprint=res_C_0201 New Footprint=RES_C_0603X30
Change Component Footprint: Designator=R332 Old Footprint=res_c_0201 New Footprint=RES_C_0603X30
Change Component Footprint: Designator=R333 Old Footprint=res_C_0201 New Footprint=RES_C_0603X30
Change Component Footprint: Designator=R335 Old Footprint=res_C_0201 New Footprint=RES_C_0603X30
Change Component Footprint: Designator=R336 Old Footprint=res_C_0201 New Footprint=RES_C_0603X30
Change Component Footprint: Designator=R337 Old Footprint=res_C_0201 New Footprint=RES_C_0603X30
Change Component Footprint: Designator=R338 Old Footprint=res_C_0201 New Footprint=RES_C_0603X30
Change Component Footprint: Designator=R339 Old Footprint=res_C_0201 New Footprint=RES_C_0603X30
Change Component Footprint: Designator=R340 Old Footprint=res_C_0201 New Footprint=RES_C_0603X30
Change Component Footprint: Designator=R342 Old Footprint=res_C_0201 New Footprint=RES_C_0603X30
Change Component Footprint: Designator=R343 Old Footprint=res_C_0201 New Footprint=RES_C_0603X30
Change Component Footprint: Designator=R345 Old Footprint=res_C_0201 New Footprint=RES_C_0603X30
Change Component Footprint: Designator=R346 Old Footprint=res_C_0201 New Footprint=RES_C_0603X30
Change Component Footprint: Designator=R348 Old Footprint=res_C_0201 New Footprint=RES_C_0603X30
Change Component Footprint: Designator=R350 Old Footprint=res_C_0201 New Footprint=RES_C_0603X30
Change Component Footprint: Designator=R351 Old Footprint=res_C_0201 New Footprint=RES_C_0603X30
Change Component Footprint: Designator=R352 Old Footprint=res_C_0201 New Footprint=RES_C_0603X30
Change Component Footprint: Designator=R355 Old Footprint=RES_C_0201 New Footprint=RES_C_0603X30
Change Component Footprint: Designator=R356 Old Footprint=RES_C_0201 New Footprint=RES_C_0603X30
Change Component Footprint: Designator=R357 Old Footprint=RES_C_0201 New Footprint=RES_C_0603X30
Change Component Footprint: Designator=R358 Old Footprint=RES_C_0201 New Footprint=RES_C_0603X30
Change Component Footprint: Designator=R359 Old Footprint=RES_C_0201 New Footprint=RES_C_0603X30
Change Component Footprint: Designator=R360 Old Footprint=RES_C_0201 New Footprint=RES_C_0603X30
Change Component Footprint: Designator=R361 Old Footprint=RES_C_0201 New Footprint=RES_C_0603X30
Change Component Footprint: Designator=R362 Old Footprint=RES_C_0201 New Footprint=RES_C_0603X30
Change Component Footprint: Designator=R363 Old Footprint=RES_C_0201 New Footprint=RES_C_0603X30
Change Component Footprint: Designator=R364 Old Footprint=RES_C_0201 New Footprint=RES_C_0603X30
Change Component Footprint: Designator=R365 Old Footprint=RES_C_0201 New Footprint=RES_C_0603X30
Change Component Footprint: Designator=R366 Old Footprint=RES_C_0201 New Footprint=RES_C_0603X30
Change Component Footprint: Designator=R367 Old Footprint=RES_C_0201 New Footprint=RES_C_0603X30
Change Component Footprint: Designator=R368 Old Footprint=RES_C_0201 New Footprint=RES_C_0603X30
Change Component Footprint: Designator=R369 Old Footprint=RES_C_0201 New Footprint=RES_C_0603X30
Change Component Footprint: Designator=R370 Old Footprint=RES_C_0201 New Footprint=RES_C_0603X30
Change Component Footprint: Designator=R371 Old Footprint=RES_C_0201 New Footprint=RES_C_0603X30
Change Component Footprint: Designator=R372 Old Footprint=RES_C_0201 New Footprint=RES_C_0603X30
Change Component Footprint: Designator=R373 Old Footprint=RES_C_0201 New Footprint=RES_C_0603X30
Change Component Footprint: Designator=R374 Old Footprint=RES_C_0201 New Footprint=RES_C_0603X30
Change Component Footprint: Designator=R375 Old Footprint=RES_C_0201 New Footprint=RES_C_0603X30
Change Component Footprint: Designator=R376 Old Footprint=RES_C_0201 New Footprint=RES_C_0603X30
Change Component Footprint: Designator=R377 Old Footprint=RES_C_0201 New Footprint=RES_C_0603X30
Change Component Footprint: Designator=R378 Old Footprint=RES_C_0201 New Footprint=RES_C_0603X30
Change Component Footprint: Designator=R379 Old Footprint=RES_C_0201 New Footprint=RES_C_0603X30
Change Component Footprint: Designator=R380 Old Footprint=RES_C_0201 New Footprint=RES_C_0603X30
Change Component Footprint: Designator=R381 Old Footprint=RES_C_0201 New Footprint=RES_C_0603X30
Change Component Footprint: Designator=R382 Old Footprint=RES_C_0201 New Footprint=RES_C_0603X30
Change Component Footprint: Designator=R383 Old Footprint=RES_C_0201 New Footprint=RES_C_0603X30
Change Component Footprint: Designator=R384 Old Footprint=RES_C_0201 New Footprint=RES_C_0603X30
Change Component Footprint: Designator=R385 Old Footprint=RES_C_0201 New Footprint=RES_C_0603X30
Change Component Footprint: Designator=R386 Old Footprint=RES_C_0201 New Footprint=RES_C_0603X30
Change Component Footprint: Designator=R387 Old Footprint=RES_C_0201 New Footprint=RES_C_0603X30
Change Component Footprint: Designator=R388 Old Footprint=RES_C_0201 New Footprint=RES_C_0603X30
Change Component Footprint: Designator=R389 Old Footprint=RES_C_0201 New Footprint=RES_C_0603X30
Change Component Footprint: Designator=R390 Old Footprint=RES_C_0201 New Footprint=RES_C_0603X30
Change Component Footprint: Designator=R391 Old Footprint=RES_C_0201 New Footprint=RES_C_0603X30
Change Component Footprint: Designator=R392 Old Footprint=RES_C_0201 New Footprint=RES_C_0603X30
Change Component Footprint: Designator=R393 Old Footprint=RES_C_0201 New Footprint=RES_C_0603X30
Change Component Footprint: Designator=R394 Old Footprint=RES_C_0201 New Footprint=RES_C_0603X30
Change Component Footprint: Designator=R395 Old Footprint=RES_C_0201 New Footprint=RES_C_0603X30
Change Component Footprint: Designator=R456 Old Footprint=RES_C_0201 New Footprint=RES_C_0603X30
Change Component Footprint: Designator=R457 Old Footprint=RES_C_0201 New Footprint=RES_C_0603X30
Change Component Footprint: Designator=R458 Old Footprint=RES_C_0201 New Footprint=RES_C_0603X30
Change Component Footprint: Designator=R459 Old Footprint=RES_C_0201 New Footprint=RES_C_0603X30
Change Component Footprint: Designator=R460 Old Footprint=RES_C_0201 New Footprint=RES_C_0603X30
Change Component Footprint: Designator=R461 Old Footprint=RES_C_0201 New Footprint=RES_C_0603X30
Change Component Footprint: Designator=R485 Old Footprint=RES_C_0201 New Footprint=RES_C_0603X30
Change Component Footprint: Designator=R486 Old Footprint=RES_C_0201 New Footprint=RES_C_0603X30
Change Component Footprint: Designator=R487 Old Footprint=RES_C_0201 New Footprint=RES_C_0603X30
Change Component Footprint: Designator=R510 Old Footprint=RES_C_0201 New Footprint=RES_C_0603X30
Change Component Footprint: Designator=R511 Old Footprint=RES_C_0201 New Footprint=RES_C_0603X30
Change Component Footprint: Designator=R512 Old Footprint=RES_C_0201 New Footprint=RES_C_0603X30
Change Component Footprint: Designator=R513 Old Footprint=RES_C_0201 New Footprint=RES_C_0603X30
Change Component Footprint: Designator=R514 Old Footprint=RES_C_0201 New Footprint=RES_C_0603X30
Change Component Footprint: Designator=R515 Old Footprint=RES_C_0201 New Footprint=RES_C_0603X30
Change Component Footprint: Designator=R516 Old Footprint=RES_C_0201 New Footprint=RES_C_0603X30
Change Component Footprint: Designator=R517 Old Footprint=RES_C_0201 New Footprint=RES_C_0603X30
Change Component Footprint: Designator=R518 Old Footprint=RES_C_0201 New Footprint=RES_C_0603X30
Change Component Footprint: Designator=R519 Old Footprint=RES_C_0201 New Footprint=RES_C_0603X30
Change Component Footprint: Designator=R520 Old Footprint=RES_C_0201 New Footprint=RES_C_0603X30
Change Component Footprint: Designator=R521 Old Footprint=RES_C_0201 New Footprint=RES_C_0603X30
Change Component Footprint: Designator=R522 Old Footprint=RES_C_0201 New Footprint=RES_C_0603X30
Change Component Footprint: Designator=R523 Old Footprint=RES_C_0201 New Footprint=RES_C_0603X30
Change Component Footprint: Designator=R524 Old Footprint=RES_C_0201 New Footprint=RES_C_0603X30
Change Component Footprint: Designator=R525 Old Footprint=RES_C_0201 New Footprint=RES_C_0603X30
Change Component Footprint: Designator=R526 Old Footprint=RES_C_0201 New Footprint=RES_C_0603X30
Change Component Footprint: Designator=R527 Old Footprint=RES_C_0201 New Footprint=RES_C_0603X30
Change Component Footprint: Designator=R528 Old Footprint=RES_C_0201 New Footprint=RES_C_0603X30
Change Component Footprint: Designator=R529 Old Footprint=RES_C_0201 New Footprint=RES_C_0603X30
Change Component Footprint: Designator=R530 Old Footprint=RES_C_0201 New Footprint=RES_C_0603X30
Change Component Footprint: Designator=R531 Old Footprint=RES_C_0201 New Footprint=RES_C_0603X30
Change Component Footprint: Designator=R532 Old Footprint=RES_C_0201 New Footprint=RES_C_0603X30
Change Component Footprint: Designator=R533 Old Footprint=RES_C_0201 New Footprint=RES_C_0603X30
Change Component Footprint: Designator=R534 Old Footprint=RES_C_0201 New Footprint=RES_C_0603X30
Change Component Footprint: Designator=R535 Old Footprint=RES_C_0201 New Footprint=RES_C_0603X30
Change Component Footprint: Designator=R536 Old Footprint=RES_C_0201 New Footprint=RES_C_0603X30
Change Component Footprint: Designator=R539 Old Footprint=RES_C_0201 New Footprint=RES_C_0603X30
Change Component Footprint: Designator=R540 Old Footprint=RES_C_0201 New Footprint=RES_C_0603X30
Change Component Footprint: Designator=R541 Old Footprint=RES_C_0201 New Footprint=RES_C_0603X30
Change Component Footprint: Designator=R542 Old Footprint=RES_C_0201 New Footprint=RES_C_0603X30
Change Component Footprint: Designator=R543 Old Footprint=RES_C_0201 New Footprint=RES_C_0603X30
Change Component Footprint: Designator=R324 Old Footprint=res_c_0201 New Footprint=RES_C_1005x30_L
Change Component Footprint: Designator=R327 Old Footprint=res_c_0201 New Footprint=RES_C_1005x30_L
Change Component Footprint: Designator=R329 Old Footprint=res_C_0201 New Footprint=RES_C_1005X40
Change Component Footprint: Designator=R330 Old Footprint=res_C_0201 New Footprint=RES_C_1005X40
Change Component Footprint: Designator=R280 Old Footprint=RES_C_1005X40 New Footprint=RES_C_1005x30_L
Change Component Footprint: Designator=U54 Old Footprint=SOIC127P600X175-8N New Footprint=SOIC127P599X175-8N
Change Component Comment : Designator=XC2 Old Comment= New Comment=FC5BQCCMC12.0-T1
Change Component Comment : Designator=C151 Old Comment=0.1uF/10V New Comment=0.1uF/10V/[0201]
Change Component Comment : Designator=C152 Old Comment=0.1uF/10V New Comment=0.1uF/10V/[0201]
Change Component Comment : Designator=C232 Old Comment=0.1uF/10V New Comment=0.1uF/10V/[0201]
Change Component Comment : Designator=C233 Old Comment=0.1uF/10V New Comment=0.1uF/10V/[0201]
Change Component Comment : Designator=C234 Old Comment=0.1uF/10V New Comment=0.1uF/10V/[0201]
Change Component Comment : Designator=C235 Old Comment=0.1uF/10V New Comment=0.1uF/10V/[0201]
Change Component Comment : Designator=C236 Old Comment=0.1uF/10V New Comment=0.1uF/10V/[0201]
Change Component Comment : Designator=C237 Old Comment=0.1uF/10V New Comment=0.1uF/10V/[0201]
Change Component Comment : Designator=C238 Old Comment=0.1uF/10V New Comment=0.1uF/10V/[0201]
Change Component Comment : Designator=C239 Old Comment=0.1uF/10V New Comment=0.1uF/10V/[0201]
Change Component Comment : Designator=C240 Old Comment=0.1uF/10V New Comment=0.1uF/10V/[0201]
Change Component Comment : Designator=C241 Old Comment=0.1uF/10V New Comment=0.1uF/10V/[0201]
Change Component Comment : Designator=C242 Old Comment=0.1uF/10V New Comment=0.1uF/10V/[0201]
Change Component Comment : Designator=C243 Old Comment=0.1uF/10V New Comment=0.1uF/10V/[0201]
Change Component Comment : Designator=C245 Old Comment=0.1uF/10V New Comment=0.1uF/10V/[0201]
Change Component Comment : Designator=C246 Old Comment=0.1uF/10V New Comment=0.1uF/10V/[0201]
Change Component Comment : Designator=C247 Old Comment=0.1uF/10V New Comment=0.1uF/10V/[0201]
Change Component Comment : Designator=C248 Old Comment=0.1uF/10V New Comment=0.1uF/10V/[0201]
Change Component Comment : Designator=C249 Old Comment=0.1uF/10V New Comment=0.1uF/10V/[0201]
Change Component Comment : Designator=C250 Old Comment=0.1uF/10V New Comment=0.1uF/10V/[0201]
Change Component Comment : Designator=C251 Old Comment=0.1uF/10V New Comment=0.1uF/10V/[0201]
Change Component Comment : Designator=C252 Old Comment=0.1uF/10V New Comment=0.1uF/10V/[0201]
Change Component Comment : Designator=C253 Old Comment=0.1uF/10V New Comment=0.1uF/10V/[0201]
Change Component Comment : Designator=C254 Old Comment=0.1uF/10V New Comment=0.1uF/10V/[0201]
Change Component Comment : Designator=C255 Old Comment=0.1uF/10V New Comment=0.1uF/10V/[0201]
Change Component Comment : Designator=C256 Old Comment=0.1uF/10V New Comment=0.1uF/10V/[0201]
Change Component Comment : Designator=C257 Old Comment=0.1uF/10V New Comment=0.1uF/10V/[0201]
Change Component Comment : Designator=C258 Old Comment=0.1uF/10V New Comment=0.1uF/10V/[0201]
Change Component Comment : Designator=C259 Old Comment=0.1uF/10V New Comment=0.1uF/10V/[0201]
Change Component Comment : Designator=C262 Old Comment=0.1uF/10V New Comment=0.1uF/10V/[0201]
Change Component Comment : Designator=C263 Old Comment=0.1uF/10V New Comment=0.1uF/10V/[0201]
Change Component Comment : Designator=C264 Old Comment=0.1uF/10V New Comment=0.1uF/10V/[0201]
Change Component Comment : Designator=C266 Old Comment=0.1uF/10V New Comment=0.1uF/10V/[0201]
Change Component Comment : Designator=C267 Old Comment=0.1uF/10V New Comment=0.1uF/10V/[0201]
Change Component Comment : Designator=C268 Old Comment=0.1uF/10V New Comment=0.1uF/10V/[0201]
Change Component Comment : Designator=C269 Old Comment=0.1uF/10V New Comment=0.1uF/10V/[0201]
Change Component Comment : Designator=C270 Old Comment=0.1uF/10V New Comment=0.1uF/10V/[0201]
Change Component Comment : Designator=C273 Old Comment=0.1uF/10V New Comment=0.1uF/10V/[0201]
Change Component Comment : Designator=C275 Old Comment=0.1uF/10V New Comment=0.1uF/10V/[0201]
Change Component Comment : Designator=C277 Old Comment=0.1uF/10V New Comment=0.1uF/10V/[0201]
Change Component Comment : Designator=C278 Old Comment=0.1uF/10V New Comment=0.1uF/10V/[0201]
Change Component Comment : Designator=C279 Old Comment=0.1uF/10V New Comment=0.1uF/10V/[0201]
Change Component Comment : Designator=C285 Old Comment=0.1uF/10V New Comment=0.1uF/10V/[0201]
Change Component Comment : Designator=C286 Old Comment=0.1uF/10V New Comment=0.1uF/10V/[0201]
Change Component Comment : Designator=C299 Old Comment=0.1uF/10V New Comment=0.1uF/10V/[0201]
Change Component Comment : Designator=C300 Old Comment=0.1uF/10V New Comment=0.1uF/10V/[0201]
Change Component Comment : Designator=C178 Old Comment=0.1uF/16V New Comment=0.1uF/10V
Change Component Comment : Designator=C181 Old Comment=0.1uF/16V New Comment=0.1uF/10V
Change Component Comment : Designator=C184 Old Comment=0.1uF/16V New Comment=0.1uF/10V
Change Component Comment : Designator=JP4 Old Comment=0R New Comment=DNP/0R
Change Component Comment : Designator=R280 Old Comment=1M New Comment=1M 1%
Change Component Comment : Designator=R324 Old Comment=1M New Comment=1M 1%
Change Component Comment : Designator=C61 Old Comment=1uF/10V New Comment=1uF/20V
Change Component Comment : Designator=C62 Old Comment=1uF/10V New Comment=1uF/20V
Change Component Comment : Designator=C63 Old Comment=1uF/10V New Comment=1uF/20V
Change Component Comment : Designator=C64 Old Comment=1uF/10V New Comment=1uF/20V
Change Component Comment : Designator=C83 Old Comment=1uF/10V New Comment=1uF/20V
Change Component Comment : Designator=C84 Old Comment=1uF/10V New Comment=1uF/20V
Change Component Comment : Designator=C85 Old Comment=1uF/10V New Comment=1uF/20V
Change Component Comment : Designator=C86 Old Comment=1uF/10V New Comment=1uF/20V
Change Component Comment : Designator=C126 Old Comment=1uF/10V New Comment=1uF/20V
Change Component Comment : Designator=C179 Old Comment=1uF/25V New Comment=0.1uF/10V
Change Component Comment : Designator=C182 Old Comment=1uF/25V New Comment=0.1uF/10V
Change Component Comment : Designator=C185 Old Comment=1uF/25V New Comment=0.1uF/10V
Change Component Comment : Designator=R8 Old Comment=2.2k New Comment=3.24k
Change Component Comment : Designator=R253 Old Comment=2.2k New Comment=3.24k
Change Component Comment : Designator=R256 Old Comment=2.2k New Comment=3.24k
Change Component Comment : Designator=R298 Old Comment=2.2k New Comment=3.24k
Change Component Comment : Designator=R413 Old Comment=2.2k New Comment=3.24k
Change Component Comment : Designator=R428 Old Comment=2.2k New Comment=3.24k
Change Component Comment : Designator=R436 Old Comment=2.2k New Comment=3.24k
Change Component Comment : Designator=R537 Old Comment=2.2k New Comment=3.24k
Change Component Comment : Designator=R538 Old Comment=2.2k New Comment=3.24k
Change Component Comment : Designator=C271 Old Comment=2.2uF/10V New Comment=0.1uF/10V/[0201]
Change Component Comment : Designator=C180 Old Comment=4.7nF/16V New Comment=0.1uF/10V
Change Component Comment : Designator=C183 Old Comment=4.7nF/16V New Comment=0.1uF/10V
Change Component Comment : Designator=C186 Old Comment=4.7nF/16V New Comment=0.1uF/10V
Change Component Comment : Designator=C293 Old Comment=4.7uF/10V New Comment=0.1uF/10V/[0201]
Change Component Comment : Designator=C297 Old Comment=4.7uF/10V New Comment=0.1uF/10V/[0201]
Change Component Comment : Designator=C298 Old Comment=4.7uF/10V New Comment=0.1uF/10V/[0201]
Change Component Comment : Designator=C276 Old Comment=20pF/10V New Comment=18pF/10V
Change Component Comment : Designator=C280 Old Comment=20pF/10V New Comment=18pF/10V
Change Component Comment : Designator=R552 Old Comment=22R New Comment=120R
Change Component Comment : Designator=R553 Old Comment=22R New Comment=120R
Change Component Comment : Designator=R322 Old Comment=51R New Comment=22R
Change Component Comment : Designator=J15 Old Comment=0533980471 New Comment=0532610471
Change Component Comment : Designator=J18 Old Comment=0533980471 New Comment=0532610471
Change Component Comment : Designator=J19 Old Comment=0533980471 New Comment=0532610471
Change Component Comment : Designator=J4 Old Comment=0533980571 New Comment=0532610571
Change Component Comment : Designator=J5 Old Comment=0533980571 New Comment=0532610571
Change Component Comment : Designator=J13 Old Comment=0533980671 New Comment=0532610671
Change Component Comment : Designator=J14 Old Comment=0533980671 New Comment=0532610671
Change Component Comment : Designator=J27 Old Comment=0533980671 New Comment=0532610671
Change Component Comment : Designator=J28 Old Comment=0533980671 New Comment=0532610671
Change Component Comment : Designator=J21 Old Comment=0533980971 New Comment=0532610971
Change Component Comment : Designator=J22 Old Comment=0533980971 New Comment=0532610971
Change Component Comment : Designator=J23 Old Comment=0533981171 New Comment=0532611171
Change Component Comment : Designator=J24 Old Comment=0533981171 New Comment=0532611171
Change Component Comment : Designator=D37 Old Comment=_LED_YELLOW_4 New Comment=_LED_BLUE
Change Component Comment : Designator=D38 Old Comment=_LED_YELLOW_4 New Comment=_LED_GREEN
Change Component Comment : Designator=DS2 Old Comment=_LED_YELLOW_4 New Comment=_LED_RED
Change Component Comment : Designator=DS4 Old Comment=_LED_YELLOW_4 New Comment=_LED_RED
Change Component Comment : Designator=D36 Old Comment=_LED_YELLOW_4 New Comment=_LED_YELLOW
Change Component Comment : Designator=R533 Old Comment=DNP/100k New Comment=DNP/10k
Change Component Comment : Designator=J26 Old Comment=Header 2x1_2M New Comment=0532610271
Change Component Comment : Designator=U5 Old Comment=IC_PWRSW_MIC2026-1YM New Comment=MIC2026-1YM
Change Component Comment : Designator=U10 Old Comment=IC_SW_MAX14662ETI+T New Comment=MAX14662ETI+T
Change Component Comment : Designator=L7 Old Comment=Inductor New Comment=DFE252012P-1R5M=P2
Change Component Comment : Designator=L8 Old Comment=Inductor New Comment=DFE252012P-1R5M=P2
Change Component Comment : Designator=L9 Old Comment=Inductor New Comment=DFE252012P-1R5M=P2
Change Component Comment : Designator=L10 Old Comment=Inductor New Comment=DFE252012P-1R5M=P2
Change Component Comment : Designator=U54 Old Comment=MAX3488ESA+T New Comment=SN65HVD1474DR
Change Component Comment : Designator=J17 Old Comment=Molex_1051620001 New Comment=1051620001
Change Component Comment : Designator=R344 Old Comment=Shunt 4 Pin New Comment=KRL1632E-M-R010-F-T5
Change Component Comment : Designator=R349 Old Comment=Shunt 4 Pin New Comment=KRL1632E-M-R010-F-T5
Change Component Comment : Designator=R353 Old Comment=Shunt 4 Pin New Comment=KRL1632E-M-R010-F-T5
Change Component Comment : Designator=R354 Old Comment=Shunt 4 Pin New Comment=KRL1632E-M-R010-F-T5
Change Component Comment : Designator=Q27 Old Comment=Transistor MOS-N GSD New Comment=BSS138NH6327XTSA2
Change component parameters: Designator = "C178" ("C178"); Footprint = "CAP_C_1005X60"; UniqueID = "\ADKALAMK" ("\ADKALAMK")
Change component parameters: Designator = "C179" ("C179"); Footprint = "CAP_C_1005X60"; UniqueID = "\AGEGAJLS" ("\AGEGAJLS")
Change component parameters: Designator = "C180" ("C180"); Footprint = "CAP_C_1005X60"; UniqueID = "\WLZVWISU" ("\WLZVWISU")
Change component parameters: Designator = "C181" ("C181"); Footprint = "CAP_C_1005X60"; UniqueID = "\KZZCMPAS" ("\KZZCMPAS")
Change component parameters: Designator = "C182" ("C182"); Footprint = "CAP_C_1005X60"; UniqueID = "\TDHVCFLM" ("\TDHVCFLM")
Change component parameters: Designator = "C183" ("C183"); Footprint = "CAP_C_1005X60"; UniqueID = "\IEWBFSNS" ("\IEWBFSNS")
Change component parameters: Designator = "C184" ("C184"); Footprint = "CAP_C_1005X60"; UniqueID = "\XNXWAJOT" ("\XNXWAJOT")
Change component parameters: Designator = "C185" ("C185"); Footprint = "CAP_C_1005X60"; UniqueID = "\OVIBMAKK" ("\OVIBMAKK")
Change component parameters: Designator = "C186" ("C186"); Footprint = "CAP_C_1005X60"; UniqueID = "\LOMMERCE" ("\LOMMERCE")
Change component parameters: Designator = "U54" ("U54"); Footprint = "SOIC127P600X175-8N"; UniqueID = "\LMQRMERS" ("\LMQRMERS")
Change component parameters (AddParameter): Name = "Check_prices"; Value = "https://www.snapeda.com/parts/SN65HVD1474DR/Texas+Instruments/view-part/?ref=eda"; VariantName = "[No Variations]"
Change component parameters (AddParameter): Name = "MF"; Value = "Texas Instruments"; VariantName = "[No Variations]"
Change component parameters (AddParameter): Name = "MP"; Value = "SN65HVD1474DR"; VariantName = "[No Variations]"
Change component parameters (AddParameter): Name = "Package"; Value = "SOIC-8 Texas Instruments"; VariantName = "[No Variations]"
Change component parameters (AddParameter): Name = "SnapEDA_Link"; Value = "https://www.snapeda.com/parts/SN65HVD1474DR/Texas+Instruments/view-part/?ref=snap"; VariantName = "[No Variations]"
Change component parameters (AddParameter): Name = "Value"; Value = ""; VariantName = "[No Variations]"
Added Component: Designator=C222(CAP_C_1005X50_L)
Added Component: Designator=C224(CAP_C_1005X50_L)
Added Component: Designator=C343(CAP_C_2012X110)
Added Component: Designator=C344(CAP_C_1005X50_L)
Added Component: Designator=C345(CAP_C_1005X50_L)
Added Component: Designator=J34(MOLEX_5040500691)
Added Component: Designator=R550(RES_C_0603X30)
Added Component: Designator=R551(RES_C_0603X30)
Added Component: Designator=R554(RES_C_1005X40)
Added Component: Designator=R555(RES_C_1005X40)
Added Component: Designator=R556(RES_C_1005X40)
Added Component: Designator=R557(RES_C_1005X40)
Add Component: Footprint Not Found QFN65P500X500X100-21N
Added Pin To Net: NetName=GND Pin=C222-1
Added Pin To Net: NetName=5V_PERI Pin=C222-2
Added Pin To Net: NetName=GND Pin=C224-1
Added Pin To Net: NetName=5V_PERI Pin=C224-2
Added Pin To Net: NetName=5V_SOM Pin=C281-1
Added Pin To Net: NetName=5V_SOM Pin=C287-1
Added Pin To Net: NetName=5V_SOM Pin=C289-1
Added Pin To Net: NetName=5V_SOM Pin=C291-1
Added Pin To Net: NetName=5V_SOM Pin=C293-1
Added Pin To Net: NetName=5V_SOM Pin=C294-1
Added Pin To Net: NetName=3V_SOL Pin=C343-1
Added Pin To Net: NetName=GND Pin=C343-2
Added Pin To Net: NetName=GND Pin=C344-1
Added Pin To Net: NetName=5V_PERI Pin=C344-2
Added Pin To Net: NetName=GND Pin=C345-1
Added Pin To Net: NetName=VDD_3V3 Pin=J34-1
Added Pin To Net: NetName=RS422_A Pin=J34-2
Added Pin To Net: NetName=RS422_B Pin=J34-3
Added Pin To Net: NetName=RS422_Y Pin=J34-4
Added Pin To Net: NetName=RS422_Z Pin=J34-5
Added Pin To Net: NetName=GND Pin=J34-6
Added Pin To Net: NetName=GND Pin=J34-M1
Added Pin To Net: NetName=GND Pin=J34-M2
Added Pin To Net: NetName=5V_SOM Pin=R346-1
Added Pin To Net: NetName=_PB28 Pin=R550-1
Added Pin To Net: NetName=VDD_3V3 Pin=R550-2
Added Pin To Net: NetName=GND Pin=R551-1
Added Pin To Net: NetName=_PB28 Pin=R551-2
Added Pin To Net: NetName=5V_PERI Pin=R554-2
Added Pin To Net: NetName=3V_SOL Pin=R555-2
Added Pin To Net: NetName=3V_SOL Pin=R556-1
Added Pin To Net: NetName=GND Pin=R557-2
Added Pin To Net: NetName=5V_SOM Pin=U51-4
Added Pin To Net: NetName=5V_SOM Pin=U51-10
Added Pin To Net: NetName=5V_SOM Pin=U51-15
Added Pin To Net: NetName=5V_SOM Pin=U51-20
Added Pin To Net: NetName=5V_SOM Pin=U51-26
Added Pin To Net: NetName=5V_SOM Pin=U51-31
Add Pin To Net: Unknown Pin: Pin U55-1
Add Pin To Net: Unknown Pin: Pin U55-5
Add Pin To Net: Unknown Pin: Pin U55-6
Add Pin To Net: Unknown Pin: Pin U55-7
Add Pin To Net: Unknown Pin: Pin U55-8
Add Pin To Net: Unknown Pin: Pin U55-10
Add Pin To Net: Unknown Pin: Pin U55-12
Add Pin To Net: Unknown Pin: Pin U55-18
Add Pin To Net: Unknown Pin: Pin U55-19
Add Pin To Net: Unknown Pin: Pin U55-20
Add Pin To Net: Unknown Pin: Pin U55-21
Change Net Name : Old Net Name=3.3V_SOM New Net Name=3.3V_SAMA7
Change Net Name : Old Net Name=5V_SOM New Net Name=5V_SAMA7
Change Net Color : Old Net Color=Yellow New Net Color=Default
Change Net Color : Old Net Color=RGB(255, 110, 110) New Net Color=Default
Added Pin To Net: NetName=NetC345_2 Pin=C345-2
Added Net: Name=NetC345_2
Added Pin To Net: NetName=NetR554_1 Pin=R554-1
Added Net: Name=NetR554_1
Added Pin To Net: NetName=NetR555_1 Pin=R555-1
Added Net: Name=NetR555_1
Added Pin To Net: NetName=NetR556_2 Pin=R556-2
Added Pin To Net: NetName=NetR556_2 Pin=R557-1
Added Net: Name=NetR556_2
Added Member To Class: ClassName=06_POWER_4 Member=Component C222 1uF/20V
Added Member To Class: ClassName=06_POWER_4 Member=Component C224 1uF/20V
Added Member To Class: ClassName=06_POWER_4 Member=Component C343 10uF/20V
Added Member To Class: ClassName=06_POWER_4 Member=Component C344 1uF/20V
Added Member To Class: ClassName=06_POWER_4 Member=Component C345 0.1uF/10V
Added Member To Class: ClassName=05_CONNECTOR_IN Member=Component J34 5040500691
Added Member To Class: ClassName=11_MCU Member=Component R18 22R
Added Member To Class: ClassName=11_MCU Member=Component R25 22R
Added Member To Class: ClassName=11_MCU Member=Component R26 22R
Added Member To Class: ClassName=08_SAMA7G54-PIO Member=Component R550 DNP/10k
Added Member To Class: ClassName=08_SAMA7G54-PIO Member=Component R551 DNP/10k
Added Member To Class: ClassName=06_POWER_4 Member=Component R554 4.7k
Added Member To Class: ClassName=06_POWER_4 Member=Component R555 10k
Added Member To Class: ClassName=06_POWER_4 Member=Component R556 4.7k
Added Member To Class: ClassName=06_POWER_4 Member=Component R557 1.69k
Add Class Member: Failed to add class member : Component U55 TPS74901RGWR
