Removed Pin From Net: NetName=MCP16502_HPM Pin=R333-2
Removed Pin From Net: NetName=SHDN Pin=R335-2
Removed Pin From Net: NetName=NetC300_2 Pin=R339-1
Removed Pin From Net: NetName=VDD_3V3 Pin=R339-2
Removed Pin From Net: NetName=WKUP Pin=R342-1
Removed Pin From Net: NetName=VDDBU Pin=R342-2
Removed Pin From Net: NetName=5V_MAIN Pin=R346-2
Removed Pin From Net: NetName=GND Pin=R348-1
Removed Pin From Net: NetName=NetQ27_3 Pin=R350-1
Removed Pin From Net: NetName=VDD_3V3 Pin=R350-2
Change Footprint: Footprint Not Found RES_C_1206_SHUNT
Change Footprint: Footprint Not Found RES_C_1206_SHUNT
Change Footprint: Footprint Not Found RES_C_1206_SHUNT
Change Footprint: Footprint Not Found RES_C_1206_SHUNT
Change Footprint: Footprint Not Found TP_1mm_SMD
Change Footprint: Footprint Not Found TP_1mm_SMD
Change Footprint: Footprint Not Found TP_1mm_SMD
Change Footprint: Footprint Not Found TP_1mm_SMD
Change Component Comment : Designator=R331 Old Comment=Resistor New Comment=0R
Change Component Comment : Designator=R333 Old Comment=Resistor New Comment=0R
Change Component Comment : Designator=R351 Old Comment=Resistor New Comment=0R
Change Component Comment : Designator=R352 Old Comment=Resistor New Comment=0R
Change Component Comment : Designator=R335 Old Comment=Resistor New Comment=1k
Change Component Comment : Designator=R327 Old Comment=Resistor New Comment=1M 1%
Change Component Comment : Designator=R340 Old Comment=Resistor New Comment=10k
Change Component Comment : Designator=R342 Old Comment=Resistor New Comment=10k
Change Component Comment : Designator=R346 Old Comment=Resistor New Comment=10k
Change Component Comment : Designator=R348 Old Comment=Resistor New Comment=10k
Change Component Comment : Designator=R350 Old Comment=Resistor New Comment=10k
Change Component Comment : Designator=R339 Old Comment=Resistor New Comment=100k
Change component parameters: Designator = "R327" ("R327"); Footprint = "RES_C_1005X40"; UniqueID = "\BXFNLXKV" ("\BXFNLXKV")
Change component parameters: Designator = "R331" ("R331"); Footprint = "RES_C_1005X40"; UniqueID = "\AWSILMOI" ("\AWSILMOI")
Change component parameters: Designator = "R333" ("R333"); Footprint = "RES_C_1005X40"; UniqueID = "\UKAKJHPN" ("\UKAKJHPN")
Change component parameters: Designator = "R335" ("R335"); Footprint = "RES_C_1005X40"; UniqueID = "\LEMORIMF" ("\LEMORIMF")
Change component parameters: Designator = "R339" ("R339"); Footprint = "RES_C_1005X40"; UniqueID = "\VASEKHOO" ("\VASEKHOO")
Change component parameters: Designator = "R340" ("R340"); Footprint = "RES_C_1005X40"; UniqueID = "\OPEXDKTU" ("\OPEXDKTU")
Change component parameters: Designator = "R342" ("R342"); Footprint = "RES_C_1005X40"; UniqueID = "\TKFLMDPB" ("\TKFLMDPB")
Change component parameters: Designator = "R346" ("R346"); Footprint = "RES_C_1005X40"; UniqueID = "\GUNWMVXZ" ("\GUNWMVXZ")
Change component parameters: Designator = "R348" ("R348"); Footprint = "RES_C_1005X40"; UniqueID = "\EMKCBBWC" ("\EMKCBBWC")
Change component parameters: Designator = "R350" ("R350"); Footprint = "RES_C_1005X40"; UniqueID = "\QOUTQHJW" ("\QOUTQHJW")
Change component parameters: Designator = "R351" ("R351"); Footprint = "RES_C_1005X40"; UniqueID = "\FWWTJCKQ" ("\FWWTJCKQ")
Change component parameters: Designator = "R352" ("R352"); Footprint = "RES_C_1005X40"; UniqueID = "\CRPPZBSE" ("\CRPPZBSE")
Added Component: Designator=C281(CAP_C_1005X60)
Added Component: Designator=C282(CAP_C_1005X60)
Added Component: Designator=C287(CAP_C_1005X60)
Added Component: Designator=C288(CAP_C_1005X60)
Added Component: Designator=C289(CAP_C_1005X60)
Added Component: Designator=C290(CAP_C_1005X60)
Added Component: Designator=C291(CAP_C_1005X60)
Added Component: Designator=C292(CAP_C_1005X60)
Added Component: Designator=C293(CAP_C_1005X60)
Added Component: Designator=C294(CAP_C_1005X60)
Added Component: Designator=C295(CAP_C_1005X60)
Added Component: Designator=C296(CAP_C_1005X60)
Added Component: Designator=C297(CAP_C_1005X60)
Added Component: Designator=C298(CAP_C_1005X60)
Add Component: Footprint Not Found IND_C_1008
Add Component: Footprint Not Found IND_C_1008
Add Component: Footprint Not Found IND_C_1008
Add Component: Footprint Not Found IND_C_1008
Added Component: Designator=Q27(SOT-23-3)
Add component (AddParameter): Name = "Category"; Value = "Transistor"; VariantName = "[No Variations]"
Add component (AddParameter): Name = "ComponentLink1Description"; Value = "SVN Datasheet"; VariantName = "[No Variations]"
Add component (AddParameter): Name = "ComponentLink1URL"; Value = "https://chn-vm-apps.microchip.com/mchprepo/parts/Datasheets/Infineon-BSS138N-DS-v02_86-en.pdf"; VariantName = "[No Variations]"
Add component (AddParameter): Name = "ComponentLink2Description"; Value = "Local Datasheet"; VariantName = "[No Variations]"
Add component (AddParameter): Name = "ComponentLink2URL"; Value = "C:\ALTIUM_WORK\00001_MCHP-CDB\Datasheets\Infineon-BSS138N-DS-v02_86-en.pdf"; VariantName = "[No Variations]"
Add component (AddParameter): Name = "ComponentLink3Description"; Value = "Open Symbol"; VariantName = "[No Variations]"
Add component (AddParameter): Name = "ComponentLink3URL"; Value = "C:\ALTIUM_WORK\00001_MCHP-CDB\Library\LibraryRefs\Transistor MOS-N GSD.SchLib"; VariantName = "[No Variations]"
Add component (AddParameter): Name = "ComponentLink4Description"; Value = "Open Footprint"; VariantName = "[No Variations]"
Add component (AddParameter): Name = "ComponentLink4URL"; Value = "C:\ALTIUM_WORK\00001_MCHP-CDB\Library\Footprints\SOT-23-3.PcbLib"; VariantName = "[No Variations]"
Add component (AddParameter): Name = "ComponentLink5Description"; Value = "Open Footprint 2"; VariantName = "[No Variations]"
Add component (AddParameter): Name = "ComponentLink6Description"; Value = "Open Footprint 3"; VariantName = "[No Variations]"
Add component (AddParameter): Name = "ComponentLink7Description"; Value = "Open Footprint 4"; VariantName = "[No Variations]"
Add component (AddParameter): Name = "Current"; Value = "230mA"; VariantName = "[No Variations]"
Add component (AddParameter): Name = "Description_"; Value = "TRANS FET N-CH BSS138N 60V 230mA SOT23-3"; VariantName = "[No Variations]"
Add component (AddParameter): Name = "Dev Tools Status"; Value = "Production"; VariantName = "[No Variations]"
Add component (AddParameter): Name = "Drain to Source Voltage"; Value = "60V"; VariantName = "[No Variations]"
Add component (AddParameter): Name = "Gate to Source Voltage"; Value = "20V"; VariantName = "[No Variations]"
Add component (AddParameter): Name = "Manufacturer 1"; Value = "Infineon Technologies"; VariantName = "[No Variations]"
Add component (AddParameter): Name = "Manufacturer Part Number 1"; Value = "BSS138NH6327XTSA2"; VariantName = "[No Variations]"
Add component (AddParameter): Name = "MCHP-ID"; Value = "TRA1223"; VariantName = "[No Variations]"
Add component (AddParameter): Name = "Operating Temperature"; Value = "-55C to +150C"; VariantName = "[No Variations]"
Add component (AddParameter): Name = "Owner"; Value = "Dragos Danaila"; VariantName = "[No Variations]"
Add component (AddParameter): Name = "Package"; Value = "SOT23-3"; VariantName = "[No Variations]"
Add component (AddParameter): Name = "Populated"; Value = "YES"; VariantName = "[No Variations]"
Add component (AddParameter): Name = "Power"; Value = "0.36W"; VariantName = "[No Variations]"
Add component (AddParameter): Name = "Quantity Override"; Value = "1"; VariantName = "[No Variations]"
Add component (AddParameter): Name = "Revision"; Value = "1"; VariantName = "[No Variations]"
Add component (AddParameter): Name = "Status"; Value = "MCL Design"; VariantName = "[No Variations]"
Add component (AddParameter): Name = "Supplier 1"; Value = "Digi-Key"; VariantName = "[No Variations]"
Add component (AddParameter): Name = "Supplier Part Number 1"; Value = "BSS138NH6327XTSA2CT-ND"; VariantName = "[No Variations]"
Add component (AddParameter): Name = "Symbol"; Value = "Transistor MOS-N GSD"; VariantName = "[No Variations]"
Add component (AddParameter): Name = "Type"; Value = "FET"; VariantName = "[No Variations]"
Add component (AddParameter): Name = "Value"; Value = "BSS138N"; VariantName = "[No Variations]"
Add component (AddParameter): Name = "Voltage"; Value = "60V"; VariantName = "[No Variations]"
Added Component: Designator=R298(RES_C_1005X40)
Added Component: Designator=R537(RES_C_1005X40)
Added Component: Designator=R538(RES_C_1005X40)
Add Component: Footprint Not Found TP_1mm_SMD
Add Component: Footprint Not Found TP_1mm_SMD
Add Component: Footprint Not Found TP_1mm_SMD
Add Component: Footprint Not Found TP_1mm_SMD
Add Component: Footprint Not Found TP_1mm_SMD
Add Component: Footprint Not Found TP_1mm_SMD
Add Component: Footprint Not Found TP_1mm_SMD
Add Component: Footprint Not Found TP_1mm_SMD
Add Component: Footprint Not Found TP_1mm_SMD
Add Component: Footprint Not Found TP_1mm_SMD
Add Component: Footprint Not Found TP_1mm_SMD
Add Component: Footprint Not Found TP_1mm_SMD
Add Component: Footprint Not Found TP_1mm_SMD
Add Component: Footprint Not Found TP_1mm_SMD
Add Component: Footprint Not Found TP_1mm_SMD
Add Component: Footprint Not Found TP_1mm_SMD
Add Component: Footprint Not Found TP_1mm_SMD
Add Component: Footprint Not Found TP_1mm_SMD
Add Component: Footprint Not Found TP_1mm_SMD
Add Component: Footprint Not Found TP_1mm_SMD
Add Component: Footprint Not Found TP_1mm_SMD
Add Component: Footprint Not Found TP_1mm_SMD
Added Component: Designator=U29(TFBGA-343_14x14)
Add component (AddParameter): Name = "Category"; Value = "MCHP-Microcontroller"; VariantName = "[No Variations]"
Add component (AddParameter): Name = "ComponentLink1Description"; Value = "SVN Datasheet"; VariantName = "[No Variations]"
Add component (AddParameter): Name = "ComponentLink2Description"; Value = "Local Datasheet"; VariantName = "[No Variations]"
Add component (AddParameter): Name = "ComponentLink3Description"; Value = "Open Symbol"; VariantName = "[No Variations]"
Add component (AddParameter): Name = "ComponentLink3URL"; Value = "C:\ALTIUM_WORK\00001_MCHP-CDB\Library\LibraryRefs\SAMA7G54 TFBGA-343.SchLib"; VariantName = "[No Variations]"
Add component (AddParameter): Name = "ComponentLink4Description"; Value = "Open Footprint"; VariantName = "[No Variations]"
Add component (AddParameter): Name = "ComponentLink4URL"; Value = "C:\ALTIUM_WORK\00001_MCHP-CDB\Library\Footprints\TFBGA-343_14x14.PcbLib"; VariantName = "[No Variations]"
Add component (AddParameter): Name = "ComponentLink5Description"; Value = "Open Footprint 2"; VariantName = "[No Variations]"
Add component (AddParameter): Name = "ComponentLink6Description"; Value = "Open Footprint 3"; VariantName = "[No Variations]"
Add component (AddParameter): Name = "ComponentLink7Description"; Value = "Open Footprint 4"; VariantName = "[No Variations]"
Add component (AddParameter): Name = "Description_"; Value = "MCHP MPU 32-BIT Cortex-A7 1000MHz 128kB SAMA7G54-V/4HB TFBGA-343"; VariantName = "[No Variations]"
Add component (AddParameter): Name = "Dev Tools Status"; Value = "Design"; VariantName = "[No Variations]"
Add component (AddParameter): Name = "Manufacturer 1"; Value = "Microchip"; VariantName = "[No Variations]"
Add component (AddParameter): Name = "Manufacturer Part Number 1"; Value = "SAMA7G54-V/4HB"; VariantName = "[No Variations]"
Add component (AddParameter): Name = "MCHP-ID"; Value = "MIC8923"; VariantName = "[No Variations]"
Add component (AddParameter): Name = "Owner"; Value = "Ciprian Abramov"; VariantName = "[No Variations]"
Add component (AddParameter): Name = "Package"; Value = "TFBGA-343"; VariantName = "[No Variations]"
Add component (AddParameter): Name = "Populated"; Value = "YES"; VariantName = "[No Variations]"
Add component (AddParameter): Name = "Quantity Override"; Value = "1"; VariantName = "[No Variations]"
Add component (AddParameter): Name = "Revision"; Value = "1"; VariantName = "[No Variations]"
Add component (AddParameter): Name = "Status"; Value = "MCL Design"; VariantName = "[No Variations]"
Add component (AddParameter): Name = "Supplier 1"; Value = "Microchip"; VariantName = "[No Variations]"
Add component (AddParameter): Name = "Supplier Part Number 1"; Value = "SAMA7G54-V/4HB"; VariantName = "[No Variations]"
Add component (AddParameter): Name = "Symbol"; Value = "SAMA7G54 TFBGA-343"; VariantName = "[No Variations]"
Add component (AddParameter): Name = "Type"; Value = "32-Bit MPU"; VariantName = "[No Variations]"
Add component (AddParameter): Name = "Value"; Value = "SAMA7G54"; VariantName = "[No Variations]"
Added Component: Designator=U51(QFN-32_5X5_EP3.7X3.7)
Add component (AddParameter): Name = "Category"; Value = "MCHP-Analog"; VariantName = "[No Variations]"
Add component (AddParameter): Name = "ComponentLink1Description"; Value = "SVN Datasheet"; VariantName = "[No Variations]"
Add component (AddParameter): Name = "ComponentLink2Description"; Value = "Local Datasheet"; VariantName = "[No Variations]"
Add component (AddParameter): Name = "ComponentLink2URL"; Value = "C:\ALTIUM_WORK\00001_MCHP-CDB\Datasheets\MCP16502-High-Performance-PMIC-for-SAMA5DX-SAM9X6-MPUs-Data-Sheet-DS20006275B.pdf"; VariantName = "[No Variations]"
Add component (AddParameter): Name = "ComponentLink3Description"; Value = "Open Symbol"; VariantName = "[No Variations]"
Add component (AddParameter): Name = "ComponentLink3URL"; Value = "C:\ALTIUM_WORK\00001_MCHP-CDB\Library\LibraryRefs\MCP16502 QFN-32.SchLib"; VariantName = "[No Variations]"
Add component (AddParameter): Name = "ComponentLink4Description"; Value = "Open Footprint"; VariantName = "[No Variations]"
Add component (AddParameter): Name = "ComponentLink4URL"; Value = "C:\ALTIUM_WORK\00001_MCHP-CDB\Library\Footprints\QFN-32_5X5_EP3.7X3.7.PcbLib"; VariantName = "[No Variations]"
Add component (AddParameter): Name = "ComponentLink5Description"; Value = "Open Footprint 2"; VariantName = "[No Variations]"
Add component (AddParameter): Name = "ComponentLink6Description"; Value = "Open Footprint 3"; VariantName = "[No Variations]"
Add component (AddParameter): Name = "ComponentLink7Description"; Value = "Open Footprint 4"; VariantName = "[No Variations]"
Add component (AddParameter): Name = "Description_"; Value = "MCHP ANALOG PMIC SWITCHER Buck ADJ MCP16502TAB-E/S8B QFN-32 for SAMA7G5 MPU with LPDDR/DDR2/DDR3"; VariantName = "[No Variations]"
Add component (AddParameter): Name = "Dev Tools Status"; Value = "Design"; VariantName = "[No Variations]"
Add component (AddParameter): Name = "Manufacturer 1"; Value = "Microchip Technology"; VariantName = "[No Variations]"
Add component (AddParameter): Name = "Manufacturer Part Number 1"; Value = "MCP16502TAB-E/S8B"; VariantName = "[No Variations]"
Add component (AddParameter): Name = "MCHP-ID"; Value = "MIC8878"; VariantName = "[No Variations]"
Add component (AddParameter): Name = "Owner"; Value = "Dragos Danaila"; VariantName = "[No Variations]"
Add component (AddParameter): Name = "Populated"; Value = "YES"; VariantName = "[No Variations]"
Add component (AddParameter): Name = "Quantity Override"; Value = "1"; VariantName = "[No Variations]"
Add component (AddParameter): Name = "Revision"; Value = "1"; VariantName = "[No Variations]"
Add component (AddParameter): Name = "Status"; Value = "MCL Design"; VariantName = "[No Variations]"
Add component (AddParameter): Name = "Supplier 1"; Value = "Digi-Key"; VariantName = "[No Variations]"
Add component (AddParameter): Name = "Supplier Part Number 1"; Value = "150-MCP16502TAB-E/S8BCT-ND"; VariantName = "[No Variations]"
Add component (AddParameter): Name = "Symbol"; Value = "MCP16502 QFN-32"; VariantName = "[No Variations]"
Add component (AddParameter): Name = "Type"; Value = "Switcher"; VariantName = "[No Variations]"
Add component (AddParameter): Name = "Value"; Value = "MCP16502TAB-E/S8B"; VariantName = "[No Variations]"
Added Component: Designator=U52(UQFN-16_4X4_EP2.6X2.6)
Add component (AddParameter): Name = "Category"; Value = "MCHP-Analog"; VariantName = "[No Variations]"
Add component (AddParameter): Name = "ComponentLink1Description"; Value = "SVN Datasheet"; VariantName = "[No Variations]"
Add component (AddParameter): Name = "ComponentLink2Description"; Value = "Local Datasheet"; VariantName = "[No Variations]"
Add component (AddParameter): Name = "ComponentLink3Description"; Value = "Open Symbol"; VariantName = "[No Variations]"
Add component (AddParameter): Name = "ComponentLink3URL"; Value = "C:\ALTIUM_WORK\00001_MCHP-CDB\Library\LibraryRefs\PAC1934 UQFN-16.SchLib"; VariantName = "[No Variations]"
Add component (AddParameter): Name = "ComponentLink4Description"; Value = "Open Footprint"; VariantName = "[No Variations]"
Add component (AddParameter): Name = "ComponentLink4URL"; Value = "C:\ALTIUM_WORK\00001_MCHP-CDB\Library\Footprints\UQFN-16_4X4_EP2.6X2.6.PcbLib"; VariantName = "[No Variations]"
Add component (AddParameter): Name = "ComponentLink5Description"; Value = "Open Footprint 2"; VariantName = "[No Variations]"
Add component (AddParameter): Name = "ComponentLink6Description"; Value = "Open Footprint 3"; VariantName = "[No Variations]"
Add component (AddParameter): Name = "ComponentLink7Description"; Value = "Open Footprint 4"; VariantName = "[No Variations]"
Add component (AddParameter): Name = "Description_"; Value = "MCHP ANALOG POWER CURRENT SENSE MONITOR PAC1934T-I/JQ UQFN-16"; VariantName = "[No Variations]"
Add component (AddParameter): Name = "Dev Tools Status"; Value = "Design"; VariantName = "[No Variations]"
Add component (AddParameter): Name = "Manufacturer 1"; Value = "Microchip Technology"; VariantName = "[No Variations]"
Add component (AddParameter): Name = "Manufacturer Part Number 1"; Value = "PAC1934T-I/JQ"; VariantName = "[No Variations]"
Add component (AddParameter): Name = "MCHP-ID"; Value = "MIC8883"; VariantName = "[No Variations]"
Add component (AddParameter): Name = "Owner"; Value = "Ciprian Abramov"; VariantName = "[No Variations]"
Add component (AddParameter): Name = "Populated"; Value = "YES"; VariantName = "[No Variations]"
Add component (AddParameter): Name = "Quantity Override"; Value = "1"; VariantName = "[No Variations]"
Add component (AddParameter): Name = "Revision"; Value = "1"; VariantName = "[No Variations]"
Add component (AddParameter): Name = "Status"; Value = "MCL Design"; VariantName = "[No Variations]"
Add component (AddParameter): Name = "Supplier 1"; Value = "Digi-Key"; VariantName = "[No Variations]"
Add component (AddParameter): Name = "Supplier Part Number 1"; Value = "PAC1934T-I/JQCT-ND"; VariantName = "[No Variations]"
Add component (AddParameter): Name = "Symbol"; Value = "PAC1934 UQFN-16"; VariantName = "[No Variations]"
Add component (AddParameter): Name = "Type"; Value = "Power/Current Sensor"; VariantName = "[No Variations]"
Add component (AddParameter): Name = "Value"; Value = "PAC1934"; VariantName = "[No Variations]"
Add Component: Footprint Not Found CRYSTAL_NX2012SA
Add Component: Footprint Not Found DFN-4_2.5x2
Add Component: Footprint Not Found CRYSTAL_ABM8G
Add Component: Footprint Not Found DFN-4_2x1.6
Added Pin To Net: NetName=5V_MAIN Pin=C281-1
Added Pin To Net: NetName=GND Pin=C281-2
Added Pin To Net: NetName=GND Pin=C282-1
Added Pin To Net: NetName=VDD_3V3 Pin=C282-2
Added Pin To Net: NetName=5V_MAIN Pin=C287-1
Added Pin To Net: NetName=GND Pin=C287-2
Added Pin To Net: NetName=GND Pin=C288-1
Added Pin To Net: NetName=VDD_1V35 Pin=C288-2
Added Pin To Net: NetName=5V_MAIN Pin=C289-1
Added Pin To Net: NetName=GND Pin=C289-2
Added Pin To Net: NetName=GND Pin=C290-1
Added Pin To Net: NetName=VDD_1V15_OUT3 Pin=C290-2
Added Pin To Net: NetName=5V_MAIN Pin=C291-1
Added Pin To Net: NetName=GND Pin=C291-2
Added Pin To Net: NetName=GND Pin=C292-1
Added Pin To Net: NetName=VDD_1V15_OUT4 Pin=C292-2
Added Pin To Net: NetName=5V_MAIN Pin=C293-1
Added Pin To Net: NetName=GND Pin=C293-2
Added Pin To Net: NetName=5V_MAIN Pin=C294-1
Added Pin To Net: NetName=GND Pin=C294-2
Added Pin To Net: NetName=VLDO1 Pin=C295-1
Added Pin To Net: NetName=GND Pin=C295-2
Added Pin To Net: NetName=VLDO2 Pin=C296-1
Added Pin To Net: NetName=GND Pin=C296-2
Added Pin To Net: NetName=VDD_3V3_MPU Pin=C297-1
Added Pin To Net: NetName=GND Pin=C297-2
Added Pin To Net: NetName=VDD_3V3_MPU Pin=C298-1
Added Pin To Net: NetName=GND Pin=C298-2
Add Pin To Net: Unknown Pin: Pin L7-1
Add Pin To Net: Unknown Pin: Pin L7-2
Add Pin To Net: Unknown Pin: Pin L8-1
Add Pin To Net: Unknown Pin: Pin L8-2
Add Pin To Net: Unknown Pin: Pin L9-1
Add Pin To Net: Unknown Pin: Pin L9-2
Add Pin To Net: Unknown Pin: Pin L10-1
Add Pin To Net: Unknown Pin: Pin L10-2
Added Pin To Net: NetName=LPM Pin=Q27-1
Added Pin To Net: NetName=GND Pin=Q27-2
Added Pin To Net: NetName=NetQ27_3 Pin=Q27-3
Added Pin To Net: NetName=NetDS11_2 Pin=R298-1
Added Pin To Net: NetName=GND Pin=R298-2
Added Pin To Net: NetName=MCP16502_HPM Pin=R333-1
Added Pin To Net: NetName=SHDN Pin=R335-1
Added Pin To Net: NetName=WKUP Pin=R339-1
Added Pin To Net: NetName=VDDBU Pin=R339-2
Added Pin To Net: NetName=NetC300_2 Pin=R340-1
Added Pin To Net: NetName=VDD_3V3 Pin=R342-2
Add Pin To Net: Unknown Pin: Pin R344-3
Add Pin To Net: Unknown Pin: Pin R344-4
Added Pin To Net: NetName=5V_MAIN Pin=R346-1
Added Pin To Net: NetName=GND Pin=R348-2
Add Pin To Net: Unknown Pin: Pin R349-3
Add Pin To Net: Unknown Pin: Pin R349-4
Added Pin To Net: NetName=VDD_3V3 Pin=R350-1
Added Pin To Net: NetName=NetQ27_3 Pin=R350-2
Add Pin To Net: Unknown Pin: Pin R353-3
Add Pin To Net: Unknown Pin: Pin R353-4
Add Pin To Net: Unknown Pin: Pin R354-3
Add Pin To Net: Unknown Pin: Pin R354-4
Added Pin To Net: NetName=NetDS12_2 Pin=R537-1
Added Pin To Net: NetName=GND Pin=R537-2
Added Pin To Net: NetName=NetDS13_2 Pin=R538-1
Added Pin To Net: NetName=GND Pin=R538-2
Add Pin To Net: Unknown Pin: Pin TP3-1
Add Pin To Net: Unknown Pin: Pin TP4-1
Add Pin To Net: Unknown Pin: Pin TP5-1
Add Pin To Net: Unknown Pin: Pin TP6-1
Add Pin To Net: Unknown Pin: Pin TP7-1
Add Pin To Net: Unknown Pin: Pin TP8-1
Add Pin To Net: Unknown Pin: Pin TP9-1
Add Pin To Net: Unknown Pin: Pin TP10-1
Add Pin To Net: Unknown Pin: Pin TP11-1
Add Pin To Net: Unknown Pin: Pin TP12-1
Add Pin To Net: Unknown Pin: Pin TP13-1
Add Pin To Net: Unknown Pin: Pin TP14-1
Add Pin To Net: Unknown Pin: Pin TP15-1
Add Pin To Net: Unknown Pin: Pin TP16-1
Add Pin To Net: Unknown Pin: Pin TP17-1
Add Pin To Net: Unknown Pin: Pin TP18-1
Add Pin To Net: Unknown Pin: Pin TP19-1
Add Pin To Net: Unknown Pin: Pin TP20-1
Add Pin To Net: Unknown Pin: Pin TP21-1
Add Pin To Net: Unknown Pin: Pin TP22-1
Add Pin To Net: Unknown Pin: Pin TP23-1
Add Pin To Net: Unknown Pin: Pin TP24-1
Add Pin To Net: Unknown Pin: Pin TP25-1
Add Pin To Net: Unknown Pin: Pin TP26-1
Add Pin To Net: Unknown Pin: Pin TP27-1
Add Pin To Net: Unknown Pin: Pin TP28-1
Add Pin To Net: Unknown Pin: Pin U25-1
Add Pin To Net: Unknown Pin: Pin U25-2
Add Pin To Net: Unknown Pin: Pin U25-3
Add Pin To Net: Unknown Pin: Pin U25-4
Add Pin To Net: Unknown Pin: Pin U25-5
Add Pin To Net: Unknown Pin: Pin U25-6
Add Pin To Net: Unknown Pin: Pin U25-7
Add Pin To Net: Unknown Pin: Pin U25-8
Add Pin To Net: Unknown Pin: Pin U25-9
Add Pin To Net: Unknown Pin: Pin U26-1
Add Pin To Net: Unknown Pin: Pin U26-2
Add Pin To Net: Unknown Pin: Pin U26-3
Add Pin To Net: Unknown Pin: Pin U26-4
Add Pin To Net: Unknown Pin: Pin U26-5
Add Pin To Net: Unknown Pin: Pin U26-6
Add Pin To Net: Unknown Pin: Pin U26-7
Add Pin To Net: Unknown Pin: Pin U26-8
Add Pin To Net: Unknown Pin: Pin U26-9
Add Pin To Net: Unknown Pin: Pin U27-1
Add Pin To Net: Unknown Pin: Pin U27-2
Add Pin To Net: Unknown Pin: Pin U27-3
Add Pin To Net: Unknown Pin: Pin U27-4
Add Pin To Net: Unknown Pin: Pin U27-5
Add Pin To Net: Unknown Pin: Pin U27-6
Add Pin To Net: Unknown Pin: Pin U27-7
Add Pin To Net: Unknown Pin: Pin U27-8
Add Pin To Net: Unknown Pin: Pin U27-9
Add Pin To Net: Unknown Pin: Pin U28-1
Add Pin To Net: Unknown Pin: Pin U28-2
Add Pin To Net: Unknown Pin: Pin U28-3
Add Pin To Net: Unknown Pin: Pin U28-4
Add Pin To Net: Unknown Pin: Pin U28-5
Add Pin To Net: Unknown Pin: Pin U28-6
Add Pin To Net: Unknown Pin: Pin U28-7
Add Pin To Net: Unknown Pin: Pin U28-8
Add Pin To Net: Unknown Pin: Pin U28-9
Added Pin To Net: NetName=GND Pin=U29-A1
Added Pin To Net: NetName=TDO_PC29 Pin=U29-A2
Added Pin To Net: NetName=NetR300_2 Pin=U29-A3
Added Pin To Net: NetName=USBB_P Pin=U29-A4
Added Pin To Net: NetName=GND Pin=U29-A5
Added Pin To Net: NetName=USBC_P Pin=U29-A6
Added Pin To Net: NetName=_PC2 Pin=U29-A7
Added Pin To Net: NetName=GND Pin=U29-A8
Added Pin To Net: NetName=_PC0 Pin=U29-A9
Added Pin To Net: NetName=GND Pin=U29-A11
Added Pin To Net: NetName=_PB31 Pin=U29-A13
Added Pin To Net: NetName=GND Pin=U29-A14
Added Pin To Net: NetName=GND Pin=U29-A17
Added Pin To Net: NetName=_PE2 Pin=U29-A18
Added Pin To Net: NetName=_PD22 Pin=U29-A19
Added Pin To Net: NetName=GND Pin=U29-A21
Added Pin To Net: NetName=GND Pin=U29-AA1
Added Pin To Net: NetName=DDR_ZQ Pin=U29-AA2
Added Pin To Net: NetName=DDR_D13 Pin=U29-AA3
Added Pin To Net: NetName=DDR_D9 Pin=U29-AA4
Added Pin To Net: NetName=NetC323_1 Pin=U29-AA5
Added Pin To Net: NetName=DDR_DQS1_N Pin=U29-AA6
Added Pin To Net: NetName=DDR_D12 Pin=U29-AA7
Added Pin To Net: NetName=GND Pin=U29-AA8
Added Pin To Net: NetName=NetR303_1 Pin=U29-AA9
Added Pin To Net: NetName=GND Pin=U29-AA11
Added Pin To Net: NetName=XOUT32 Pin=U29-AA13
Added Pin To Net: NetName=GND Pin=U29-AA14
Added Pin To Net: NetName=WKUP Pin=U29-AA15
Added Pin To Net: NetName=_PA13 Pin=U29-AA16
Added Pin To Net: NetName=GND Pin=U29-AA17
Added Pin To Net: NetName=_PA14 Pin=U29-AA20
Added Pin To Net: NetName=GND Pin=U29-AA21
Added Pin To Net: NetName=NTRST_PC25 Pin=U29-B1
Added Pin To Net: NetName=VDDUTMII Pin=U29-B2
Added Pin To Net: NetName=NetR299_2 Pin=U29-B3
Added Pin To Net: NetName=USBB_N Pin=U29-B4
Added Pin To Net: NetName=USBC_N Pin=U29-B6
Added Pin To Net: NetName=NetR310_2 Pin=U29-B7
Added Pin To Net: NetName=_PB30 Pin=U29-B9
Added Pin To Net: NetName=_PE5 Pin=U29-B16
Added Pin To Net: NetName=_PD18 Pin=U29-B19
Added Pin To Net: NetName=VDDCPU Pin=U29-B20
Added Pin To Net: NetName=_PA8 Pin=U29-B21
Added Pin To Net: NetName=TMS_SWDIO_PC27 Pin=U29-C1
Added Pin To Net: NetName=VDDUTMII Pin=U29-C5
Added Pin To Net: NetName=NetR301_2 Pin=U29-C6
Added Pin To Net: NetName=VDDUTMII Pin=U29-C8
Added Pin To Net: NetName=VDDSDMMC1 Pin=U29-C11
Added Pin To Net: NetName=VDD_3V3_MPU Pin=U29-C14
Added Pin To Net: NetName=_PE3 Pin=U29-C15
Added Pin To Net: NetName=NetR532_2 Pin=U29-C16
Added Pin To Net: NetName=VDD_3V3_MPU Pin=U29-C17
Added Pin To Net: NetName=_PD14 Pin=U29-C19
Added Pin To Net: NetName=_PA5 Pin=U29-C21
Added Pin To Net: NetName=_PC12 Pin=U29-D1
Added Pin To Net: NetName=NetR526_2 Pin=U29-D5
Added Pin To Net: NetName=_PC14 Pin=U29-D6
Added Pin To Net: NetName=NetR307_2 Pin=U29-D8
Added Pin To Net: NetName=GND Pin=U29-D9
Added Pin To Net: NetName=GND Pin=U29-D13
Added Pin To Net: NetName=NetR317_1 Pin=U29-D14
Added Pin To Net: NetName=_PE4 Pin=U29-D15
Added Pin To Net: NetName=_PD16 Pin=U29-D18
Added Pin To Net: NetName=_PA9 Pin=U29-D20
Added Pin To Net: NetName=GND Pin=U29-E1
Added Pin To Net: NetName=VDDUTMII Pin=U29-E3
Added Pin To Net: NetName=VDDANA Pin=U29-E5
Added Pin To Net: NetName=VDDANA Pin=U29-E6
Added Pin To Net: NetName=GND Pin=U29-E7
Added Pin To Net: NetName=GND Pin=U29-E15
Added Pin To Net: NetName=VDDCPU Pin=U29-E16
Added Pin To Net: NetName=VDDCPU Pin=U29-E17
Added Pin To Net: NetName=VDDCPU Pin=U29-E19
Added Pin To Net: NetName=GND Pin=U29-E21
Added Pin To Net: NetName=_PC8 Pin=U29-F1
Added Pin To Net: NetName=_PC5 Pin=U29-F2
Added Pin To Net: NetName=GND Pin=U29-F5
Added Pin To Net: NetName=VDDCORE Pin=U29-F6
Added Pin To Net: NetName=VDDUTMII Pin=U29-F7
Added Pin To Net: NetName=_PC13 Pin=U29-F8
Added Pin To Net: NetName=VDDCORE Pin=U29-F9
Added Pin To Net: NetName=VDD_3V3_MPU Pin=U29-F13
Added Pin To Net: NetName=VDDCORE Pin=U29-F15
Added Pin To Net: NetName=VDDCPU Pin=U29-F16
Added Pin To Net: NetName=GND Pin=U29-F17
Added Pin To Net: NetName=_PA11 Pin=U29-F20
Added Pin To Net: NetName=_PC3 Pin=U29-G1
Added Pin To Net: NetName=_PC9 Pin=U29-G2
Added Pin To Net: NetName=GND Pin=U29-G5
Added Pin To Net: NetName=VDDANA Pin=U29-G6
Added Pin To Net: NetName=GND Pin=U29-G7
Added Pin To Net: NetName=_PB28 Pin=U29-G10
Added Pin To Net: NetName=GND Pin=U29-G11
Added Pin To Net: NetName=_PE6 Pin=U29-G13
Added Pin To Net: NetName=GND Pin=U29-G15
Added Pin To Net: NetName=GND Pin=U29-G17
Added Pin To Net: NetName=_PD17 Pin=U29-G18
Added Pin To Net: NetName=_PA1 Pin=U29-G20
Added Pin To Net: NetName=_PB11 Pin=U29-G21
Added Pin To Net: NetName=GND Pin=U29-H1
Added Pin To Net: NetName=VDDIN33 Pin=U29-H3
Added Pin To Net: NetName=NetR302_1 Pin=U29-H4
Added Pin To Net: NetName=_PC4 Pin=U29-H5
Added Pin To Net: NetName=TDI_PC28 Pin=U29-H6
Added Pin To Net: NetName=TCK_SWCLK_PC26 Pin=U29-H7
Added Pin To Net: NetName=GND Pin=U29-H8
Added Pin To Net: NetName=_PC15 Pin=U29-H9
Added Pin To Net: NetName=_PC1 Pin=U29-H10
Added Pin To Net: NetName=_PB29 Pin=U29-H11
Added Pin To Net: NetName=NetR531_2 Pin=U29-H13
Added Pin To Net: NetName=GND Pin=U29-H14
Added Pin To Net: NetName=_PA7 Pin=U29-H16
Added Pin To Net: NetName=_PA0 Pin=U29-H17
Added Pin To Net: NetName=_PD13 Pin=U29-H18
Added Pin To Net: NetName=VDD_3V3_MPU Pin=U29-H19
Added Pin To Net: NetName=GND Pin=U29-H21
Added Pin To Net: NetName=XOUT Pin=U29-J1
Added Pin To Net: NetName=XIN Pin=U29-J2
Added Pin To Net: NetName=GND Pin=U29-J4
Added Pin To Net: NetName=VDDANA Pin=U29-J6
Added Pin To Net: NetName=NetC300_2 Pin=U29-J7
Added Pin To Net: NetName=_PC7 Pin=U29-J8
Added Pin To Net: NetName=VDDCORE Pin=U29-J9
Added Pin To Net: NetName=NetR315_1 Pin=U29-J10
Added Pin To Net: NetName=_PD28 Pin=U29-J12
Added Pin To Net: NetName=VDDCORE Pin=U29-J13
Added Pin To Net: NetName=_PA10 Pin=U29-J15
Added Pin To Net: NetName=VDDSDMMC0 Pin=U29-J16
Added Pin To Net: NetName=GND Pin=U29-J18
Added Pin To Net: NetName=_PC11 Pin=U29-K9
Added Pin To Net: NetName=_PD25 Pin=U29-K10
Added Pin To Net: NetName=GND Pin=U29-K11
Added Pin To Net: NetName=_PD23 Pin=U29-K12
Added Pin To Net: NetName=_PA4 Pin=U29-K13
Added Pin To Net: NetName=_PA6 Pin=U29-K14
Added Pin To Net: NetName=NetR313_1 Pin=U29-K15
Added Pin To Net: NetName=GND Pin=U29-L1
Added Pin To Net: NetName=VDDCORE Pin=U29-L3
Added Pin To Net: NetName=GND Pin=U29-L7
Added Pin To Net: NetName=DDR_A8 Pin=U29-L8
Added Pin To Net: NetName=DDR_A14 Pin=U29-L9
Added Pin To Net: NetName=GND Pin=U29-L11
Added Pin To Net: NetName=_PA2 Pin=U29-L13
Added Pin To Net: NetName=_PA3 Pin=U29-L14
Added Pin To Net: NetName=GND Pin=U29-L15
Added Pin To Net: NetName=VDDCORE Pin=U29-L19
Added Pin To Net: NetName=GND Pin=U29-L21
Added Pin To Net: NetName=DDR_D1 Pin=U29-M7
Added Pin To Net: NetName=DDR_D3 Pin=U29-M8
Added Pin To Net: NetName=DDR_A11 Pin=U29-M9
Added Pin To Net: NetName=_PC10 Pin=U29-M10
Added Pin To Net: NetName=NetC323_1 Pin=U29-M11
Added Pin To Net: NetName=_PB12 Pin=U29-M15
Added Pin To Net: NetName=DDR_DQM0 Pin=U29-N1
Added Pin To Net: NetName=DDR_D0 Pin=U29-N2
Added Pin To Net: NetName=GND Pin=U29-N4
Added Pin To Net: NetName=NetC322_1 Pin=U29-N6
Added Pin To Net: NetName=DDR_D7 Pin=U29-N7
Added Pin To Net: NetName=DDR_D5 Pin=U29-N8
Added Pin To Net: NetName=NetC323_1 Pin=U29-N9
Added Pin To Net: NetName=DDR_WE Pin=U29-N10
Added Pin To Net: NetName=_PD19 Pin=U29-N11
Added Pin To Net: NetName=NetC323_1 Pin=U29-N12
Added Pin To Net: NetName=VDDCORE Pin=U29-N13
Added Pin To Net: NetName=_PB14 Pin=U29-N14
Added Pin To Net: NetName=NetR386_2 Pin=U29-N15
Added Pin To Net: NetName=VDD_3V3_MPU Pin=U29-N16
Added Pin To Net: NetName=GND Pin=U29-N18
Added Pin To Net: NetName=MIPI_CK_N Pin=U29-N20
Added Pin To Net: NetName=MIPI_CK_P Pin=U29-N21
Added Pin To Net: NetName=GND Pin=U29-P1
Added Pin To Net: NetName=NetC323_1 Pin=U29-P3
Added Pin To Net: NetName=DDR_BA1 Pin=U29-P4
Added Pin To Net: NetName=DDR_A12 Pin=U29-P5
Added Pin To Net: NetName=DDR_A1 Pin=U29-P6
Added Pin To Net: NetName=DDR_A6 Pin=U29-P7
Added Pin To Net: NetName=GND Pin=U29-P8
Added Pin To Net: NetName=VDDBU Pin=U29-P11
Added Pin To Net: NetName=_PD12 Pin=U29-P12
Added Pin To Net: NetName=NetC323_1 Pin=U29-P13
Added Pin To Net: NetName=GND Pin=U29-P14
Added Pin To Net: NetName=_PB10 Pin=U29-P15
Added Pin To Net: NetName=NetR311_1 Pin=U29-P16
Added Pin To Net: NetName=_PB9 Pin=U29-P17
Added Pin To Net: NetName=MIPI_D0_P Pin=U29-P18
Added Pin To Net: NetName=VDDCORE Pin=U29-P19
Added Pin To Net: NetName=GND Pin=U29-P21
Added Pin To Net: NetName=DDR_DQS0_P Pin=U29-R1
Added Pin To Net: NetName=DDR_DQS0_N Pin=U29-R2
Added Pin To Net: NetName=DDR_D2 Pin=U29-R3
Added Pin To Net: NetName=DDR_A15 Pin=U29-R4
Added Pin To Net: NetName=GND Pin=U29-R5
Added Pin To Net: NetName=DDR_A4 Pin=U29-R6
Added Pin To Net: NetName=GND Pin=U29-R7
Added Pin To Net: NetName=DDR_BA2 Pin=U29-R8
Added Pin To Net: NetName=SHDN Pin=U29-R9
Added Pin To Net: NetName=LPM Pin=U29-R10
Added Pin To Net: NetName=GND Pin=U29-R11
Added Pin To Net: NetName=_PD15 Pin=U29-R12
Added Pin To Net: NetName=_PA30 Pin=U29-R14
Added Pin To Net: NetName=GND Pin=U29-R15
Added Pin To Net: NetName=_PB13 Pin=U29-R16
Added Pin To Net: NetName=GND Pin=U29-R17
Added Pin To Net: NetName=MIPI_D0_N Pin=U29-R18
Added Pin To Net: NetName=NetR321_2 Pin=U29-R19
Added Pin To Net: NetName=MIPI_D1_N Pin=U29-R20
Added Pin To Net: NetName=MIPI_D1_P Pin=U29-R21
Added Pin To Net: NetName=DDR_D6 Pin=U29-T1
Added Pin To Net: NetName=DDR_D4 Pin=U29-T2
Added Pin To Net: NetName=DDR_A10 Pin=U29-T3
Added Pin To Net: NetName=DDR_CK_N Pin=U29-T4
Added Pin To Net: NetName=GND Pin=U29-T5
Added Pin To Net: NetName=NetC323_1 Pin=U29-T6
Added Pin To Net: NetName=NetC323_1 Pin=U29-T7
Added Pin To Net: NetName=DDR_CAS Pin=U29-T8
Added Pin To Net: NetName=NetC323_1 Pin=U29-T9
Added Pin To Net: NetName=VDD_3V3_MPU Pin=U29-T13
Added Pin To Net: NetName=_PA28 Pin=U29-T14
Added Pin To Net: NetName=VDDANA Pin=U29-T15
Added Pin To Net: NetName=VDDANA Pin=U29-T16
Added Pin To Net: NetName=GND Pin=U29-T17
Added Pin To Net: NetName=_PB8 Pin=U29-T18
Added Pin To Net: NetName=_PB6 Pin=U29-T19
Added Pin To Net: NetName=_PB4 Pin=U29-T20
Added Pin To Net: NetName=_PB2 Pin=U29-T21
Added Pin To Net: NetName=GND Pin=U29-U1
Added Pin To Net: NetName=NetC323_1 Pin=U29-U3
Added Pin To Net: NetName=DDR_CK_P Pin=U29-U4
Added Pin To Net: NetName=NetC323_1 Pin=U29-U5
Added Pin To Net: NetName=NetC323_1 Pin=U29-U6
Added Pin To Net: NetName=GND Pin=U29-U7
Added Pin To Net: NetName=DDR_RAS Pin=U29-U8
Added Pin To Net: NetName=GND Pin=U29-U15
Added Pin To Net: NetName=VDDCORE Pin=U29-U16
Added Pin To Net: NetName=VDDCORE Pin=U29-U17
Added Pin To Net: NetName=_PB0 Pin=U29-U18
Added Pin To Net: NetName=VDDCORE Pin=U29-U19
Added Pin To Net: NetName=GND Pin=U29-U21
Added Pin To Net: NetName=DDR_RESET Pin=U29-V1
Added Pin To Net: NetName=DDR_A13 Pin=U29-V2
Added Pin To Net: NetName=DDR_CKE Pin=U29-V3
Added Pin To Net: NetName=DDR_A9 Pin=U29-V4
Added Pin To Net: NetName=DDR_A2 Pin=U29-V5
Added Pin To Net: NetName=DDR_A3 Pin=U29-V6
Added Pin To Net: NetName=DDR_CS Pin=U29-V7
Added Pin To Net: NetName=DDR_BA0 Pin=U29-V8
Added Pin To Net: NetName=GND Pin=U29-V9
Added Pin To Net: NetName=GND Pin=U29-V13
Added Pin To Net: NetName=_PA12 Pin=U29-V14
Added Pin To Net: NetName=_PA17 Pin=U29-V16
Added Pin To Net: NetName=_PB7 Pin=U29-V17
Added Pin To Net: NetName=_PB5 Pin=U29-V18
Added Pin To Net: NetName=DDR_ODT Pin=U29-W1
Added Pin To Net: NetName=DDR_A7 Pin=U29-W2
Added Pin To Net: NetName=DDR_D15 Pin=U29-W3
Added Pin To Net: NetName=DDR_A5 Pin=U29-W4
Added Pin To Net: NetName=GND Pin=U29-W5
Added Pin To Net: NetName=DDR_A0 Pin=U29-W6
Added Pin To Net: NetName=DDR_D14 Pin=U29-W7
Added Pin To Net: NetName=NetC323_1 Pin=U29-W8
Added Pin To Net: NetName=VDD_3V3_MPU Pin=U29-W14
Added Pin To Net: NetName=NetR306_1 Pin=U29-W15
Added Pin To Net: NetName=_PA26 Pin=U29-W16
Added Pin To Net: NetName=VDDCORE Pin=U29-W17
Added Pin To Net: NetName=_PA27 Pin=U29-W18
Added Pin To Net: NetName=_PA29 Pin=U29-W19
Added Pin To Net: NetName=_PA31 Pin=U29-W20
Added Pin To Net: NetName=_PB1 Pin=U29-W21
Added Pin To Net: NetName=DDR_VREF Pin=U29-Y1
Added Pin To Net: NetName=NetC323_1 Pin=U29-Y2
Added Pin To Net: NetName=DDR_D11 Pin=U29-Y3
Added Pin To Net: NetName=DDR_DQM1 Pin=U29-Y4
Added Pin To Net: NetName=DDR_DQS1_P Pin=U29-Y6
Added Pin To Net: NetName=DDR_D8 Pin=U29-Y7
Added Pin To Net: NetName=DDR_D10 Pin=U29-Y9
Added Pin To Net: NetName=XIN32 Pin=U29-Y13
Added Pin To Net: NetName=_PA18 Pin=U29-Y16
Added Pin To Net: NetName=_PA22 Pin=U29-Y18
Added Pin To Net: NetName=VDDCORE Pin=U29-Y20
Added Pin To Net: NetName=_PA20 Pin=U29-Y21
Added Pin To Net: NetName=NetC300_2 Pin=U51-2
Added Pin To Net: NetName=GND Pin=U51-3
Added Pin To Net: NetName=5V_MAIN Pin=U51-4
Added Pin To Net: NetName=NetR343_1 Pin=U51-5
Added Pin To Net: NetName=NetR345_1 Pin=U51-6
Added Pin To Net: NetName=WKUP Pin=U51-7
Added Pin To Net: NetName=VDD_3V3 Pin=U51-9
Added Pin To Net: NetName=5V_MAIN Pin=U51-10
Added Pin To Net: NetName=NetL7_1 Pin=U51-11
Added Pin To Net: NetName=GND Pin=U51-12
Added Pin To Net: NetName=GND Pin=U51-13
Added Pin To Net: NetName=NetL8_1 Pin=U51-14
Added Pin To Net: NetName=5V_MAIN Pin=U51-15
Added Pin To Net: NetName=VDD_1V35 Pin=U51-16
Added Pin To Net: NetName=VLDO1 Pin=U51-19
Added Pin To Net: NetName=5V_MAIN Pin=U51-20
Added Pin To Net: NetName=VLDO2 Pin=U51-21
Added Pin To Net: NetName=NetR331_2 Pin=U51-22
Added Pin To Net: NetName=NetU51_24 Pin=U51-24
Added Pin To Net: NetName=VDD_1V15_OUT3 Pin=U51-25
Added Pin To Net: NetName=5V_MAIN Pin=U51-26
Added Pin To Net: NetName=NetL9_1 Pin=U51-27
Added Pin To Net: NetName=GND Pin=U51-28
Added Pin To Net: NetName=GND Pin=U51-29
Added Pin To Net: NetName=NetL10_1 Pin=U51-30
Added Pin To Net: NetName=5V_MAIN Pin=U51-31
Added Pin To Net: NetName=VDD_1V15_OUT4 Pin=U51-32
Added Pin To Net: NetName=GND Pin=U51-33
Added Pin To Net: NetName=NetR337_2 Pin=U52-1
Added Pin To Net: NetName=VDD_3V3 Pin=U52-2
Added Pin To Net: NetName=GND Pin=U52-3
Added Pin To Net: NetName=NetR332_2 Pin=U52-4
Added Pin To Net: NetName=NetR334_2 Pin=U52-5
Added Pin To Net: NetName=NetR338_1 Pin=U52-6
Added Pin To Net: NetName=SENSE3_N Pin=U52-7
Added Pin To Net: NetName=SENSE3_P Pin=U52-8
Added Pin To Net: NetName=SENSE4_N Pin=U52-9
Added Pin To Net: NetName=SENSE4_P Pin=U52-10
Added Pin To Net: NetName=SENSE1_P Pin=U52-11
Added Pin To Net: NetName=SENSE1_N Pin=U52-12
Added Pin To Net: NetName=SENSE2_P Pin=U52-13
Added Pin To Net: NetName=SENSE2_N Pin=U52-14
Added Pin To Net: NetName=VDD_3V3 Pin=U52-15
Added Pin To Net: NetName=NetR336_2 Pin=U52-16
Added Pin To Net: NetName=GND Pin=U52-17
Add Pin To Net: Unknown Pin: Pin Y1-1
Add Pin To Net: Unknown Pin: Pin Y1-2
Add Pin To Net: Unknown Pin: Pin Y2-1
Add Pin To Net: Unknown Pin: Pin Y2-2
Add Pin To Net: Unknown Pin: Pin Y2-3
Add Pin To Net: Unknown Pin: Pin Y2-4
Add Pin To Net: Unknown Pin: Pin Y3-1
Add Pin To Net: Unknown Pin: Pin Y3-2
Add Pin To Net: Unknown Pin: Pin Y3-3
Add Pin To Net: Unknown Pin: Pin Y3-4
Add Pin To Net: Unknown Pin: Pin Y4-1
Add Pin To Net: Unknown Pin: Pin Y4-2
Add Pin To Net: Unknown Pin: Pin Y4-3
Add Pin To Net: Unknown Pin: Pin Y4-4
Added Pin To Net: NetName=NetR333_2 Pin=R333-2
Added Pin To Net: NetName=NetR333_2 Pin=U51-23
Added Net: Name=NetR333_2
Added Pin To Net: NetName=NetR335_2 Pin=R335-2
Added Pin To Net: NetName=NetR335_2 Pin=U51-8
Added Net: Name=NetR335_2
Added Pin To Net: NetName=NetR342_1 Pin=R342-1
Added Pin To Net: NetName=NetR342_1 Pin=U29-D19
Added Pin To Net: NetName=NetR342_1 Pin=U51-1
Added Net: Name=NetR342_1
Added Pin To Net: NetName=NetR346_2 Pin=R346-2
Added Pin To Net: NetName=NetR346_2 Pin=R348-1
Added Pin To Net: NetName=NetR346_2 Pin=U51-18
Added Net: Name=NetR346_2
Add Differential Pair: Number of nets in differential pair NetR299_2 is 1 instead of 2
Add Differential Pair: Number of nets in differential pair NetR300_2 is 1 instead of 2
Added Member To Class: ClassName=08_SAMA7G54-PMIC Member=Component C281 4.7uF/10V
Added Member To Class: ClassName=08_SAMA7G54-PMIC Member=Component C282 22uF/10V
Added Member To Class: ClassName=08_SAMA7G54-PMIC Member=Component C287 4.7uF/10V
Added Member To Class: ClassName=08_SAMA7G54-PMIC Member=Component C288 22uF/10V
Added Member To Class: ClassName=08_SAMA7G54-PMIC Member=Component C289 4.7uF/10V
Added Member To Class: ClassName=08_SAMA7G54-PMIC Member=Component C290 22uF/10V
Added Member To Class: ClassName=08_SAMA7G54-PMIC Member=Component C291 4.7uF/10V
Added Member To Class: ClassName=08_SAMA7G54-PMIC Member=Component C292 22uF/10V
Added Member To Class: ClassName=08_SAMA7G54-PMIC Member=Component C293 4.7uF/10V
Added Member To Class: ClassName=08_SAMA7G54-PMIC Member=Component C294 4.7uF/10V
Added Member To Class: ClassName=08_SAMA7G54-PMIC Member=Component C295 4.7uF/10V
Added Member To Class: ClassName=08_SAMA7G54-PMIC Member=Component C296 4.7uF/10V
Added Member To Class: ClassName=08_SAMA7G54-PMIC Member=Component C297 4.7uF/10V
Added Member To Class: ClassName=08_SAMA7G54-PMIC Member=Component C298 4.7uF/10V
Add Class Member: Failed to add class member : Component L7 Inductor
Add Class Member: Failed to add class member : Component L8 Inductor
Add Class Member: Failed to add class member : Component L9 Inductor
Add Class Member: Failed to add class member : Component L10 Inductor
Added Member To Class: ClassName=08_SAMA7G54-PMIC Member=Component Q27 Transistor MOS-N GSD
Added Member To Class: ClassName=11_MCU Member=Component R18 22R
Added Member To Class: ClassName=11_MCU Member=Component R25 22R
Added Member To Class: ClassName=11_MCU Member=Component R26 22R
Added Member To Class: ClassName=11_MCU Member=Component R298 2.2k
Added Member To Class: ClassName=08_SAMA7G54-PIO Member=Component R537 2.2k
Added Member To Class: ClassName=08_SAMA7G54-PIO Member=Component R538 2.2k
Add Class Member: Failed to add class member : Component TP7 Test Point No BOM
Add Class Member: Failed to add class member : Component TP8 Test Point No BOM
Add Class Member: Failed to add class member : Component TP9 Test Point No BOM
Add Class Member: Failed to add class member : Component TP10 Test Point No BOM
Add Class Member: Failed to add class member : Component TP11 Test Point No BOM
Add Class Member: Failed to add class member : Component TP12 Test Point No BOM
Add Class Member: Failed to add class member : Component TP13 Test Point No BOM
Add Class Member: Failed to add class member : Component TP14 Test Point No BOM
Add Class Member: Failed to add class member : Component TP15 Test Point No BOM
Add Class Member: Failed to add class member : Component TP16 Test Point No BOM
Add Class Member: Failed to add class member : Component TP17 Test Point No BOM
Add Class Member: Failed to add class member : Component TP18 Test Point No BOM
Add Class Member: Failed to add class member : Component TP19 Test Point No BOM
Add Class Member: Failed to add class member : Component TP20 Test Point No BOM
Add Class Member: Failed to add class member : Component TP21 Test Point No BOM
Add Class Member: Failed to add class member : Component TP22 Test Point No BOM
Add Class Member: Failed to add class member : Component TP23 Test Point No BOM
Add Class Member: Failed to add class member : Component TP24 Test Point No BOM
Add Class Member: Failed to add class member : Component TP25 Test Point No BOM
Add Class Member: Failed to add class member : Component TP26 Test Point No BOM
Add Class Member: Failed to add class member : Component TP27 Test Point No BOM
Add Class Member: Failed to add class member : Component TP28 Test Point No BOM
Add Class Member: Failed to add class member : Component U25 TB67H451AFNG,EL
Add Class Member: Failed to add class member : Component U26 TB67H451AFNG,EL
Add Class Member: Failed to add class member : Component U27 TB67H451AFNG,EL
Add Class Member: Failed to add class member : Component U28 TB67H451AFNG,EL
Added Member To Class: ClassName=08_SAMA7G54-PIO Member=Component U29 SAMA7G54
Added Member To Class: ClassName=08_SAMA7G54-PMIC Member=Component U51 MCP16502 QFN-32
Added Member To Class: ClassName=08_SAMA7G54-PMIC Member=Component U52 PAC1934 UQFN-16
Add Class Member: Failed to add class member : Component Y1 Crystal 2 Pins
Add Class Member: Failed to add class member : Component Y2 DSC10xx DFN-4
Add Class Member: Failed to add class member : Component Y3 Crystal 4 Pins
Add Class Member: Failed to add class member : Component Y4 DSC60xx DFN-4_LGA-4
