Removed Pin From Net: NetName=SOLENOID_A_1 Pin=DZ1-1
Removed Pin From Net: NetName=SOLENOID_A_2 Pin=DZ2-1
Removed Pin From Net: NetName=SOLENOID_A_3 Pin=DZ3-1
Removed Pin From Net: NetName=SOLENOID_A_4 Pin=DZ4-1
Removed Pin From Net: NetName=SOLENOID_A_5 Pin=DZ5-1
Removed Pin From Net: NetName=SOLENOID_A_6 Pin=DZ6-1
Removed Pin From Net: NetName=SOLENOID_A_7 Pin=DZ7-1
Removed Pin From Net: NetName=SOLENOID_A_8 Pin=DZ8-1
Removed Pin From Net: NetName=SOLENOID_A_9 Pin=DZ9-1
Removed Pin From Net: NetName=SOLENOID_A_10 Pin=DZ10-1
Removed Pin From Net: NetName=SOLENOID_A_11 Pin=DZ11-1
Removed Pin From Net: NetName=SOLENOID_A_12 Pin=DZ12-1
Removed Pin From Net: NetName=SOLENOID_A_13 Pin=DZ13-1
Removed Pin From Net: NetName=SOLENOID_A_14 Pin=DZ14-1
Removed Pin From Net: NetName=SOLENOID_A_15 Pin=DZ15-1
Removed Pin From Net: NetName=SOLENOID_A_16 Pin=DZ16-1
Removed Pin From Net: NetName=EXP_12V Pin=JP7-1
Removed Pin From Net: NetName=SOLENOID_A_1 Pin=Q11-3
Removed Pin From Net: NetName=SOLENOID_A_2 Pin=Q12-3
Removed Pin From Net: NetName=SOLENOID_A_3 Pin=Q13-3
Removed Pin From Net: NetName=SOLENOID_A_4 Pin=Q14-3
Removed Pin From Net: NetName=SOLENOID_A_5 Pin=Q15-3
Removed Pin From Net: NetName=SOLENOID_A_6 Pin=Q16-3
Removed Pin From Net: NetName=SOLENOID_A_7 Pin=Q17-3
Removed Pin From Net: NetName=SOLENOID_A_8 Pin=Q18-3
Removed Pin From Net: NetName=SOLENOID_A_9 Pin=Q19-3
Removed Pin From Net: NetName=SOLENOID_A_10 Pin=Q20-3
Removed Pin From Net: NetName=SOLENOID_A_11 Pin=Q21-3
Removed Pin From Net: NetName=SOLENOID_A_12 Pin=Q22-3
Removed Pin From Net: NetName=SOLENOID_A_13 Pin=Q23-3
Removed Pin From Net: NetName=SOLENOID_A_14 Pin=Q24-3
Removed Pin From Net: NetName=SOLENOID_A_15 Pin=Q25-3
Removed Pin From Net: NetName=SOLENOID_A_16 Pin=Q26-3
Removed Pin From Net: NetName=GND Pin=R505-1
Removed Pin From Net: NetName=GND Pin=R507-1
Removed Pin From Net: NetName=GND Pin=R509-1
Removed Pin From Net: NetName=MCU_UART1_RX_SOM_TX Pin=R525-1
Removed Pin From Net: NetName=MCU_UART1_TX_SOM_RX Pin=R527-1
Removed Member From Class: ClassName=08_SAMA7G54-PIO Member=R488
Removed Member From Class: ClassName=08_SAMA7G54-PIO Member=R505
Removed Member From Class: ClassName=08_SAMA7G54-PIO Member=R506
Removed Member From Class: ClassName=08_SAMA7G54-PIO Member=R507
Removed Member From Class: ClassName=08_SAMA7G54-PIO Member=R508
Removed Member From Class: ClassName=08_SAMA7G54-PIO Member=R509
Change Component Footprint: Designator=R488 Old Footprint=RES_C_0201 New Footprint=RES_C_6331X65_N
Change Component Footprint: Designator=R505 Old Footprint=RES_C_0201 New Footprint=RES_C_6331X65_N
Change Component Footprint: Designator=R506 Old Footprint=RES_C_0201 New Footprint=RES_C_6331X65_N
Change Component Footprint: Designator=R507 Old Footprint=RES_C_0201 New Footprint=RES_C_6331X65_N
Change Component Footprint: Designator=R508 Old Footprint=RES_C_0201 New Footprint=RES_C_6331X65_N
Change Component Footprint: Designator=R509 Old Footprint=RES_C_0201 New Footprint=RES_C_6331X65_N
Change Footprint: Footprint Not Found res_c_0201
Change Component Comment : Designator=R488 Old Comment=DNP/10k New Comment=20R/2W/5V or 10R/1W/3V
Change Component Comment : Designator=R505 Old Comment=DNP/10k New Comment=20R/2W/5V or 10R/1W/3V
Change Component Comment : Designator=R506 Old Comment=DNP/10k New Comment=20R/2W/5V or 10R/1W/3V
Change Component Comment : Designator=R507 Old Comment=DNP/10k New Comment=20R/2W/5V or 10R/1W/3V
Change Component Comment : Designator=R508 Old Comment=DNP/10k New Comment=20R/2W/5V or 10R/1W/3V
Change Component Comment : Designator=R509 Old Comment=DNP/10k New Comment=20R/2W/5V or 10R/1W/3V
Added Component: Designator=R90(RES_C_6331X65_N)
Added Component: Designator=R92(RES_C_6331X65_N)
Added Component: Designator=R284(RES_C_6331X65_N)
Added Component: Designator=R334(RES_C_6331X65_N)
Added Component: Designator=R544(RES_C_6331X65_N)
Added Component: Designator=R545(RES_C_6331X65_N)
Added Component: Designator=R546(RES_C_6331X65_N)
Added Component: Designator=R547(RES_C_6331X65_N)
Added Component: Designator=R548(RES_C_6331X65_N)
Added Component: Designator=R549(RES_C_6331X65_N)
Add Component: Footprint Not Found RES_C_0201
Add Component: Footprint Not Found RES_C_0201
Added Component: Designator=R552(RES_C_1005X40)
Added Component: Designator=R553(RES_C_1005X40)
Added Component: Designator=U54(SOIC127P600X175-8N)
Add component (AddParameter): Name = "Check_prices"; Value = "https://www.snapeda.com/parts/MAX3488ESA+T/Analog+Devices/view-part/?ref=eda"; VariantName = "[No Variations]"
Add component (AddParameter): Name = "MF"; Value = "Analog Devices Inc./Maxim Integrated"; VariantName = "[No Variations]"
Add component (AddParameter): Name = "MP"; Value = "MAX3488ESA+T"; VariantName = "[No Variations]"
Add component (AddParameter): Name = "Package"; Value = "SOIC-8 Maxim"; VariantName = "[No Variations]"
Add component (AddParameter): Name = "SnapEDA_Link"; Value = "https://www.snapeda.com/parts/MAX3488ESA+T/Analog+Devices/view-part/?ref=snap"; VariantName = "[No Variations]"
Add component (AddParameter): Name = "Value"; Value = ""; VariantName = "[No Variations]"
Added Pin To Net: NetName=NetC323_1 Pin=C301-2
Added Pin To Net: NetName=NetC323_1 Pin=C302-2
Added Pin To Net: NetName=NetC323_1 Pin=C303-2
Added Pin To Net: NetName=NetC323_1 Pin=C304-2
Added Pin To Net: NetName=NetC323_1 Pin=C305-2
Added Pin To Net: NetName=NetC323_1 Pin=C306-2
Added Pin To Net: NetName=NetC323_1 Pin=C307-2
Added Pin To Net: NetName=NetC323_1 Pin=C308-2
Added Pin To Net: NetName=NetC323_1 Pin=C309-2
Added Pin To Net: NetName=NetC323_1 Pin=C310-2
Added Pin To Net: NetName=NetC323_1 Pin=C311-2
Added Pin To Net: NetName=NetC323_1 Pin=C312-2
Added Pin To Net: NetName=NetC323_1 Pin=C313-2
Added Pin To Net: NetName=NetC323_1 Pin=C314-2
Added Pin To Net: NetName=NetC323_1 Pin=C315-2
Added Pin To Net: NetName=NetC323_1 Pin=C316-2
Added Pin To Net: NetName=NetC323_1 Pin=C317-2
Added Pin To Net: NetName=NetC323_1 Pin=C318-2
Added Pin To Net: NetName=NetC323_1 Pin=C319-2
Added Pin To Net: NetName=NetC323_1 Pin=C320-2
Added Pin To Net: NetName=NetC323_1 Pin=C322-1
Added Pin To Net: NetName=NetC323_1 Pin=C329-1
Added Pin To Net: NetName=NetC323_1 Pin=C333-1
Add Pin To Net: Unknown Pin: Pin J34-1
Add Pin To Net: Unknown Pin: Pin J34-6
Add Pin To Net: Unknown Pin: Pin J34-M1
Add Pin To Net: Unknown Pin: Pin J34-M2
Added Pin To Net: NetName=SOLENOID_A_1 Pin=R90-1
Added Pin To Net: NetName=SOLENOID_A_2 Pin=R92-1
Added Pin To Net: NetName=SOLENOID_A_3 Pin=R284-1
Added Pin To Net: NetName=SOLENOID_A_4 Pin=R334-1
Added Pin To Net: NetName=NetC323_1 Pin=R354-2
Added Pin To Net: NetName=NetC323_1 Pin=R354-2
Added Pin To Net: NetName=SOLENOID_A_5 Pin=R488-1
Added Pin To Net: NetName=SOLENOID_A_6 Pin=R505-1
Added Pin To Net: NetName=SOLENOID_A_7 Pin=R506-1
Added Pin To Net: NetName=SOLENOID_A_8 Pin=R507-1
Added Pin To Net: NetName=SOLENOID_A_9 Pin=R508-1
Added Pin To Net: NetName=SOLENOID_A_10 Pin=R509-1
Added Pin To Net: NetName=5V_SOM Pin=R533-1
Added Pin To Net: NetName=NetC323_1 Pin=R540-1
Added Pin To Net: NetName=NetC323_1 Pin=R542-1
Added Pin To Net: NetName=SOLENOID_A_11 Pin=R544-1
Added Pin To Net: NetName=SOLENOID_A_12 Pin=R545-1
Added Pin To Net: NetName=SOLENOID_A_13 Pin=R546-1
Added Pin To Net: NetName=SOLENOID_A_14 Pin=R547-1
Added Pin To Net: NetName=SOLENOID_A_15 Pin=R548-1
Added Pin To Net: NetName=SOLENOID_A_16 Pin=R549-1
Add Pin To Net: Unknown Pin: Pin R550-1
Add Pin To Net: Unknown Pin: Pin R550-2
Add Pin To Net: Unknown Pin: Pin R551-1
Add Pin To Net: Unknown Pin: Pin R551-2
Added Pin To Net: NetName=NetC323_1 Pin=TP16-0
Added Pin To Net: NetName=NetC323_1 Pin=U29-N6
Added Pin To Net: NetName=NetR286_2 Pin=U51-24
Added Pin To Net: NetName=NetC323_1 Pin=U53-A1
Added Pin To Net: NetName=NetC323_1 Pin=U53-A8
Added Pin To Net: NetName=NetC323_1 Pin=U53-B2
Added Pin To Net: NetName=NetC323_1 Pin=U53-C1
Added Pin To Net: NetName=NetC323_1 Pin=U53-C9
Added Pin To Net: NetName=NetC323_1 Pin=U53-D2
Added Pin To Net: NetName=NetC323_1 Pin=U53-D9
Added Pin To Net: NetName=NetC323_1 Pin=U53-E9
Added Pin To Net: NetName=NetC323_1 Pin=U53-F1
Added Pin To Net: NetName=NetC323_1 Pin=U53-G7
Added Pin To Net: NetName=NetC323_1 Pin=U53-H2
Added Pin To Net: NetName=NetC323_1 Pin=U53-H9
Added Pin To Net: NetName=NetC323_1 Pin=U53-K2
Added Pin To Net: NetName=NetC323_1 Pin=U53-K8
Added Pin To Net: NetName=NetC323_1 Pin=U53-N1
Added Pin To Net: NetName=NetC323_1 Pin=U53-N9
Added Pin To Net: NetName=NetC323_1 Pin=U53-R1
Added Pin To Net: NetName=NetC323_1 Pin=U53-R9
Added Pin To Net: NetName=VDD_3V3 Pin=U54-1
Added Pin To Net: NetName=GND Pin=U54-4
Change Net Name : Old Net Name=5/12V_Solenoid New Net Name=3V/5V_Solenoid
Change Net Name : Old Net Name=eFUSE_ILIM_5/12V_Solenoid New Net Name=eFUSE_ILIM_3/5V_Solenoid
Change Net Name : Old Net Name=NetC323_1 New Net Name=VDDIODDR
Added Pin To Net: NetName=3V_SOL Pin=JP7-1
Added Net: Name=3V_SOL
Added Pin To Net: NetName=NetDZ1_1 Pin=DZ1-1
Added Pin To Net: NetName=NetDZ1_1 Pin=Q11-3
Added Pin To Net: NetName=NetDZ1_1 Pin=R90-2
Added Net: Name=NetDZ1_1
Added Pin To Net: NetName=NetDZ2_1 Pin=DZ2-1
Added Pin To Net: NetName=NetDZ2_1 Pin=Q12-3
Added Pin To Net: NetName=NetDZ2_1 Pin=R92-2
Added Net: Name=NetDZ2_1
Added Pin To Net: NetName=NetDZ3_1 Pin=DZ3-1
Added Pin To Net: NetName=NetDZ3_1 Pin=Q13-3
Added Pin To Net: NetName=NetDZ3_1 Pin=R284-2
Added Net: Name=NetDZ3_1
Added Pin To Net: NetName=NetDZ4_1 Pin=DZ4-1
Added Pin To Net: NetName=NetDZ4_1 Pin=Q14-3
Added Pin To Net: NetName=NetDZ4_1 Pin=R334-2
Added Net: Name=NetDZ4_1
Added Pin To Net: NetName=NetDZ5_1 Pin=DZ5-1
Added Pin To Net: NetName=NetDZ5_1 Pin=Q15-3
Added Pin To Net: NetName=NetDZ5_1 Pin=R488-2
Added Net: Name=NetDZ5_1
Added Pin To Net: NetName=NetDZ6_1 Pin=DZ6-1
Added Pin To Net: NetName=NetDZ6_1 Pin=Q16-3
Added Pin To Net: NetName=NetDZ6_1 Pin=R505-2
Added Net: Name=NetDZ6_1
Added Pin To Net: NetName=NetDZ7_1 Pin=DZ7-1
Added Pin To Net: NetName=NetDZ7_1 Pin=Q17-3
Added Pin To Net: NetName=NetDZ7_1 Pin=R506-2
Added Net: Name=NetDZ7_1
Added Pin To Net: NetName=NetDZ8_1 Pin=DZ8-1
Added Pin To Net: NetName=NetDZ8_1 Pin=Q18-3
Added Pin To Net: NetName=NetDZ8_1 Pin=R507-2
Added Net: Name=NetDZ8_1
Added Pin To Net: NetName=NetDZ9_1 Pin=DZ9-1
Added Pin To Net: NetName=NetDZ9_1 Pin=Q19-3
Added Pin To Net: NetName=NetDZ9_1 Pin=R508-2
Added Net: Name=NetDZ9_1
Added Pin To Net: NetName=NetDZ10_1 Pin=DZ10-1
Added Pin To Net: NetName=NetDZ10_1 Pin=Q20-3
Added Pin To Net: NetName=NetDZ10_1 Pin=R509-2
Added Net: Name=NetDZ10_1
Added Pin To Net: NetName=NetDZ11_1 Pin=DZ11-1
Added Pin To Net: NetName=NetDZ11_1 Pin=Q21-3
Added Pin To Net: NetName=NetDZ11_1 Pin=R544-2
Added Net: Name=NetDZ11_1
Added Pin To Net: NetName=NetDZ12_1 Pin=DZ12-1
Added Pin To Net: NetName=NetDZ12_1 Pin=Q22-3
Added Pin To Net: NetName=NetDZ12_1 Pin=R545-2
Added Net: Name=NetDZ12_1
Added Pin To Net: NetName=NetDZ13_1 Pin=DZ13-1
Added Pin To Net: NetName=NetDZ13_1 Pin=Q23-3
Added Pin To Net: NetName=NetDZ13_1 Pin=R546-2
Added Net: Name=NetDZ13_1
Added Pin To Net: NetName=NetDZ14_1 Pin=DZ14-1
Added Pin To Net: NetName=NetDZ14_1 Pin=Q24-3
Added Pin To Net: NetName=NetDZ14_1 Pin=R547-2
Added Net: Name=NetDZ14_1
Added Pin To Net: NetName=NetDZ15_1 Pin=DZ15-1
Added Pin To Net: NetName=NetDZ15_1 Pin=Q25-3
Added Pin To Net: NetName=NetDZ15_1 Pin=R548-2
Added Net: Name=NetDZ15_1
Added Pin To Net: NetName=NetDZ16_1 Pin=DZ16-1
Added Pin To Net: NetName=NetDZ16_1 Pin=Q26-3
Added Pin To Net: NetName=NetDZ16_1 Pin=R549-2
Added Net: Name=NetDZ16_1
Added Pin To Net: NetName=RS422_A Pin=R552-1
Added Pin To Net: NetName=RS422_A Pin=U54-8
Added Net: Name=RS422_A
Added Pin To Net: NetName=RS422_B Pin=R552-2
Added Pin To Net: NetName=RS422_B Pin=U54-7
Added Net: Name=RS422_B
Added Pin To Net: NetName=RS422_Y Pin=R553-1
Added Pin To Net: NetName=RS422_Y Pin=U54-5
Added Net: Name=RS422_Y
Added Pin To Net: NetName=RS422_Z Pin=R553-2
Added Pin To Net: NetName=RS422_Z Pin=U54-6
Added Net: Name=RS422_Z
Added Pin To Net: NetName=SOM_RX_RS422 Pin=R527-1
Added Pin To Net: NetName=SOM_RX_RS422 Pin=U54-2
Added Net: Name=SOM_RX_RS422
Added Pin To Net: NetName=SOM_TX_RS422 Pin=R525-1
Added Pin To Net: NetName=SOM_TX_RS422 Pin=U54-3
Added Net: Name=SOM_TX_RS422
Add Class Member: Failed to add class member : Component J34 HEADER 8x1
Added Member To Class: ClassName=11_MCU Member=Component R18 22R
Added Member To Class: ClassName=11_MCU Member=Component R25 22R
Added Member To Class: ClassName=11_MCU Member=Component R26 22R
Added Member To Class: ClassName=19_SOLEDNOID_2 Member=Component R90 20R/2W/5V or 10R/1W/3V
Added Member To Class: ClassName=19_SOLEDNOID_2 Member=Component R92 20R/2W/5V or 10R/1W/3V
Added Member To Class: ClassName=19_SOLEDNOID_2 Member=Component R284 20R/2W/5V or 10R/1W/3V
Added Member To Class: ClassName=19_SOLEDNOID_2 Member=Component R334 20R/2W/5V or 10R/1W/3V
Added Member To Class: ClassName=19_SOLEDNOID_2 Member=Component R488 20R/2W/5V or 10R/1W/3V
Added Member To Class: ClassName=19_SOLEDNOID_2 Member=Component R505 20R/2W/5V or 10R/1W/3V
Added Member To Class: ClassName=19_SOLEDNOID_2 Member=Component R506 20R/2W/5V or 10R/1W/3V
Added Member To Class: ClassName=19_SOLEDNOID_2 Member=Component R507 20R/2W/5V or 10R/1W/3V
Added Member To Class: ClassName=19_SOLEDNOID_2 Member=Component R508 20R/2W/5V or 10R/1W/3V
Added Member To Class: ClassName=19_SOLEDNOID_2 Member=Component R509 20R/2W/5V or 10R/1W/3V
Added Member To Class: ClassName=19_SOLEDNOID_2 Member=Component R544 20R/2W/5V or 10R/1W/3V
Added Member To Class: ClassName=19_SOLEDNOID_2 Member=Component R545 20R/2W/5V or 10R/1W/3V
Added Member To Class: ClassName=19_SOLEDNOID_2 Member=Component R546 20R/2W/5V or 10R/1W/3V
Added Member To Class: ClassName=19_SOLEDNOID_2 Member=Component R547 20R/2W/5V or 10R/1W/3V
Added Member To Class: ClassName=19_SOLEDNOID_2 Member=Component R548 20R/2W/5V or 10R/1W/3V
Added Member To Class: ClassName=19_SOLEDNOID_2 Member=Component R549 20R/2W/5V or 10R/1W/3V
Add Class Member: Failed to add class member : Component R550 DNP/10k
Add Class Member: Failed to add class member : Component R551 DNP/10k
Added Member To Class: ClassName=05_CONNECTOR_IN Member=Component R552 22R
Added Member To Class: ClassName=05_CONNECTOR_IN Member=Component R553 22R
Added Member To Class: ClassName=05_CONNECTOR_IN Member=Component U54 MAX3488ESA+T
