Removed Pin From Net: NetName=GND Pin=C93-1
Removed Pin From Net: NetName=3.3V_MCU Pin=C93-2
Removed Pin From Net: NetName=GND Pin=C94-1
Removed Pin From Net: NetName=GND Pin=C95-1
Removed Pin From Net: NetName=ADC_TEMP5 Pin=C95-2
Removed Pin From Net: NetName=GND Pin=C97-1
Removed Pin From Net: NetName=3.3V_MCU Pin=C97-2
Removed Pin From Net: NetName=GND Pin=C100-1
Removed Pin From Net: NetName=GND Pin=C101-1
Removed Pin From Net: NetName=ADC_TEMP6 Pin=C101-2
Removed Pin From Net: NetName=GND Pin=C102-1
Removed Pin From Net: NetName=3.3V_MCU Pin=C102-2
Removed Pin From Net: NetName=GND Pin=C103-1
Removed Pin From Net: NetName=GND Pin=C104-1
Removed Pin From Net: NetName=ADC_TEMP3 Pin=C104-2
Removed Pin From Net: NetName=GND Pin=C105-1
Removed Pin From Net: NetName=3.3V_MCU Pin=C105-2
Removed Pin From Net: NetName=GND Pin=C106-1
Removed Pin From Net: NetName=GND Pin=C107-1
Removed Pin From Net: NetName=ADC_TEMP7 Pin=C107-2
Removed Pin From Net: NetName=GND Pin=C108-1
Removed Pin From Net: NetName=3.3V_MCU Pin=C108-2
Removed Pin From Net: NetName=GND Pin=C109-1
Removed Pin From Net: NetName=3.3V_MCU Pin=C109-2
Removed Pin From Net: NetName=GND Pin=C110-1
Removed Pin From Net: NetName=GND Pin=C111-1
Removed Pin From Net: NetName=ADC_TEMP4 Pin=C111-2
Removed Pin From Net: NetName=GND Pin=C112-1
Removed Pin From Net: NetName=GND Pin=C113-1
Removed Pin From Net: NetName=ADC_TEMP8 Pin=C113-2
Removed Pin From Net: NetName=ADC_TEMP5 Pin=R144-2
Removed Pin From Net: NetName=NTC5- Pin=R146-1
Removed Pin From Net: NetName=GND Pin=R148-1
Removed Pin From Net: NetName=NTC5- Pin=R148-2
Removed Pin From Net: NetName=ADC_TEMP6 Pin=R150-2
Removed Pin From Net: NetName=NTC6- Pin=R152-1
Removed Pin From Net: NetName=GND Pin=R154-1
Removed Pin From Net: NetName=NTC6- Pin=R154-2
Removed Pin From Net: NetName=ADC_TEMP3 Pin=R155-2
Removed Pin From Net: NetName=ADC_TEMP7 Pin=R156-2
Removed Pin From Net: NetName=NTC3- Pin=R157-1
Removed Pin From Net: NetName=NTC7- Pin=R158-1
Removed Pin From Net: NetName=GND Pin=R159-1
Removed Pin From Net: NetName=NTC3- Pin=R159-2
Removed Pin From Net: NetName=GND Pin=R160-1
Removed Pin From Net: NetName=NTC7- Pin=R160-2
Removed Pin From Net: NetName=ADC_TEMP4 Pin=R161-2
Removed Pin From Net: NetName=ADC_TEMP8 Pin=R162-2
Removed Pin From Net: NetName=NTC4- Pin=R163-1
Removed Pin From Net: NetName=NTC8- Pin=R164-1
Removed Pin From Net: NetName=GND Pin=R165-1
Removed Pin From Net: NetName=NTC4- Pin=R165-2
Removed Pin From Net: NetName=GND Pin=R166-1
Removed Pin From Net: NetName=NTC8- Pin=R166-2
Removed Pin From Net: NetName=GND Pin=U12-4
Removed Pin From Net: NetName=3.3V_MCU Pin=U12-8
Removed Pin From Net: NetName=GND Pin=U13-4
Removed Pin From Net: NetName=3.3V_MCU Pin=U13-8
Removed Pin From Net: NetName=GND Pin=U14-4
Removed Pin From Net: NetName=3.3V_MCU Pin=U14-8
Removed Member From Class: ClassName=07_USB Member=C37
Removed Member From Class: ClassName=07_USB Member=C38
Removed Member From Class: ClassName=12_TEC Member=C41
Removed Member From Class: ClassName=12_TEC Member=C42
Removed Member From Class: ClassName=11_HEATER Member=C86
Removed Member From Class: ClassName=11_HEATER Member=C87
Removed Member From Class: ClassName=10_NTC_TEMPSENSOR Member=C88
Removed Member From Class: ClassName=10_NTC_TEMPSENSOR Member=C89
Removed Member From Class: ClassName=10_NTC_TEMPSENSOR Member=C93
Removed Member From Class: ClassName=10_NTC_TEMPSENSOR Member=C94
Removed Member From Class: ClassName=10_NTC_TEMPSENSOR Member=C95
Removed Member From Class: ClassName=10_NTC_TEMPSENSOR Member=C97
Removed Member From Class: ClassName=10_NTC_TEMPSENSOR Member=C100
Removed Member From Class: ClassName=10_NTC_TEMPSENSOR Member=C101
Removed Member From Class: ClassName=10_NTC_TEMPSENSOR Member=C102
Removed Member From Class: ClassName=10_NTC_TEMPSENSOR Member=C103
Removed Member From Class: ClassName=10_NTC_TEMPSENSOR Member=C105
Removed Member From Class: ClassName=10_NTC_TEMPSENSOR Member=C106
Removed Member From Class: ClassName=10_NTC_TEMPSENSOR Member=C107
Removed Member From Class: ClassName=10_NTC_TEMPSENSOR Member=C108
Removed Member From Class: ClassName=10_NTC_TEMPSENSOR Member=C109
Removed Member From Class: ClassName=10_NTC_TEMPSENSOR Member=C110
Removed Member From Class: ClassName=10_NTC_TEMPSENSOR Member=C111
Removed Member From Class: ClassName=10_NTC_TEMPSENSOR Member=C112
Removed Member From Class: ClassName=14_HD4_PUMP Member=C113
Removed Member From Class: ClassName=14_HD4_PUMP Member=C114
Removed Member From Class: ClassName=13_FLOW_Sensor Member=C117
Removed Member From Class: ClassName=13_FLOW_Sensor Member=C118
Removed Member From Class: ClassName=06_SOM_USB_CARD Member=C122
Removed Member From Class: ClassName=06_SOM_USB_CARD Member=C123
Removed Member From Class: ClassName=07_eMMC Member=C126
Removed Member From Class: ClassName=07_eMMC Member=C127
Removed Member From Class: ClassName=CONSOLE Member=C138
Removed Member From Class: ClassName=CONSOLE Member=C139
Removed Member From Class: ClassName=05_POWER_2 Member=C140
Removed Member From Class: ClassName=05_POWER_2 Member=C141
Removed Member From Class: ClassName=06_SOM Member=C148
Removed Member From Class: ClassName=06_SOM Member=C149
Removed Member From Class: ClassName=09_MRAM_RTC_WDT Member=C150
Removed Member From Class: ClassName=09_MRAM_RTC_WDT Member=C151
Removed Member From Class: ClassName=POWER_3 Member=C154
Removed Member From Class: ClassName=POWER_3 Member=C155
Removed Member From Class: ClassName=POWER_4 Member=C163
Removed Member From Class: ClassName=POWER_4 Member=C164
Removed Member From Class: ClassName=POWER_4 Member=C165
Removed Member From Class: ClassName=10_NTC_TEMPSENSOR Member=R144
Removed Member From Class: ClassName=10_NTC_TEMPSENSOR Member=R146
Removed Member From Class: ClassName=10_NTC_TEMPSENSOR Member=R148
Removed Member From Class: ClassName=10_NTC_TEMPSENSOR Member=R150
Removed Member From Class: ClassName=10_NTC_TEMPSENSOR Member=R152
Removed Member From Class: ClassName=10_NTC_TEMPSENSOR Member=R154
Removed Member From Class: ClassName=10_NTC_TEMPSENSOR Member=R155
Removed Member From Class: ClassName=10_NTC_TEMPSENSOR Member=R156
Removed Member From Class: ClassName=10_NTC_TEMPSENSOR Member=R157
Removed Member From Class: ClassName=10_NTC_TEMPSENSOR Member=R158
Removed Member From Class: ClassName=10_NTC_TEMPSENSOR Member=R159
Removed Member From Class: ClassName=10_NTC_TEMPSENSOR Member=R160
Removed Member From Class: ClassName=10_NTC_TEMPSENSOR Member=R161
Removed Member From Class: ClassName=10_NTC_TEMPSENSOR Member=R162
Removed Member From Class: ClassName=10_NTC_TEMPSENSOR Member=R163
Removed Member From Class: ClassName=10_NTC_TEMPSENSOR Member=R164
Removed Member From Class: ClassName=10_NTC_TEMPSENSOR Member=R165
Removed Member From Class: ClassName=10_NTC_TEMPSENSOR Member=R166
Removed Member From Class: ClassName=10_NTC_TEMPSENSOR Member=U12
Removed Member From Class: ClassName=10_NTC_TEMPSENSOR Member=U13
Removed Member From Class: ClassName=10_NTC_TEMPSENSOR Member=U14
Added Component: Designator=C?(CAP_C_1005X60)
Added Component: Designator=C?(CAP_C_1005X60)
Added Component: Designator=C?(CAP_C_1005X60)
Added Component: Designator=C?(CAP_C_1005X60)
Added Component: Designator=C?(CAP_C_1005X60)
Added Component: Designator=C?(CAP_C_1005X60)
Added Component: Designator=C?(CAP_C_1005X60)
Added Component: Designator=C?(CAP_C_1005X60)
Added Component: Designator=C?(CAP_C_1005X60)
Added Component: Designator=C?(CAP_C_1005X60)
Added Component: Designator=C?(CAP_C_1005X60)
Added Component: Designator=C?(CAP_C_1005X60)
Added Component: Designator=C?(CAP_C_1005X60)
Added Component: Designator=C?(CAP_C_1005X60)
Added Component: Designator=C?(CAP_C_1005X60)
Added Component: Designator=C?(CAP_C_1005X60)
Added Component: Designator=C?(CAP_C_1005X60)
Added Component: Designator=C?(CAP_C_1005X60)
Added Component: Designator=J?(MOLEX_5040500891)
Added Component: Designator=R?(RES_C_1005X40)
Added Component: Designator=R?(RES_C_1005X40)
Added Component: Designator=R?(RES_C_1005X40)
Added Component: Designator=R?(RES_C_1005X40)
Added Component: Designator=R?(RES_C_1005X40)
Added Component: Designator=R?(RES_C_1005X40)
Added Component: Designator=R?(RES_C_1005X40)
Added Component: Designator=R?(RES_C_1005X40)
Added Component: Designator=R?(RES_C_1005X40)
Added Component: Designator=R?(RES_C_1005X40)
Added Component: Designator=R?(RES_C_1005X40)
Added Component: Designator=R?(RES_C_1005X40)
Added Component: Designator=R?(RES_C_1005X40)
Added Component: Designator=R?(RES_C_1005X40)
Added Component: Designator=R?(RES_C_1005X40)
Added Component: Designator=R?(RES_C_1005X40)
Added Component: Designator=R?(RES_C_1005X40)
Added Component: Designator=R?(RES_C_1005X40)
Add Component: Footprint Not Found AP6-00118
Added Component: Designator=U?(SOIC127P602X173-8N)
Added Component: Designator=U?(SOIC127P602X173-8N)
Added Component: Designator=U?(SOIC127P602X173-8N)
Added Component: Designator=U?(SOIC127P602X173-8N)
Added Component: Designator=U?(SOIC127P602X173-8N)
Added Component: Designator=U?(SOIC127P602X173-8N)
Add Component: Footprint Not Found AP7-00044
Add Component: Footprint Not Found AP7-00039
Added Pin To Net: NetName=EXP_12V Pin=C88-2
Added Pin To Net: NetName=EXP_12V Pin=C89-2
Added Pin To Net: NetName=GND Pin=C?-1
Added Pin To Net: NetName=GND Pin=C?-1
Added Pin To Net: NetName=GND Pin=C?-1
Added Pin To Net: NetName=GND Pin=C?-1
Added Pin To Net: NetName=GND Pin=C?-1
Added Pin To Net: NetName=GND Pin=C?-1
Added Pin To Net: NetName=GND Pin=C?-1
Added Pin To Net: NetName=GND Pin=C?-1
Added Pin To Net: NetName=GND Pin=C?-1
Added Pin To Net: NetName=GND Pin=C?-1
Added Pin To Net: NetName=GND Pin=C?-1
Added Pin To Net: NetName=GND Pin=C?-1
Added Pin To Net: NetName=GND Pin=C?-1
Added Pin To Net: NetName=GND Pin=C?-1
Added Pin To Net: NetName=GND Pin=C?-1
Added Pin To Net: NetName=GND Pin=C?-1
Added Pin To Net: NetName=GND Pin=C?-1
Added Pin To Net: NetName=GND Pin=C?-1
Added Pin To Net: NetName=3.3V_MCU Pin=C?-2
Added Pin To Net: NetName=3.3V_MCU Pin=C?-2
Added Pin To Net: NetName=3.3V_MCU Pin=C?-2
Added Pin To Net: NetName=3.3V_MCU Pin=C?-2
Added Pin To Net: NetName=3.3V_MCU Pin=C?-2
Added Pin To Net: NetName=3.3V_MCU Pin=C?-2
Added Pin To Net: NetName=ADC_TEMP3 Pin=C?-2
Added Pin To Net: NetName=ADC_TEMP4 Pin=C?-2
Added Pin To Net: NetName=ADC_TEMP5 Pin=C?-2
Added Pin To Net: NetName=ADC_TEMP6 Pin=C?-2
Added Pin To Net: NetName=ADC_TEMP7 Pin=C?-2
Added Pin To Net: NetName=ADC_TEMP8 Pin=C?-2
Added Pin To Net: NetName=EXP_12V Pin=D5-1
Added Pin To Net: NetName=EXP_12V Pin=D6-1
Added Pin To Net: NetName=EXP_12V Pin=D7-1
Added Pin To Net: NetName=EXP_12V Pin=D8-1
Added Pin To Net: NetName=EXP_12V Pin=D9-1
Added Pin To Net: NetName=EXP_12V Pin=D10-1
Added Pin To Net: NetName=EXP_12V Pin=D11-1
Added Pin To Net: NetName=EXP_12V Pin=D12-1
Add Pin To Net: Unknown Pin: Pin J3-2
Add Pin To Net: Unknown Pin: Pin J3-3
Add Pin To Net: Unknown Pin: Pin J3-4
Add Pin To Net: Unknown Pin: Pin J3-5
Add Pin To Net: Unknown Pin: Pin J3-6
Add Pin To Net: Unknown Pin: Pin J3-8
Added Pin To Net: NetName=EXP_12V Pin=J7-1
Added Pin To Net: NetName=EXP_12V Pin=J7-3
Added Pin To Net: NetName=EXP_12V Pin=J7-5
Added Pin To Net: NetName=EXP_12V Pin=J7-7
Add Pin To Net: Unknown Pin: Pin J23-1
Add Pin To Net: Unknown Pin: Pin J23-2
Add Pin To Net: Unknown Pin: Pin J23-3
Add Pin To Net: Unknown Pin: Pin J23-4
Add Pin To Net: Unknown Pin: Pin J23-5
Add Pin To Net: Unknown Pin: Pin J23-6
Add Pin To Net: Unknown Pin: Pin J23-7
Add Pin To Net: Unknown Pin: Pin J23-8
Add Pin To Net: Unknown Pin: Pin J23-9
Add Pin To Net: Unknown Pin: Pin J23-10
Add Pin To Net: Unknown Pin: Pin J23-11
Add Pin To Net: Unknown Pin: Pin J23-M1
Add Pin To Net: Unknown Pin: Pin J23-M2
Add Pin To Net: Unknown Pin: Pin J24-2
Add Pin To Net: Unknown Pin: Pin J24-3
Add Pin To Net: Unknown Pin: Pin J24-4
Add Pin To Net: Unknown Pin: Pin J24-5
Add Pin To Net: Unknown Pin: Pin J24-6
Add Pin To Net: Unknown Pin: Pin J24-7
Add Pin To Net: Unknown Pin: Pin J24-8
Added Pin To Net: NetName=EXP_12V Pin=J?-1
Added Pin To Net: NetName=HEATER_B_5 Pin=J?-2
Added Pin To Net: NetName=EXP_12V Pin=J?-3
Added Pin To Net: NetName=HEATER_B_6 Pin=J?-4
Added Pin To Net: NetName=EXP_12V Pin=J?-5
Added Pin To Net: NetName=HEATER_B_7 Pin=J?-6
Added Pin To Net: NetName=EXP_12V Pin=J?-7
Added Pin To Net: NetName=HEATER_B_8 Pin=J?-8
Added Pin To Net: NetName=GND Pin=J?-M1
Added Pin To Net: NetName=GND Pin=J?-M2
Added Pin To Net: NetName=GND Pin=R?-1
Added Pin To Net: NetName=GND Pin=R?-1
Added Pin To Net: NetName=GND Pin=R?-1
Added Pin To Net: NetName=GND Pin=R?-1
Added Pin To Net: NetName=GND Pin=R?-1
Added Pin To Net: NetName=GND Pin=R?-1
Added Pin To Net: NetName=NTC3- Pin=R?-1
Added Pin To Net: NetName=NTC4- Pin=R?-1
Added Pin To Net: NetName=NTC5- Pin=R?-1
Added Pin To Net: NetName=NTC6- Pin=R?-1
Added Pin To Net: NetName=NTC7- Pin=R?-1
Added Pin To Net: NetName=NTC8- Pin=R?-1
Added Pin To Net: NetName=ADC_TEMP3 Pin=R?-2
Added Pin To Net: NetName=ADC_TEMP4 Pin=R?-2
Added Pin To Net: NetName=ADC_TEMP5 Pin=R?-2
Added Pin To Net: NetName=ADC_TEMP6 Pin=R?-2
Added Pin To Net: NetName=ADC_TEMP7 Pin=R?-2
Added Pin To Net: NetName=ADC_TEMP8 Pin=R?-2
Added Pin To Net: NetName=NTC3- Pin=R?-2
Added Pin To Net: NetName=NTC4- Pin=R?-2
Added Pin To Net: NetName=NTC5- Pin=R?-2
Added Pin To Net: NetName=NTC6- Pin=R?-2
Added Pin To Net: NetName=NTC7- Pin=R?-2
Added Pin To Net: NetName=NTC8- Pin=R?-2
Add Pin To Net: Unknown Pin: Pin U3-1
Add Pin To Net: Unknown Pin: Pin U3-3
Add Pin To Net: Unknown Pin: Pin U3-4
Add Pin To Net: Unknown Pin: Pin U3-5
Add Pin To Net: Unknown Pin: Pin U3-6
Add Pin To Net: Unknown Pin: Pin U3-7
Add Pin To Net: Unknown Pin: Pin U3-8
Add Pin To Net: Unknown Pin: Pin U3-9
Add Pin To Net: Unknown Pin: Pin U3-10
Add Pin To Net: Unknown Pin: Pin U3-11
Add Pin To Net: Unknown Pin: Pin U3-12
Add Pin To Net: Unknown Pin: Pin U3-13
Add Pin To Net: Unknown Pin: Pin U3-14
Add Pin To Net: Unknown Pin: Pin U3-15
Add Pin To Net: Unknown Pin: Pin U3-16
Add Pin To Net: Unknown Pin: Pin U3-17
Add Pin To Net: Unknown Pin: Pin U3-18
Add Pin To Net: Unknown Pin: Pin U3-19
Add Pin To Net: Unknown Pin: Pin U3-20
Add Pin To Net: Unknown Pin: Pin U3-21
Add Pin To Net: Unknown Pin: Pin U3-22
Add Pin To Net: Unknown Pin: Pin U3-23
Add Pin To Net: Unknown Pin: Pin U3-24
Add Pin To Net: Unknown Pin: Pin U3-26
Add Pin To Net: Unknown Pin: Pin U3-27
Add Pin To Net: Unknown Pin: Pin U3-28
Add Pin To Net: Unknown Pin: Pin U3-29
Add Pin To Net: Unknown Pin: Pin U3-30
Add Pin To Net: Unknown Pin: Pin U3-31
Add Pin To Net: Unknown Pin: Pin U3-32
Add Pin To Net: Unknown Pin: Pin U3-33
Add Pin To Net: Unknown Pin: Pin U3-35
Add Pin To Net: Unknown Pin: Pin U3-36
Add Pin To Net: Unknown Pin: Pin U3-38
Add Pin To Net: Unknown Pin: Pin U3-39
Add Pin To Net: Unknown Pin: Pin U3-40
Add Pin To Net: Unknown Pin: Pin U3-41
Add Pin To Net: Unknown Pin: Pin U3-43
Add Pin To Net: Unknown Pin: Pin U3-44
Add Pin To Net: Unknown Pin: Pin U3-47
Add Pin To Net: Unknown Pin: Pin U3-48
Add Pin To Net: Unknown Pin: Pin U3-50
Add Pin To Net: Unknown Pin: Pin U3-54
Add Pin To Net: Unknown Pin: Pin U3-58
Add Pin To Net: Unknown Pin: Pin U3-61
Add Pin To Net: Unknown Pin: Pin U3-72
Add Pin To Net: Unknown Pin: Pin U3-73
Add Pin To Net: Unknown Pin: Pin U3-75
Add Pin To Net: Unknown Pin: Pin U3-76
Add Pin To Net: Unknown Pin: Pin U3-77
Add Pin To Net: Unknown Pin: Pin U3-79
Add Pin To Net: Unknown Pin: Pin U3-80
Add Pin To Net: Unknown Pin: Pin U3-81
Add Pin To Net: Unknown Pin: Pin U3-82
Add Pin To Net: Unknown Pin: Pin U3-83
Add Pin To Net: Unknown Pin: Pin U3-85
Add Pin To Net: Unknown Pin: Pin U3-86
Add Pin To Net: Unknown Pin: Pin U3-89
Add Pin To Net: Unknown Pin: Pin U3-91
Add Pin To Net: Unknown Pin: Pin U3-93
Add Pin To Net: Unknown Pin: Pin U3-95
Add Pin To Net: Unknown Pin: Pin U3-96
Add Pin To Net: Unknown Pin: Pin U3-98
Add Pin To Net: Unknown Pin: Pin U3-99
Add Pin To Net: Unknown Pin: Pin U3-101
Add Pin To Net: Unknown Pin: Pin U3-102
Add Pin To Net: Unknown Pin: Pin U3-103
Add Pin To Net: Unknown Pin: Pin U3-104
Add Pin To Net: Unknown Pin: Pin U3-105
Add Pin To Net: Unknown Pin: Pin U3-107
Add Pin To Net: Unknown Pin: Pin U3-109
Add Pin To Net: Unknown Pin: Pin U3-110
Add Pin To Net: Unknown Pin: Pin U3-113
Add Pin To Net: Unknown Pin: Pin U3-114
Add Pin To Net: Unknown Pin: Pin U3-115
Add Pin To Net: Unknown Pin: Pin U3-118
Add Pin To Net: Unknown Pin: Pin U3-119
Add Pin To Net: Unknown Pin: Pin U3-121
Add Pin To Net: Unknown Pin: Pin U3-122
Add Pin To Net: Unknown Pin: Pin U3-123
Add Pin To Net: Unknown Pin: Pin U3-124
Add Pin To Net: Unknown Pin: Pin U3-125
Add Pin To Net: Unknown Pin: Pin U3-126
Add Pin To Net: Unknown Pin: Pin U3-127
Add Pin To Net: Unknown Pin: Pin U3-128
Add Pin To Net: Unknown Pin: Pin U3-130
Add Pin To Net: Unknown Pin: Pin U3-131
Add Pin To Net: Unknown Pin: Pin U3-132
Add Pin To Net: Unknown Pin: Pin U3-133
Add Pin To Net: Unknown Pin: Pin U3-134
Add Pin To Net: Unknown Pin: Pin U3-135
Add Pin To Net: Unknown Pin: Pin U3-136
Add Pin To Net: Unknown Pin: Pin U3-137
Add Pin To Net: Unknown Pin: Pin U3-138
Add Pin To Net: Unknown Pin: Pin U3-139
Add Pin To Net: Unknown Pin: Pin U3-140
Add Pin To Net: Unknown Pin: Pin U3-141
Add Pin To Net: Unknown Pin: Pin U3-142
Add Pin To Net: Unknown Pin: Pin U3-143
Add Pin To Net: Unknown Pin: Pin U25-1
Add Pin To Net: Unknown Pin: Pin U25-2
Add Pin To Net: Unknown Pin: Pin U25-3
Add Pin To Net: Unknown Pin: Pin U25-4
Add Pin To Net: Unknown Pin: Pin U25-5
Add Pin To Net: Unknown Pin: Pin U25-6
Add Pin To Net: Unknown Pin: Pin U25-7
Add Pin To Net: Unknown Pin: Pin U25-8
Add Pin To Net: Unknown Pin: Pin U25-9
Add Pin To Net: Unknown Pin: Pin U26-1
Add Pin To Net: Unknown Pin: Pin U26-2
Add Pin To Net: Unknown Pin: Pin U26-3
Add Pin To Net: Unknown Pin: Pin U26-4
Add Pin To Net: Unknown Pin: Pin U26-5
Add Pin To Net: Unknown Pin: Pin U26-6
Add Pin To Net: Unknown Pin: Pin U26-7
Add Pin To Net: Unknown Pin: Pin U26-8
Add Pin To Net: Unknown Pin: Pin U26-9
Add Pin To Net: Unknown Pin: Pin U27-1
Add Pin To Net: Unknown Pin: Pin U27-2
Add Pin To Net: Unknown Pin: Pin U27-3
Add Pin To Net: Unknown Pin: Pin U27-4
Add Pin To Net: Unknown Pin: Pin U27-5
Add Pin To Net: Unknown Pin: Pin U27-6
Add Pin To Net: Unknown Pin: Pin U27-7
Add Pin To Net: Unknown Pin: Pin U27-8
Add Pin To Net: Unknown Pin: Pin U27-9
Add Pin To Net: Unknown Pin: Pin U28-1
Add Pin To Net: Unknown Pin: Pin U28-2
Add Pin To Net: Unknown Pin: Pin U28-3
Add Pin To Net: Unknown Pin: Pin U28-4
Add Pin To Net: Unknown Pin: Pin U28-5
Add Pin To Net: Unknown Pin: Pin U28-6
Add Pin To Net: Unknown Pin: Pin U28-7
Add Pin To Net: Unknown Pin: Pin U28-8
Add Pin To Net: Unknown Pin: Pin U28-9
Added Pin To Net: NetName=GND Pin=U?-4
Added Pin To Net: NetName=GND Pin=U?-4
Added Pin To Net: NetName=GND Pin=U?-4
Added Pin To Net: NetName=GND Pin=U?-4
Added Pin To Net: NetName=GND Pin=U?-4
Added Pin To Net: NetName=GND Pin=U?-4
Added Pin To Net: NetName=3.3V_MCU Pin=U?-8
Added Pin To Net: NetName=3.3V_MCU Pin=U?-8
Added Pin To Net: NetName=3.3V_MCU Pin=U?-8
Added Pin To Net: NetName=3.3V_MCU Pin=U?-8
Added Pin To Net: NetName=3.3V_MCU Pin=U?-8
Added Pin To Net: NetName=3.3V_MCU Pin=U?-8
Add Pin To Net: Unknown Pin: Pin XC1-1
Add Pin To Net: Unknown Pin: Pin XC1-2
Add Pin To Net: Unknown Pin: Pin XC1-3
Add Pin To Net: Unknown Pin: Pin XC2-1
Add Pin To Net: Unknown Pin: Pin XC2-2
Add Pin To Net: Unknown Pin: Pin XC2-3
Add Pin To Net: Unknown Pin: Pin XC2-4
Added Pin To Net: NetName=NetC?_2 Pin=C?-2
Added Pin To Net: NetName=NetC?_2 Pin=R?-2
Added Pin To Net: NetName=NetC?_2 Pin=U?-3
Added Net: Name=NetC?_2
Add Net: Net with name "NetC?_2" already exists
Add Net: Net with name "NetC?_2" already exists
Add Net: Net with name "NetC?_2" already exists
Add Net: Net with name "NetC?_2" already exists
Add Net: Net with name "NetC?_2" already exists
Added Pin To Net: NetName=NetR?_1 Pin=R?-1
Added Pin To Net: NetName=NetR?_1 Pin=U?-1
Added Pin To Net: NetName=NetR?_1 Pin=U?-2
Added Net: Name=NetR?_1
Add Net: Net with name "NetR?_1" already exists
Add Net: Net with name "NetR?_1" already exists
Add Net: Net with name "NetR?_1" already exists
Add Net: Net with name "NetR?_1" already exists
Add Net: Net with name "NetR?_1" already exists
Add Net: Net with name "PA10" already exists
Add Net: Net with name "PA11" already exists
Add Net: Net with name "PA12" already exists
Add Net: Net with name "PA13" already exists
Add Net: Net with name "PA14" already exists
Add Net: Net with name "PA15" already exists
Add Net: Net with name "PA16" already exists
Add Net: Net with name "PA17" already exists
Add Net: Net with name "PA18" already exists
Add Net: Net with name "PA21" already exists
Add Net: Net with name "PA22" already exists
Add Net: Net with name "PA23" already exists
Add Net: Net with name "PA24" already exists
Add Net: Net with name "PA25" already exists
Add Net: Net with name "PA26" already exists
Add Net: Net with name "PA27" already exists
Add Net: Net with name "PA28" already exists
Add Net: Net with name "PA29" already exists
Add Net: Net with name "PA30" already exists
Add Net: Net with name "PA31" already exists
Add Net: Net with name "PB12" already exists
Add Net: Net with name "PB13" already exists
Add Net: Net with name "PC10" already exists
Add Net: Net with name "PC11" already exists
Add Net: Net with name "PC14" already exists
Add Net: Net with name "PC16" already exists
Add Net: Net with name "PC17" already exists
Add Net: Net with name "PC18" already exists
Add Net: Net with name "PC19" already exists
Add Net: Net with name "PC20" already exists
Add Net: Net with name "PD12" already exists
Add Net: Net with name "PD13" already exists
Add Net: Net with name "PD14" already exists
Add Net: Net with name "PD15" already exists
Add Net: Net with name "PD16" already exists
Add Net: Net with name "PD17" already exists
Add Net: Net with name "PD18" already exists
Add Net: Net with name "PD19" already exists
Add Net: Net with name "PD20" already exists
Add Net: Net with name "PD21" already exists
Add Net: Net with name "PD22" already exists
Add Net: Net with name "PD23" already exists
Add Net: Net with name "PD24" already exists
Add Net: Net with name "PD25" already exists
Add Net: Net with name "PD26" already exists
Add Net: Net with name "PD27" already exists
Add Net: Net with name "PD28" already exists
Add Net: Net with name "PD29" already exists
Add Net: Net with name "PD30" already exists
Add Net: Net with name "PD31" already exists
Added Member To Class: ClassName=05_POWER_1 Member=Component C10 10uF/20V
Added Member To Class: ClassName=05_POWER_1 Member=Component C12 47uF/25V
Added Member To Class: ClassName=05_POWER_1 Member=Component C13 1uF/20V
Added Member To Class: ClassName=08_MCU Member=Component C38 0.1uF/10V
Added Member To Class: ClassName=08_MCU Member=Component C39 0.1uF/10V
Added Member To Class: ClassName=07_USB Member=Component C40 0.1uF/10V
Added Member To Class: ClassName=07_USB Member=Component C41 4.7uF/10V
Added Member To Class: ClassName=07_USB Member=Component C42 0.1uF/10V
Added Member To Class: ClassName=12_TEC Member=Component C86 1uF/10V
Added Member To Class: ClassName=12_TEC Member=Component C87 0.1uF/10V
Added Member To Class: ClassName=11_HEATER Member=Component C88 1uF/20V
Added Member To Class: ClassName=11_HEATER Member=Component C89 1uF/20V
Added Member To Class: ClassName=10_NTC_TEMPSENSOR Member=Component C114 0.1uF/10V
Added Member To Class: ClassName=14_HD4_PUMP Member=Component C117 0.1uF/10V
Added Member To Class: ClassName=14_HD4_PUMP Member=Component C118 0.1uF/10V
Added Member To Class: ClassName=13_FLOW_Sensor Member=Component C122 0.1uF/10V
Added Member To Class: ClassName=13_FLOW_Sensor Member=Component C123 0.1uF/10V
Added Member To Class: ClassName=06_SOM_USB_CARD Member=Component C126 1uF/10V
Added Member To Class: ClassName=06_SOM_USB_CARD Member=Component C127 0.1uF/10V
Added Member To Class: ClassName=07_eMMC Member=Component C138 0.1uF/10V
Added Member To Class: ClassName=07_eMMC Member=Component C139 0.1uF/10V
Added Member To Class: ClassName=CONSOLE Member=Component C140 0.1uF/10V
Added Member To Class: ClassName=CONSOLE Member=Component C141 0.1uF/10V
Added Member To Class: ClassName=05_POWER_2 Member=Component C144 1uF/20V
Added Member To Class: ClassName=05_POWER_2 Member=Component C146 2.2nF/10V
Added Member To Class: ClassName=05_POWER_2 Member=Component C148 47uF/25V
Added Member To Class: ClassName=05_POWER_2 Member=Component C149 47uF/25V
Added Member To Class: ClassName=06_SOM Member=Component C150 10uF/20V
Added Member To Class: ClassName=06_SOM Member=Component C151 0.1uF/10V
Added Member To Class: ClassName=09_MRAM_RTC_WDT Member=Component C154 0.1uF/10V
Added Member To Class: ClassName=09_MRAM_RTC_WDT Member=Component C155 0.1uF/10V
Added Member To Class: ClassName=POWER_3 Member=Component C156 0.01uF/16V
Added Member To Class: ClassName=POWER_3 Member=Component C157 47uF/25V
Added Member To Class: ClassName=POWER_3 Member=Component C161 47uF/25V
Added Member To Class: ClassName=POWER_3 Member=Component C162 47uF/25V
Added Member To Class: ClassName=POWER_3 Member=Component C165 2.2nF/10V
Added Member To Class: ClassName=POWER_4 Member=Component C172 47uF/25V
Added Member To Class: ClassName=POWER_4 Member=Component C173 1uF/20V
Added Member To Class: ClassName=POWER_4 Member=Component C174 2.2nF/10V
Added Member To Class: ClassName=POWER_4 Member=Component C175 2.2nF/10V
Added Member To Class: ClassName=10_NTC_TEMPSENSOR Member=Component C? 0.1uF/10V
Added Member To Class: ClassName=10_NTC_TEMPSENSOR Member=Component C? 0.1uF/10V
Added Member To Class: ClassName=10_NTC_TEMPSENSOR Member=Component C? 0.1uF/10V
Added Member To Class: ClassName=10_NTC_TEMPSENSOR Member=Component C? 0.1uF/10V
Added Member To Class: ClassName=10_NTC_TEMPSENSOR Member=Component C? 0.1uF/10V
Added Member To Class: ClassName=10_NTC_TEMPSENSOR Member=Component C? 1uF/20V
Added Member To Class: ClassName=10_NTC_TEMPSENSOR Member=Component C? 0.1uF/10V
Added Member To Class: ClassName=10_NTC_TEMPSENSOR Member=Component C? 1uF/20V
Added Member To Class: ClassName=10_NTC_TEMPSENSOR Member=Component C? 0.1uF/10V
Added Member To Class: ClassName=10_NTC_TEMPSENSOR Member=Component C? 0.1uF/10V
Added Member To Class: ClassName=10_NTC_TEMPSENSOR Member=Component C? 0.1uF/10V
Added Member To Class: ClassName=10_NTC_TEMPSENSOR Member=Component C? 0.1uF/10V
Added Member To Class: ClassName=10_NTC_TEMPSENSOR Member=Component C? 0.1uF/10V
Added Member To Class: ClassName=10_NTC_TEMPSENSOR Member=Component C? 0.1uF/10V
Added Member To Class: ClassName=10_NTC_TEMPSENSOR Member=Component C? 0.1uF/10V
Added Member To Class: ClassName=10_NTC_TEMPSENSOR Member=Component C? 0.1uF/10V
Added Member To Class: ClassName=10_NTC_TEMPSENSOR Member=Component C? 1uF/20V
Added Member To Class: ClassName=10_NTC_TEMPSENSOR Member=Component C? 0.1uF/10V
Added Member To Class: ClassName=MOUTING Member=Component H3 M3
Added Member To Class: ClassName=MOUTING Member=Component H5 M3
Added Member To Class: ClassName=MOUTING Member=Component H12 M3
Added Member To Class: ClassName=MOUTING Member=Component H13 M3
Add Class Member: Failed to add class member : Component J3 HEADER 8x1
Add Class Member: Failed to add class member : Component J23 0533981171
Add Class Member: Failed to add class member : Component J24 HEADER 8x1
Added Member To Class: ClassName=11_HEATER Member=Component J? 5040500891
Added Member To Class: ClassName=05_POWER_2 Member=Component R233 10k
Added Member To Class: ClassName=10_NTC_TEMPSENSOR Member=Component R? 22R
Added Member To Class: ClassName=10_NTC_TEMPSENSOR Member=Component R? 10k
Added Member To Class: ClassName=10_NTC_TEMPSENSOR Member=Component R? 22R
Added Member To Class: ClassName=10_NTC_TEMPSENSOR Member=Component R? 22R
Added Member To Class: ClassName=10_NTC_TEMPSENSOR Member=Component R? 10k
Added Member To Class: ClassName=10_NTC_TEMPSENSOR Member=Component R? 22R
Added Member To Class: ClassName=10_NTC_TEMPSENSOR Member=Component R? 22R
Added Member To Class: ClassName=10_NTC_TEMPSENSOR Member=Component R? 22R
Added Member To Class: ClassName=10_NTC_TEMPSENSOR Member=Component R? 10k
Added Member To Class: ClassName=10_NTC_TEMPSENSOR Member=Component R? 22R
Added Member To Class: ClassName=10_NTC_TEMPSENSOR Member=Component R? 22R
Added Member To Class: ClassName=10_NTC_TEMPSENSOR Member=Component R? 22R
Added Member To Class: ClassName=10_NTC_TEMPSENSOR Member=Component R? 10k
Added Member To Class: ClassName=10_NTC_TEMPSENSOR Member=Component R? 22R
Added Member To Class: ClassName=10_NTC_TEMPSENSOR Member=Component R? 22R
Added Member To Class: ClassName=10_NTC_TEMPSENSOR Member=Component R? 22R
Added Member To Class: ClassName=10_NTC_TEMPSENSOR Member=Component R? 10k
Added Member To Class: ClassName=10_NTC_TEMPSENSOR Member=Component R? 10k
Add Class Member: Failed to add class member : Component U3 Revision B
Add Class Member: Failed to add class member : Component U25 TB67H451AFNG,EL
Add Class Member: Failed to add class member : Component U26 TB67H451AFNG,EL
Add Class Member: Failed to add class member : Component U27 TB67H451AFNG,EL
Add Class Member: Failed to add class member : Component U28 TB67H451AFNG,EL
Added Member To Class: ClassName=10_NTC_TEMPSENSOR Member=Component U? OPA2340UA
Added Member To Class: ClassName=10_NTC_TEMPSENSOR Member=Component U? OPA2340UA
Added Member To Class: ClassName=10_NTC_TEMPSENSOR Member=Component U? OPA2340UA
Added Member To Class: ClassName=10_NTC_TEMPSENSOR Member=Component U? OPA2340UA
Added Member To Class: ClassName=10_NTC_TEMPSENSOR Member=Component U? OPA2340UA
Added Member To Class: ClassName=10_NTC_TEMPSENSOR Member=Component U? OPA2340UA
Add Class Member: Failed to add class member : Component XC1 Farnell order no:1539364
Add Class Member: Failed to add class member : Component XC2
