Removed Pin From Net: NetName=EXP_12V Pin=C10-1
Removed Pin From Net: NetName=GND Pin=C10-2
Removed Pin From Net: NetName=5V_MCU Pin=C14-1
Removed Pin From Net: NetName=GND Pin=C14-2
Removed Pin From Net: NetName=GND Pin=C146-1
Removed Pin From Net: NetName=5V_MCU Pin=C146-2
Removed Pin From Net: NetName=EXP_12V Pin=C161-1
Removed Pin From Net: NetName=GND Pin=C161-2
Removed Pin From Net: NetName=5V_PERI Pin=C162-1
Removed Pin From Net: NetName=GND Pin=C162-2
Removed Pin From Net: NetName=5V_MCU Pin=DS1-1
Removed Pin From Net: NetName=3.3V_MCU Pin=DS2-1
Removed Pin From Net: NetName=5V_MAIN Pin=DS3-1
Removed Pin From Net: NetName=3.3V_SOM Pin=DS4-1
Removed Pin From Net: NetName=5V_PERI Pin=DS5-1
Removed Pin From Net: NetName=5V_TEC Pin=DS6-1
Removed Pin From Net: NetName=5V_HD4 Pin=DS7-1
Removed Pin From Net: NetName=5/12V_Solenoid Pin=DS8-1
Removed Member From Class: ClassName=05_POWER_2 Member=C150
Removed Member From Class: ClassName=POWER_3 Member=C166
Removed Member From Class: ClassName=POWER_3 Member=C169
Change Component Footprint: Designator=D2 Old Footprint=DO214-AC-SMA New Footprint=DO-214AC_SMA
Change Component Footprint: Designator=D14 Old Footprint=DO214-AC-SMA New Footprint=DO-214AC_SMA
Change Component Footprint: Designator=DS1 Old Footprint=LED-0603-BLUE New Footprint=LED_0402
Change Component Footprint: Designator=DS2 Old Footprint=LED-0603-BLUE New Footprint=LED_0402
Change Component Footprint: Designator=DS3 Old Footprint=LED-0603-BLUE New Footprint=LED_0402
Change Component Footprint: Designator=DS4 Old Footprint=LED-0603-BLUE New Footprint=LED_0402
Change Component Footprint: Designator=DS5 Old Footprint=LED-0603-BLUE New Footprint=LED_0402
Change Component Footprint: Designator=DS6 Old Footprint=LED-0603-BLUE New Footprint=LED_0402
Change Component Footprint: Designator=DS7 Old Footprint=LED-0603-BLUE New Footprint=LED_0402
Change Component Footprint: Designator=DS8 Old Footprint=LED-0603-BLUE New Footprint=LED_0402
Change Component Footprint: Designator=C14 Old Footprint=TANTALUM-SMD-1206 New Footprint=CAP_C_3225X80
Change Component Comment : Designator=C14 Old Comment=33uF/16V New Comment=47uF/25V
Change Component Comment : Designator=DS1 Old Comment=RED New Comment=_LED_RED
Change Component Comment : Designator=DS3 Old Comment=RED New Comment=_LED_RED
Change Component Comment : Designator=DS5 Old Comment=RED New Comment=_LED_RED
Change Component Comment : Designator=DS6 Old Comment=RED New Comment=_LED_RED
Change Component Comment : Designator=DS7 Old Comment=RED New Comment=_LED_RED
Change Component Comment : Designator=DS8 Old Comment=RED New Comment=_LED_RED
Change Component Comment : Designator=DS2 Old Comment=YELLOW New Comment=_LED_YELLOW_4
Change Component Comment : Designator=DS4 Old Comment=YELLOW New Comment=_LED_YELLOW_4
Change Component Designator: OldDesignator=C11 NewDesignator=C10
Change Component Designator: OldDesignator=C12 NewDesignator=C11
Change Component Designator: OldDesignator=C13 NewDesignator=C12
Change Component Designator: OldDesignator=C17 NewDesignator=C15
Change Component Designator: OldDesignator=C18 NewDesignator=C16
Change Component Designator: OldDesignator=C19 NewDesignator=C17
Change Component Designator: OldDesignator=C20 NewDesignator=C18
Change Component Designator: OldDesignator=C21 NewDesignator=C19
Change Component Designator: OldDesignator=C22 NewDesignator=C20
Change Component Designator: OldDesignator=C23 NewDesignator=C21
Change Component Designator: OldDesignator=C24 NewDesignator=C22
Change Component Designator: OldDesignator=C25 NewDesignator=C23
Change Component Designator: OldDesignator=C26 NewDesignator=C24
Change Component Designator: OldDesignator=C27 NewDesignator=C25
Change Component Designator: OldDesignator=C28 NewDesignator=C26
Change Component Designator: OldDesignator=C29 NewDesignator=C27
Change Component Designator: OldDesignator=C30 NewDesignator=C28
Change Component Designator: OldDesignator=C31 NewDesignator=C29
Change Component Designator: OldDesignator=C32 NewDesignator=C30
Change Component Designator: OldDesignator=C33 NewDesignator=C31
Change Component Designator: OldDesignator=C34 NewDesignator=C32
Change Component Designator: OldDesignator=C35 NewDesignator=C33
Change Component Designator: OldDesignator=C36 NewDesignator=C34
Change Component Designator: OldDesignator=C37 NewDesignator=C35
Change Component Designator: OldDesignator=C38 NewDesignator=C36
Change Component Designator: OldDesignator=C39 NewDesignator=C37
Change Component Designator: OldDesignator=C40 NewDesignator=C38
Change Component Designator: OldDesignator=C41 NewDesignator=C39
Change Component Designator: OldDesignator=C42 NewDesignator=C40
Change Component Designator: OldDesignator=C43 NewDesignator=C41
Change Component Designator: OldDesignator=C44 NewDesignator=C42
Change Component Designator: OldDesignator=C45 NewDesignator=C43
Change Component Designator: OldDesignator=C46 NewDesignator=C44
Change Component Designator: OldDesignator=C47 NewDesignator=C45
Change Component Designator: OldDesignator=C48 NewDesignator=C46
Change Component Designator: OldDesignator=C49 NewDesignator=C47
Change Component Designator: OldDesignator=C50 NewDesignator=C48
Change Component Designator: OldDesignator=C51 NewDesignator=C49
Change Component Designator: OldDesignator=C52 NewDesignator=C50
Change Component Designator: OldDesignator=C53 NewDesignator=C51
Change Component Designator: OldDesignator=C54 NewDesignator=C52
Change Component Designator: OldDesignator=C55 NewDesignator=C53
Change Component Designator: OldDesignator=C56 NewDesignator=C54
Change Component Designator: OldDesignator=C57 NewDesignator=C55
Change Component Designator: OldDesignator=C58 NewDesignator=C56
Change Component Designator: OldDesignator=C59 NewDesignator=C57
Change Component Designator: OldDesignator=C60 NewDesignator=C58
Change Component Designator: OldDesignator=C61 NewDesignator=C59
Change Component Designator: OldDesignator=C62 NewDesignator=C60
Change Component Designator: OldDesignator=C63 NewDesignator=C61
Change Component Designator: OldDesignator=C64 NewDesignator=C62
Change Component Designator: OldDesignator=C65 NewDesignator=C63
Change Component Designator: OldDesignator=C66 NewDesignator=C64
Change Component Designator: OldDesignator=C67 NewDesignator=C65
Change Component Designator: OldDesignator=C68 NewDesignator=C66
Change Component Designator: OldDesignator=C69 NewDesignator=C67
Change Component Designator: OldDesignator=C70 NewDesignator=C68
Change Component Designator: OldDesignator=C71 NewDesignator=C69
Change Component Designator: OldDesignator=C72 NewDesignator=C70
Change Component Designator: OldDesignator=C73 NewDesignator=C71
Change Component Designator: OldDesignator=C74 NewDesignator=C72
Change Component Designator: OldDesignator=C75 NewDesignator=C73
Change Component Designator: OldDesignator=C76 NewDesignator=C74
Change Component Designator: OldDesignator=C77 NewDesignator=C75
Change Component Designator: OldDesignator=C78 NewDesignator=C76
Change Component Designator: OldDesignator=C79 NewDesignator=C77
Change Component Designator: OldDesignator=C80 NewDesignator=C78
Change Component Designator: OldDesignator=C81 NewDesignator=C79
Change Component Designator: OldDesignator=C82 NewDesignator=C80
Change Component Designator: OldDesignator=C83 NewDesignator=C81
Change Component Designator: OldDesignator=C84 NewDesignator=C82
Change Component Designator: OldDesignator=C85 NewDesignator=C83
Change Component Designator: OldDesignator=C86 NewDesignator=C84
Change Component Designator: OldDesignator=C87 NewDesignator=C85
Change Component Designator: OldDesignator=C88 NewDesignator=C86
Change Component Designator: OldDesignator=C89 NewDesignator=C87
Change Component Designator: OldDesignator=C90 NewDesignator=C88
Change Component Designator: OldDesignator=C91 NewDesignator=C89
Change Component Designator: OldDesignator=C92 NewDesignator=C90
Change Component Designator: OldDesignator=C93 NewDesignator=C91
Change Component Designator: OldDesignator=C94 NewDesignator=C92
Change Component Designator: OldDesignator=C95 NewDesignator=C93
Change Component Designator: OldDesignator=C96 NewDesignator=C94
Change Component Designator: OldDesignator=C97 NewDesignator=C95
Change Component Designator: OldDesignator=C98 NewDesignator=C96
Change Component Designator: OldDesignator=C99 NewDesignator=C97
Change Component Designator: OldDesignator=C100 NewDesignator=C98
Change Component Designator: OldDesignator=C101 NewDesignator=C99
Change Component Designator: OldDesignator=C102 NewDesignator=C100
Change Component Designator: OldDesignator=C103 NewDesignator=C101
Change Component Designator: OldDesignator=C104 NewDesignator=C102
Change Component Designator: OldDesignator=C105 NewDesignator=C103
Change Component Designator: OldDesignator=C106 NewDesignator=C104
Change Component Designator: OldDesignator=C107 NewDesignator=C105
Change Component Designator: OldDesignator=C108 NewDesignator=C106
Change Component Designator: OldDesignator=C109 NewDesignator=C107
Change Component Designator: OldDesignator=C110 NewDesignator=C108
Change Component Designator: OldDesignator=C111 NewDesignator=C109
Change Component Designator: OldDesignator=C112 NewDesignator=C110
Change Component Designator: OldDesignator=C113 NewDesignator=C111
Change Component Designator: OldDesignator=C114 NewDesignator=C112
Change Component Designator: OldDesignator=C115 NewDesignator=C113
Change Component Designator: OldDesignator=C116 NewDesignator=C114
Change Component Designator: OldDesignator=C117 NewDesignator=C115
Change Component Designator: OldDesignator=C118 NewDesignator=C116
Change Component Designator: OldDesignator=C119 NewDesignator=C117
Change Component Designator: OldDesignator=C120 NewDesignator=C118
Change Component Designator: OldDesignator=C121 NewDesignator=C119
Change Component Designator: OldDesignator=C122 NewDesignator=C120
Change Component Designator: OldDesignator=C123 NewDesignator=C121
Change Component Designator: OldDesignator=C124 NewDesignator=C122
Change Component Designator: OldDesignator=C125 NewDesignator=C123
Change Component Designator: OldDesignator=C126 NewDesignator=C124
Change Component Designator: OldDesignator=C127 NewDesignator=C125
Change Component Designator: OldDesignator=C128 NewDesignator=C126
Change Component Designator: OldDesignator=C129 NewDesignator=C127
Change Component Designator: OldDesignator=C130 NewDesignator=C128
Change Component Designator: OldDesignator=C131 NewDesignator=C129
Change Component Designator: OldDesignator=C132 NewDesignator=C130
Change Component Designator: OldDesignator=C133 NewDesignator=C131
Change Component Designator: OldDesignator=C134 NewDesignator=C132
Change Component Designator: OldDesignator=C135 NewDesignator=C133
Change Component Designator: OldDesignator=C136 NewDesignator=C134
Change Component Designator: OldDesignator=C137 NewDesignator=C135
Change Component Designator: OldDesignator=C138 NewDesignator=C136
Change Component Designator: OldDesignator=C139 NewDesignator=C137
Change Component Designator: OldDesignator=C140 NewDesignator=C138
Change Component Designator: OldDesignator=C141 NewDesignator=C139
Change Component Designator: OldDesignator=C142 NewDesignator=C140
Change Component Designator: OldDesignator=C143 NewDesignator=C141
Change Component Designator: OldDesignator=C144 NewDesignator=C142
Change Component Designator: OldDesignator=C145 NewDesignator=C143
Change Component Designator: OldDesignator=C147 NewDesignator=C145
Change Component Designator: OldDesignator=C148 NewDesignator=C146
Change Component Designator: OldDesignator=C149 NewDesignator=C147
Change Component Designator: OldDesignator=C150 NewDesignator=C148
Change Component Designator: OldDesignator=C151 NewDesignator=C149
Change Component Designator: OldDesignator=C152 NewDesignator=C150
Change Component Designator: OldDesignator=C153 NewDesignator=C151
Change Component Designator: OldDesignator=C154 NewDesignator=C152
Change Component Designator: OldDesignator=C155 NewDesignator=C153
Change Component Designator: OldDesignator=C156 NewDesignator=C154
Change Component Designator: OldDesignator=C157 NewDesignator=C155
Change Component Designator: OldDesignator=C165 NewDesignator=C161
Change Component Designator: OldDesignator=C166 NewDesignator=C162
Change Component Designator: OldDesignator=C167 NewDesignator=C163
Change Component Designator: OldDesignator=C168 NewDesignator=C164
Change Component Designator: OldDesignator=C169 NewDesignator=C165
Change Component Designator: OldDesignator=C170 NewDesignator=C166
Change Component Designator: OldDesignator=C171 NewDesignator=C167
Change Component Designator: OldDesignator=C172 NewDesignator=C168
Change Component Designator: OldDesignator=C173 NewDesignator=C169
Change Component Designator: OldDesignator=C174 NewDesignator=C170
Change Component Designator: OldDesignator=C175 NewDesignator=C171
Change Component Designator: OldDesignator=C176 NewDesignator=C172
Change Component Designator: OldDesignator=C177 NewDesignator=C173
Change Component Designator: OldDesignator=C178 NewDesignator=C174
Change Component Designator: OldDesignator=C179 NewDesignator=C175
Change Component Designator: OldDesignator=H2 NewDesignator=H1
Change Component Designator: OldDesignator=H3 NewDesignator=H2
Change Component Designator: OldDesignator=H4 NewDesignator=H3
Change Component Designator: OldDesignator=H5 NewDesignator=H4
Change Component Designator: OldDesignator=H7 NewDesignator=H5
Change Component Designator: OldDesignator=H8 NewDesignator=H6
Change Component Designator: OldDesignator=H9 NewDesignator=H7
Change Component Designator: OldDesignator=H10 NewDesignator=H8
Change Component Designator: OldDesignator=H11 NewDesignator=H9
Change Component Designator: OldDesignator=H12 NewDesignator=H10
Change Component Designator: OldDesignator=H13 NewDesignator=H11
Change Component Designator: OldDesignator=H14 NewDesignator=H12
Change Component Designator: OldDesignator=H15 NewDesignator=H13
Change Component Designator: OldDesignator=R233 NewDesignator=R234
Change Component Designator: OldDesignator=R234 NewDesignator=R233
Change component parameters: Designator = "C14" ("C14"); Footprint = "TANTALUM-SMD-1206"; UniqueID = "\WHBMGMOH" ("\WHBMGMOH")
Change component parameters: Designator = "DS1" ("DS1"); Footprint = "LED-0603-BLUE"; UniqueID = "\FELMVKIO" ("\FELMVKIO")
Change component parameters: Designator = "DS2" ("DS2"); Footprint = "LED-0603-BLUE"; UniqueID = "\AYBOYKFQ" ("\AYBOYKFQ")
Change component parameters: Designator = "DS3" ("DS3"); Footprint = "LED-0603-BLUE"; UniqueID = "\XSBSYEGJ" ("\XSBSYEGJ")
Change component parameters: Designator = "DS4" ("DS4"); Footprint = "LED-0603-BLUE"; UniqueID = "\GVLDCDUD" ("\GVLDCDUD")
Change component parameters: Designator = "DS5" ("DS5"); Footprint = "LED-0603-BLUE"; UniqueID = "\IBHFABBJ" ("\IBHFABBJ")
Change component parameters: Designator = "DS6" ("DS6"); Footprint = "LED-0603-BLUE"; UniqueID = "\IEXFSLIV" ("\IEXFSLIV")
Change component parameters: Designator = "DS7" ("DS7"); Footprint = "LED-0603-BLUE"; UniqueID = "\FNZURKLO" ("\FNZURKLO")
Change component parameters: Designator = "DS8" ("DS8"); Footprint = "LED-0603-BLUE"; UniqueID = "\PBREWWWK" ("\PBREWWWK")
Change component parameters: Designator = "J1" ("J1"); Footprint = "MOLEX_5040500891"; UniqueID = "\UGCKKKVV" ("\UGCKKKVV")
Change component parameters: Designator = "J2" ("J2"); Footprint = "MOLEX_5040500891"; UniqueID = "\ZUGYYYBN" ("\ZUGYYYBN")
Added Component: Designator=C7(CAP_C_1005X60)
Added Component: Designator=C8(CAP_C_3225X80)
Added Component: Designator=C9(CAP_C_1005X60)
Added Component: Designator=C13(CAP_C_1005X60)
Added Component: Designator=C144(CAP_C_1005X60)
Added Component: Designator=C156(CAP_C_1005X60)
Added Component: Designator=C157(CAP_C_3225X80)
Added Component: Designator=C158(CAP_C_1005X60)
Added Component: Designator=C159(CAP_C_1005X60)
Added Component: Designator=C160(CAP_C_3225X80)
Added Component: Designator=R7(RES_C_1005X40)
Added Component: Designator=R8(RES_C_1005X40)
Added Component: Designator=R9(RES_C_1005X40)
Added Component: Designator=R10(RES_C_1005X40)
Added Component: Designator=R232(RES_C_1005X40)
Added Component: Designator=R236(RES_C_1005X40)
Added Component: Designator=R374(RES_C_1005X40)
Added Component: Designator=R376(RES_C_1005X40)
Added Component: Designator=R378(RES_C_1005X40)
Added Component: Designator=R384(RES_C_1005X40)
Added Component: Designator=R393(RES_C_1005X40)
Added Component: Designator=R401(RES_C_1005X40)
Add Component: Footprint Not Found AP6-00118
Add Component: Footprint Not Found QFN40P400X400X80-29N
Add Component: Footprint Not Found SOIC_PRQ1_TEX
Add Component: Footprint Not Found SOIC8_150MIL_N_ISI
Add Component: Footprint Not Found AP7-00044
Add Component: Footprint Not Found AP7-00039
Added Pin To Net: NetName=NetC7_1 Pin=C7-1
Added Pin To Net: NetName=NetC7_2 Pin=C7-2
Added Pin To Net: NetName=GND Pin=C8-1
Added Pin To Net: NetName=EXP_12V Pin=C8-2
Added Pin To Net: NetName=GND Pin=C9-1
Added Pin To Net: NetName=EXP_12V Pin=C9-2
Added Pin To Net: NetName=GND Pin=C13-1
Added Pin To Net: NetName=5V_MCU Pin=C13-2
Added Pin To Net: NetName=GND Pin=C14-1
Added Pin To Net: NetName=5V_MCU Pin=C14-2
Added Pin To Net: NetName=GND Pin=C144-1
Added Pin To Net: NetName=5V_MCU Pin=C144-2
Added Pin To Net: NetName=NetC158_1 Pin=C156-1
Added Pin To Net: NetName=GND Pin=C157-1
Added Pin To Net: NetName=EXP_12V Pin=C157-2
Added Pin To Net: NetName=GND Pin=C158-1
Added Pin To Net: NetName=EXP_12V Pin=C158-2
Added Pin To Net: NetName=GND Pin=C159-1
Added Pin To Net: NetName=5V_PERI Pin=C159-2
Added Pin To Net: NetName=GND Pin=C160-1
Added Pin To Net: NetName=5V_PERI Pin=C160-2
Added Pin To Net: NetName=5V_MCU Pin=DS1-2
Added Pin To Net: NetName=3.3V_MCU Pin=DS2-2
Added Pin To Net: NetName=5V_MAIN Pin=DS3-2
Added Pin To Net: NetName=3.3V_SOM Pin=DS4-2
Added Pin To Net: NetName=5V_PERI Pin=DS5-2
Added Pin To Net: NetName=5V_TEC Pin=DS6-2
Added Pin To Net: NetName=5V_HD4 Pin=DS7-2
Added Pin To Net: NetName=5/12V_Solenoid Pin=DS8-2
Added Pin To Net: NetName=EXP_GND Pin=J1-M1
Added Pin To Net: NetName=EXP_GND Pin=J1-M2
Added Pin To Net: NetName=EXP_GND Pin=J2-M1
Added Pin To Net: NetName=EXP_GND Pin=J2-M2
Add Pin To Net: Unknown Pin: Pin J3-2
Add Pin To Net: Unknown Pin: Pin J3-3
Add Pin To Net: Unknown Pin: Pin J3-4
Add Pin To Net: Unknown Pin: Pin J3-5
Add Pin To Net: Unknown Pin: Pin J3-6
Add Pin To Net: Unknown Pin: Pin J3-8
Add Pin To Net: Unknown Pin: Pin J23-1
Add Pin To Net: Unknown Pin: Pin J23-2
Add Pin To Net: Unknown Pin: Pin J23-3
Add Pin To Net: Unknown Pin: Pin J23-4
Add Pin To Net: Unknown Pin: Pin J23-5
Add Pin To Net: Unknown Pin: Pin J23-6
Add Pin To Net: Unknown Pin: Pin J23-7
Add Pin To Net: Unknown Pin: Pin J23-8
Add Pin To Net: Unknown Pin: Pin J23-9
Add Pin To Net: Unknown Pin: Pin J23-10
Add Pin To Net: Unknown Pin: Pin J23-11
Add Pin To Net: Unknown Pin: Pin J23-M1
Add Pin To Net: Unknown Pin: Pin J23-M2
Add Pin To Net: Unknown Pin: Pin J24-2
Add Pin To Net: Unknown Pin: Pin J24-3
Add Pin To Net: Unknown Pin: Pin J24-4
Add Pin To Net: Unknown Pin: Pin J24-5
Add Pin To Net: Unknown Pin: Pin J24-6
Add Pin To Net: Unknown Pin: Pin J24-7
Add Pin To Net: Unknown Pin: Pin J24-8
Added Pin To Net: NetName=5V_MCU Pin=R7-2
Added Pin To Net: NetName=GND Pin=R8-1
Added Pin To Net: NetName=GND Pin=R9-1
Added Pin To Net: NetName=GND Pin=R10-1
Added Pin To Net: NetName=GND Pin=R232-1
Added Pin To Net: NetName=GND Pin=R236-1
Added Pin To Net: NetName=5V_PERI Pin=R374-2
Added Pin To Net: NetName=GND Pin=R376-1
Added Pin To Net: NetName=GND Pin=R378-1
Added Pin To Net: NetName=GND Pin=R384-1
Added Pin To Net: NetName=GND Pin=R393-1
Added Pin To Net: NetName=GND Pin=R401-1
Add Pin To Net: Unknown Pin: Pin U3-1
Add Pin To Net: Unknown Pin: Pin U3-3
Add Pin To Net: Unknown Pin: Pin U3-4
Add Pin To Net: Unknown Pin: Pin U3-5
Add Pin To Net: Unknown Pin: Pin U3-6
Add Pin To Net: Unknown Pin: Pin U3-7
Add Pin To Net: Unknown Pin: Pin U3-8
Add Pin To Net: Unknown Pin: Pin U3-9
Add Pin To Net: Unknown Pin: Pin U3-10
Add Pin To Net: Unknown Pin: Pin U3-11
Add Pin To Net: Unknown Pin: Pin U3-12
Add Pin To Net: Unknown Pin: Pin U3-13
Add Pin To Net: Unknown Pin: Pin U3-14
Add Pin To Net: Unknown Pin: Pin U3-15
Add Pin To Net: Unknown Pin: Pin U3-16
Add Pin To Net: Unknown Pin: Pin U3-17
Add Pin To Net: Unknown Pin: Pin U3-18
Add Pin To Net: Unknown Pin: Pin U3-19
Add Pin To Net: Unknown Pin: Pin U3-20
Add Pin To Net: Unknown Pin: Pin U3-21
Add Pin To Net: Unknown Pin: Pin U3-22
Add Pin To Net: Unknown Pin: Pin U3-23
Add Pin To Net: Unknown Pin: Pin U3-24
Add Pin To Net: Unknown Pin: Pin U3-26
Add Pin To Net: Unknown Pin: Pin U3-27
Add Pin To Net: Unknown Pin: Pin U3-28
Add Pin To Net: Unknown Pin: Pin U3-29
Add Pin To Net: Unknown Pin: Pin U3-30
Add Pin To Net: Unknown Pin: Pin U3-31
Add Pin To Net: Unknown Pin: Pin U3-32
Add Pin To Net: Unknown Pin: Pin U3-33
Add Pin To Net: Unknown Pin: Pin U3-35
Add Pin To Net: Unknown Pin: Pin U3-36
Add Pin To Net: Unknown Pin: Pin U3-38
Add Pin To Net: Unknown Pin: Pin U3-39
Add Pin To Net: Unknown Pin: Pin U3-40
Add Pin To Net: Unknown Pin: Pin U3-41
Add Pin To Net: Unknown Pin: Pin U3-43
Add Pin To Net: Unknown Pin: Pin U3-44
Add Pin To Net: Unknown Pin: Pin U3-47
Add Pin To Net: Unknown Pin: Pin U3-48
Add Pin To Net: Unknown Pin: Pin U3-50
Add Pin To Net: Unknown Pin: Pin U3-54
Add Pin To Net: Unknown Pin: Pin U3-58
Add Pin To Net: Unknown Pin: Pin U3-61
Add Pin To Net: Unknown Pin: Pin U3-72
Add Pin To Net: Unknown Pin: Pin U3-73
Add Pin To Net: Unknown Pin: Pin U3-75
Add Pin To Net: Unknown Pin: Pin U3-76
Add Pin To Net: Unknown Pin: Pin U3-77
Add Pin To Net: Unknown Pin: Pin U3-79
Add Pin To Net: Unknown Pin: Pin U3-80
Add Pin To Net: Unknown Pin: Pin U3-81
Add Pin To Net: Unknown Pin: Pin U3-82
Add Pin To Net: Unknown Pin: Pin U3-83
Add Pin To Net: Unknown Pin: Pin U3-85
Add Pin To Net: Unknown Pin: Pin U3-86
Add Pin To Net: Unknown Pin: Pin U3-89
Add Pin To Net: Unknown Pin: Pin U3-91
Add Pin To Net: Unknown Pin: Pin U3-93
Add Pin To Net: Unknown Pin: Pin U3-95
Add Pin To Net: Unknown Pin: Pin U3-96
Add Pin To Net: Unknown Pin: Pin U3-98
Add Pin To Net: Unknown Pin: Pin U3-99
Add Pin To Net: Unknown Pin: Pin U3-101
Add Pin To Net: Unknown Pin: Pin U3-102
Add Pin To Net: Unknown Pin: Pin U3-103
Add Pin To Net: Unknown Pin: Pin U3-104
Add Pin To Net: Unknown Pin: Pin U3-105
Add Pin To Net: Unknown Pin: Pin U3-107
Add Pin To Net: Unknown Pin: Pin U3-109
Add Pin To Net: Unknown Pin: Pin U3-110
Add Pin To Net: Unknown Pin: Pin U3-113
Add Pin To Net: Unknown Pin: Pin U3-114
Add Pin To Net: Unknown Pin: Pin U3-115
Add Pin To Net: Unknown Pin: Pin U3-118
Add Pin To Net: Unknown Pin: Pin U3-119
Add Pin To Net: Unknown Pin: Pin U3-121
Add Pin To Net: Unknown Pin: Pin U3-122
Add Pin To Net: Unknown Pin: Pin U3-123
Add Pin To Net: Unknown Pin: Pin U3-124
Add Pin To Net: Unknown Pin: Pin U3-125
Add Pin To Net: Unknown Pin: Pin U3-126
Add Pin To Net: Unknown Pin: Pin U3-127
Add Pin To Net: Unknown Pin: Pin U3-128
Add Pin To Net: Unknown Pin: Pin U3-130
Add Pin To Net: Unknown Pin: Pin U3-131
Add Pin To Net: Unknown Pin: Pin U3-132
Add Pin To Net: Unknown Pin: Pin U3-133
Add Pin To Net: Unknown Pin: Pin U3-134
Add Pin To Net: Unknown Pin: Pin U3-135
Add Pin To Net: Unknown Pin: Pin U3-136
Add Pin To Net: Unknown Pin: Pin U3-137
Add Pin To Net: Unknown Pin: Pin U3-138
Add Pin To Net: Unknown Pin: Pin U3-139
Add Pin To Net: Unknown Pin: Pin U3-141
Add Pin To Net: Unknown Pin: Pin U3-142
Add Pin To Net: Unknown Pin: Pin U3-143
Add Pin To Net: Unknown Pin: Pin U10-1
Add Pin To Net: Unknown Pin: Pin U10-2
Add Pin To Net: Unknown Pin: Pin U10-3
Add Pin To Net: Unknown Pin: Pin U10-4
Add Pin To Net: Unknown Pin: Pin U10-5
Add Pin To Net: Unknown Pin: Pin U10-6
Add Pin To Net: Unknown Pin: Pin U10-7
Add Pin To Net: Unknown Pin: Pin U10-8
Add Pin To Net: Unknown Pin: Pin U10-9
Add Pin To Net: Unknown Pin: Pin U10-11
Add Pin To Net: Unknown Pin: Pin U10-14
Add Pin To Net: Unknown Pin: Pin U10-15
Add Pin To Net: Unknown Pin: Pin U10-16
Add Pin To Net: Unknown Pin: Pin U10-17
Add Pin To Net: Unknown Pin: Pin U10-18
Add Pin To Net: Unknown Pin: Pin U10-19
Add Pin To Net: Unknown Pin: Pin U10-20
Add Pin To Net: Unknown Pin: Pin U10-21
Add Pin To Net: Unknown Pin: Pin U10-22
Add Pin To Net: Unknown Pin: Pin U10-23
Add Pin To Net: Unknown Pin: Pin U10-24
Add Pin To Net: Unknown Pin: Pin U10-25
Add Pin To Net: Unknown Pin: Pin U10-26
Add Pin To Net: Unknown Pin: Pin U10-27
Add Pin To Net: Unknown Pin: Pin U10-28
Add Pin To Net: Unknown Pin: Pin U10-29
Add Pin To Net: Unknown Pin: Pin U25-1
Add Pin To Net: Unknown Pin: Pin U25-2
Add Pin To Net: Unknown Pin: Pin U25-3
Add Pin To Net: Unknown Pin: Pin U25-4
Add Pin To Net: Unknown Pin: Pin U25-5
Add Pin To Net: Unknown Pin: Pin U25-6
Add Pin To Net: Unknown Pin: Pin U25-7
Add Pin To Net: Unknown Pin: Pin U25-8
Add Pin To Net: Unknown Pin: Pin U25-9
Add Pin To Net: Unknown Pin: Pin U26-1
Add Pin To Net: Unknown Pin: Pin U26-2
Add Pin To Net: Unknown Pin: Pin U26-3
Add Pin To Net: Unknown Pin: Pin U26-4
Add Pin To Net: Unknown Pin: Pin U26-5
Add Pin To Net: Unknown Pin: Pin U26-6
Add Pin To Net: Unknown Pin: Pin U26-7
Add Pin To Net: Unknown Pin: Pin U26-8
Add Pin To Net: Unknown Pin: Pin U26-9
Add Pin To Net: Unknown Pin: Pin U27-1
Add Pin To Net: Unknown Pin: Pin U27-2
Add Pin To Net: Unknown Pin: Pin U27-3
Add Pin To Net: Unknown Pin: Pin U27-4
Add Pin To Net: Unknown Pin: Pin U27-5
Add Pin To Net: Unknown Pin: Pin U27-6
Add Pin To Net: Unknown Pin: Pin U27-7
Add Pin To Net: Unknown Pin: Pin U27-8
Add Pin To Net: Unknown Pin: Pin U27-9
Add Pin To Net: Unknown Pin: Pin U28-1
Add Pin To Net: Unknown Pin: Pin U28-2
Add Pin To Net: Unknown Pin: Pin U28-3
Add Pin To Net: Unknown Pin: Pin U28-4
Add Pin To Net: Unknown Pin: Pin U28-5
Add Pin To Net: Unknown Pin: Pin U28-6
Add Pin To Net: Unknown Pin: Pin U28-7
Add Pin To Net: Unknown Pin: Pin U28-8
Add Pin To Net: Unknown Pin: Pin U28-9
Add Pin To Net: Unknown Pin: Pin U32-1
Add Pin To Net: Unknown Pin: Pin U32-2
Add Pin To Net: Unknown Pin: Pin U32-3
Add Pin To Net: Unknown Pin: Pin U32-4
Add Pin To Net: Unknown Pin: Pin U32-5
Add Pin To Net: Unknown Pin: Pin U32-6
Add Pin To Net: Unknown Pin: Pin U32-7
Add Pin To Net: Unknown Pin: Pin U32-8
Add Pin To Net: Unknown Pin: Pin U32-9
Add Pin To Net: Unknown Pin: Pin U32-10
Add Pin To Net: Unknown Pin: Pin U32-11
Add Pin To Net: Unknown Pin: Pin U32-12
Add Pin To Net: Unknown Pin: Pin U32-13
Add Pin To Net: Unknown Pin: Pin U32-14
Add Pin To Net: Unknown Pin: Pin U32-16
Add Pin To Net: Unknown Pin: Pin U33-1
Add Pin To Net: Unknown Pin: Pin U33-2
Add Pin To Net: Unknown Pin: Pin U33-3
Add Pin To Net: Unknown Pin: Pin U33-4
Add Pin To Net: Unknown Pin: Pin U33-5
Add Pin To Net: Unknown Pin: Pin U33-6
Add Pin To Net: Unknown Pin: Pin U33-7
Add Pin To Net: Unknown Pin: Pin U33-8
Add Pin To Net: Unknown Pin: Pin XC1-1
Add Pin To Net: Unknown Pin: Pin XC1-2
Add Pin To Net: Unknown Pin: Pin XC1-3
Add Pin To Net: Unknown Pin: Pin XC2-1
Add Pin To Net: Unknown Pin: Pin XC2-2
Add Pin To Net: Unknown Pin: Pin XC2-3
Add Pin To Net: Unknown Pin: Pin XC2-4
Change Net Name : Old Net Name=NetC17_2 New Net Name=NetC15_2
Change Net Name : Old Net Name=NetC61_1 New Net Name=NetC59_1
Change Net Name : Old Net Name=NetC61_2 New Net Name=NetC59_2
Change Net Name : Old Net Name=NetC62_1 New Net Name=NetC60_1
Change Net Name : Old Net Name=NetC62_2 New Net Name=NetC60_2
Change Net Name : Old Net Name=NetC65_2 New Net Name=NetC63_2
Change Net Name : Old Net Name=NetC66_2 New Net Name=NetC64_2
Change Net Name : Old Net Name=NetC83_1 New Net Name=NetC81_1
Change Net Name : Old Net Name=NetC83_2 New Net Name=NetC81_2
Change Net Name : Old Net Name=NetC84_1 New Net Name=NetC82_1
Change Net Name : Old Net Name=NetC84_2 New Net Name=NetC82_2
Change Net Name : Old Net Name=NetC87_2 New Net Name=NetC85_2
Change Net Name : Old Net Name=NetC88_2 New Net Name=NetC86_2
Change Net Name : Old Net Name=NetC93_2 New Net Name=NetC91_2
Change Net Name : Old Net Name=NetC96_2 New Net Name=NetC94_2
Change Net Name : Old Net Name=NetC100_2 New Net Name=NetC98_2
Change Net Name : Old Net Name=NetC102_2 New Net Name=NetC100_2
Change Net Name : Old Net Name=NetC105_2 New Net Name=NetC103_2
Change Net Name : Old Net Name=NetC108_2 New Net Name=NetC106_2
Change Net Name : Old Net Name=NetC112_2 New Net Name=NetC110_2
Change Net Name : Old Net Name=NetC114_2 New Net Name=NetC112_2
Change Net Name : Old Net Name=NetC130_2 New Net Name=NetC128_2
Change Net Name : Old Net Name=NetC147_2 New Net Name=NetC145_2
Change Net Name : Old Net Name=NetC148_2 New Net Name=NetC146_2
Change Net Name : Old Net Name=NetC158_1 New Net Name=NetC156_1
Change Net Name : Old Net Name=NetC168_2 New Net Name=NetC164_2
Change Net Name : Old Net Name=NetC169_2 New Net Name=NetC165_2
Change Net Name : Old Net Name=NetC173_2 New Net Name=NetC169_2
Change Net Name : Old Net Name=NetC174_2 New Net Name=NetC170_2
Change Net Name : Old Net Name=NetC177_2 New Net Name=NetC173_2
Change Net Name : Old Net Name=NetC178_2 New Net Name=NetC174_2
Change Net Name : Old Net Name=NetC179_2 New Net Name=NetC175_2
Change Net Color : Old Net Color=RGB(158, 161, 117) New Net Color=RGB(255, 110, 110)
Change Net Color : Old Net Color=RGB(158, 161, 117) New Net Color=RGB(238, 14, 34)
Change Net Color : Old Net Color=RGB(158, 161, 117) New Net Color=RGB(238, 14, 34)
Added Pin To Net: NetName=NetC18_2 Pin=C18-2
Added Pin To Net: NetName=NetC18_2 Pin=R85-2
Added Net: Name=NetC18_2
Added Pin To Net: NetName=NetC156_2 Pin=C156-2
Added Pin To Net: NetName=NetC156_2 Pin=U35-1
Added Net: Name=NetC156_2
Added Pin To Net: NetName=NetDS1_1 Pin=DS1-1
Added Pin To Net: NetName=NetDS1_1 Pin=R8-2
Added Net: Name=NetDS1_1
Added Pin To Net: NetName=NetDS2_1 Pin=DS2-1
Added Pin To Net: NetName=NetDS2_1 Pin=R9-2
Added Net: Name=NetDS2_1
Added Pin To Net: NetName=NetDS3_1 Pin=DS3-1
Added Pin To Net: NetName=NetDS3_1 Pin=R232-2
Added Net: Name=NetDS3_1
Added Pin To Net: NetName=NetDS4_1 Pin=DS4-1
Added Pin To Net: NetName=NetDS4_1 Pin=R236-2
Added Net: Name=NetDS4_1
Added Pin To Net: NetName=NetDS5_1 Pin=DS5-1
Added Pin To Net: NetName=NetDS5_1 Pin=R376-2
Added Net: Name=NetDS5_1
Added Pin To Net: NetName=NetDS6_1 Pin=DS6-1
Added Pin To Net: NetName=NetDS6_1 Pin=R384-2
Added Net: Name=NetDS6_1
Added Pin To Net: NetName=NetDS7_1 Pin=DS7-1
Added Pin To Net: NetName=NetDS7_1 Pin=R393-2
Added Net: Name=NetDS7_1
Added Pin To Net: NetName=NetDS8_1 Pin=DS8-1
Added Pin To Net: NetName=NetDS8_1 Pin=R401-2
Added Net: Name=NetDS8_1
Added Pin To Net: NetName=NetR7_1 Pin=R7-1
Added Pin To Net: NetName=NetR7_1 Pin=R10-2
Added Pin To Net: NetName=NetR7_1 Pin=U2-4
Added Net: Name=NetR7_1
Added Pin To Net: NetName=NetR374_1 Pin=R374-1
Added Pin To Net: NetName=NetR374_1 Pin=R378-2
Added Pin To Net: NetName=NetR374_1 Pin=U35-4
Added Net: Name=NetR374_1
Add Net: Net with name "PA10" already exists
Add Net: Net with name "PA11" already exists
Add Net: Net with name "PA12" already exists
Add Net: Net with name "PA13" already exists
Add Net: Net with name "PA14" already exists
Add Net: Net with name "PA15" already exists
Add Net: Net with name "PA16" already exists
Add Net: Net with name "PA17" already exists
Add Net: Net with name "PA18" already exists
Add Net: Net with name "PA21" already exists
Add Net: Net with name "PA22" already exists
Add Net: Net with name "PA23" already exists
Add Net: Net with name "PA24" already exists
Add Net: Net with name "PA25" already exists
Add Net: Net with name "PA26" already exists
Add Net: Net with name "PA27" already exists
Add Net: Net with name "PA28" already exists
Add Net: Net with name "PA29" already exists
Add Net: Net with name "PA30" already exists
Add Net: Net with name "PA31" already exists
Add Net: Net with name "PB12" already exists
Add Net: Net with name "PB13" already exists
Add Net: Net with name "PC10" already exists
Add Net: Net with name "PC11" already exists
Add Net: Net with name "PC14" already exists
Add Net: Net with name "PC16" already exists
Add Net: Net with name "PC17" already exists
Add Net: Net with name "PC18" already exists
Add Net: Net with name "PC19" already exists
Add Net: Net with name "PC20" already exists
Add Net: Net with name "PD12" already exists
Add Net: Net with name "PD13" already exists
Add Net: Net with name "PD14" already exists
Add Net: Net with name "PD15" already exists
Add Net: Net with name "PD16" already exists
Add Net: Net with name "PD17" already exists
Add Net: Net with name "PD18" already exists
Add Net: Net with name "PD19" already exists
Add Net: Net with name "PD20" already exists
Add Net: Net with name "PD21" already exists
Add Net: Net with name "PD22" already exists
Add Net: Net with name "PD23" already exists
Add Net: Net with name "PD24" already exists
Add Net: Net with name "PD25" already exists
Add Net: Net with name "PD26" already exists
Add Net: Net with name "PD27" already exists
Add Net: Net with name "PD28" already exists
Add Net: Net with name "PD29" already exists
Add Net: Net with name "PD30" already exists
Add Net: Net with name "PD31" already exists
Added Member To Class: ClassName=05_POWER_1 Member=Component C7 0.01uF/16V
Added Member To Class: ClassName=05_POWER_1 Member=Component C8 47uF/25V
Added Member To Class: ClassName=05_POWER_1 Member=Component C9 1uF/20V
Added Member To Class: ClassName=05_POWER_2 Member=Component C144 1uF/20V
Added Member To Class: ClassName=POWER_3 Member=Component C156 0.01uF/16V
Added Member To Class: ClassName=POWER_3 Member=Component C157 47uF/25V
Added Member To Class: ClassName=POWER_3 Member=Component C158 1uF/20V
Added Member To Class: ClassName=POWER_3 Member=Component C159 1uF/20V
Added Member To Class: ClassName=POWER_3 Member=Component C160 47uF/25V
Add Class Member: Failed to add class member : Component J3 HEADER 8x1
Add Class Member: Failed to add class member : Component J23 0533981171
Add Class Member: Failed to add class member : Component J24 HEADER 8x1
Added Member To Class: ClassName=05_POWER_1 Member=Component R7 10k
Added Member To Class: ClassName=05_POWER_1 Member=Component R8 2.2k
Added Member To Class: ClassName=05_POWER_1 Member=Component R9 1k
Added Member To Class: ClassName=05_POWER_1 Member=Component R10 3.24k
Added Member To Class: ClassName=05_POWER_2 Member=Component R232 2.2k
Added Member To Class: ClassName=05_POWER_2 Member=Component R236 2.2k
Added Member To Class: ClassName=POWER_3 Member=Component R374 10k
Added Member To Class: ClassName=POWER_3 Member=Component R376 2.2k
Added Member To Class: ClassName=POWER_3 Member=Component R378 3.24k
Added Member To Class: ClassName=POWER_3 Member=Component R384 1k
Added Member To Class: ClassName=POWER_4 Member=Component R393 2.2k
Added Member To Class: ClassName=POWER_4 Member=Component R401 2.2k
Add Class Member: Failed to add class member : Component U3 Revision B
Add Class Member: Failed to add class member : Component U10 IC_SW_MAX14662ETI+T
Add Class Member: Failed to add class member : Component U25 TB67H451AFNG,EL
Add Class Member: Failed to add class member : Component U26 TB67H451AFNG,EL
Add Class Member: Failed to add class member : Component U27 TB67H451AFNG,EL
Add Class Member: Failed to add class member : Component U28 TB67H451AFNG,EL
Add Class Member: Failed to add class member : Component U32 SN3257QPWRQ1
Add Class Member: Failed to add class member : Component U33 IS66WVS8M8FBLL-104NLI
Add Class Member: Failed to add class member : Component XC1 Farnell order no:1539364
Add Class Member: Failed to add class member : Component XC2
