Removed Pin From Net: NetName=MCU_SPI0_SCK Pin=R277-1
Removed Pin From Net: NetName=SOM_PHOTO_SPI_SCK Pin=R278-1
Removed Pin From Net: NetName=MCU_SPI0_MOSI Pin=R279-1
Removed Pin From Net: NetName=SOM_PHOTO_SPI_MOSI Pin=R280-1
Removed Pin From Net: NetName=MCU_SPI0_MISO Pin=R281-1
Removed Pin From Net: NetName=SOM_PHOTO_SPI_MISO Pin=R282-1
Removed Pin From Net: NetName=PHOTO_SPI0_nCS2 Pin=R283-1
Removed Pin From Net: NetName=SOM_PHOTO_SW_nCS Pin=R284-1
Removed Pin From Net: NetName=PHOTO_ADC_CS Pin=R285-1
Removed Pin From Net: NetName=SOM_PHOTO_ADC_nCS Pin=R286-1
Removed Pin From Net: NetName=PHOTO_ADC_CONV Pin=R287-1
Removed Pin From Net: NetName=SOM_PHOTO_ADC_CONV Pin=R288-1
Removed Pin From Net: NetName=PA18 Pin=R289-1
Removed Pin From Net: NetName=SOM_PHOTO_ADC_EOC Pin=R290-1
Removed Pin From Net: NetName=MCU_SPI0_MOSI Pin=R295-1
Removed Pin From Net: NetName=MCU_SPI0_MISO Pin=R296-1
Removed Pin From Net: NetName=MCU_SPI0_SCK Pin=R297-1
Removed Pin From Net: NetName=LASER_SPI_nCS1 Pin=R298-1
Removed Pin From Net: NetName=LASER_DAC_LATCH Pin=R299-1
Removed Pin From Net: NetName=LASER_SW_INT_CS Pin=R300-1
Removed Pin From Net: NetName=LASER_SW_EXT_CS Pin=R301-1
Removed Pin From Net: NetName=LASER_ADC_1 Pin=R302-1
Removed Pin From Net: NetName=PC00 Pin=R303-1
Removed Member From Class: ClassName=05_CONNECTOR_OUT Member=R277
Removed Member From Class: ClassName=05_CONNECTOR_OUT Member=R278
Removed Member From Class: ClassName=05_CONNECTOR_OUT Member=R279
Removed Member From Class: ClassName=05_CONNECTOR_OUT Member=R280
Removed Member From Class: ClassName=05_CONNECTOR_OUT Member=R281
Removed Member From Class: ClassName=05_CONNECTOR_OUT Member=R282
Removed Member From Class: ClassName=05_CONNECTOR_OUT Member=R283
Removed Member From Class: ClassName=05_CONNECTOR_OUT Member=R284
Removed Member From Class: ClassName=05_CONNECTOR_OUT Member=R285
Removed Member From Class: ClassName=05_CONNECTOR_OUT Member=R286
Removed Member From Class: ClassName=05_CONNECTOR_OUT Member=R287
Removed Member From Class: ClassName=05_CONNECTOR_OUT Member=R288
Removed Member From Class: ClassName=05_CONNECTOR_OUT Member=R289
Removed Member From Class: ClassName=05_CONNECTOR_OUT Member=R290
Removed Member From Class: ClassName=05_CONNECTOR_OUT Member=R295
Removed Member From Class: ClassName=05_CONNECTOR_OUT Member=R296
Removed Member From Class: ClassName=05_CONNECTOR_OUT Member=R297
Removed Member From Class: ClassName=05_CONNECTOR_OUT Member=R298
Removed Member From Class: ClassName=05_CONNECTOR_OUT Member=R299
Removed Member From Class: ClassName=05_CONNECTOR_OUT Member=R300
Removed Member From Class: ClassName=05_CONNECTOR_OUT Member=R301
Removed Member From Class: ClassName=05_CONNECTOR_OUT Member=R302
Removed Member From Class: ClassName=05_CONNECTOR_OUT Member=R303
Added Pin To Net: NetName=MCU_SPI0_SCK Pin=J21-3
Added Pin To Net: NetName=MCU_SPI0_MOSI Pin=J21-4
Added Pin To Net: NetName=MCU_SPI0_MISO Pin=J21-5
Added Pin To Net: NetName=PHOTO_SPI0_nCS2 Pin=J21-6
Added Pin To Net: NetName=PHOTO_ADC_CS Pin=J21-7
Added Pin To Net: NetName=PHOTO_ADC_CONV Pin=J21-8
Added Pin To Net: NetName=PA18 Pin=J21-9
Added Pin To Net: NetName=SOM_PHOTO_SPI_SCK Pin=J22-3
Added Pin To Net: NetName=SOM_PHOTO_SPI_MOSI Pin=J22-4
Added Pin To Net: NetName=SOM_PHOTO_SPI_MISO Pin=J22-5
Added Pin To Net: NetName=SOM_PHOTO_SW_nCS Pin=J22-6
Added Pin To Net: NetName=SOM_PHOTO_ADC_nCS Pin=J22-7
Added Pin To Net: NetName=SOM_PHOTO_ADC_CONV Pin=J22-8
Added Pin To Net: NetName=SOM_PHOTO_ADC_EOC Pin=J22-9
Added Pin To Net: NetName=MCU_SPI0_MOSI Pin=J23-3
Added Pin To Net: NetName=MCU_SPI0_MISO Pin=J23-4
Added Pin To Net: NetName=MCU_SPI0_SCK Pin=J23-5
Added Pin To Net: NetName=LASER_SPI_nCS1 Pin=J23-6
Added Pin To Net: NetName=LASER_DAC_LATCH Pin=J23-7
Added Pin To Net: NetName=LASER_SW_INT_CS Pin=J23-8
Added Pin To Net: NetName=LASER_SW_EXT_CS Pin=J23-9
Added Pin To Net: NetName=LASER_ADC_1 Pin=J23-10
Added Pin To Net: NetName=PC00 Pin=J23-11
Add Pin To Net: Unknown Pin: Pin U25-1
Add Pin To Net: Unknown Pin: Pin U25-2
Add Pin To Net: Unknown Pin: Pin U25-3
Add Pin To Net: Unknown Pin: Pin U25-4
Add Pin To Net: Unknown Pin: Pin U25-5
Add Pin To Net: Unknown Pin: Pin U25-6
Add Pin To Net: Unknown Pin: Pin U25-7
Add Pin To Net: Unknown Pin: Pin U25-8
Add Pin To Net: Unknown Pin: Pin U25-9
Add Pin To Net: Unknown Pin: Pin U26-1
Add Pin To Net: Unknown Pin: Pin U26-2
Add Pin To Net: Unknown Pin: Pin U26-3
Add Pin To Net: Unknown Pin: Pin U26-4
Add Pin To Net: Unknown Pin: Pin U26-5
Add Pin To Net: Unknown Pin: Pin U26-6
Add Pin To Net: Unknown Pin: Pin U26-7
Add Pin To Net: Unknown Pin: Pin U26-8
Add Pin To Net: Unknown Pin: Pin U26-9
Add Pin To Net: Unknown Pin: Pin U27-1
Add Pin To Net: Unknown Pin: Pin U27-2
Add Pin To Net: Unknown Pin: Pin U27-3
Add Pin To Net: Unknown Pin: Pin U27-4
Add Pin To Net: Unknown Pin: Pin U27-5
Add Pin To Net: Unknown Pin: Pin U27-6
Add Pin To Net: Unknown Pin: Pin U27-7
Add Pin To Net: Unknown Pin: Pin U27-8
Add Pin To Net: Unknown Pin: Pin U27-9
Add Pin To Net: Unknown Pin: Pin U28-1
Add Pin To Net: Unknown Pin: Pin U28-2
Add Pin To Net: Unknown Pin: Pin U28-3
Add Pin To Net: Unknown Pin: Pin U28-4
Add Pin To Net: Unknown Pin: Pin U28-5
Add Pin To Net: Unknown Pin: Pin U28-6
Add Pin To Net: Unknown Pin: Pin U28-7
Add Pin To Net: Unknown Pin: Pin U28-8
Add Pin To Net: Unknown Pin: Pin U28-9
Add Class Member: Failed to add class member : Component U25 TB67H451AFNG,EL
Add Class Member: Failed to add class member : Component U26 TB67H451AFNG,EL
Add Class Member: Failed to add class member : Component U27 TB67H451AFNG,EL
Add Class Member: Failed to add class member : Component U28 TB67H451AFNG,EL
