Change Component Footprint: Designator=TP1 Old Footprint=TP_1mm_SMD New Footprint=Testpoint_50
Change Component Footprint: Designator=TP2 Old Footprint=TP_1mm_SMD New Footprint=Testpoint_50
Change Component Footprint: Designator=TP3 Old Footprint=TP_1MM_SMD New Footprint=Testpoint_50
Change Component Footprint: Designator=TP4 Old Footprint=TP_1MM_SMD New Footprint=Testpoint_50
Change Component Footprint: Designator=TP5 Old Footprint=TP_1MM_SMD New Footprint=Testpoint_50
Change Component Footprint: Designator=TP6 Old Footprint=TP_1MM_SMD New Footprint=Testpoint_50
Change Component Footprint: Designator=TP7 Old Footprint=TP_1MM_SMD New Footprint=Testpoint_50
Change Component Footprint: Designator=TP8 Old Footprint=TP_1MM_SMD New Footprint=Testpoint_50
Change Component Footprint: Designator=TP9 Old Footprint=TP_1MM_SMD New Footprint=Testpoint_50
Change Component Footprint: Designator=TP10 Old Footprint=TP_1MM_SMD New Footprint=Testpoint_50
Change Component Footprint: Designator=TP11 Old Footprint=TP_1MM_SMD New Footprint=Testpoint_50
Change Component Footprint: Designator=TP12 Old Footprint=TP_1MM_SMD New Footprint=Testpoint_50
Change Component Footprint: Designator=TP13 Old Footprint=TP_1MM_SMD New Footprint=Testpoint_50
Change Component Footprint: Designator=TP14 Old Footprint=TP_1MM_SMD New Footprint=Testpoint_50
Change Component Footprint: Designator=TP15 Old Footprint=TP_1MM_SMD New Footprint=Testpoint_50
Change Component Footprint: Designator=TP16 Old Footprint=TP_1MM_SMD New Footprint=Testpoint_50
Change Component Footprint: Designator=TP17 Old Footprint=TP_1MM_SMD New Footprint=Testpoint_50
Change Component Footprint: Designator=TP18 Old Footprint=TP_1MM_SMD New Footprint=Testpoint_50
Change Component Footprint: Designator=TP19 Old Footprint=TP_1MM_SMD New Footprint=Testpoint_50
Change Component Footprint: Designator=TP20 Old Footprint=TP_1MM_SMD New Footprint=Testpoint_50
Change Component Footprint: Designator=TP21 Old Footprint=TP_1MM_SMD New Footprint=Testpoint_50
Change Component Footprint: Designator=TP22 Old Footprint=TP_1MM_SMD New Footprint=Testpoint_50
Change Component Footprint: Designator=TP23 Old Footprint=TP_1MM_SMD New Footprint=Testpoint_50
Change Component Footprint: Designator=TP24 Old Footprint=TP_1MM_SMD New Footprint=Testpoint_50
Change Component Footprint: Designator=TP25 Old Footprint=TP_1MM_SMD New Footprint=Testpoint_50
Change Component Footprint: Designator=TP26 Old Footprint=TP_1MM_SMD New Footprint=Testpoint_50
Change Component Footprint: Designator=TP27 Old Footprint=TP_1MM_SMD New Footprint=Testpoint_50
Change Component Footprint: Designator=TP28 Old Footprint=TP_1MM_SMD New Footprint=Testpoint_50
Added Pin To Net: NetName=VDDSDMMC0 Pin=TP3-0
Added Pin To Net: NetName=VDDSDMMC1 Pin=TP4-0
Added Pin To Net: NetName=XIN Pin=TP5-0
Added Pin To Net: NetName=VDD_3V3 Pin=TP6-0
Added Pin To Net: NetName=VDD_1V35 Pin=TP7-0
Added Pin To Net: NetName=VDDCORE Pin=TP8-0
Added Pin To Net: NetName=VDD_1V15_OUT3 Pin=TP9-0
Added Pin To Net: NetName=VDDCPU Pin=TP10-0
Added Pin To Net: NetName=VDD_1V15_OUT4 Pin=TP11-0
Added Pin To Net: NetName=VLDO1 Pin=TP12-0
Added Pin To Net: NetName=VLDO2 Pin=TP13-0
Added Pin To Net: NetName=VDD_3V3_MPU Pin=TP14-0
Added Pin To Net: NetName=VDDIODDR Pin=TP16-0
Added Pin To Net: NetName=DDR_D0 Pin=TP17-0
Added Pin To Net: NetName=DDR_D8 Pin=TP18-0
Added Pin To Net: NetName=DDR_CK_P Pin=TP19-0
Added Pin To Net: NetName=DDR_CK_N Pin=TP20-0
Added Pin To Net: NetName=DDR_DQS0_P Pin=TP21-0
Added Pin To Net: NetName=DDR_DQS0_N Pin=TP22-0
Added Pin To Net: NetName=DDR_DQS1_P Pin=TP23-0
Added Pin To Net: NetName=DDR_DQS1_N Pin=TP24-0
Added Pin To Net: NetName=GND Pin=TP25-0
Added Pin To Net: NetName=GND Pin=TP26-0
Added Pin To Net: NetName=GND Pin=TP27-0
Added Pin To Net: NetName=GND Pin=TP28-0
Add Pin To Net: Unknown Pin: Pin U25-1
Add Pin To Net: Unknown Pin: Pin U25-2
Add Pin To Net: Unknown Pin: Pin U25-3
Add Pin To Net: Unknown Pin: Pin U25-4
Add Pin To Net: Unknown Pin: Pin U25-5
Add Pin To Net: Unknown Pin: Pin U25-6
Add Pin To Net: Unknown Pin: Pin U25-7
Add Pin To Net: Unknown Pin: Pin U25-8
Add Pin To Net: Unknown Pin: Pin U25-9
Add Pin To Net: Unknown Pin: Pin U26-1
Add Pin To Net: Unknown Pin: Pin U26-2
Add Pin To Net: Unknown Pin: Pin U26-3
Add Pin To Net: Unknown Pin: Pin U26-4
Add Pin To Net: Unknown Pin: Pin U26-5
Add Pin To Net: Unknown Pin: Pin U26-6
Add Pin To Net: Unknown Pin: Pin U26-7
Add Pin To Net: Unknown Pin: Pin U26-8
Add Pin To Net: Unknown Pin: Pin U26-9
Add Pin To Net: Unknown Pin: Pin U27-1
Add Pin To Net: Unknown Pin: Pin U27-2
Add Pin To Net: Unknown Pin: Pin U27-3
Add Pin To Net: Unknown Pin: Pin U27-4
Add Pin To Net: Unknown Pin: Pin U27-5
Add Pin To Net: Unknown Pin: Pin U27-6
Add Pin To Net: Unknown Pin: Pin U27-7
Add Pin To Net: Unknown Pin: Pin U27-8
Add Pin To Net: Unknown Pin: Pin U27-9
Add Pin To Net: Unknown Pin: Pin U28-1
Add Pin To Net: Unknown Pin: Pin U28-2
Add Pin To Net: Unknown Pin: Pin U28-3
Add Pin To Net: Unknown Pin: Pin U28-4
Add Pin To Net: Unknown Pin: Pin U28-5
Add Pin To Net: Unknown Pin: Pin U28-6
Add Pin To Net: Unknown Pin: Pin U28-7
Add Pin To Net: Unknown Pin: Pin U28-8
Add Pin To Net: Unknown Pin: Pin U28-9
Add Differential Pair: Number of nets in differential pair NetR299_2 is 1 instead of 2
Add Differential Pair: Number of nets in differential pair NetR300_2 is 1 instead of 2
Added Member To Class: ClassName=11_MCU Member=Component R18 22R
Added Member To Class: ClassName=11_MCU Member=Component R25 22R
Added Member To Class: ClassName=11_MCU Member=Component R26 22R
Add Class Member: Failed to add class member : Component U25 TB67H451AFNG,EL
Add Class Member: Failed to add class member : Component U26 TB67H451AFNG,EL
Add Class Member: Failed to add class member : Component U27 TB67H451AFNG,EL
Add Class Member: Failed to add class member : Component U28 TB67H451AFNG,EL
