Removed Pin From Net: NetName=TEC_OUT_A_2 Pin=J6-1
Removed Pin From Net: NetName=TEC_OUT_B_2 Pin=J6-2
Removed Pin From Net: NetName=TEC_OUT_A_4 Pin=J6-3
Removed Pin From Net: NetName=TEC_OUT_B_4 Pin=J6-4
Removed Pin From Net: NetName=TEC_OUT_A_1 Pin=J6-5
Removed Pin From Net: NetName=TEC_OUT_B_1 Pin=J6-6
Removed Pin From Net: NetName=TEC_OUT_A_3 Pin=J6-7
Removed Pin From Net: NetName=TEC_OUT_B_3 Pin=J6-8
Change Component Footprint: Designator=U54 Old Footprint=SOIC127P599X175-8N New Footprint=MSOP-12_MSE_LIT
Change Component Comment : Designator=U54 Old Comment=SN65HVD1474DR New Comment=LTC2865HMSE#TRPBF
Change component parameters: Designator = "U54" ("U54"); Footprint = "SOIC127P599X175-8N"; UniqueID = "\JEGFWACV" ("\JEGFWACV")
Change component parameters (AddParameter): Name = "Copyright"; Value = "Copyright (C) 2025 Ultra Librarian. All rights reserved."; VariantName = "[No Variations]"
Change component parameters (AddParameter): Name = "Manufacturer_Name"; Value = "Analog Devices Inc"; VariantName = "[No Variations]"
Change component parameters (AddParameter): Name = "Manufacturer_Part_Number"; Value = "LTC2865HMSE#TRPBF"; VariantName = "[No Variations]"
Change component parameters (AddParameter): Name = "RefDes"; Value = "RefDes"; VariantName = "[No Variations]"
Change component parameters (AddParameter): Name = "Type"; Value = "Type"; VariantName = "[No Variations]"
Added Component: Designator=C120(CAP_C_1005X50_L)
Added Component: Designator=R299(RES_C_1005x30_L)
Added Component: Designator=R300(RES_C_1005x30_L)
Added Component: Designator=R304(RES_C_1005x30_L)
Added Component: Designator=R305(RES_C_1005x30_L)
Added Component: Designator=R308(RES_C_0603X30)
Added Component: Designator=R309(RES_C_0603X30)
Added Pin To Net: NetName=GND Pin=C120-1
Added Pin To Net: NetName=VDD_3V3 Pin=C120-2
Added Pin To Net: NetName=TEC_OUT_B_1 Pin=J6-1
Added Pin To Net: NetName=TEC_OUT_A_1 Pin=J6-2
Added Pin To Net: NetName=TEC_OUT_B_2 Pin=J6-3
Added Pin To Net: NetName=TEC_OUT_A_2 Pin=J6-4
Added Pin To Net: NetName=TEC_OUT_B_3 Pin=J6-5
Added Pin To Net: NetName=TEC_OUT_A_3 Pin=J6-6
Added Pin To Net: NetName=TEC_OUT_B_4 Pin=J6-7
Added Pin To Net: NetName=TEC_OUT_A_4 Pin=J6-8
Added Pin To Net: NetName=VDD_3V3 Pin=R299-1
Added Pin To Net: NetName=GND Pin=R300-2
Added Pin To Net: NetName=VDD_3V3 Pin=R304-1
Added Pin To Net: NetName=GND Pin=R305-1
Added Pin To Net: NetName=VDD_3V3 Pin=U54-5
Added Pin To Net: NetName=GND Pin=U54-6
Added Pin To Net: NetName=RS422_Z Pin=U54-8
Added Pin To Net: NetName=RS422_Y Pin=U54-9
Added Pin To Net: NetName=RS422_B Pin=U54-10
Added Pin To Net: NetName=RS422_A Pin=U54-11
Added Pin To Net: NetName=VDD_3V3 Pin=U54-12
Add Pin To Net: Unknown Pin: Pin U54-13
Added Pin To Net: NetName=NetR299_2 Pin=R299-2
Added Pin To Net: NetName=NetR299_2 Pin=R300-1
Added Pin To Net: NetName=NetR299_2 Pin=U54-7
Added Net: Name=NetR299_2
Added Pin To Net: NetName=NetR308_2 Pin=R308-2
Added Pin To Net: NetName=NetR308_2 Pin=U29-G3
Added Net: Name=NetR308_2
Added Pin To Net: NetName=NetR309_2 Pin=R309-2
Added Pin To Net: NetName=NetR309_2 Pin=U29-F4
Added Net: Name=NetR309_2
Added Pin To Net: NetName=RS422_DE Pin=R305-2
Added Pin To Net: NetName=RS422_DE Pin=R309-1
Added Pin To Net: NetName=RS422_DE Pin=U54-3
Added Net: Name=RS422_DE
Added Pin To Net: NetName=RS422_R\E\ Pin=R304-2
Added Pin To Net: NetName=RS422_R\E\ Pin=R308-1
Added Pin To Net: NetName=RS422_R\E\ Pin=U54-2
Added Net: Name=RS422_R\E\
Added Pin To Net: NetName=SOM_RS422_RX Pin=R527-1
Added Pin To Net: NetName=SOM_RS422_RX Pin=U54-1
Added Net: Name=SOM_RS422_RX
Added Pin To Net: NetName=SOM_RS422_TX Pin=R525-1
Added Pin To Net: NetName=SOM_RS422_TX Pin=U54-4
Added Net: Name=SOM_RS422_TX
Added Member To Class: ClassName=05_CONNECTOR_IN Member=Component C120 0.1uF/10V
Added Member To Class: ClassName=11_MCU Member=Component R18 22R
Added Member To Class: ClassName=11_MCU Member=Component R25 22R
Added Member To Class: ClassName=11_MCU Member=Component R26 22R
Added Member To Class: ClassName=05_CONNECTOR_IN Member=Component R299 4.7k
Added Member To Class: ClassName=05_CONNECTOR_IN Member=Component R300 DNP/4.7k
Added Member To Class: ClassName=05_CONNECTOR_IN Member=Component R304 4.7k
Added Member To Class: ClassName=05_CONNECTOR_IN Member=Component R305 4.7k
Added Member To Class: ClassName=08_SAMA7G54-PIO Member=Component R308 22R
Added Member To Class: ClassName=08_SAMA7G54-PIO Member=Component R309 22R
