Removed Pin From Net: NetName=EXP_12V Pin=C88-2
Removed Pin From Net: NetName=EXP_12V Pin=C89-2
Removed Pin From Net: NetName=EXP_12V Pin=D5-1
Removed Pin From Net: NetName=EXP_12V Pin=D6-1
Removed Pin From Net: NetName=EXP_12V Pin=D7-1
Removed Pin From Net: NetName=EXP_12V Pin=D8-1
Removed Pin From Net: NetName=EXP_12V Pin=D9-1
Removed Pin From Net: NetName=EXP_12V Pin=D10-1
Removed Pin From Net: NetName=EXP_12V Pin=D11-1
Removed Pin From Net: NetName=EXP_12V Pin=D12-1
Removed Pin From Net: NetName=EXP_12V Pin=J7-1
Removed Pin From Net: NetName=EXP_12V Pin=J7-3
Removed Pin From Net: NetName=EXP_12V Pin=J7-5
Removed Pin From Net: NetName=EXP_12V Pin=J7-7
Removed Pin From Net: NetName=EXP_12V Pin=J8-1
Removed Pin From Net: NetName=EXP_12V Pin=J8-3
Removed Pin From Net: NetName=EXP_12V Pin=J8-5
Removed Pin From Net: NetName=EXP_12V Pin=J8-7
Added Pin To Net: NetName=12V_HEATER Pin=C88-2
Added Pin To Net: NetName=12V_HEATER Pin=C89-2
Added Pin To Net: NetName=12V_HEATER Pin=D5-1
Added Pin To Net: NetName=12V_HEATER Pin=D6-1
Added Pin To Net: NetName=12V_HEATER Pin=D7-1
Added Pin To Net: NetName=12V_HEATER Pin=D8-1
Added Pin To Net: NetName=12V_HEATER Pin=D9-1
Added Pin To Net: NetName=12V_HEATER Pin=D10-1
Added Pin To Net: NetName=12V_HEATER Pin=D11-1
Added Pin To Net: NetName=12V_HEATER Pin=D12-1
Added Pin To Net: NetName=12V_HEATER Pin=J7-1
Added Pin To Net: NetName=12V_HEATER Pin=J7-3
Added Pin To Net: NetName=12V_HEATER Pin=J7-5
Added Pin To Net: NetName=12V_HEATER Pin=J7-7
Added Pin To Net: NetName=12V_HEATER Pin=J8-1
Added Pin To Net: NetName=12V_HEATER Pin=J8-3
Added Pin To Net: NetName=12V_HEATER Pin=J8-5
Added Pin To Net: NetName=12V_HEATER Pin=J8-7
Add Pin To Net: Unknown Pin: Pin U54-13
Added Member To Class: ClassName=11_MCU Member=Component R18 22R
Added Member To Class: ClassName=11_MCU Member=Component R25 22R
Added Member To Class: ClassName=11_MCU Member=Component R26 22R
Added Member To Class: ClassName=19_SOLEDNOID_1 Member=Component U28 TB67H451AFNG,EL
