Added Component: Designator=U25(SOIC127P602X173-8N_EPAD)
Added Component: Designator=U26(SOIC127P602X173-8N_EPAD)
Added Component: Designator=U27(SOIC127P602X173-8N_EPAD)
Added Component: Designator=U28(SOIC127P602X173-8N_EPAD)
Added Pin To Net: NetName=GND Pin=U25-1
Added Pin To Net: NetName=MCU_SOL_1_IN2 Pin=U25-2
Added Pin To Net: NetName=MCU_SOL_1_IN1 Pin=U25-3
Added Pin To Net: NetName=SOL_1_VREF Pin=U25-4
Added Pin To Net: NetName=5/12V_Solenoid Pin=U25-5
Added Pin To Net: NetName=SOL_1_OUT1 Pin=U25-6
Added Pin To Net: NetName=NetR259_1 Pin=U25-7
Added Pin To Net: NetName=SOL_1_OUT2 Pin=U25-8
Add Pin To Net: Unknown Pin: Pin U25-9
Added Pin To Net: NetName=GND Pin=U26-1
Added Pin To Net: NetName=MCU_SOL_2_IN2 Pin=U26-2
Added Pin To Net: NetName=MCU_SOL_2_IN1 Pin=U26-3
Added Pin To Net: NetName=SOL_1_VREF Pin=U26-4
Added Pin To Net: NetName=5/12V_Solenoid Pin=U26-5
Added Pin To Net: NetName=SOL_2_OUT1 Pin=U26-6
Added Pin To Net: NetName=NetR262_1 Pin=U26-7
Added Pin To Net: NetName=SOL_2_OUT2 Pin=U26-8
Add Pin To Net: Unknown Pin: Pin U26-9
Added Pin To Net: NetName=GND Pin=U27-1
Added Pin To Net: NetName=MCU_SOL_3_IN2 Pin=U27-2
Added Pin To Net: NetName=MCU_SOL_3_IN1 Pin=U27-3
Added Pin To Net: NetName=SOL_1_VREF Pin=U27-4
Added Pin To Net: NetName=5/12V_Solenoid Pin=U27-5
Added Pin To Net: NetName=SOL_3_OUT1 Pin=U27-6
Added Pin To Net: NetName=NetR265_1 Pin=U27-7
Added Pin To Net: NetName=SOL_3_OUT2 Pin=U27-8
Add Pin To Net: Unknown Pin: Pin U27-9
Added Pin To Net: NetName=GND Pin=U28-1
Added Pin To Net: NetName=MCU_SOL_4_IN2 Pin=U28-2
Added Pin To Net: NetName=MCU_SOL_4_IN1 Pin=U28-3
Added Pin To Net: NetName=SOL_1_VREF Pin=U28-4
Added Pin To Net: NetName=5/12V_Solenoid Pin=U28-5
Added Pin To Net: NetName=SOL_4_OUT1 Pin=U28-6
Added Pin To Net: NetName=NetR268_1 Pin=U28-7
Added Pin To Net: NetName=SOL_4_OUT2 Pin=U28-8
Add Pin To Net: Unknown Pin: Pin U28-9
Add Differential Pair: Number of nets in differential pair NetR299_2 is 1 instead of 2
Add Differential Pair: Number of nets in differential pair NetR300_2 is 1 instead of 2
Added Member To Class: ClassName=11_MCU Member=Component R18 22R
Added Member To Class: ClassName=11_MCU Member=Component R25 22R
Added Member To Class: ClassName=11_MCU Member=Component R26 22R
Added Member To Class: ClassName=19_SOLEDNOID_1 Member=Component U25 TB67H451AFNG,EL
Added Member To Class: ClassName=19_SOLEDNOID_1 Member=Component U26 TB67H451AFNG,EL
Added Member To Class: ClassName=19_SOLEDNOID_1 Member=Component U27 TB67H451AFNG,EL
Added Member To Class: ClassName=19_SOLEDNOID_1 Member=Component U28 TB67H451AFNG,EL
