Removed Pin From Net: NetName=IF_SOM_USB_N Pin=R299-1
Removed Pin From Net: NetName=IF_SOM_USB_P Pin=R300-1
Removed Pin From Net: NetName=USBB_N Pin=R304-2
Removed Pin From Net: NetName=USBB_P Pin=R305-2
Removed Pin From Net: NetName=USBC_N Pin=R308-2
Removed Pin From Net: NetName=USBC_P Pin=R309-2
Removed Pin From Net: NetName=MIPI_CK_N Pin=R312-2
Removed Pin From Net: NetName=MIPI_CK_P Pin=R314-2
Removed Pin From Net: NetName=MIPI_D0_N Pin=R316-2
Removed Pin From Net: NetName=MIPI_D0_P Pin=R318-2
Removed Pin From Net: NetName=MIPI_D1_N Pin=R319-2
Removed Pin From Net: NetName=MIPI_D1_P Pin=R320-2
Removed Member From Class: ClassName=08_SAMA7G54-MPU Member=R299
Removed Member From Class: ClassName=08_SAMA7G54-MPU Member=R300
Removed Member From Class: ClassName=08_SAMA7G54-MPU Member=R304
Removed Member From Class: ClassName=08_SAMA7G54-MPU Member=R305
Removed Member From Class: ClassName=08_SAMA7G54-MPU Member=R308
Removed Member From Class: ClassName=08_SAMA7G54-MPU Member=R309
Removed Member From Class: ClassName=08_SAMA7G54-MPU Member=R312
Removed Member From Class: ClassName=08_SAMA7G54-MPU Member=R314
Removed Member From Class: ClassName=08_SAMA7G54-MPU Member=R316
Removed Member From Class: ClassName=08_SAMA7G54-MPU Member=R318
Removed Member From Class: ClassName=08_SAMA7G54-MPU Member=R319
Removed Member From Class: ClassName=08_SAMA7G54-MPU Member=R320
Removed Member From Class: ClassName=DIFF90 Member=USBA_N
Removed Member From Class: ClassName=DIFF90 Member=USBA_P
Added Pin To Net: NetName=USBB_N Pin=J16-2
Added Pin To Net: NetName=USBB_P Pin=J16-3
Added Pin To Net: NetName=MIPI_D0_N Pin=J24-1
Added Pin To Net: NetName=MIPI_D0_P Pin=J24-2
Added Pin To Net: NetName=MIPI_D1_N Pin=J24-3
Added Pin To Net: NetName=MIPI_D1_P Pin=J24-4
Added Pin To Net: NetName=MIPI_CK_N Pin=J24-5
Added Pin To Net: NetName=MIPI_CK_P Pin=J24-6
Added Pin To Net: NetName=USBC_P Pin=U4-2
Added Pin To Net: NetName=USBC_N Pin=U4-3
Added Pin To Net: NetName=IF_SOM_USB_P Pin=U29-A3
Added Pin To Net: NetName=IF_SOM_USB_N Pin=U29-B3
Added Member To Class: ClassName=11_MCU Member=Component R18 22R
Added Member To Class: ClassName=11_MCU Member=Component R25 22R
Added Member To Class: ClassName=11_MCU Member=Component R26 22R
Added Member To Class: ClassName=DIFF90 Member=Wire IF_SOM_USB_N
Added Member To Class: ClassName=DIFF90 Member=Wire IF_SOM_USB_P
Remove Class Member: Failed to remove class member
Remove Class Member: Failed to remove class member
Remove Class Member: Failed to remove class member
Remove Class Member: Failed to remove class member
Remove Class Member: Failed to remove class member
Added Member To Class: ClassName=DIFF90 Member=IF_SOM_USB
