Removed Pin From Net: NetName=POW_ONOFF_TEC Pin=R404-2
Removed Member From Class: ClassName=11_HEATER Member=J9
Removed Member From Class: ClassName=10_NTC_TEMPSENSOR Member=J11
Removed Member From Class: ClassName=14_HD4_PUMP Member=J13
Removed Member From Class: ClassName=15_SOLEDNOID Member=J21
Removed Member From Class: ClassName=07_USB Member=R144
Removed Member From Class: ClassName=08_MCU Member=R144
Removed Member From Class: ClassName=07_USB Member=R146
Removed Member From Class: ClassName=08_MCU Member=R146
Removed Member From Class: ClassName=12_TEC Member=R146
Removed Member From Class: ClassName=08_MCU Member=R147
Removed Member From Class: ClassName=12_TEC Member=R147
Removed Member From Class: ClassName=07_USB Member=R148
Removed Member From Class: ClassName=08_MCU Member=R148
Removed Member From Class: ClassName=12_TEC Member=R148
Removed Member From Class: ClassName=08_MCU Member=R150
Removed Member From Class: ClassName=12_TEC Member=R150
Removed Member From Class: ClassName=07_USB Member=R151
Removed Member From Class: ClassName=08_MCU Member=R151
Removed Member From Class: ClassName=12_TEC Member=R151
Removed Member From Class: ClassName=07_USB Member=R152
Removed Member From Class: ClassName=08_MCU Member=R152
Removed Member From Class: ClassName=12_TEC Member=R152
Removed Member From Class: ClassName=07_USB Member=R154
Removed Member From Class: ClassName=08_MCU Member=R154
Removed Member From Class: ClassName=12_TEC Member=R154
Removed Member From Class: ClassName=07_USB Member=R155
Removed Member From Class: ClassName=08_MCU Member=R155
Removed Member From Class: ClassName=12_TEC Member=R155
Removed Member From Class: ClassName=07_USB Member=R156
Removed Member From Class: ClassName=08_MCU Member=R156
Removed Member From Class: ClassName=12_TEC Member=R156
Removed Member From Class: ClassName=08_MCU Member=R157
Removed Member From Class: ClassName=12_TEC Member=R157
Removed Member From Class: ClassName=08_MCU Member=R158
Removed Member From Class: ClassName=12_TEC Member=R158
Removed Member From Class: ClassName=08_MCU Member=R159
Removed Member From Class: ClassName=12_TEC Member=R159
Removed Member From Class: ClassName=07_USB Member=R160
Removed Member From Class: ClassName=08_MCU Member=R160
Removed Member From Class: ClassName=12_TEC Member=R160
Removed Member From Class: ClassName=07_USB Member=R161
Removed Member From Class: ClassName=08_MCU Member=R161
Removed Member From Class: ClassName=12_TEC Member=R161
Removed Member From Class: ClassName=07_USB Member=R163
Removed Member From Class: ClassName=08_MCU Member=R163
Removed Member From Class: ClassName=11_HEATER Member=R163
Removed Member From Class: ClassName=12_TEC Member=R163
Removed Member From Class: ClassName=07_USB Member=R167
Removed Member From Class: ClassName=08_MCU Member=R167
Removed Member From Class: ClassName=11_HEATER Member=R167
Removed Member From Class: ClassName=12_TEC Member=R167
Removed Member From Class: ClassName=07_USB Member=R171
Removed Member From Class: ClassName=08_MCU Member=R171
Removed Member From Class: ClassName=11_HEATER Member=R171
Removed Member From Class: ClassName=12_TEC Member=R171
Removed Member From Class: ClassName=10_NTC_TEMPSENSOR Member=R224
Removed Member From Class: ClassName=13_FLOW_Sensor Member=R224
Removed Member From Class: ClassName=14_HD4_PUMP Member=R224
Removed Member From Class: ClassName=10_NTC_TEMPSENSOR Member=R227
Removed Member From Class: ClassName=13_FLOW_Sensor Member=R227
Removed Member From Class: ClassName=14_HD4_PUMP Member=R227
Removed Member From Class: ClassName=10_NTC_TEMPSENSOR Member=R228
Removed Member From Class: ClassName=13_FLOW_Sensor Member=R228
Removed Member From Class: ClassName=14_HD4_PUMP Member=R228
Removed Member From Class: ClassName=10_NTC_TEMPSENSOR Member=R229
Removed Member From Class: ClassName=13_FLOW_Sensor Member=R229
Removed Member From Class: ClassName=14_HD4_PUMP Member=R229
Removed Member From Class: ClassName=10_NTC_TEMPSENSOR Member=R230
Removed Member From Class: ClassName=13_FLOW_Sensor Member=R230
Removed Member From Class: ClassName=14_HD4_PUMP Member=R230
Removed Member From Class: ClassName=10_NTC_TEMPSENSOR Member=R231
Removed Member From Class: ClassName=13_FLOW_Sensor Member=R231
Removed Member From Class: ClassName=14_HD4_PUMP Member=R231
Removed Member From Class: ClassName=10_NTC_TEMPSENSOR Member=R232
Removed Member From Class: ClassName=13_FLOW_Sensor Member=R232
Removed Member From Class: ClassName=14_HD4_PUMP Member=R232
Removed Member From Class: ClassName=10_NTC_TEMPSENSOR Member=R233
Removed Member From Class: ClassName=13_FLOW_Sensor Member=R233
Removed Member From Class: ClassName=10_NTC_TEMPSENSOR Member=R234
Removed Member From Class: ClassName=13_FLOW_Sensor Member=R234
Removed Member From Class: ClassName=06_SOM_USB_CARD Member=R237
Removed Member From Class: ClassName=10_NTC_TEMPSENSOR Member=R237
Removed Member From Class: ClassName=13_FLOW_Sensor Member=R237
Removed Member From Class: ClassName=06_SOM_USB_CARD Member=R238
Removed Member From Class: ClassName=10_NTC_TEMPSENSOR Member=R238
Removed Member From Class: ClassName=13_FLOW_Sensor Member=R238
Removed Member From Class: ClassName=06_SOM_USB_CARD Member=R239
Removed Member From Class: ClassName=10_NTC_TEMPSENSOR Member=R239
Removed Member From Class: ClassName=13_FLOW_Sensor Member=R239
Removed Member From Class: ClassName=14_HD4_PUMP Member=R239
Removed Member From Class: ClassName=07_eMMC Member=R249
Removed Member From Class: ClassName=10_NTC_TEMPSENSOR Member=R249
Removed Member From Class: ClassName=13_FLOW_Sensor Member=R249
Removed Member From Class: ClassName=07_eMMC Member=R250
Removed Member From Class: ClassName=10_NTC_TEMPSENSOR Member=R250
Removed Member From Class: ClassName=13_FLOW_Sensor Member=R250
Removed Member From Class: ClassName=06_SOM Member=R385
Removed Member From Class: ClassName=06_SOM Member=R387
Removed Member From Class: ClassName=06_SOM Member=R389
Removed Member From Class: ClassName=06_SOM Member=R391
Removed Member From Class: ClassName=06_SOM Member=R400
Removed Member From Class: ClassName=09_MRAM_RTC_WDT Member=R400
Removed Member From Class: ClassName=06_SOM Member=R407
Removed Member From Class: ClassName=09_MRAM_RTC_WDT Member=R407
Removed Member From Class: ClassName=06_SOM Member=R409
Removed Member From Class: ClassName=09_MRAM_RTC_WDT Member=R409
Removed Member From Class: ClassName=06_SOM Member=R411
Removed Member From Class: ClassName=09_MRAM_RTC_WDT Member=R411
Removed Member From Class: ClassName=06_SOM Member=R413
Removed Member From Class: ClassName=09_MRAM_RTC_WDT Member=R413
Removed Member From Class: ClassName=06_SOM Member=R414
Removed Member From Class: ClassName=09_MRAM_RTC_WDT Member=R414
Removed Member From Class: ClassName=06_SOM Member=R415
Removed Member From Class: ClassName=POWER_3 Member=R415
Removed Member From Class: ClassName=06_SOM Member=R416
Removed Member From Class: ClassName=POWER_3 Member=R416
Removed Member From Class: ClassName=06_SOM Member=R418
Removed Member From Class: ClassName=POWER_3 Member=R418
Removed Member From Class: ClassName=06_SOM Member=R419
Removed Member From Class: ClassName=POWER_3 Member=R419
Removed Member From Class: ClassName=06_SOM Member=R420
Removed Member From Class: ClassName=POWER_3 Member=R420
Removed Member From Class: ClassName=06_SOM Member=R422
Removed Member From Class: ClassName=09_MRAM_RTC_WDT Member=R422
Removed Member From Class: ClassName=POWER_3 Member=R422
Removed Member From Class: ClassName=06_SOM Member=R423
Removed Member From Class: ClassName=09_MRAM_RTC_WDT Member=R423
Removed Member From Class: ClassName=POWER_3 Member=R423
Removed Member From Class: ClassName=06_SOM Member=R424
Removed Member From Class: ClassName=09_MRAM_RTC_WDT Member=R424
Removed Member From Class: ClassName=POWER_3 Member=R424
Removed Member From Class: ClassName=06_SOM Member=R425
Removed Member From Class: ClassName=09_MRAM_RTC_WDT Member=R425
Removed Member From Class: ClassName=POWER_3 Member=R425
Removed Member From Class: ClassName=06_SOM Member=R426
Removed Member From Class: ClassName=09_MRAM_RTC_WDT Member=R426
Removed Member From Class: ClassName=POWER_3 Member=R426
Added Component: Designator=R?(RES_C_1005X40)
Added Component: Designator=R?(RES_C_1005X40)
Added Component: Designator=R?(RES_C_1005X40)
Added Component: Designator=R?(RES_C_1005X40)
Added Component: Designator=R?(RES_C_1005X40)
Added Component: Designator=R?(RES_C_1005X40)
Add Pin To Net: Unknown Pin: Pin J24-1
Add Pin To Net: Unknown Pin: Pin J24-2
Add Pin To Net: Unknown Pin: Pin J24-3
Add Pin To Net: Unknown Pin: Pin J24-4
Add Pin To Net: Unknown Pin: Pin J24-5
Add Pin To Net: Unknown Pin: Pin J24-6
Add Pin To Net: Unknown Pin: Pin J24-7
Add Pin To Net: Unknown Pin: Pin J24-8
Add Pin To Net: Unknown Pin: Pin J24-9
Add Pin To Net: Unknown Pin: Pin J24-10
Add Pin To Net: Unknown Pin: Pin J24-11
Add Pin To Net: Unknown Pin: Pin J24-M1
Add Pin To Net: Unknown Pin: Pin J24-M2
Added Pin To Net: NetName=MCU_SPI0_nCS0 Pin=R43-1
Added Pin To Net: NetName=POW_ONOFF_TEC Pin=R400-2
Added Pin To Net: NetName=POW_ONOFF_TEC Pin=R406-1
Added Pin To Net: NetName=GND Pin=R?-1
Added Pin To Net: NetName=MCP16502_HPM Pin=R?-1
Added Pin To Net: NetName=MCP16502_HPM Pin=R?-1
Added Pin To Net: NetName=5V_MAIN Pin=R?-2
Added Pin To Net: NetName=IF_MCU_SHUTDOWN Pin=R?-2
Added Pin To Net: NetName=MCP16502_HPM Pin=R?-2
Added Pin To Net: NetName=NetR394_2 Pin=R?-2
Added Pin To Net: NetName=PB12 Pin=R?-2
Added Pin To Net: NetName=POW_ONOFF_TEC Pin=R?-2
Add Pin To Net: Unknown Pin: Pin U25-1
Add Pin To Net: Unknown Pin: Pin U25-2
Add Pin To Net: Unknown Pin: Pin U25-3
Add Pin To Net: Unknown Pin: Pin U25-4
Add Pin To Net: Unknown Pin: Pin U25-5
Add Pin To Net: Unknown Pin: Pin U25-6
Add Pin To Net: Unknown Pin: Pin U25-7
Add Pin To Net: Unknown Pin: Pin U25-8
Add Pin To Net: Unknown Pin: Pin U25-9
Add Pin To Net: Unknown Pin: Pin U26-1
Add Pin To Net: Unknown Pin: Pin U26-2
Add Pin To Net: Unknown Pin: Pin U26-3
Add Pin To Net: Unknown Pin: Pin U26-4
Add Pin To Net: Unknown Pin: Pin U26-5
Add Pin To Net: Unknown Pin: Pin U26-6
Add Pin To Net: Unknown Pin: Pin U26-7
Add Pin To Net: Unknown Pin: Pin U26-8
Add Pin To Net: Unknown Pin: Pin U26-9
Add Pin To Net: Unknown Pin: Pin U27-1
Add Pin To Net: Unknown Pin: Pin U27-2
Add Pin To Net: Unknown Pin: Pin U27-3
Add Pin To Net: Unknown Pin: Pin U27-4
Add Pin To Net: Unknown Pin: Pin U27-5
Add Pin To Net: Unknown Pin: Pin U27-6
Add Pin To Net: Unknown Pin: Pin U27-7
Add Pin To Net: Unknown Pin: Pin U27-8
Add Pin To Net: Unknown Pin: Pin U27-9
Add Pin To Net: Unknown Pin: Pin U28-1
Add Pin To Net: Unknown Pin: Pin U28-2
Add Pin To Net: Unknown Pin: Pin U28-3
Add Pin To Net: Unknown Pin: Pin U28-4
Add Pin To Net: Unknown Pin: Pin U28-5
Add Pin To Net: Unknown Pin: Pin U28-6
Add Pin To Net: Unknown Pin: Pin U28-7
Add Pin To Net: Unknown Pin: Pin U28-8
Add Pin To Net: Unknown Pin: Pin U28-9
Added Pin To Net: NetName=POW_ONOFF_TEC Pin=U36-1
Added Pin To Net: NetName=POW_ONOFF_TEC Pin=U36-1
Change Net Name : Old Net Name=NetR394_2 New Net Name=POW_ONOFF_BUCK_PERI
Change Differential Pair Negative Net Name : Old Net Name=SOM_CAM_D0_N New Net Name=SOM_CAM_D0_N
Added Member To Class: ClassName=10_NTC_TEMPSENSOR Member=Component C92 1uF/20V
Added Member To Class: ClassName=10_NTC_TEMPSENSOR Member=Component C99 0.1uF/10V
Added Member To Class: ClassName=13_FLOW_Sensor Member=Component C121 0.1uF/10V
Added Member To Class: ClassName=13_FLOW_Sensor Member=Component C122 0.1uF/10V
Added Member To Class: ClassName=09_MRAM_RTC_WDT Member=Component C152 0.1uF/10V
Added Member To Class: ClassName=11_HEATER Member=Component D9 1N4007FL
Added Member To Class: ClassName=11_HEATER Member=Component D10 1N4007FL
Added Member To Class: ClassName=11_HEATER Member=Component D11 1N4007FL
Added Member To Class: ClassName=11_HEATER Member=Component D12 1N4007FL
Added Member To Class: ClassName=11_HEATER Member=Component J8 5040500891
Added Member To Class: ClassName=10_NTC_TEMPSENSOR Member=Component J10 5040500891
Added Member To Class: ClassName=14_HD4_PUMP Member=Component J12 5040500891
Added Member To Class: ClassName=13_FLOW_Sensor Member=Component J14 0533980671
Added Member To Class: ClassName=06_SOM_USB_CARD Member=Component J16 0473460001
Added Member To Class: ClassName=CONSOLE Member=Component J18 0533980471
Added Member To Class: ClassName=15_SOLEDNOID Member=Component J20 5040500891
Added Member To Class: ClassName=04_CONNECTOR_OUT Member=Component J22 0533980971
Add Class Member: Failed to add class member : Component J24 0533981171
Added Member To Class: ClassName=11_HEATER Member=Component Q5 AO3400A
Added Member To Class: ClassName=11_HEATER Member=Component Q7 AO3400A
Added Member To Class: ClassName=11_HEATER Member=Component Q8 AO3400A
Added Member To Class: ClassName=11_HEATER Member=Component Q9 AO3400A
Added Member To Class: ClassName=08_MCU Member=Component R86 22R
Added Member To Class: ClassName=08_MCU Member=Component R87 22R
Added Member To Class: ClassName=08_MCU Member=Component R88 22R
Added Member To Class: ClassName=08_MCU Member=Component R89 22R
Added Member To Class: ClassName=08_MCU Member=Component R90 22R
Added Member To Class: ClassName=08_MCU Member=Component R91 22R
Added Member To Class: ClassName=08_MCU Member=Component R92 22R
Added Member To Class: ClassName=08_MCU Member=Component R93 22R
Added Member To Class: ClassName=08_MCU Member=Component R94 22R
Added Member To Class: ClassName=08_MCU Member=Component R95 22R
Added Member To Class: ClassName=08_MCU Member=Component R96 22R
Added Member To Class: ClassName=08_MCU Member=Component R97 22R
Added Member To Class: ClassName=08_MCU Member=Component R98 22R
Added Member To Class: ClassName=08_MCU Member=Component R99 22R
Added Member To Class: ClassName=08_MCU Member=Component R100 22R
Added Member To Class: ClassName=08_MCU Member=Component R101 22R
Added Member To Class: ClassName=08_MCU Member=Component R102 10M
Added Member To Class: ClassName=08_MCU Member=Component R103 5.62k
Added Member To Class: ClassName=07_USB Member=Component R104 10k
Added Member To Class: ClassName=07_USB Member=Component R105 10k
Added Member To Class: ClassName=07_USB Member=Component R106 10k
Added Member To Class: ClassName=07_USB Member=Component R107 100R
Added Member To Class: ClassName=07_USB Member=Component R108 10k
Added Member To Class: ClassName=07_USB Member=Component R109 10k
Added Member To Class: ClassName=07_USB Member=Component R110 10k
Added Member To Class: ClassName=07_USB Member=Component R111 10k
Added Member To Class: ClassName=07_USB Member=Component R112 100R
Added Member To Class: ClassName=07_USB Member=Component R113 DNP/0R
Added Member To Class: ClassName=07_USB Member=Component R114 DNP/0R
Added Member To Class: ClassName=07_USB Member=Component R115 10k
Added Member To Class: ClassName=07_USB Member=Component R116 10k
Added Member To Class: ClassName=12_TEC Member=Component R117 10k
Added Member To Class: ClassName=12_TEC Member=Component R118 10k
Added Member To Class: ClassName=12_TEC Member=Component R119 22R
Added Member To Class: ClassName=12_TEC Member=Component R120 22R
Added Member To Class: ClassName=12_TEC Member=Component R121 22R
Added Member To Class: ClassName=12_TEC Member=Component R122 22R
Added Member To Class: ClassName=12_TEC Member=Component R123 10k
Added Member To Class: ClassName=12_TEC Member=Component R124 10k
Added Member To Class: ClassName=12_TEC Member=Component R125 10k
Added Member To Class: ClassName=12_TEC Member=Component R126 10k
Added Member To Class: ClassName=12_TEC Member=Component R127 10k
Added Member To Class: ClassName=12_TEC Member=Component R128 10k
Added Member To Class: ClassName=12_TEC Member=Component R129 22R
Added Member To Class: ClassName=12_TEC Member=Component R130 22R
Added Member To Class: ClassName=12_TEC Member=Component R131 22R
Added Member To Class: ClassName=12_TEC Member=Component R132 22R
Added Member To Class: ClassName=12_TEC Member=Component R133 10k
Added Member To Class: ClassName=12_TEC Member=Component R134 10k
Added Member To Class: ClassName=12_TEC Member=Component R135 10k
Added Member To Class: ClassName=12_TEC Member=Component R136 10k
Added Member To Class: ClassName=12_TEC Member=Component R137 10k
Added Member To Class: ClassName=12_TEC Member=Component R138 10k
Added Member To Class: ClassName=12_TEC Member=Component R139 10k
Added Member To Class: ClassName=12_TEC Member=Component R140 10k
Added Member To Class: ClassName=12_TEC Member=Component R141 10k
Added Member To Class: ClassName=12_TEC Member=Component R142 10k
Added Member To Class: ClassName=12_TEC Member=Component R143 10k
Added Member To Class: ClassName=11_HEATER Member=Component R145 120R
Added Member To Class: ClassName=11_HEATER Member=Component R149 10k
Added Member To Class: ClassName=11_HEATER Member=Component R153 120R
Added Member To Class: ClassName=10_NTC_TEMPSENSOR Member=Component R168 22R
Added Member To Class: ClassName=10_NTC_TEMPSENSOR Member=Component R169 22R
Added Member To Class: ClassName=10_NTC_TEMPSENSOR Member=Component R170 22R
Added Member To Class: ClassName=10_NTC_TEMPSENSOR Member=Component R172 10k
Added Member To Class: ClassName=10_NTC_TEMPSENSOR Member=Component R173 22R
Added Member To Class: ClassName=10_NTC_TEMPSENSOR Member=Component R174 22R
Added Member To Class: ClassName=10_NTC_TEMPSENSOR Member=Component R175 22R
Added Member To Class: ClassName=10_NTC_TEMPSENSOR Member=Component R176 22R
Added Member To Class: ClassName=10_NTC_TEMPSENSOR Member=Component R177 10k
Added Member To Class: ClassName=10_NTC_TEMPSENSOR Member=Component R178 10k
Added Member To Class: ClassName=10_NTC_TEMPSENSOR Member=Component R179 22R
Added Member To Class: ClassName=10_NTC_TEMPSENSOR Member=Component R180 22R
Added Member To Class: ClassName=10_NTC_TEMPSENSOR Member=Component R181 22R
Added Member To Class: ClassName=10_NTC_TEMPSENSOR Member=Component R182 22R
Added Member To Class: ClassName=10_NTC_TEMPSENSOR Member=Component R183 10k
Added Member To Class: ClassName=10_NTC_TEMPSENSOR Member=Component R184 10k
Added Member To Class: ClassName=10_NTC_TEMPSENSOR Member=Component R185 22R
Added Member To Class: ClassName=14_HD4_PUMP Member=Component R186 DNP/4.7k
Added Member To Class: ClassName=14_HD4_PUMP Member=Component R187 DNP/4.7k
Added Member To Class: ClassName=14_HD4_PUMP Member=Component R188 DNP/4.7k
Added Member To Class: ClassName=14_HD4_PUMP Member=Component R189 DNP/4.7k
Added Member To Class: ClassName=14_HD4_PUMP Member=Component R190 4.7k
Added Member To Class: ClassName=14_HD4_PUMP Member=Component R191 4.7k
Added Member To Class: ClassName=14_HD4_PUMP Member=Component R192 4.7k
Added Member To Class: ClassName=14_HD4_PUMP Member=Component R193 4.7k
Added Member To Class: ClassName=14_HD4_PUMP Member=Component R194 22R
Added Member To Class: ClassName=14_HD4_PUMP Member=Component R195 22R
Added Member To Class: ClassName=14_HD4_PUMP Member=Component R196 10k
Added Member To Class: ClassName=13_FLOW_Sensor Member=Component R197 22R
Added Member To Class: ClassName=13_FLOW_Sensor Member=Component R198 4.7k
Added Member To Class: ClassName=13_FLOW_Sensor Member=Component R199 4.7k
Added Member To Class: ClassName=13_FLOW_Sensor Member=Component R200 4.7k
Added Member To Class: ClassName=13_FLOW_Sensor Member=Component R201 4.7k
Added Member To Class: ClassName=13_FLOW_Sensor Member=Component R202 22R
Added Member To Class: ClassName=13_FLOW_Sensor Member=Component R203 22R
Added Member To Class: ClassName=13_FLOW_Sensor Member=Component R204 22R
Added Member To Class: ClassName=13_FLOW_Sensor Member=Component R205 22R
Added Member To Class: ClassName=13_FLOW_Sensor Member=Component R206 10k
Added Member To Class: ClassName=13_FLOW_Sensor Member=Component R207 22R
Added Member To Class: ClassName=13_FLOW_Sensor Member=Component R208 4.7k
Added Member To Class: ClassName=13_FLOW_Sensor Member=Component R209 4.7k
Added Member To Class: ClassName=13_FLOW_Sensor Member=Component R210 10k
Added Member To Class: ClassName=13_FLOW_Sensor Member=Component R211 4.7k
Added Member To Class: ClassName=13_FLOW_Sensor Member=Component R212 4.7k
Added Member To Class: ClassName=13_FLOW_Sensor Member=Component R213 4.7k
Added Member To Class: ClassName=13_FLOW_Sensor Member=Component R214 4.7k
Added Member To Class: ClassName=13_FLOW_Sensor Member=Component R215 22R
Added Member To Class: ClassName=13_FLOW_Sensor Member=Component R216 22R
Added Member To Class: ClassName=13_FLOW_Sensor Member=Component R217 22R
Added Member To Class: ClassName=13_FLOW_Sensor Member=Component R218 10k
Added Member To Class: ClassName=06_SOM_USB_CARD Member=Component R219 10k
Added Member To Class: ClassName=06_SOM_USB_CARD Member=Component R220 DNP/10k
Added Member To Class: ClassName=06_SOM_USB_CARD Member=Component R221 DNP/10k
Added Member To Class: ClassName=06_SOM_USB_CARD Member=Component R222 DNP/10k
Added Member To Class: ClassName=06_SOM_USB_CARD Member=Component R223 DNP/10k
Added Member To Class: ClassName=06_SOM_USB_CARD Member=Component R225 DNP/10k
Added Member To Class: ClassName=07_eMMC Member=Component R226 10k
Added Member To Class: ClassName=07_eMMC Member=Component R235 10k
Added Member To Class: ClassName=07_eMMC Member=Component R236 10k
Added Member To Class: ClassName=CONSOLE Member=Component R240 10k
Added Member To Class: ClassName=05_POWER_2 Member=Component R241 DNP/10k
Added Member To Class: ClassName=05_POWER_2 Member=Component R242 470k
Added Member To Class: ClassName=05_POWER_2 Member=Component R243 47k
Added Member To Class: ClassName=05_POWER_2 Member=Component R244 47k
Added Member To Class: ClassName=05_POWER_2 Member=Component R245 22R
Added Member To Class: ClassName=05_POWER_2 Member=Component R246 2.2k
Added Member To Class: ClassName=05_POWER_2 Member=Component R247 10k
Added Member To Class: ClassName=05_POWER_2 Member=Component R248 133k
Added Member To Class: ClassName=15_SOLEDNOID Member=Component R251 10k
Added Member To Class: ClassName=15_SOLEDNOID Member=Component R252 10k
Added Member To Class: ClassName=15_SOLEDNOID Member=Component R253 DNP/10k
Added Member To Class: ClassName=15_SOLEDNOID Member=Component R254 10k
Added Member To Class: ClassName=15_SOLEDNOID Member=Component R255 10k
Added Member To Class: ClassName=15_SOLEDNOID Member=Component R256 DNP/10k
Added Member To Class: ClassName=15_SOLEDNOID Member=Component R257 10k
Added Member To Class: ClassName=15_SOLEDNOID Member=Component R258 10k
Added Member To Class: ClassName=15_SOLEDNOID Member=Component R259 DNP/10k
Added Member To Class: ClassName=15_SOLEDNOID Member=Component R260 10k
Added Member To Class: ClassName=15_SOLEDNOID Member=Component R261 10k
Added Member To Class: ClassName=15_SOLEDNOID Member=Component R262 DNP/10k
Added Member To Class: ClassName=04_CONNECTOR_OUT Member=Component R263 10k
Added Member To Class: ClassName=04_CONNECTOR_OUT Member=Component R264 10k
Added Member To Class: ClassName=04_CONNECTOR_OUT Member=Component R265 10k
Added Member To Class: ClassName=04_CONNECTOR_OUT Member=Component R266 10k
Added Member To Class: ClassName=04_CONNECTOR_OUT Member=Component R267 10k
Added Member To Class: ClassName=04_CONNECTOR_OUT Member=Component R268 10k
Added Member To Class: ClassName=04_CONNECTOR_OUT Member=Component R269 10k
Added Member To Class: ClassName=04_CONNECTOR_OUT Member=Component R270 10k
Added Member To Class: ClassName=04_CONNECTOR_OUT Member=Component R271 22R
Added Member To Class: ClassName=04_CONNECTOR_OUT Member=Component R272 22R
Added Member To Class: ClassName=04_CONNECTOR_OUT Member=Component R273 22R
Added Member To Class: ClassName=04_CONNECTOR_OUT Member=Component R274 22R
Added Member To Class: ClassName=04_CONNECTOR_OUT Member=Component R275 22R
Added Member To Class: ClassName=04_CONNECTOR_OUT Member=Component R276 22R
Added Member To Class: ClassName=04_CONNECTOR_OUT Member=Component R277 22R
Added Member To Class: ClassName=04_CONNECTOR_OUT Member=Component R278 22R
Added Member To Class: ClassName=04_CONNECTOR_OUT Member=Component R279 22R
Added Member To Class: ClassName=04_CONNECTOR_OUT Member=Component R280 22R
Added Member To Class: ClassName=04_CONNECTOR_OUT Member=Component R281 22R
Added Member To Class: ClassName=04_CONNECTOR_OUT Member=Component R282 22R
Added Member To Class: ClassName=04_CONNECTOR_OUT Member=Component R283 22R
Added Member To Class: ClassName=04_CONNECTOR_OUT Member=Component R284 22R
Added Member To Class: ClassName=04_CONNECTOR_OUT Member=Component R285 10k
Added Member To Class: ClassName=04_CONNECTOR_OUT Member=Component R286 10k
Added Member To Class: ClassName=04_CONNECTOR_OUT Member=Component R287 10k
Added Member To Class: ClassName=04_CONNECTOR_OUT Member=Component R288 10k
Added Member To Class: ClassName=04_CONNECTOR_OUT Member=Component R289 22R
Added Member To Class: ClassName=04_CONNECTOR_OUT Member=Component R290 22R
Added Member To Class: ClassName=04_CONNECTOR_OUT Member=Component R291 22R
Added Member To Class: ClassName=04_CONNECTOR_OUT Member=Component R292 22R
Added Member To Class: ClassName=04_CONNECTOR_OUT Member=Component R293 22R
Added Member To Class: ClassName=04_CONNECTOR_OUT Member=Component R294 22R
Added Member To Class: ClassName=04_CONNECTOR_OUT Member=Component R295 22R
Added Member To Class: ClassName=04_CONNECTOR_OUT Member=Component R296 22R
Added Member To Class: ClassName=04_CONNECTOR_OUT Member=Component R297 22R
Added Member To Class: ClassName=06_SOM Member=Component R358 22R
Added Member To Class: ClassName=06_SOM Member=Component R359 22R
Added Member To Class: ClassName=06_SOM Member=Component R360 22R
Added Member To Class: ClassName=06_SOM Member=Component R361 22R
Added Member To Class: ClassName=06_SOM Member=Component R362 22R
Added Member To Class: ClassName=06_SOM Member=Component R363 22R
Added Member To Class: ClassName=06_SOM Member=Component R364 10k
Added Member To Class: ClassName=06_SOM Member=Component R365 DNP/10k
Added Member To Class: ClassName=06_SOM Member=Component R366 DNP/10k
Added Member To Class: ClassName=06_SOM Member=Component R367 DNP/10k
Added Member To Class: ClassName=06_SOM Member=Component R368 DNP/10k
Added Member To Class: ClassName=06_SOM Member=Component R369 10k
Added Member To Class: ClassName=06_SOM Member=Component R370 DNP/10k
Added Member To Class: ClassName=06_SOM Member=Component R371 DNP/10k
Added Member To Class: ClassName=06_SOM Member=Component R372 DNP/10k
Added Member To Class: ClassName=06_SOM Member=Component R373 DNP/10k
Added Member To Class: ClassName=06_SOM Member=Component R374 DNP/10k
Added Member To Class: ClassName=06_SOM Member=Component R375 DNP/10k
Added Member To Class: ClassName=06_SOM Member=Component R376 DNP/10k
Added Member To Class: ClassName=06_SOM Member=Component R377 DNP/10k
Added Member To Class: ClassName=06_SOM Member=Component R378 DNP/10k
Added Member To Class: ClassName=09_MRAM_RTC_WDT Member=Component R379 4.7k
Added Member To Class: ClassName=09_MRAM_RTC_WDT Member=Component R380 4.7k
Added Member To Class: ClassName=09_MRAM_RTC_WDT Member=Component R381 4.7k
Added Member To Class: ClassName=09_MRAM_RTC_WDT Member=Component R382 4.7k
Added Member To Class: ClassName=09_MRAM_RTC_WDT Member=Component R383 4.7k
Added Member To Class: ClassName=09_MRAM_RTC_WDT Member=Component R384 4.7k
Added Member To Class: ClassName=09_MRAM_RTC_WDT Member=Component R386 4.7k
Added Member To Class: ClassName=09_MRAM_RTC_WDT Member=Component R388 4.7k
Added Member To Class: ClassName=09_MRAM_RTC_WDT Member=Component R390 10k
Added Member To Class: ClassName=09_MRAM_RTC_WDT Member=Component R392 16.5k/1%
Added Member To Class: ClassName=09_MRAM_RTC_WDT Member=Component R393 16.5k/1%
Added Member To Class: ClassName=POWER_3 Member=Component R394 10k
Added Member To Class: ClassName=POWER_3 Member=Component R395 10k
Added Member To Class: ClassName=POWER_3 Member=Component R397 2.2k
Added Member To Class: ClassName=POWER_3 Member=Component R398 DNP/10k
Added Member To Class: ClassName=POWER_3 Member=Component R399 3.24k
Added Member To Class: ClassName=POWER_3 Member=Component R401 470k
Added Member To Class: ClassName=POWER_3 Member=Component R402 47k
Added Member To Class: ClassName=POWER_3 Member=Component R403 47k
Added Member To Class: ClassName=POWER_3 Member=Component R405 1k
Added Member To Class: ClassName=06_SOM Member=Component R? 10k
Added Member To Class: ClassName=06_SOM Member=Component R? DNP/100k
Added Member To Class: ClassName=08_MCU Member=Component R? 22R
Added Member To Class: ClassName=08_MCU Member=Component R? 22R
Added Member To Class: ClassName=08_MCU Member=Component R? 22R
Added Member To Class: ClassName=08_MCU Member=Component R? 22R
Add Class Member: Failed to add class member : Component U25 TB67H451AFNG,EL
Add Class Member: Failed to add class member : Component U26 TB67H451AFNG,EL
Add Class Member: Failed to add class member : Component U27 TB67H451AFNG,EL
Add Class Member: Failed to add class member : Component U28 TB67H451AFNG,EL
Added Member To Class: ClassName=09_MRAM_RTC_WDT Member=Component U31 AS3004204-0108X0PSAY
