Removed Pin From Net: NetName=SAM7_FLEX1_I2C_SDA Pin=R343-2
Removed Pin From Net: NetName=SAM7_FLEX1_I2C_SCL Pin=R345-2
Removed Member From Class: ClassName=08_SAMA7G54-PMIC Member=R343
Removed Member From Class: ClassName=08_SAMA7G54-PMIC Member=R345
Change Component Comment : Designator=C151 Old Comment=0.1uF/10V/[0201] New Comment=0.1uF/10V
Change Component Comment : Designator=C152 Old Comment=0.1uF/10V/[0201] New Comment=0.1uF/10V
Change Component Comment : Designator=C232 Old Comment=0.1uF/10V/[0201] New Comment=0.1uF/10V
Change Component Comment : Designator=C233 Old Comment=0.1uF/10V/[0201] New Comment=0.1uF/10V
Change Component Comment : Designator=C234 Old Comment=0.1uF/10V/[0201] New Comment=0.1uF/10V
Change Component Comment : Designator=C235 Old Comment=0.1uF/10V/[0201] New Comment=0.1uF/10V
Change Component Comment : Designator=C236 Old Comment=0.1uF/10V/[0201] New Comment=0.1uF/10V
Change Component Comment : Designator=C237 Old Comment=0.1uF/10V/[0201] New Comment=0.1uF/10V
Change Component Comment : Designator=C238 Old Comment=0.1uF/10V/[0201] New Comment=0.1uF/10V
Change Component Comment : Designator=C239 Old Comment=0.1uF/10V/[0201] New Comment=0.1uF/10V
Change Component Comment : Designator=C240 Old Comment=0.1uF/10V/[0201] New Comment=0.1uF/10V
Change Component Comment : Designator=C241 Old Comment=0.1uF/10V/[0201] New Comment=0.1uF/10V
Change Component Comment : Designator=C242 Old Comment=0.1uF/10V/[0201] New Comment=0.1uF/10V
Change Component Comment : Designator=C243 Old Comment=0.1uF/10V/[0201] New Comment=0.1uF/10V
Change Component Comment : Designator=C245 Old Comment=0.1uF/10V/[0201] New Comment=0.1uF/10V
Change Component Comment : Designator=C246 Old Comment=0.1uF/10V/[0201] New Comment=0.1uF/10V
Change Component Comment : Designator=C247 Old Comment=0.1uF/10V/[0201] New Comment=0.1uF/10V
Change Component Comment : Designator=C248 Old Comment=0.1uF/10V/[0201] New Comment=0.1uF/10V
Change Component Comment : Designator=C249 Old Comment=0.1uF/10V/[0201] New Comment=0.1uF/10V
Change Component Comment : Designator=C250 Old Comment=0.1uF/10V/[0201] New Comment=0.1uF/10V
Change Component Comment : Designator=C251 Old Comment=0.1uF/10V/[0201] New Comment=0.1uF/10V
Change Component Comment : Designator=C252 Old Comment=0.1uF/10V/[0201] New Comment=0.1uF/10V
Change Component Comment : Designator=C253 Old Comment=0.1uF/10V/[0201] New Comment=0.1uF/10V
Change Component Comment : Designator=C254 Old Comment=0.1uF/10V/[0201] New Comment=0.1uF/10V
Change Component Comment : Designator=C255 Old Comment=0.1uF/10V/[0201] New Comment=0.1uF/10V
Change Component Comment : Designator=C256 Old Comment=0.1uF/10V/[0201] New Comment=0.1uF/10V
Change Component Comment : Designator=C257 Old Comment=0.1uF/10V/[0201] New Comment=0.1uF/10V
Change Component Comment : Designator=C258 Old Comment=0.1uF/10V/[0201] New Comment=0.1uF/10V
Change Component Comment : Designator=C259 Old Comment=0.1uF/10V/[0201] New Comment=0.1uF/10V
Change Component Comment : Designator=C262 Old Comment=0.1uF/10V/[0201] New Comment=0.1uF/10V
Change Component Comment : Designator=C263 Old Comment=0.1uF/10V/[0201] New Comment=0.1uF/10V
Change Component Comment : Designator=C264 Old Comment=0.1uF/10V/[0201] New Comment=0.1uF/10V
Change Component Comment : Designator=C266 Old Comment=0.1uF/10V/[0201] New Comment=0.1uF/10V
Change Component Comment : Designator=C267 Old Comment=0.1uF/10V/[0201] New Comment=0.1uF/10V
Change Component Comment : Designator=C268 Old Comment=0.1uF/10V/[0201] New Comment=0.1uF/10V
Change Component Comment : Designator=C269 Old Comment=0.1uF/10V/[0201] New Comment=0.1uF/10V
Change Component Comment : Designator=C270 Old Comment=0.1uF/10V/[0201] New Comment=0.1uF/10V
Change Component Comment : Designator=C271 Old Comment=0.1uF/10V/[0201] New Comment=0.1uF/10V
Change Component Comment : Designator=C273 Old Comment=0.1uF/10V/[0201] New Comment=0.1uF/10V
Change Component Comment : Designator=C275 Old Comment=0.1uF/10V/[0201] New Comment=0.1uF/10V
Change Component Comment : Designator=C277 Old Comment=0.1uF/10V/[0201] New Comment=0.1uF/10V
Change Component Comment : Designator=C278 Old Comment=0.1uF/10V/[0201] New Comment=0.1uF/10V
Change Component Comment : Designator=C279 Old Comment=0.1uF/10V/[0201] New Comment=0.1uF/10V
Change Component Comment : Designator=C285 Old Comment=0.1uF/10V/[0201] New Comment=0.1uF/10V
Change Component Comment : Designator=C286 Old Comment=0.1uF/10V/[0201] New Comment=0.1uF/10V
Change Component Comment : Designator=C293 Old Comment=0.1uF/10V/[0201] New Comment=0.1uF/10V
Change Component Comment : Designator=C297 Old Comment=0.1uF/10V/[0201] New Comment=0.1uF/10V
Change Component Comment : Designator=C298 Old Comment=0.1uF/10V/[0201] New Comment=0.1uF/10V
Change Component Comment : Designator=C299 Old Comment=0.1uF/10V/[0201] New Comment=0.1uF/10V
Change Component Comment : Designator=C300 Old Comment=0.1uF/10V/[0201] New Comment=0.1uF/10V
Added Pin To Net: NetName=SAM7_FLEX1_I2C_SDA Pin=U51-5
Added Pin To Net: NetName=SAM7_FLEX1_I2C_SCL Pin=U51-6
Added Member To Class: ClassName=11_MCU Member=Component R18 22R
Added Member To Class: ClassName=11_MCU Member=Component R25 22R
Added Member To Class: ClassName=11_MCU Member=Component R26 22R
Removed Member From Class: ClassName=DIFF90 Member=SENSE1
Removed Member From Class: ClassName=DIFF90 Member=SENSE2
Removed Member From Class: ClassName=DIFF90 Member=SENSE3
Removed Member From Class: ClassName=DIFF90 Member=SENSE4
