Removed Pin From Net: NetName=OBC_CANL Pin=J1-8
Removed Pin From Net: NetName=OBC_CANH Pin=J1-9
Added Component: Designator=R440(RES_C_1005x30_L)
Added Component: Designator=R444(RES_C_1005x30_L)
Added Component: Designator=TP15(Testpoint_50)
Add component (AddParameter): Name = "Category"; Value = ""; VariantName = "[No Variations]"
Add component (AddParameter): Name = "CompanyID"; Value = ""; VariantName = "[No Variations]"
Add component (AddParameter): Name = "MFR"; Value = ""; VariantName = "[No Variations]"
Add component (AddParameter): Name = "MFR_URL"; Value = ""; VariantName = "[No Variations]"
Add component (AddParameter): Name = "MPN"; Value = ""; VariantName = "[No Variations]"
Add component (AddParameter): Name = "PinCount"; Value = ""; VariantName = "[No Variations]"
Add component (AddParameter): Name = "Solder"; Value = "NF"; VariantName = "[No Variations]"
Add component (AddParameter): Name = "Value"; Value = ""; VariantName = "[No Variations]"
Added Pin To Net: NetName=OBC_CANH Pin=R440-2
Added Pin To Net: NetName=OBC_CANL Pin=R444-2
Added Pin To Net: NetName=OBC_CANL Pin=U41-6
Added Pin To Net: NetName=OBC_CANH Pin=U41-7
Change Net Name : Old Net Name=OBC_CANH New Net Name=CAN_H
Change Net Name : Old Net Name=OBC_CANL New Net Name=CAN_L
Added Pin To Net: NetName=OBC_CANH Pin=J1-9
Added Pin To Net: NetName=OBC_CANH Pin=R440-1
Added Net: Name=OBC_CANH
Added Pin To Net: NetName=OBC_CANL Pin=J1-8
Added Pin To Net: NetName=OBC_CANL Pin=R444-1
Added Net: Name=OBC_CANL
Added Member To Class: ClassName=11_MCU Member=Component R18 22R
Added Member To Class: ClassName=11_MCU Member=Component R25 22R
Added Member To Class: ClassName=11_MCU Member=Component R26 22R
Added Member To Class: ClassName=07_CAN Member=Component R440 22R
Added Member To Class: ClassName=07_CAN Member=Component R444 22R
Added Member To Class: ClassName=08_SAMA7G54-PMIC Member=Component TP15
