Removed Pin From Net: NetName=PA10 Pin=R20-1
Removed Pin From Net: NetName=PA11 Pin=R21-1
Removed Pin From Net: NetName=PD12 Pin=R24-2
Removed Pin From Net: NetName=PA13 Pin=R25-1
Removed Pin From Net: NetName=PA15 Pin=R27-1
Removed Pin From Net: NetName=PA28 Pin=R40-1
Removed Pin From Net: NetName=PA29 Pin=R42-1
Removed Pin From Net: NetName=PC20 Pin=R72-1
Removed Member From Class: ClassName=MOUTING Member=H1
Removed Member From Class: ClassName=MOUTING Member=H6
Add Component: Footprint Not Found CAP_C_1608X80
Add Component: Footprint Not Found CAP_C_1608X80
Add Component: Footprint Not Found CAP_C_1608X80
Add Component: Footprint Not Found CAP_C_1608X80
Add Component: Footprint Not Found CAP_C_1608X80
Add Component: Footprint Not Found CAP_C_1608X80
Add Component: Footprint Not Found CAP_C_1608X80
Add Component: Footprint Not Found CAP_C_1608X80
Add Component: Footprint Not Found CAP_C_1608X80
Add Component: Footprint Not Found CAP_C_1608X80
Add Component: Footprint Not Found RES_C_1608X60
Add Component: Footprint Not Found RES_C_1608X60
Add Component: Footprint Not Found RES_C_1608X60
Add Component: Footprint Not Found RES_C_1608X60
Add Component: Footprint Not Found RES_C_1608X60
Add Component: Footprint Not Found RES_C_1608X60
Add Component: Footprint Not Found RES_C_1608X60
Add Component: Footprint Not Found RES_C_1608X60
Add Component: Footprint Not Found RES_C_1608X60
Add Component: Footprint Not Found RES_C_1608X60
Add Component: Footprint Not Found RES_C_1608X60
Add Component: Footprint Not Found RES_C_1608X60
Add Component: Footprint Not Found AP6-00118
Add Component: Footprint Not Found QFN40P400X400X80-29N
Add Component: Footprint Not Found SOIC_PRQ1_TEX
Add Component: Footprint Not Found SOIC8_150MIL_N_ISI
Add Component: Footprint Not Found AP7-00044
Add Component: Footprint Not Found AP7-00039
Add Pin To Net: Unknown Pin: Pin C7-1
Add Pin To Net: Unknown Pin: Pin C7-2
Add Pin To Net: Unknown Pin: Pin C8-1
Add Pin To Net: Unknown Pin: Pin C8-2
Add Pin To Net: Unknown Pin: Pin C9-1
Add Pin To Net: Unknown Pin: Pin C9-2
Add Pin To Net: Unknown Pin: Pin C15-1
Add Pin To Net: Unknown Pin: Pin C15-2
Add Pin To Net: Unknown Pin: Pin C16-1
Add Pin To Net: Unknown Pin: Pin C16-2
Add Pin To Net: Unknown Pin: Pin C158-1
Add Pin To Net: Unknown Pin: Pin C158-2
Add Pin To Net: Unknown Pin: Pin C159-1
Add Pin To Net: Unknown Pin: Pin C159-2
Add Pin To Net: Unknown Pin: Pin C160-1
Add Pin To Net: Unknown Pin: Pin C160-2
Add Pin To Net: Unknown Pin: Pin C163-1
Add Pin To Net: Unknown Pin: Pin C163-2
Add Pin To Net: Unknown Pin: Pin C164-1
Add Pin To Net: Unknown Pin: Pin C164-2
Add Pin To Net: Unknown Pin: Pin J1-S1
Add Pin To Net: Unknown Pin: Pin J1-S2
Add Pin To Net: Unknown Pin: Pin J2-S1
Add Pin To Net: Unknown Pin: Pin J2-S2
Add Pin To Net: Unknown Pin: Pin J3-2
Add Pin To Net: Unknown Pin: Pin J3-3
Add Pin To Net: Unknown Pin: Pin J3-4
Add Pin To Net: Unknown Pin: Pin J3-5
Add Pin To Net: Unknown Pin: Pin J3-6
Add Pin To Net: Unknown Pin: Pin J3-8
Add Pin To Net: Unknown Pin: Pin J23-1
Add Pin To Net: Unknown Pin: Pin J23-2
Add Pin To Net: Unknown Pin: Pin J23-3
Add Pin To Net: Unknown Pin: Pin J23-4
Add Pin To Net: Unknown Pin: Pin J23-5
Add Pin To Net: Unknown Pin: Pin J23-6
Add Pin To Net: Unknown Pin: Pin J23-7
Add Pin To Net: Unknown Pin: Pin J23-8
Add Pin To Net: Unknown Pin: Pin J23-9
Add Pin To Net: Unknown Pin: Pin J23-10
Add Pin To Net: Unknown Pin: Pin J23-11
Add Pin To Net: Unknown Pin: Pin J23-M1
Add Pin To Net: Unknown Pin: Pin J23-M2
Add Pin To Net: Unknown Pin: Pin J24-2
Add Pin To Net: Unknown Pin: Pin J24-3
Add Pin To Net: Unknown Pin: Pin J24-4
Add Pin To Net: Unknown Pin: Pin J24-5
Add Pin To Net: Unknown Pin: Pin J24-6
Add Pin To Net: Unknown Pin: Pin J24-7
Add Pin To Net: Unknown Pin: Pin J24-8
Add Pin To Net: Unknown Pin: Pin R7-1
Add Pin To Net: Unknown Pin: Pin R7-2
Add Pin To Net: Unknown Pin: Pin R8-1
Add Pin To Net: Unknown Pin: Pin R8-2
Add Pin To Net: Unknown Pin: Pin R9-1
Add Pin To Net: Unknown Pin: Pin R9-2
Add Pin To Net: Unknown Pin: Pin R10-1
Add Pin To Net: Unknown Pin: Pin R10-2
Added Pin To Net: NetName=PC20 Pin=R77-2
Add Pin To Net: Unknown Pin: Pin R232-1
Add Pin To Net: Unknown Pin: Pin R232-2
Add Pin To Net: Unknown Pin: Pin R236-1
Add Pin To Net: Unknown Pin: Pin R236-2
Added Pin To Net: NetName=PD15 Pin=R296-2
Added Pin To Net: NetName=PD12 Pin=R299-2
Added Pin To Net: NetName=PB12 Pin=R301-2
Added Pin To Net: NetName=PD17 Pin=R303-2
Added Pin To Net: NetName=PA10 Pin=R306-2
Added Pin To Net: NetName=PA11 Pin=R324-2
Added Pin To Net: NetName=PA15 Pin=R334-2
Added Pin To Net: NetName=PA28 Pin=R341-2
Added Pin To Net: NetName=PA29 Pin=R343-2
Added Pin To Net: NetName=PA13 Pin=R354-1
Added Pin To Net: NetName=PA13 Pin=R355-2
Add Pin To Net: Unknown Pin: Pin R374-1
Add Pin To Net: Unknown Pin: Pin R374-2
Add Pin To Net: Unknown Pin: Pin R376-1
Add Pin To Net: Unknown Pin: Pin R376-2
Add Pin To Net: Unknown Pin: Pin R378-1
Add Pin To Net: Unknown Pin: Pin R378-2
Add Pin To Net: Unknown Pin: Pin R384-1
Add Pin To Net: Unknown Pin: Pin R384-2
Add Pin To Net: Unknown Pin: Pin R393-1
Add Pin To Net: Unknown Pin: Pin R393-2
Add Pin To Net: Unknown Pin: Pin R401-1
Add Pin To Net: Unknown Pin: Pin R401-2
Add Pin To Net: Unknown Pin: Pin U3-1
Add Pin To Net: Unknown Pin: Pin U3-3
Add Pin To Net: Unknown Pin: Pin U3-4
Add Pin To Net: Unknown Pin: Pin U3-5
Add Pin To Net: Unknown Pin: Pin U3-6
Add Pin To Net: Unknown Pin: Pin U3-7
Add Pin To Net: Unknown Pin: Pin U3-8
Add Pin To Net: Unknown Pin: Pin U3-9
Add Pin To Net: Unknown Pin: Pin U3-10
Add Pin To Net: Unknown Pin: Pin U3-11
Add Pin To Net: Unknown Pin: Pin U3-12
Add Pin To Net: Unknown Pin: Pin U3-13
Add Pin To Net: Unknown Pin: Pin U3-14
Add Pin To Net: Unknown Pin: Pin U3-15
Add Pin To Net: Unknown Pin: Pin U3-16
Add Pin To Net: Unknown Pin: Pin U3-17
Add Pin To Net: Unknown Pin: Pin U3-18
Add Pin To Net: Unknown Pin: Pin U3-19
Add Pin To Net: Unknown Pin: Pin U3-20
Add Pin To Net: Unknown Pin: Pin U3-21
Add Pin To Net: Unknown Pin: Pin U3-22
Add Pin To Net: Unknown Pin: Pin U3-23
Add Pin To Net: Unknown Pin: Pin U3-24
Add Pin To Net: Unknown Pin: Pin U3-26
Add Pin To Net: Unknown Pin: Pin U3-27
Add Pin To Net: Unknown Pin: Pin U3-28
Add Pin To Net: Unknown Pin: Pin U3-29
Add Pin To Net: Unknown Pin: Pin U3-30
Add Pin To Net: Unknown Pin: Pin U3-31
Add Pin To Net: Unknown Pin: Pin U3-32
Add Pin To Net: Unknown Pin: Pin U3-33
Add Pin To Net: Unknown Pin: Pin U3-35
Add Pin To Net: Unknown Pin: Pin U3-36
Add Pin To Net: Unknown Pin: Pin U3-38
Add Pin To Net: Unknown Pin: Pin U3-39
Add Pin To Net: Unknown Pin: Pin U3-40
Add Pin To Net: Unknown Pin: Pin U3-41
Add Pin To Net: Unknown Pin: Pin U3-43
Add Pin To Net: Unknown Pin: Pin U3-44
Add Pin To Net: Unknown Pin: Pin U3-47
Add Pin To Net: Unknown Pin: Pin U3-48
Add Pin To Net: Unknown Pin: Pin U3-50
Add Pin To Net: Unknown Pin: Pin U3-54
Add Pin To Net: Unknown Pin: Pin U3-58
Add Pin To Net: Unknown Pin: Pin U3-61
Add Pin To Net: Unknown Pin: Pin U3-72
Add Pin To Net: Unknown Pin: Pin U3-73
Add Pin To Net: Unknown Pin: Pin U3-75
Add Pin To Net: Unknown Pin: Pin U3-76
Add Pin To Net: Unknown Pin: Pin U3-77
Add Pin To Net: Unknown Pin: Pin U3-79
Add Pin To Net: Unknown Pin: Pin U3-80
Add Pin To Net: Unknown Pin: Pin U3-81
Add Pin To Net: Unknown Pin: Pin U3-82
Add Pin To Net: Unknown Pin: Pin U3-83
Add Pin To Net: Unknown Pin: Pin U3-85
Add Pin To Net: Unknown Pin: Pin U3-86
Add Pin To Net: Unknown Pin: Pin U3-89
Add Pin To Net: Unknown Pin: Pin U3-91
Add Pin To Net: Unknown Pin: Pin U3-93
Add Pin To Net: Unknown Pin: Pin U3-95
Add Pin To Net: Unknown Pin: Pin U3-96
Add Pin To Net: Unknown Pin: Pin U3-98
Add Pin To Net: Unknown Pin: Pin U3-99
Add Pin To Net: Unknown Pin: Pin U3-101
Add Pin To Net: Unknown Pin: Pin U3-102
Add Pin To Net: Unknown Pin: Pin U3-103
Add Pin To Net: Unknown Pin: Pin U3-104
Add Pin To Net: Unknown Pin: Pin U3-105
Add Pin To Net: Unknown Pin: Pin U3-107
Add Pin To Net: Unknown Pin: Pin U3-109
Add Pin To Net: Unknown Pin: Pin U3-110
Add Pin To Net: Unknown Pin: Pin U3-113
Add Pin To Net: Unknown Pin: Pin U3-114
Add Pin To Net: Unknown Pin: Pin U3-115
Add Pin To Net: Unknown Pin: Pin U3-118
Add Pin To Net: Unknown Pin: Pin U3-119
Add Pin To Net: Unknown Pin: Pin U3-121
Add Pin To Net: Unknown Pin: Pin U3-122
Add Pin To Net: Unknown Pin: Pin U3-123
Add Pin To Net: Unknown Pin: Pin U3-124
Add Pin To Net: Unknown Pin: Pin U3-125
Add Pin To Net: Unknown Pin: Pin U3-126
Add Pin To Net: Unknown Pin: Pin U3-127
Add Pin To Net: Unknown Pin: Pin U3-128
Add Pin To Net: Unknown Pin: Pin U3-130
Add Pin To Net: Unknown Pin: Pin U3-131
Add Pin To Net: Unknown Pin: Pin U3-132
Add Pin To Net: Unknown Pin: Pin U3-133
Add Pin To Net: Unknown Pin: Pin U3-134
Add Pin To Net: Unknown Pin: Pin U3-135
Add Pin To Net: Unknown Pin: Pin U3-136
Add Pin To Net: Unknown Pin: Pin U3-137
Add Pin To Net: Unknown Pin: Pin U3-138
Add Pin To Net: Unknown Pin: Pin U3-139
Add Pin To Net: Unknown Pin: Pin U3-140
Add Pin To Net: Unknown Pin: Pin U3-141
Add Pin To Net: Unknown Pin: Pin U3-142
Add Pin To Net: Unknown Pin: Pin U3-143
Add Pin To Net: Unknown Pin: Pin U10-1
Add Pin To Net: Unknown Pin: Pin U10-2
Add Pin To Net: Unknown Pin: Pin U10-3
Add Pin To Net: Unknown Pin: Pin U10-4
Add Pin To Net: Unknown Pin: Pin U10-5
Add Pin To Net: Unknown Pin: Pin U10-6
Add Pin To Net: Unknown Pin: Pin U10-7
Add Pin To Net: Unknown Pin: Pin U10-8
Add Pin To Net: Unknown Pin: Pin U10-9
Add Pin To Net: Unknown Pin: Pin U10-11
Add Pin To Net: Unknown Pin: Pin U10-14
Add Pin To Net: Unknown Pin: Pin U10-15
Add Pin To Net: Unknown Pin: Pin U10-16
Add Pin To Net: Unknown Pin: Pin U10-17
Add Pin To Net: Unknown Pin: Pin U10-18
Add Pin To Net: Unknown Pin: Pin U10-19
Add Pin To Net: Unknown Pin: Pin U10-20
Add Pin To Net: Unknown Pin: Pin U10-21
Add Pin To Net: Unknown Pin: Pin U10-22
Add Pin To Net: Unknown Pin: Pin U10-23
Add Pin To Net: Unknown Pin: Pin U10-24
Add Pin To Net: Unknown Pin: Pin U10-25
Add Pin To Net: Unknown Pin: Pin U10-26
Add Pin To Net: Unknown Pin: Pin U10-27
Add Pin To Net: Unknown Pin: Pin U10-28
Add Pin To Net: Unknown Pin: Pin U10-29
Add Pin To Net: Unknown Pin: Pin U25-1
Add Pin To Net: Unknown Pin: Pin U25-2
Add Pin To Net: Unknown Pin: Pin U25-3
Add Pin To Net: Unknown Pin: Pin U25-4
Add Pin To Net: Unknown Pin: Pin U25-5
Add Pin To Net: Unknown Pin: Pin U25-6
Add Pin To Net: Unknown Pin: Pin U25-7
Add Pin To Net: Unknown Pin: Pin U25-8
Add Pin To Net: Unknown Pin: Pin U25-9
Add Pin To Net: Unknown Pin: Pin U26-1
Add Pin To Net: Unknown Pin: Pin U26-2
Add Pin To Net: Unknown Pin: Pin U26-3
Add Pin To Net: Unknown Pin: Pin U26-4
Add Pin To Net: Unknown Pin: Pin U26-5
Add Pin To Net: Unknown Pin: Pin U26-6
Add Pin To Net: Unknown Pin: Pin U26-7
Add Pin To Net: Unknown Pin: Pin U26-8
Add Pin To Net: Unknown Pin: Pin U26-9
Add Pin To Net: Unknown Pin: Pin U27-1
Add Pin To Net: Unknown Pin: Pin U27-2
Add Pin To Net: Unknown Pin: Pin U27-3
Add Pin To Net: Unknown Pin: Pin U27-4
Add Pin To Net: Unknown Pin: Pin U27-5
Add Pin To Net: Unknown Pin: Pin U27-6
Add Pin To Net: Unknown Pin: Pin U27-7
Add Pin To Net: Unknown Pin: Pin U27-8
Add Pin To Net: Unknown Pin: Pin U27-9
Add Pin To Net: Unknown Pin: Pin U28-1
Add Pin To Net: Unknown Pin: Pin U28-2
Add Pin To Net: Unknown Pin: Pin U28-3
Add Pin To Net: Unknown Pin: Pin U28-4
Add Pin To Net: Unknown Pin: Pin U28-5
Add Pin To Net: Unknown Pin: Pin U28-6
Add Pin To Net: Unknown Pin: Pin U28-7
Add Pin To Net: Unknown Pin: Pin U28-8
Add Pin To Net: Unknown Pin: Pin U28-9
Added Pin To Net: NetName=PD15 Pin=U29-19
Added Pin To Net: NetName=PD12 Pin=U29-20
Added Pin To Net: NetName=PD17 Pin=U29-23
Added Pin To Net: NetName=PD23 Pin=U29-28
Added Pin To Net: NetName=PD25 Pin=U29-30
Added Pin To Net: NetName=PD24 Pin=U29-32
Added Pin To Net: NetName=PD26 Pin=U29-36
Added Pin To Net: NetName=PC14 Pin=U29-92
Added Pin To Net: NetName=PC20 Pin=U29-103
Added Pin To Net: NetName=PD19 Pin=U29-110
Added Pin To Net: NetName=PA10 Pin=U29-120
Added Pin To Net: NetName=PA11 Pin=U29-129
Added Pin To Net: NetName=PA13 Pin=U29-132
Added Pin To Net: NetName=PB12 Pin=U29-157
Added Pin To Net: NetName=PA15 Pin=U29-180
Added Pin To Net: NetName=PA28 Pin=U29-187
Added Pin To Net: NetName=PA29 Pin=U29-188
Add Pin To Net: Unknown Pin: Pin U32-1
Add Pin To Net: Unknown Pin: Pin U32-2
Add Pin To Net: Unknown Pin: Pin U32-3
Add Pin To Net: Unknown Pin: Pin U32-4
Add Pin To Net: Unknown Pin: Pin U32-5
Add Pin To Net: Unknown Pin: Pin U32-6
Add Pin To Net: Unknown Pin: Pin U32-7
Add Pin To Net: Unknown Pin: Pin U32-8
Add Pin To Net: Unknown Pin: Pin U32-9
Add Pin To Net: Unknown Pin: Pin U32-10
Add Pin To Net: Unknown Pin: Pin U32-11
Add Pin To Net: Unknown Pin: Pin U32-12
Add Pin To Net: Unknown Pin: Pin U32-13
Add Pin To Net: Unknown Pin: Pin U32-14
Add Pin To Net: Unknown Pin: Pin U32-16
Add Pin To Net: Unknown Pin: Pin U33-1
Add Pin To Net: Unknown Pin: Pin U33-2
Add Pin To Net: Unknown Pin: Pin U33-3
Add Pin To Net: Unknown Pin: Pin U33-4
Add Pin To Net: Unknown Pin: Pin U33-5
Add Pin To Net: Unknown Pin: Pin U33-6
Add Pin To Net: Unknown Pin: Pin U33-7
Add Pin To Net: Unknown Pin: Pin U33-8
Add Pin To Net: Unknown Pin: Pin XC1-1
Add Pin To Net: Unknown Pin: Pin XC1-2
Add Pin To Net: Unknown Pin: Pin XC1-3
Add Pin To Net: Unknown Pin: Pin XC2-1
Add Pin To Net: Unknown Pin: Pin XC2-2
Add Pin To Net: Unknown Pin: Pin XC2-3
Add Pin To Net: Unknown Pin: Pin XC2-4
Add Net: Net with name "PA10" already exists
Add Net: Net with name "PA11" already exists
Add Net: Net with name "PA12" already exists
Add Net: Net with name "PA13" already exists
Add Net: Net with name "PA14" already exists
Add Net: Net with name "PA15" already exists
Add Net: Net with name "PA16" already exists
Add Net: Net with name "PA17" already exists
Add Net: Net with name "PA18" already exists
Add Net: Net with name "PA21" already exists
Add Net: Net with name "PA22" already exists
Add Net: Net with name "PA23" already exists
Add Net: Net with name "PA24" already exists
Add Net: Net with name "PA25" already exists
Add Net: Net with name "PA26" already exists
Add Net: Net with name "PA27" already exists
Add Net: Net with name "PA28" already exists
Add Net: Net with name "PA29" already exists
Add Net: Net with name "PA30" already exists
Add Net: Net with name "PA31" already exists
Add Net: Net with name "PB12" already exists
Add Net: Net with name "PB13" already exists
Add Net: Net with name "PC10" already exists
Add Net: Net with name "PC11" already exists
Add Net: Net with name "PC14" already exists
Add Net: Net with name "PC16" already exists
Add Net: Net with name "PC17" already exists
Add Net: Net with name "PC18" already exists
Add Net: Net with name "PC19" already exists
Add Net: Net with name "PC20" already exists
Add Net: Net with name "PD12" already exists
Add Net: Net with name "PD13" already exists
Add Net: Net with name "PD14" already exists
Add Net: Net with name "PD15" already exists
Add Net: Net with name "PD16" already exists
Add Net: Net with name "PD17" already exists
Add Net: Net with name "PD18" already exists
Add Net: Net with name "PD19" already exists
Add Net: Net with name "PD20" already exists
Add Net: Net with name "PD21" already exists
Add Net: Net with name "PD22" already exists
Add Net: Net with name "PD23" already exists
Add Net: Net with name "PD24" already exists
Add Net: Net with name "PD25" already exists
Add Net: Net with name "PD26" already exists
Add Net: Net with name "PD27" already exists
Add Net: Net with name "PD28" already exists
Add Net: Net with name "PD29" already exists
Add Net: Net with name "PD30" already exists
Add Net: Net with name "PD31" already exists
Add Class Member: Failed to add class member : Component C7 0.01uF/16V
Add Class Member: Failed to add class member : Component C8 0.22uF/16V
Add Class Member: Failed to add class member : Component C9 0.22uF/10V
Add Class Member: Failed to add class member : Component C15 0.22uF/16V
Add Class Member: Failed to add class member : Component C16 0.22uF/10V
Add Class Member: Failed to add class member : Component C158 0.01uF/16V
Add Class Member: Failed to add class member : Component C159 0.22uF/16V
Add Class Member: Failed to add class member : Component C160 0.22uF/10V
Add Class Member: Failed to add class member : Component C163 0.22uF/16V
Add Class Member: Failed to add class member : Component C164 0.22uF/10V
Add Class Member: Failed to add class member : Component J3 HEADER 8x1
Add Class Member: Failed to add class member : Component J23 0533981171
Add Class Member: Failed to add class member : Component J24 HEADER 8x1
Add Class Member: Failed to add class member : Component R7 10k
Add Class Member: Failed to add class member : Component R8 2.2k
Add Class Member: Failed to add class member : Component R9 2.2k
Add Class Member: Failed to add class member : Component R10 3.24k
Add Class Member: Failed to add class member : Component R232 2.2k
Add Class Member: Failed to add class member : Component R236 2.2k
Add Class Member: Failed to add class member : Component R374 10k
Add Class Member: Failed to add class member : Component R376 2.2k
Add Class Member: Failed to add class member : Component R378 3.24k
Add Class Member: Failed to add class member : Component R384 2.2k
Add Class Member: Failed to add class member : Component R393 2.2k
Add Class Member: Failed to add class member : Component R401 2.2k
Add Class Member: Failed to add class member : Component U3 Revision B
Add Class Member: Failed to add class member : Component U10 IC_SW_MAX14662ETI+T
Add Class Member: Failed to add class member : Component U25 TB67H451AFNG,EL
Add Class Member: Failed to add class member : Component U26 TB67H451AFNG,EL
Add Class Member: Failed to add class member : Component U27 TB67H451AFNG,EL
Add Class Member: Failed to add class member : Component U28 TB67H451AFNG,EL
Add Class Member: Failed to add class member : Component U32 SN3257QPWRQ1
Add Class Member: Failed to add class member : Component U33 IS66WVS8M8FBLL-104NLI
Add Class Member: Failed to add class member : Component XC1 Farnell order no:1539364
Add Class Member: Failed to add class member : Component XC2
