Added Component: Designator=J24(MOLEX_0533981171)
Added Pin To Net: NetName=SOM_CAM_D0_N Pin=J24-1
Added Pin To Net: NetName=SOM_CAM_D0_P Pin=J24-2
Added Pin To Net: NetName=SOM_CAM_D1_N Pin=J24-3
Added Pin To Net: NetName=SOM_CAM_D1_P Pin=J24-4
Added Pin To Net: NetName=SOM_CAM_CK_N Pin=J24-5
Added Pin To Net: NetName=SOM_CAM_CK_P Pin=J24-6
Added Pin To Net: NetName=GND Pin=J24-7
Added Pin To Net: NetName=SOM_CAM_I2C_SDA Pin=J24-8
Added Pin To Net: NetName=SOM_CAM_I2C_SCL Pin=J24-9
Added Pin To Net: NetName=GND Pin=J24-10
Added Pin To Net: NetName=5V_MAIN Pin=J24-11
Added Pin To Net: NetName=GND Pin=J24-M1
Added Pin To Net: NetName=GND Pin=J24-M2
Add Pin To Net: Unknown Pin: Pin U25-1
Add Pin To Net: Unknown Pin: Pin U25-2
Add Pin To Net: Unknown Pin: Pin U25-3
Add Pin To Net: Unknown Pin: Pin U25-4
Add Pin To Net: Unknown Pin: Pin U25-5
Add Pin To Net: Unknown Pin: Pin U25-6
Add Pin To Net: Unknown Pin: Pin U25-7
Add Pin To Net: Unknown Pin: Pin U25-8
Add Pin To Net: Unknown Pin: Pin U25-9
Add Pin To Net: Unknown Pin: Pin U26-1
Add Pin To Net: Unknown Pin: Pin U26-2
Add Pin To Net: Unknown Pin: Pin U26-3
Add Pin To Net: Unknown Pin: Pin U26-4
Add Pin To Net: Unknown Pin: Pin U26-5
Add Pin To Net: Unknown Pin: Pin U26-6
Add Pin To Net: Unknown Pin: Pin U26-7
Add Pin To Net: Unknown Pin: Pin U26-8
Add Pin To Net: Unknown Pin: Pin U26-9
Add Pin To Net: Unknown Pin: Pin U27-1
Add Pin To Net: Unknown Pin: Pin U27-2
Add Pin To Net: Unknown Pin: Pin U27-3
Add Pin To Net: Unknown Pin: Pin U27-4
Add Pin To Net: Unknown Pin: Pin U27-5
Add Pin To Net: Unknown Pin: Pin U27-6
Add Pin To Net: Unknown Pin: Pin U27-7
Add Pin To Net: Unknown Pin: Pin U27-8
Add Pin To Net: Unknown Pin: Pin U27-9
Add Pin To Net: Unknown Pin: Pin U28-1
Add Pin To Net: Unknown Pin: Pin U28-2
Add Pin To Net: Unknown Pin: Pin U28-3
Add Pin To Net: Unknown Pin: Pin U28-4
Add Pin To Net: Unknown Pin: Pin U28-5
Add Pin To Net: Unknown Pin: Pin U28-6
Add Pin To Net: Unknown Pin: Pin U28-7
Add Pin To Net: Unknown Pin: Pin U28-8
Add Pin To Net: Unknown Pin: Pin U28-9
Added Member To Class: ClassName=05_CONNECTOR_OUT Member=Component J24 0533981171
Add Class Member: Failed to add class member : Component U25 TB67H451AFNG,EL
Add Class Member: Failed to add class member : Component U26 TB67H451AFNG,EL
Add Class Member: Failed to add class member : Component U27 TB67H451AFNG,EL
Add Class Member: Failed to add class member : Component U28 TB67H451AFNG,EL
