Removed Pin From Net: NetName=GND Pin=C214-1
Removed Pin From Net: NetName=5V_HD4 Pin=C214-2
Removed Member From Class: ClassName=18_HD4_PUMP_2 Member=C214
Add Pin To Net: Unknown Pin: Pin TP6-0
Add Pin To Net: Unknown Pin: Pin TP7-0
Add Pin To Net: Unknown Pin: Pin TP8-0
Add Pin To Net: Unknown Pin: Pin TP9-0
Add Pin To Net: Unknown Pin: Pin TP10-0
Add Pin To Net: Unknown Pin: Pin TP11-0
Add Pin To Net: Unknown Pin: Pin TP12-0
Add Pin To Net: Unknown Pin: Pin TP13-0
Add Pin To Net: Unknown Pin: Pin TP14-0
Add Pin To Net: Unknown Pin: Pin TP16-0
Add Pin To Net: Unknown Pin: Pin TP19-0
Add Pin To Net: Unknown Pin: Pin TP20-0
Add Pin To Net: Unknown Pin: Pin TP21-0
Add Pin To Net: Unknown Pin: Pin TP22-0
Add Pin To Net: Unknown Pin: Pin TP23-0
Add Pin To Net: Unknown Pin: Pin TP24-0
Add Pin To Net: Unknown Pin: Pin TP25-0
Add Pin To Net: Unknown Pin: Pin TP26-0
Add Pin To Net: Unknown Pin: Pin TP27-0
Add Pin To Net: Unknown Pin: Pin TP28-0
Add Pin To Net: Unknown Pin: Pin U28-2
