Removed Pin From Net: NetName=5V_MCU Pin=R248-2
Removed Pin From Net: NetName=POW_ONOFF_SOM Pin=R252-2
Removed Pin From Net: NetName=GND Pin=R254-2
Removed Pin From Net: NetName=NetR249_1 Pin=R255-2
Removed Pin From Net: NetName=GND Pin=R256-1
Removed Pin From Net: NetName=PE00 Pin=R256-2
Removed Member From Class: ClassName=06_POWER_2 Member=R257
Change Component Comment : Designator=R254 Old Comment=10k New Comment=133k
Change Component Comment : Designator=R252 Old Comment=22R New Comment=10k
Change Component Comment : Designator=R255 Old Comment=133k New Comment=1.6k
Change Component Designator: OldDesignator=R257 NewDesignator=R256
Change Component Designator: OldDesignator=R258 NewDesignator=R257
Change Component Designator: OldDesignator=R259 NewDesignator=R258
Change Component Designator: OldDesignator=R260 NewDesignator=R259
Change Component Designator: OldDesignator=R261 NewDesignator=R260
Change Component Designator: OldDesignator=R262 NewDesignator=R261
Change Component Designator: OldDesignator=R263 NewDesignator=R262
Change Component Designator: OldDesignator=R264 NewDesignator=R263
Change Component Designator: OldDesignator=R265 NewDesignator=R264
Change Component Designator: OldDesignator=R266 NewDesignator=R265
Change Component Designator: OldDesignator=R267 NewDesignator=R266
Change Component Designator: OldDesignator=R268 NewDesignator=R267
Change Component Designator: OldDesignator=R269 NewDesignator=R268
Change Component Designator: OldDesignator=R270 NewDesignator=R269
Change Component Designator: OldDesignator=R271 NewDesignator=R270
Change Component Designator: OldDesignator=R272 NewDesignator=R271
Change Component Designator: OldDesignator=R273 NewDesignator=R272
Change Component Designator: OldDesignator=R274 NewDesignator=R273
Change Component Designator: OldDesignator=R275 NewDesignator=R274
Change Component Designator: OldDesignator=R276 NewDesignator=R275
Change Component Designator: OldDesignator=R277 NewDesignator=R276
Change Component Designator: OldDesignator=R278 NewDesignator=R277
Change Component Designator: OldDesignator=R279 NewDesignator=R278
Change Component Designator: OldDesignator=R280 NewDesignator=R279
Change Component Designator: OldDesignator=R281 NewDesignator=R280
Change Component Designator: OldDesignator=R282 NewDesignator=R281
Change Component Designator: OldDesignator=R283 NewDesignator=R282
Change Component Designator: OldDesignator=R284 NewDesignator=R283
Change Component Designator: OldDesignator=R285 NewDesignator=R284
Change Component Designator: OldDesignator=R286 NewDesignator=R285
Change Component Designator: OldDesignator=R287 NewDesignator=R286
Change Component Designator: OldDesignator=R288 NewDesignator=R287
Change Component Designator: OldDesignator=R289 NewDesignator=R288
Change Component Designator: OldDesignator=R290 NewDesignator=R289
Change Component Designator: OldDesignator=R291 NewDesignator=R290
Change Component Designator: OldDesignator=R292 NewDesignator=R291
Change Component Designator: OldDesignator=R293 NewDesignator=R292
Change Component Designator: OldDesignator=R294 NewDesignator=R293
Change Component Designator: OldDesignator=R295 NewDesignator=R294
Change Component Designator: OldDesignator=R296 NewDesignator=R295
Change Component Designator: OldDesignator=R297 NewDesignator=R296
Change Component Designator: OldDesignator=R298 NewDesignator=R297
Change Component Designator: OldDesignator=R299 NewDesignator=R298
Change Component Designator: OldDesignator=R300 NewDesignator=R299
Change Component Designator: OldDesignator=R301 NewDesignator=R300
Change Component Designator: OldDesignator=R302 NewDesignator=R301
Change Component Designator: OldDesignator=R303 NewDesignator=R302
Change Component Designator: OldDesignator=R304 NewDesignator=R303
Change Component Designator: OldDesignator=R305 NewDesignator=R304
Change Component Designator: OldDesignator=R306 NewDesignator=R305
Change Component Designator: OldDesignator=R307 NewDesignator=R306
Change Component Designator: OldDesignator=R308 NewDesignator=R307
Change Component Designator: OldDesignator=R309 NewDesignator=R308
Change Component Designator: OldDesignator=R310 NewDesignator=R309
Change Component Designator: OldDesignator=R311 NewDesignator=R310
Change Component Designator: OldDesignator=R312 NewDesignator=R311
Change Component Designator: OldDesignator=R313 NewDesignator=R312
Change Component Designator: OldDesignator=R314 NewDesignator=R313
Change Component Designator: OldDesignator=R315 NewDesignator=R314
Change Component Designator: OldDesignator=R316 NewDesignator=R315
Change Component Designator: OldDesignator=R317 NewDesignator=R316
Change Component Designator: OldDesignator=R318 NewDesignator=R317
Change Component Designator: OldDesignator=R319 NewDesignator=R318
Change Component Designator: OldDesignator=R320 NewDesignator=R319
Change Component Designator: OldDesignator=R321 NewDesignator=R320
Change Component Designator: OldDesignator=R322 NewDesignator=R321
Change Component Designator: OldDesignator=R323 NewDesignator=R322
Change Component Designator: OldDesignator=R324 NewDesignator=R323
Change Component Designator: OldDesignator=R325 NewDesignator=R324
Change Component Designator: OldDesignator=R326 NewDesignator=R325
Change Component Designator: OldDesignator=R327 NewDesignator=R326
Change Component Designator: OldDesignator=R328 NewDesignator=R327
Change Component Designator: OldDesignator=R329 NewDesignator=R328
Change Component Designator: OldDesignator=R330 NewDesignator=R329
Change Component Designator: OldDesignator=R331 NewDesignator=R330
Change Component Designator: OldDesignator=R332 NewDesignator=R331
Change Component Designator: OldDesignator=R333 NewDesignator=R332
Change Component Designator: OldDesignator=R334 NewDesignator=R333
Change Component Designator: OldDesignator=R335 NewDesignator=R334
Change Component Designator: OldDesignator=R336 NewDesignator=R335
Change Component Designator: OldDesignator=R337 NewDesignator=R336
Change Component Designator: OldDesignator=R338 NewDesignator=R337
Change Component Designator: OldDesignator=R339 NewDesignator=R338
Change Component Designator: OldDesignator=R340 NewDesignator=R339
Change Component Designator: OldDesignator=R341 NewDesignator=R340
Change Component Designator: OldDesignator=R342 NewDesignator=R341
Change Component Designator: OldDesignator=R343 NewDesignator=R342
Change Component Designator: OldDesignator=R344 NewDesignator=R343
Change Component Designator: OldDesignator=R345 NewDesignator=R344
Change Component Designator: OldDesignator=R346 NewDesignator=R345
Change Component Designator: OldDesignator=R347 NewDesignator=R346
Change Component Designator: OldDesignator=R348 NewDesignator=R347
Change Component Designator: OldDesignator=R349 NewDesignator=R348
Change Component Designator: OldDesignator=R350 NewDesignator=R349
Change Component Designator: OldDesignator=R351 NewDesignator=R350
Change Component Designator: OldDesignator=R352 NewDesignator=R351
Change Component Designator: OldDesignator=R353 NewDesignator=R352
Change Component Designator: OldDesignator=R354 NewDesignator=R353
Change Component Designator: OldDesignator=R355 NewDesignator=R354
Change Component Designator: OldDesignator=R356 NewDesignator=R355
Change Component Designator: OldDesignator=R357 NewDesignator=R356
Change Component Designator: OldDesignator=R358 NewDesignator=R357
Change Component Designator: OldDesignator=R359 NewDesignator=R358
Change Component Designator: OldDesignator=R360 NewDesignator=R359
Change Component Designator: OldDesignator=R361 NewDesignator=R360
Change Component Designator: OldDesignator=R362 NewDesignator=R361
Change Component Designator: OldDesignator=R363 NewDesignator=R362
Change Component Designator: OldDesignator=R364 NewDesignator=R363
Change Component Designator: OldDesignator=R365 NewDesignator=R364
Change Component Designator: OldDesignator=R366 NewDesignator=R365
Change Component Designator: OldDesignator=R367 NewDesignator=R366
Change Component Designator: OldDesignator=R368 NewDesignator=R367
Change Component Designator: OldDesignator=R369 NewDesignator=R368
Change Component Designator: OldDesignator=R370 NewDesignator=R369
Change Component Designator: OldDesignator=R371 NewDesignator=R370
Change Component Designator: OldDesignator=R372 NewDesignator=R371
Change Component Designator: OldDesignator=R373 NewDesignator=R372
Change Component Designator: OldDesignator=R374 NewDesignator=R373
Change Component Designator: OldDesignator=R375 NewDesignator=R374
Change Component Designator: OldDesignator=R376 NewDesignator=R375
Change Component Designator: OldDesignator=R377 NewDesignator=R376
Change Component Designator: OldDesignator=R378 NewDesignator=R377
Change Component Designator: OldDesignator=R379 NewDesignator=R378
Change Component Designator: OldDesignator=R380 NewDesignator=R379
Change Component Designator: OldDesignator=R381 NewDesignator=R380
Change Component Designator: OldDesignator=R382 NewDesignator=R381
Change Component Designator: OldDesignator=R383 NewDesignator=R382
Change Component Designator: OldDesignator=R384 NewDesignator=R383
Change Component Designator: OldDesignator=R385 NewDesignator=R384
Change Component Designator: OldDesignator=R386 NewDesignator=R385
Change Component Designator: OldDesignator=R387 NewDesignator=R386
Change Component Designator: OldDesignator=R388 NewDesignator=R387
Change Component Designator: OldDesignator=R389 NewDesignator=R388
Change Component Designator: OldDesignator=R390 NewDesignator=R389
Change Component Designator: OldDesignator=R391 NewDesignator=R390
Change Component Designator: OldDesignator=R392 NewDesignator=R391
Change Component Designator: OldDesignator=R393 NewDesignator=R392
Change Component Designator: OldDesignator=R394 NewDesignator=R393
Change Component Designator: OldDesignator=R395 NewDesignator=R394
Change Component Designator: OldDesignator=R396 NewDesignator=R395
Change Component Designator: OldDesignator=R397 NewDesignator=R396
Change Component Designator: OldDesignator=R398 NewDesignator=R397
Change Component Designator: OldDesignator=R399 NewDesignator=R398
Change Component Designator: OldDesignator=R400 NewDesignator=R399
Change Component Designator: OldDesignator=R401 NewDesignator=R400
Change Component Designator: OldDesignator=R402 NewDesignator=R401
Change Component Designator: OldDesignator=R403 NewDesignator=R402
Change Component Designator: OldDesignator=R404 NewDesignator=R403
Change Component Designator: OldDesignator=R405 NewDesignator=R404
Change Component Designator: OldDesignator=R406 NewDesignator=R405
Change Component Designator: OldDesignator=R407 NewDesignator=R406
Change Component Designator: OldDesignator=R408 NewDesignator=R407
Change Component Designator: OldDesignator=R409 NewDesignator=R408
Change Component Designator: OldDesignator=R410 NewDesignator=R409
Change Component Designator: OldDesignator=R411 NewDesignator=R410
Change Component Designator: OldDesignator=R412 NewDesignator=R411
Change Component Designator: OldDesignator=R413 NewDesignator=R412
Change Component Designator: OldDesignator=R414 NewDesignator=R413
Change Component Designator: OldDesignator=R415 NewDesignator=R414
Change Component Designator: OldDesignator=R416 NewDesignator=R415
Change Component Designator: OldDesignator=R417 NewDesignator=R416
Change Component Designator: OldDesignator=R418 NewDesignator=R417
Change Component Designator: OldDesignator=R419 NewDesignator=R418
Change Component Designator: OldDesignator=R420 NewDesignator=R419
Change Component Designator: OldDesignator=R421 NewDesignator=R420
Change Component Designator: OldDesignator=R422 NewDesignator=R421
Change Component Designator: OldDesignator=R423 NewDesignator=R422
Change Component Designator: OldDesignator=R424 NewDesignator=R423
Change Component Designator: OldDesignator=R425 NewDesignator=R424
Change Component Designator: OldDesignator=R426 NewDesignator=R425
Change Component Designator: OldDesignator=R427 NewDesignator=R426
Change Component Designator: OldDesignator=R428 NewDesignator=R427
Change Component Designator: OldDesignator=R429 NewDesignator=R428
Change Component Designator: OldDesignator=R430 NewDesignator=R429
Change Component Designator: OldDesignator=R431 NewDesignator=R430
Change Component Designator: OldDesignator=R432 NewDesignator=R431
Change Component Designator: OldDesignator=R433 NewDesignator=R432
Change Component Designator: OldDesignator=R434 NewDesignator=R433
Change Component Designator: OldDesignator=R435 NewDesignator=R434
Change Component Designator: OldDesignator=R436 NewDesignator=R435
Change Component Designator: OldDesignator=R437 NewDesignator=R436
Change Component Designator: OldDesignator=R438 NewDesignator=R437
Change Component Designator: OldDesignator=R439 NewDesignator=R438
Change Component Designator: OldDesignator=R440 NewDesignator=R439
Change Component Designator: OldDesignator=R441 NewDesignator=R440
Change Component Designator: OldDesignator=R442 NewDesignator=R441
Change Component Designator: OldDesignator=R443 NewDesignator=R442
Change Component Designator: OldDesignator=R444 NewDesignator=R443
Change Component Designator: OldDesignator=R445 NewDesignator=R444
Change Component Designator: OldDesignator=R446 NewDesignator=R445
Change Component Designator: OldDesignator=R447 NewDesignator=R446
Change Component Designator: OldDesignator=R448 NewDesignator=R447
Change Component Designator: OldDesignator=R449 NewDesignator=R448
Change Component Designator: OldDesignator=R450 NewDesignator=R449
Change Component Designator: OldDesignator=R451 NewDesignator=R450
Change Component Designator: OldDesignator=R452 NewDesignator=R451
Change Component Designator: OldDesignator=R453 NewDesignator=R452
Change Component Designator: OldDesignator=R454 NewDesignator=R453
Change Component Designator: OldDesignator=R455 NewDesignator=R454
Added Pin To Net: NetName=5V_MCU Pin=R248-1
Added Pin To Net: NetName=POW_ONOFF_SOM Pin=R248-2
Added Pin To Net: NetName=POW_ONOFF_SOM Pin=R252-1
Added Pin To Net: NetName=GND Pin=R252-2
Added Pin To Net: NetName=GND Pin=R254-1
Added Pin To Net: NetName=NetR249_1 Pin=R254-2
Added Pin To Net: NetName=PE00 Pin=R255-2
Added Pin To Net: NetName=POW_ONOFF_SOM Pin=U24-1
Added Pin To Net: NetName=POW_ONOFF_SOM Pin=U24-1
Add Pin To Net: Unknown Pin: Pin U25-1
Add Pin To Net: Unknown Pin: Pin U25-2
Add Pin To Net: Unknown Pin: Pin U25-3
Add Pin To Net: Unknown Pin: Pin U25-4
Add Pin To Net: Unknown Pin: Pin U25-5
Add Pin To Net: Unknown Pin: Pin U25-6
Add Pin To Net: Unknown Pin: Pin U25-8
Add Pin To Net: Unknown Pin: Pin U25-9
Add Pin To Net: Unknown Pin: Pin U26-1
Add Pin To Net: Unknown Pin: Pin U26-2
Add Pin To Net: Unknown Pin: Pin U26-3
Add Pin To Net: Unknown Pin: Pin U26-4
Add Pin To Net: Unknown Pin: Pin U26-5
Add Pin To Net: Unknown Pin: Pin U26-6
Add Pin To Net: Unknown Pin: Pin U26-8
Add Pin To Net: Unknown Pin: Pin U26-9
Add Pin To Net: Unknown Pin: Pin U27-1
Add Pin To Net: Unknown Pin: Pin U27-2
Add Pin To Net: Unknown Pin: Pin U27-3
Add Pin To Net: Unknown Pin: Pin U27-4
Add Pin To Net: Unknown Pin: Pin U27-5
Add Pin To Net: Unknown Pin: Pin U27-6
Add Pin To Net: Unknown Pin: Pin U27-8
Add Pin To Net: Unknown Pin: Pin U27-9
Add Pin To Net: Unknown Pin: Pin U28-1
Add Pin To Net: Unknown Pin: Pin U28-2
Add Pin To Net: Unknown Pin: Pin U28-3
Add Pin To Net: Unknown Pin: Pin U28-4
Add Pin To Net: Unknown Pin: Pin U28-5
Add Pin To Net: Unknown Pin: Pin U28-6
Add Pin To Net: Unknown Pin: Pin U28-8
Add Pin To Net: Unknown Pin: Pin U28-9
Change Net Name : Old Net Name=NetR402_2 New Net Name=NetR401_2
Change Net Name : Old Net Name=NetR404_1 New Net Name=NetR403_1
Change Net Name : Old Net Name=NetR405_1 New Net Name=NetR404_1
Change Net Name : Old Net Name=NetR407_1 New Net Name=NetR406_1
Change Net Name : Old Net Name=NetR408_1 New Net Name=NetR407_1
Change Net Name : Old Net Name=NetR413_1 New Net Name=NetR412_1
Change Net Name : Old Net Name=NetR418_1 New Net Name=NetR417_1
Change Net Name : Old Net Name=NetR419_1 New Net Name=NetR418_1
Change Net Name : Old Net Name=NetR420_1 New Net Name=NetR419_1
Change Net Name : Old Net Name=NetR426_1 New Net Name=NetR425_1
Change Net Name : Old Net Name=NetR427_1 New Net Name=NetR426_1
Change Net Name : Old Net Name=NetR428_1 New Net Name=NetR427_1
Change Net Name : Old Net Name=NetR434_1 New Net Name=NetR433_1
Change Net Name : Old Net Name=NetR435_1 New Net Name=NetR434_1
Change Net Name : Old Net Name=NetR436_1 New Net Name=NetR435_1
Change Net Name : Old Net Name=NetR441_2 New Net Name=NetR440_2
Change Net Name : Old Net Name=NetR443_1 New Net Name=NetR442_1
Change Net Name : Old Net Name=NetR444_2 New Net Name=NetR443_2
Change Net Name : Old Net Name=NetR446_2 New Net Name=NetR445_2
Change Net Name : Old Net Name=NetR448_1 New Net Name=NetR447_1
Change Net Name : Old Net Name=NetR449_2 New Net Name=NetR448_2
Change Net Name : Old Net Name=NetR451_2 New Net Name=NetR450_2
Change Net Name : Old Net Name=NetR453_1 New Net Name=NetR452_1
Change Net Name : Old Net Name=NetR454_2 New Net Name=NetR453_2
Added Pin To Net: NetName=NetR259_1 Pin=R259-1
Added Net: Name=NetR259_1
Added Pin To Net: NetName=NetR262_1 Pin=R262-1
Added Net: Name=NetR262_1
Added Pin To Net: NetName=NetR265_1 Pin=R265-1
Added Net: Name=NetR265_1
Added Pin To Net: NetName=NetR268_1 Pin=R268-1
Added Net: Name=NetR268_1
Add Class Member: Failed to add class member : Component U25 TB67H451AFNG,EL
Add Class Member: Failed to add class member : Component U26 TB67H451AFNG,EL
Add Class Member: Failed to add class member : Component U27 TB67H451AFNG,EL
Add Class Member: Failed to add class member : Component U28 TB67H451AFNG,EL
