Removed Pin From Net: NetName=3V3_SOM Pin=C130-2
Removed Pin From Net: NetName=3V3_SOM Pin=C131-2
Removed Pin From Net: NetName=3V3_SOM Pin=C132-2
Removed Pin From Net: NetName=3V3_SOM Pin=C133-2
Removed Pin From Net: NetName=3V3_SOM Pin=C134-2
Removed Pin From Net: NetName=3V3_SOM Pin=C135-2
Removed Pin From Net: NetName=3V3_SOM Pin=C136-2
Removed Pin From Net: NetName=3V3_SOM Pin=C137-2
Removed Pin From Net: NetName=3V3_SOM Pin=C138-2
Removed Pin From Net: NetName=3V3_SOM Pin=C139-2
Removed Pin From Net: NetName=3V3_SOM Pin=R233-2
Removed Pin From Net: NetName=3V3_SOM Pin=R234-2
Removed Pin From Net: NetName=3V3_SOM Pin=R235-2
Removed Pin From Net: NetName=3V3_SOM Pin=R236-2
Removed Pin From Net: NetName=3V3_SOM Pin=R237-2
Removed Pin From Net: NetName=3V3_SOM Pin=R238-2
Removed Pin From Net: NetName=3V3_SOM Pin=R239-2
Removed Pin From Net: NetName=3V3_SOM Pin=R240-2
Removed Pin From Net: NetName=3V3_SOM Pin=R241-2
Removed Pin From Net: NetName=3V3_SOM Pin=R242-2
Removed Pin From Net: NetName=3V3_SOM Pin=R243-2
Added Pin To Net: NetName=VDD_3V3 Pin=C130-2
Added Pin To Net: NetName=VDD_3V3 Pin=C131-2
Added Pin To Net: NetName=VDD_3V3 Pin=C132-2
Added Pin To Net: NetName=VDD_3V3 Pin=C133-2
Added Pin To Net: NetName=VDD_3V3 Pin=C134-2
Added Pin To Net: NetName=VDD_3V3 Pin=C135-2
Added Pin To Net: NetName=VDD_3V3 Pin=C136-2
Added Pin To Net: NetName=VDD_3V3 Pin=C137-2
Added Pin To Net: NetName=VDD_3V3 Pin=C138-2
Added Pin To Net: NetName=VDD_3V3 Pin=C139-2
Added Pin To Net: NetName=VDD_3V3 Pin=R233-2
Added Pin To Net: NetName=VDD_3V3 Pin=R234-2
Added Pin To Net: NetName=VDD_3V3 Pin=R235-2
Added Pin To Net: NetName=VDD_3V3 Pin=R236-2
Added Pin To Net: NetName=VDD_3V3 Pin=R237-2
Added Pin To Net: NetName=VDD_3V3 Pin=R238-2
Added Pin To Net: NetName=VDD_3V3 Pin=R239-2
Added Pin To Net: NetName=VDD_3V3 Pin=R240-2
Added Pin To Net: NetName=VDD_3V3 Pin=R241-2
Added Pin To Net: NetName=VDD_3V3 Pin=R242-2
Added Pin To Net: NetName=VDD_3V3 Pin=R243-2
Add Pin To Net: Unknown Pin: Pin TP6-0
Add Pin To Net: Unknown Pin: Pin TP7-0
Add Pin To Net: Unknown Pin: Pin TP8-0
Add Pin To Net: Unknown Pin: Pin TP9-0
Add Pin To Net: Unknown Pin: Pin TP10-0
Add Pin To Net: Unknown Pin: Pin TP11-0
Add Pin To Net: Unknown Pin: Pin TP12-0
Add Pin To Net: Unknown Pin: Pin TP13-0
Add Pin To Net: Unknown Pin: Pin TP14-0
Add Pin To Net: Unknown Pin: Pin TP16-0
Add Pin To Net: Unknown Pin: Pin TP19-0
Add Pin To Net: Unknown Pin: Pin TP20-0
Add Pin To Net: Unknown Pin: Pin TP21-0
Add Pin To Net: Unknown Pin: Pin TP22-0
Add Pin To Net: Unknown Pin: Pin TP23-0
Add Pin To Net: Unknown Pin: Pin TP24-0
Add Pin To Net: Unknown Pin: Pin TP25-0
Add Pin To Net: Unknown Pin: Pin TP26-0
Add Pin To Net: Unknown Pin: Pin TP27-0
Add Pin To Net: Unknown Pin: Pin TP28-0
Add Pin To Net: Unknown Pin: Pin U28-2
