Removed Pin From Net: NetName=MCU_SOL_2_IN2 Pin=R39-1
Removed Pin From Net: NetName=TEC_SPI_SCK Pin=R102-2
Removed Pin From Net: NetName=TEC_SPI_MISO Pin=R103-2
Removed Pin From Net: NetName=TEC_SPI_MOSI Pin=R104-2
Removed Pin From Net: NetName=POW_ONOFF_HEATER Pin=R131-1
Removed Pin From Net: NetName=POW_ONOFF_BUCK_PERI Pin=R133-1
Removed Pin From Net: NetName=GND Pin=R146-1
Removed Pin From Net: NetName=GND Pin=R147-1
Removed Pin From Net: NetName=PA21 Pin=R151-1
Removed Pin From Net: NetName=eFUSE_ILIM_3/5V_Solenoid Pin=R151-2
Removed Pin From Net: NetName=eFUSE_ILIM_IF_12V Pin=R281-1
Removed Pin From Net: NetName=eFUSE_ILIM_5V_SOM Pin=R282-1
Removed Pin From Net: NetName=eFUSE_ILIM_5V_SOM Pin=R283-1
Removed Pin From Net: NetName=TEC_SPI_MISO Pin=R285-2
Removed Pin From Net: NetName=NetR149_2 Pin=U10-1
Removed Pin From Net: NetName=NetR148_2 Pin=U10-22
Removed Pin From Net: NetName=TEC_SPI_SCK Pin=U32-5
Removed Pin From Net: NetName=TEC_SPI_MOSI Pin=U32-11
Removed Pin From Net: NetName=TEC_SPI_MISO Pin=U32-14
Removed Member From Class: ClassName=16_TEC Member=C87
Removed Member From Class: ClassName=16_TEC Member=R144
Removed Member From Class: ClassName=16_TEC Member=R145
Removed Member From Class: ClassName=16_TEC Member=R146
Removed Member From Class: ClassName=16_TEC Member=R147
Removed Member From Class: ClassName=16_TEC Member=R148
Removed Member From Class: ClassName=16_TEC Member=R149
Removed Member From Class: ClassName=11_MCU Member=R151
Removed Member From Class: ClassName=16_TEC Member=U10
Added Component: Designator=C350(CAP_C_1005X50_L)
Added Component: Designator=R558(RES_C_1005x30_L)
Added Component: Designator=R559(RES_C_1005x30_L)
Added Component: Designator=R560(RES_C_1005x30_L)
Added Component: Designator=R561(RES_C_1005x30_L)
Added Component: Designator=R562(RES_C_1005x30_L)
Added Component: Designator=R563(RES_C_1005x30_L)
Added Component: Designator=U57(QFN40P400X400X80-29N)
Add component (AddParameter): Name = "Availability"; Value = "Unavailable"; VariantName = "[No Variations]"
Add component (AddParameter): Name = "MF"; Value = "Maxim Integrated"; VariantName = "[No Variations]"
Add component (AddParameter): Name = "MP"; Value = "MAX14662ETI+T"; VariantName = "[No Variations]"
Add component (AddParameter): Name = "Package"; Value = "TQFN-28 Maxim"; VariantName = "[No Variations]"
Add component (AddParameter): Name = "Price"; Value = "None"; VariantName = "[No Variations]"
Add component (AddParameter): Name = "SnapEDA_Link"; Value = "https://www.snapeda.com/parts/MAX14662ETI%2BT/Maxim%20Integrated/view-part/546683/?ref=snap"; VariantName = "[No Variations]"
Add component (AddParameter): Name = "Value"; Value = ""; VariantName = "[No Variations]"
Added Pin To Net: NetName=GND Pin=C350-1
Added Pin To Net: NetName=3.3V_MCU Pin=C350-2
Added Pin To Net: NetName=TEC_SPI_SCK Pin=R39-1
Added Pin To Net: NetName=TEC_SPI_MISO Pin=R131-1
Added Pin To Net: NetName=TEC_SPI_MOSI Pin=R133-1
Added Pin To Net: NetName=MCU_I2C0_SDA Pin=R146-1
Added Pin To Net: NetName=3.3V_MCU Pin=R146-2
Added Pin To Net: NetName=MCU_I2C0_SCL Pin=R147-1
Added Pin To Net: NetName=3.3V_MCU Pin=R147-2
Added Pin To Net: NetName=POW_ONOFF_HEATER Pin=R281-1
Added Pin To Net: NetName=POW_ONOFF_BUCK_PERI Pin=R282-1
Added Pin To Net: NetName=MCU_SOL_2_IN2 Pin=R283-1
Added Pin To Net: NetName=GND Pin=R558-1
Added Pin To Net: NetName=GND Pin=R559-1
Added Pin To Net: NetName=3.3V_MCU Pin=R560-1
Added Pin To Net: NetName=3.3V_MCU Pin=R561-1
Added Pin To Net: NetName=GND Pin=R562-1
Added Pin To Net: NetName=GND Pin=R563-1
Added Pin To Net: NetName=NetR149_2 Pin=U10-23
Added Pin To Net: NetName=eFUSE_ILIM_IF_12V Pin=U57-2
Added Pin To Net: NetName=eFUSE_ILIM_5V_SOM Pin=U57-3
Added Pin To Net: NetName=eFUSE_ILIM_5V_SOM Pin=U57-4
Added Pin To Net: NetName=eFUSE_ILIM_3/5V_Solenoid Pin=U57-5
Added Pin To Net: NetName=GND Pin=U57-11
Added Pin To Net: NetName=ADC_SWITCH Pin=U57-14
Added Pin To Net: NetName=ADC_SWITCH Pin=U57-15
Added Pin To Net: NetName=ADC_SWITCH Pin=U57-16
Added Pin To Net: NetName=ADC_SWITCH Pin=U57-17
Added Pin To Net: NetName=ADC_SWITCH Pin=U57-18
Added Pin To Net: NetName=ADC_SWITCH Pin=U57-19
Added Pin To Net: NetName=ADC_SWITCH Pin=U57-20
Added Pin To Net: NetName=ADC_SWITCH Pin=U57-21
Added Pin To Net: NetName=NetR148_2 Pin=U57-23
Added Pin To Net: NetName=MCU_I2C0_SCL Pin=U57-24
Added Pin To Net: NetName=GND Pin=U57-25
Added Pin To Net: NetName=3.3V_MCU Pin=U57-26
Added Pin To Net: NetName=MCU_I2C0_SDA Pin=U57-27
Added Pin To Net: NetName=GND Pin=U57-29
Change Net Name : Old Net Name=TEC_SPI_MISO New Net Name=MCU_USART_RXD2
Change Net Name : Old Net Name=TEC_SPI_MOSI New Net Name=MCU_USART_TXD2
Change Net Name : Old Net Name=TEC_SPI_SCK New Net Name=MCU_USART_SCK2
Added Pin To Net: NetName=MCU_SPI1_MISO Pin=R103-2
Added Pin To Net: NetName=MCU_SPI1_MISO Pin=R285-2
Added Pin To Net: NetName=MCU_SPI1_MISO Pin=U32-14
Added Net: Name=MCU_SPI1_MISO
Added Pin To Net: NetName=MCU_SPI1_MOSI Pin=R104-2
Added Pin To Net: NetName=MCU_SPI1_MOSI Pin=U32-11
Added Net: Name=MCU_SPI1_MOSI
Added Pin To Net: NetName=MCU_SPI1_SCK Pin=R102-2
Added Pin To Net: NetName=MCU_SPI1_SCK Pin=U32-5
Added Net: Name=MCU_SPI1_SCK
Added Pin To Net: NetName=NetR558_2 Pin=R558-2
Added Pin To Net: NetName=NetR558_2 Pin=U10-28
Added Net: Name=NetR558_2
Added Pin To Net: NetName=NetR559_2 Pin=R559-2
Added Pin To Net: NetName=NetR559_2 Pin=U57-28
Added Net: Name=NetR559_2
Added Pin To Net: NetName=NetR560_2 Pin=R560-2
Added Pin To Net: NetName=NetR560_2 Pin=U10-22
Added Net: Name=NetR560_2
Added Pin To Net: NetName=NetR561_2 Pin=R561-2
Added Pin To Net: NetName=NetR561_2 Pin=U57-22
Added Net: Name=NetR561_2
Added Pin To Net: NetName=NetR562_2 Pin=R562-2
Added Pin To Net: NetName=NetR562_2 Pin=U10-1
Added Net: Name=NetR562_2
Added Pin To Net: NetName=NetR563_2 Pin=R563-2
Added Pin To Net: NetName=NetR563_2 Pin=U57-1
Added Net: Name=NetR563_2
Added Class: Name=ANA_SWITCH
Added Member To Class: ClassName=11_MCU Member=Component R18 22R
Added Member To Class: ClassName=11_MCU Member=Component R25 22R
Added Member To Class: ClassName=11_MCU Member=Component R26 22R
