Removed Pin From Net: NetName=MCU_STATUS_LED_1 Pin=DS11-1
Removed Pin From Net: NetName=SOM_STATUS_LED_1 Pin=DS12-1
Removed Pin From Net: NetName=SOM_STATUS_LED_2 Pin=DS13-1
Removed Member From Class: ClassName=11_MCU Member=DS11
Removed Member From Class: ClassName=08_SAMA7G54-PIO Member=DS12
Removed Member From Class: ClassName=08_SAMA7G54-PIO Member=DS13
Added Component: Designator=D36(LED_0603)
Added Component: Designator=D37(LED_0603)
Added Component: Designator=D38(LED_0603)
Added Pin To Net: NetName=MCU_STATUS_LED_1 Pin=D36-2
Added Pin To Net: NetName=SOM_STATUS_LED_1 Pin=D37-2
Added Pin To Net: NetName=SOM_STATUS_LED_2 Pin=D38-2
Added Pin To Net: NetName=NetD36_1 Pin=D36-1
Added Pin To Net: NetName=NetD36_1 Pin=R298-1
Added Net: Name=NetD36_1
Added Pin To Net: NetName=NetD37_1 Pin=D37-1
Added Pin To Net: NetName=NetD37_1 Pin=R537-1
Added Net: Name=NetD37_1
Added Pin To Net: NetName=NetD38_1 Pin=D38-1
Added Pin To Net: NetName=NetD38_1 Pin=R538-1
Added Net: Name=NetD38_1
Added Member To Class: ClassName=11_MCU Member=Component D36 _LED_YELLOW_4
Added Member To Class: ClassName=08_SAMA7G54-PIO Member=Component D37 _LED_YELLOW_4
Added Member To Class: ClassName=08_SAMA7G54-PIO Member=Component D38 _LED_YELLOW_4
Added Member To Class: ClassName=11_MCU Member=Component R18 22R
Added Member To Class: ClassName=11_MCU Member=Component R25 22R
Added Member To Class: ClassName=11_MCU Member=Component R26 22R
