Removed Pin From Net: NetName=ADC_TEMP1 Pin=C94-2
Removed Pin From Net: NetName=ADC_TEMP2 Pin=C98-2
Removed Pin From Net: NetName=ADC_TEMP1 Pin=R168-2
Removed Pin From Net: NetName=NTC1- Pin=R170-1
Removed Pin From Net: NetName=NTC1- Pin=R172-2
Removed Pin From Net: NetName=ADC_TEMP2 Pin=R174-2
Removed Pin From Net: NetName=NTC2- Pin=R176-1
Removed Pin From Net: NetName=NTC2- Pin=R178-2
Added Pin To Net: NetName=ADC_TEMP2 Pin=C94-2
Added Pin To Net: NetName=ADC_TEMP1 Pin=C98-2
Added Pin To Net: NetName=ADC_TEMP2 Pin=R168-2
Added Pin To Net: NetName=NTC2- Pin=R170-1
Added Pin To Net: NetName=NTC2- Pin=R172-2
Added Pin To Net: NetName=ADC_TEMP1 Pin=R174-2
Added Pin To Net: NetName=NTC1- Pin=R176-1
Added Pin To Net: NetName=NTC1- Pin=R178-2
Add Pin To Net: Unknown Pin: Pin U54-13
Added Member To Class: ClassName=11_MCU Member=Component R18 22R
Added Member To Class: ClassName=11_MCU Member=Component R25 22R
Added Member To Class: ClassName=11_MCU Member=Component R26 22R
