Removed Pin From Net: NetName=TEC_ADC_1 Pin=U10-2
Removed Pin From Net: NetName=TEC_ADC_2 Pin=U10-3
Removed Pin From Net: NetName=TEC_ADC_3 Pin=U10-4
Removed Pin From Net: NetName=TEC_ADC_4 Pin=U10-5
Removed Pin From Net: NetName=eFUSE_ILIM_IF_12V Pin=U57-2
Removed Pin From Net: NetName=eFUSE_ILIM_5V_SOM Pin=U57-3
Removed Pin From Net: NetName=eFUSE_ILIM_5V_SOM Pin=U57-4
Removed Pin From Net: NetName=eFUSE_ILIM_3/5V_Solenoid Pin=U57-5
Added Pin To Net: NetName=eFUSE_ILIM_IF_12V Pin=U10-2
Added Pin To Net: NetName=eFUSE_ILIM_5V_SOM Pin=U10-3
Added Pin To Net: NetName=eFUSE_ILIM_5V_SOM Pin=U10-4
Added Pin To Net: NetName=eFUSE_ILIM_3/5V_Solenoid Pin=U10-5
Add Pin To Net: Unknown Pin: Pin U54-13
Added Pin To Net: NetName=TEC_ADC_1 Pin=U57-2
Added Pin To Net: NetName=TEC_ADC_2 Pin=U57-3
Added Pin To Net: NetName=TEC_ADC_3 Pin=U57-4
Added Pin To Net: NetName=TEC_ADC_4 Pin=U57-5
Added Member To Class: ClassName=11_MCU Member=Component R18 22R
Added Member To Class: ClassName=11_MCU Member=Component R25 22R
Added Member To Class: ClassName=11_MCU Member=Component R26 22R
