Added Component: Designator=C192(CAP_C_3225X80)
Added Component: Designator=C193(CAP_C_3225X80)
Added Component: Designator=C194(CAP_C_3225X80)
Added Component: Designator=C195(CAP_C_1005X60)
Added Component: Designator=C196(CAP_C_1005X60)
Added Component: Designator=C197(CAP_C_1005X60)
Added Component: Designator=C198(CAP_C_3225X80)
Added Component: Designator=C199(CAP_C_3225X80)
Added Component: Designator=C200(CAP_C_3225X80)
Added Component: Designator=C201(CAP_C_1005X60)
Added Component: Designator=C202(CAP_C_1005X60)
Added Component: Designator=C203(CAP_C_1005X60)
Added Component: Designator=D18(DO-214AC_SMA)
Added Component: Designator=D19(DO-214AC_SMA)
Added Component: Designator=DS9(LED_0402)
Added Component: Designator=DS10(LED_0402)
Added Component: Designator=JP10(JUMPER_1608)
Added Component: Designator=JP11(JUMPER_1608)
Added Component: Designator=R128(RES_C_1005X40)
Added Component: Designator=R129(RES_C_1005X40)
Added Component: Designator=R136(RES_C_1005X40)
Added Component: Designator=R137(RES_C_1005X40)
Added Component: Designator=R138(RES_C_1005X40)
Added Component: Designator=R139(RES_C_1005X40)
Added Component: Designator=R204(RES_C_1005X40)
Added Component: Designator=R209(RES_C_1005X40)
Added Component: Designator=R210(RES_C_1005X40)
Added Component: Designator=R211(RES_C_1005X40)
Added Component: Designator=R212(RES_C_1005X40)
Added Component: Designator=R214(RES_C_1005X40)
Added Component: Designator=R222(RES_C_1005X40)
Added Component: Designator=R223(RES_C_1005X40)
Added Component: Designator=R224(RES_C_1005X40)
Added Component: Designator=R341(RES_C_1005X40)
Added Component: Designator=U43(VQFN-HR-10)
Added Component: Designator=U44(VQFN-HR-10)
Added Pin To Net: NetName=GND Pin=C192-1
Added Pin To Net: NetName=GND Pin=C193-1
Added Pin To Net: NetName=GND Pin=C194-1
Added Pin To Net: NetName=EXP_12V Pin=C194-2
Added Pin To Net: NetName=GND Pin=C195-1
Added Pin To Net: NetName=EXP_12V Pin=C195-2
Added Pin To Net: NetName=GND Pin=C196-1
Added Pin To Net: NetName=GND Pin=C197-1
Added Pin To Net: NetName=GND Pin=C198-1
Added Pin To Net: NetName=GND Pin=C199-1
Added Pin To Net: NetName=GND Pin=C200-1
Added Pin To Net: NetName=EXP_12V Pin=C200-2
Added Pin To Net: NetName=GND Pin=C201-1
Added Pin To Net: NetName=EXP_12V Pin=C201-2
Added Pin To Net: NetName=GND Pin=C202-1
Added Pin To Net: NetName=GND Pin=C203-1
Added Pin To Net: NetName=GND Pin=D18-2
Added Pin To Net: NetName=GND Pin=D19-2
Added Pin To Net: NetName=EXP_12V Pin=JP10-1
Added Pin To Net: NetName=EXP_12V Pin=JP11-1
Added Pin To Net: NetName=5V_MCU Pin=R128-1
Added Pin To Net: NetName=EXP_12V Pin=R129-2
Added Pin To Net: NetName=GND Pin=R138-1
Added Pin To Net: NetName=GND Pin=R139-2
Added Pin To Net: NetName=GND Pin=R204-1
Added Pin To Net: NetName=GND Pin=R209-1
Added Pin To Net: NetName=5V_MCU Pin=R210-1
Added Pin To Net: NetName=EXP_12V Pin=R211-2
Added Pin To Net: NetName=GND Pin=R222-1
Added Pin To Net: NetName=GND Pin=R223-2
Added Pin To Net: NetName=GND Pin=R224-1
Added Pin To Net: NetName=GND Pin=R341-1
Add Pin To Net: Unknown Pin: Pin U25-1
Add Pin To Net: Unknown Pin: Pin U25-2
Add Pin To Net: Unknown Pin: Pin U25-3
Add Pin To Net: Unknown Pin: Pin U25-4
Add Pin To Net: Unknown Pin: Pin U25-5
Add Pin To Net: Unknown Pin: Pin U25-6
Add Pin To Net: Unknown Pin: Pin U25-7
Add Pin To Net: Unknown Pin: Pin U25-8
Add Pin To Net: Unknown Pin: Pin U25-9
Add Pin To Net: Unknown Pin: Pin U26-1
Add Pin To Net: Unknown Pin: Pin U26-2
Add Pin To Net: Unknown Pin: Pin U26-3
Add Pin To Net: Unknown Pin: Pin U26-4
Add Pin To Net: Unknown Pin: Pin U26-5
Add Pin To Net: Unknown Pin: Pin U26-6
Add Pin To Net: Unknown Pin: Pin U26-7
Add Pin To Net: Unknown Pin: Pin U26-8
Add Pin To Net: Unknown Pin: Pin U26-9
Add Pin To Net: Unknown Pin: Pin U27-1
Add Pin To Net: Unknown Pin: Pin U27-2
Add Pin To Net: Unknown Pin: Pin U27-3
Add Pin To Net: Unknown Pin: Pin U27-4
Add Pin To Net: Unknown Pin: Pin U27-5
Add Pin To Net: Unknown Pin: Pin U27-6
Add Pin To Net: Unknown Pin: Pin U27-7
Add Pin To Net: Unknown Pin: Pin U27-8
Add Pin To Net: Unknown Pin: Pin U27-9
Add Pin To Net: Unknown Pin: Pin U28-1
Add Pin To Net: Unknown Pin: Pin U28-2
Add Pin To Net: Unknown Pin: Pin U28-3
Add Pin To Net: Unknown Pin: Pin U28-4
Add Pin To Net: Unknown Pin: Pin U28-5
Add Pin To Net: Unknown Pin: Pin U28-6
Add Pin To Net: Unknown Pin: Pin U28-7
Add Pin To Net: Unknown Pin: Pin U28-8
Add Pin To Net: Unknown Pin: Pin U28-9
Added Pin To Net: NetName=EXP_12V Pin=U43-5
Added Pin To Net: NetName=GND Pin=U43-8
Added Pin To Net: NetName=EXP_12V Pin=U44-5
Added Pin To Net: NetName=GND Pin=U44-8
Added Pin To Net: NetName=12V_HEATER Pin=C198-2
Added Pin To Net: NetName=12V_HEATER Pin=C199-2
Added Pin To Net: NetName=12V_HEATER Pin=D19-1
Added Pin To Net: NetName=12V_HEATER Pin=DS10-2
Added Pin To Net: NetName=12V_HEATER Pin=JP11-2
Added Pin To Net: NetName=12V_HEATER Pin=R212-2
Added Pin To Net: NetName=12V_HEATER Pin=R214-2
Added Pin To Net: NetName=12V_HEATER Pin=U44-6
Added Net: Name=12V_HEATER
Added Pin To Net: NetName=eFUSE_ILIM_12V_HEATER Pin=R341-2
Added Pin To Net: NetName=eFUSE_ILIM_12V_HEATER Pin=U44-9
Added Net: Name=eFUSE_ILIM_12V_HEATER
Added Pin To Net: NetName=eFUSE_ILIM_12V_LP Pin=R209-2
Added Pin To Net: NetName=eFUSE_ILIM_12V_LP Pin=U43-9
Added Net: Name=eFUSE_ILIM_12V_LP
Added Pin To Net: NetName=LP_12V Pin=C192-2
Added Pin To Net: NetName=LP_12V Pin=C193-2
Added Pin To Net: NetName=LP_12V Pin=D18-1
Added Pin To Net: NetName=LP_12V Pin=DS9-2
Added Pin To Net: NetName=LP_12V Pin=JP10-2
Added Pin To Net: NetName=LP_12V Pin=R136-2
Added Pin To Net: NetName=LP_12V Pin=R137-2
Added Pin To Net: NetName=LP_12V Pin=U43-6
Added Net: Name=LP_12V
Added Pin To Net: NetName=NetC196_2 Pin=C196-2
Added Pin To Net: NetName=NetC196_2 Pin=U43-10
Added Pin To Net: NetName=NetC196_2 Pin=U43-10
Added Net: Name=NetC196_2
Added Pin To Net: NetName=NetC197_2 Pin=C197-2
Added Pin To Net: NetName=NetC197_2 Pin=U43-7
Added Pin To Net: NetName=NetC197_2 Pin=U43-7
Added Net: Name=NetC197_2
Added Pin To Net: NetName=NetC202_2 Pin=C202-2
Added Pin To Net: NetName=NetC202_2 Pin=U44-10
Added Pin To Net: NetName=NetC202_2 Pin=U44-10
Added Net: Name=NetC202_2
Added Pin To Net: NetName=NetC203_2 Pin=C203-2
Added Pin To Net: NetName=NetC203_2 Pin=U44-7
Added Pin To Net: NetName=NetC203_2 Pin=U44-7
Added Net: Name=NetC203_2
Added Pin To Net: NetName=NetDS9_1 Pin=DS9-1
Added Pin To Net: NetName=NetDS9_1 Pin=R138-2
Added Net: Name=NetDS9_1
Added Pin To Net: NetName=NetDS10_1 Pin=DS10-1
Added Pin To Net: NetName=NetDS10_1 Pin=R222-2
Added Net: Name=NetDS10_1
Added Pin To Net: NetName=NetR129_1 Pin=R129-1
Added Pin To Net: NetName=NetR129_1 Pin=R204-2
Added Pin To Net: NetName=NetR129_1 Pin=U43-2
Added Net: Name=NetR129_1
Added Pin To Net: NetName=NetR136_1 Pin=R136-1
Added Pin To Net: NetName=NetR136_1 Pin=U43-3
Added Net: Name=NetR136_1
Added Pin To Net: NetName=NetR137_1 Pin=R137-1
Added Pin To Net: NetName=NetR137_1 Pin=U43-4
Added Pin To Net: NetName=NetR137_1 Pin=U43-4
Added Net: Name=NetR137_1
Added Pin To Net: NetName=NetR211_1 Pin=R211-1
Added Pin To Net: NetName=NetR211_1 Pin=R224-2
Added Pin To Net: NetName=NetR211_1 Pin=U44-2
Added Net: Name=NetR211_1
Added Pin To Net: NetName=NetR212_1 Pin=R212-1
Added Pin To Net: NetName=NetR212_1 Pin=U44-3
Added Net: Name=NetR212_1
Added Pin To Net: NetName=NetR214_1 Pin=R214-1
Added Pin To Net: NetName=NetR214_1 Pin=U44-4
Added Pin To Net: NetName=NetR214_1 Pin=U44-4
Added Net: Name=NetR214_1
Added Pin To Net: NetName=POW_ONOFF_HEATER Pin=R210-2
Added Pin To Net: NetName=POW_ONOFF_HEATER Pin=R223-1
Added Pin To Net: NetName=POW_ONOFF_HEATER Pin=U44-1
Added Pin To Net: NetName=POW_ONOFF_HEATER Pin=U44-1
Added Net: Name=POW_ONOFF_HEATER
Added Pin To Net: NetName=POW_ONOFF_LP Pin=R128-2
Added Pin To Net: NetName=POW_ONOFF_LP Pin=R139-1
Added Pin To Net: NetName=POW_ONOFF_LP Pin=U43-1
Added Pin To Net: NetName=POW_ONOFF_LP Pin=U43-1
Added Net: Name=POW_ONOFF_LP
Added Class: Name=06_POWER_5
Add Class Member: Failed to add class member : Component U25 TB67H451AFNG,EL
Add Class Member: Failed to add class member : Component U26 TB67H451AFNG,EL
Add Class Member: Failed to add class member : Component U27 TB67H451AFNG,EL
Add Class Member: Failed to add class member : Component U28 TB67H451AFNG,EL
