Added Component: Designator=C301(CAP_C_1608X80)
Added Component: Designator=C302(CAP_C_0201)
Added Component: Designator=C303(CAP_C_0201)
Added Component: Designator=C304(CAP_C_0201)
Added Component: Designator=C305(CAP_C_0201)
Added Component: Designator=C306(CAP_C_0201)
Added Component: Designator=C307(CAP_C_0201)
Added Component: Designator=C308(CAP_C_0201)
Added Component: Designator=C309(CAP_C_0201)
Added Component: Designator=C310(CAP_C_0201)
Added Component: Designator=C311(CAP_C_0201)
Added Component: Designator=C312(CAP_C_0201)
Added Component: Designator=C313(CAP_C_0201)
Added Component: Designator=C314(CAP_C_0201)
Added Component: Designator=C315(CAP_C_0201)
Added Component: Designator=C316(CAP_C_0201)
Added Component: Designator=C317(CAP_C_0201)
Added Component: Designator=C318(CAP_C_0201)
Added Component: Designator=C319(CAP_C_0201)
Added Component: Designator=C320(CAP_C_1608X80)
Added Component: Designator=C341(CAP_C_0201)
Added Component: Designator=C342(CAP_C_0201)
Added Component: Designator=R539(RES_C_0201)
Added Component: Designator=TP17(TP_1mm_SMD)
Add component (AddParameter): Name = "Category"; Value = ""; VariantName = "[No Variations]"
Add component (AddParameter): Name = "CompanyID"; Value = ""; VariantName = "[No Variations]"
Add component (AddParameter): Name = "MFR"; Value = ""; VariantName = "[No Variations]"
Add component (AddParameter): Name = "MFR_URL"; Value = ""; VariantName = "[No Variations]"
Add component (AddParameter): Name = "MPN"; Value = ""; VariantName = "[No Variations]"
Add component (AddParameter): Name = "PinCount"; Value = ""; VariantName = "[No Variations]"
Add component (AddParameter): Name = "Solder"; Value = "NF"; VariantName = "[No Variations]"
Add component (AddParameter): Name = "Value"; Value = ""; VariantName = "[No Variations]"
Added Component: Designator=TP18(TP_1mm_SMD)
Add component (AddParameter): Name = "Category"; Value = ""; VariantName = "[No Variations]"
Add component (AddParameter): Name = "CompanyID"; Value = ""; VariantName = "[No Variations]"
Add component (AddParameter): Name = "MFR"; Value = ""; VariantName = "[No Variations]"
Add component (AddParameter): Name = "MFR_URL"; Value = ""; VariantName = "[No Variations]"
Add component (AddParameter): Name = "MPN"; Value = ""; VariantName = "[No Variations]"
Add component (AddParameter): Name = "PinCount"; Value = ""; VariantName = "[No Variations]"
Add component (AddParameter): Name = "Solder"; Value = "NF"; VariantName = "[No Variations]"
Add component (AddParameter): Name = "Value"; Value = ""; VariantName = "[No Variations]"
Added Component: Designator=TP19(TP_1mm_SMD)
Add component (AddParameter): Name = "Category"; Value = ""; VariantName = "[No Variations]"
Add component (AddParameter): Name = "CompanyID"; Value = ""; VariantName = "[No Variations]"
Add component (AddParameter): Name = "MFR"; Value = ""; VariantName = "[No Variations]"
Add component (AddParameter): Name = "MFR_URL"; Value = ""; VariantName = "[No Variations]"
Add component (AddParameter): Name = "MPN"; Value = ""; VariantName = "[No Variations]"
Add component (AddParameter): Name = "PinCount"; Value = ""; VariantName = "[No Variations]"
Add component (AddParameter): Name = "Solder"; Value = "NF"; VariantName = "[No Variations]"
Add component (AddParameter): Name = "Value"; Value = ""; VariantName = "[No Variations]"
Added Component: Designator=TP20(TP_1mm_SMD)
Add component (AddParameter): Name = "Category"; Value = ""; VariantName = "[No Variations]"
Add component (AddParameter): Name = "CompanyID"; Value = ""; VariantName = "[No Variations]"
Add component (AddParameter): Name = "MFR"; Value = ""; VariantName = "[No Variations]"
Add component (AddParameter): Name = "MFR_URL"; Value = ""; VariantName = "[No Variations]"
Add component (AddParameter): Name = "MPN"; Value = ""; VariantName = "[No Variations]"
Add component (AddParameter): Name = "PinCount"; Value = ""; VariantName = "[No Variations]"
Add component (AddParameter): Name = "Solder"; Value = "NF"; VariantName = "[No Variations]"
Add component (AddParameter): Name = "Value"; Value = ""; VariantName = "[No Variations]"
Added Component: Designator=TP21(TP_1mm_SMD)
Add component (AddParameter): Name = "Category"; Value = ""; VariantName = "[No Variations]"
Add component (AddParameter): Name = "CompanyID"; Value = ""; VariantName = "[No Variations]"
Add component (AddParameter): Name = "MFR"; Value = ""; VariantName = "[No Variations]"
Add component (AddParameter): Name = "MFR_URL"; Value = ""; VariantName = "[No Variations]"
Add component (AddParameter): Name = "MPN"; Value = ""; VariantName = "[No Variations]"
Add component (AddParameter): Name = "PinCount"; Value = ""; VariantName = "[No Variations]"
Add component (AddParameter): Name = "Solder"; Value = "NF"; VariantName = "[No Variations]"
Add component (AddParameter): Name = "Value"; Value = ""; VariantName = "[No Variations]"
Added Component: Designator=TP22(TP_1mm_SMD)
Add component (AddParameter): Name = "Category"; Value = ""; VariantName = "[No Variations]"
Add component (AddParameter): Name = "CompanyID"; Value = ""; VariantName = "[No Variations]"
Add component (AddParameter): Name = "MFR"; Value = ""; VariantName = "[No Variations]"
Add component (AddParameter): Name = "MFR_URL"; Value = ""; VariantName = "[No Variations]"
Add component (AddParameter): Name = "MPN"; Value = ""; VariantName = "[No Variations]"
Add component (AddParameter): Name = "PinCount"; Value = ""; VariantName = "[No Variations]"
Add component (AddParameter): Name = "Solder"; Value = "NF"; VariantName = "[No Variations]"
Add component (AddParameter): Name = "Value"; Value = ""; VariantName = "[No Variations]"
Added Component: Designator=TP23(TP_1mm_SMD)
Add component (AddParameter): Name = "Category"; Value = ""; VariantName = "[No Variations]"
Add component (AddParameter): Name = "CompanyID"; Value = ""; VariantName = "[No Variations]"
Add component (AddParameter): Name = "MFR"; Value = ""; VariantName = "[No Variations]"
Add component (AddParameter): Name = "MFR_URL"; Value = ""; VariantName = "[No Variations]"
Add component (AddParameter): Name = "MPN"; Value = ""; VariantName = "[No Variations]"
Add component (AddParameter): Name = "PinCount"; Value = ""; VariantName = "[No Variations]"
Add component (AddParameter): Name = "Solder"; Value = "NF"; VariantName = "[No Variations]"
Add component (AddParameter): Name = "Value"; Value = ""; VariantName = "[No Variations]"
Added Component: Designator=TP24(TP_1mm_SMD)
Add component (AddParameter): Name = "Category"; Value = ""; VariantName = "[No Variations]"
Add component (AddParameter): Name = "CompanyID"; Value = ""; VariantName = "[No Variations]"
Add component (AddParameter): Name = "MFR"; Value = ""; VariantName = "[No Variations]"
Add component (AddParameter): Name = "MFR_URL"; Value = ""; VariantName = "[No Variations]"
Add component (AddParameter): Name = "MPN"; Value = ""; VariantName = "[No Variations]"
Add component (AddParameter): Name = "PinCount"; Value = ""; VariantName = "[No Variations]"
Add component (AddParameter): Name = "Solder"; Value = "NF"; VariantName = "[No Variations]"
Add component (AddParameter): Name = "Value"; Value = ""; VariantName = "[No Variations]"
Added Pin To Net: NetName=GND Pin=C301-1
Added Pin To Net: NetName=NetC301_2 Pin=C301-2
Added Pin To Net: NetName=GND Pin=C302-1
Added Pin To Net: NetName=NetC301_2 Pin=C302-2
Added Pin To Net: NetName=GND Pin=C303-1
Added Pin To Net: NetName=NetC303_2 Pin=C303-2
Added Pin To Net: NetName=GND Pin=C304-1
Added Pin To Net: NetName=NetC304_2 Pin=C304-2
Added Pin To Net: NetName=GND Pin=C305-1
Added Pin To Net: NetName=NetC305_2 Pin=C305-2
Added Pin To Net: NetName=GND Pin=C306-1
Added Pin To Net: NetName=NetC306_2 Pin=C306-2
Added Pin To Net: NetName=GND Pin=C307-1
Added Pin To Net: NetName=NetC307_2 Pin=C307-2
Added Pin To Net: NetName=GND Pin=C308-1
Added Pin To Net: NetName=NetC308_2 Pin=C308-2
Added Pin To Net: NetName=GND Pin=C309-1
Added Pin To Net: NetName=NetC309_2 Pin=C309-2
Added Pin To Net: NetName=GND Pin=C310-1
Added Pin To Net: NetName=NetC310_2 Pin=C310-2
Added Pin To Net: NetName=GND Pin=C311-1
Added Pin To Net: NetName=NetC311_2 Pin=C311-2
Added Pin To Net: NetName=GND Pin=C312-1
Added Pin To Net: NetName=NetC312_2 Pin=C312-2
Added Pin To Net: NetName=GND Pin=C313-1
Added Pin To Net: NetName=NetC313_2 Pin=C313-2
Added Pin To Net: NetName=GND Pin=C314-1
Added Pin To Net: NetName=NetC314_2 Pin=C314-2
Added Pin To Net: NetName=GND Pin=C315-1
Added Pin To Net: NetName=NetC315_2 Pin=C315-2
Added Pin To Net: NetName=GND Pin=C316-1
Added Pin To Net: NetName=NetC316_2 Pin=C316-2
Added Pin To Net: NetName=GND Pin=C317-1
Added Pin To Net: NetName=NetC317_2 Pin=C317-2
Added Pin To Net: NetName=GND Pin=C318-1
Added Pin To Net: NetName=NetC318_2 Pin=C318-2
Added Pin To Net: NetName=GND Pin=C319-1
Added Pin To Net: NetName=NetC319_2 Pin=C319-2
Added Pin To Net: NetName=GND Pin=C320-1
Added Pin To Net: NetName=NetC319_2 Pin=C320-2
Added Pin To Net: NetName=DDR_VREF Pin=C341-1
Added Pin To Net: NetName=GND Pin=C341-2
Added Pin To Net: NetName=DDR_VREF Pin=C342-1
Added Pin To Net: NetName=GND Pin=C342-2
Added Pin To Net: NetName=NetR539_1 Pin=R539-1
Added Pin To Net: NetName=GND Pin=R539-2
Added Pin To Net: NetName=DDR_D0 Pin=TP17-0
Added Pin To Net: NetName=DDR_D8 Pin=TP18-0
Added Pin To Net: NetName=DDR_CK_P Pin=TP19-0
Added Pin To Net: NetName=DDR_CK_N Pin=TP20-0
Added Pin To Net: NetName=DDR_DQS0_P Pin=TP21-0
Added Pin To Net: NetName=DDR_DQS0_N Pin=TP22-0
Added Pin To Net: NetName=DDR_DQS1_P Pin=TP23-0
Added Pin To Net: NetName=DDR_DQS1_N Pin=TP24-0
Add Pin To Net: Unknown Pin: Pin U25-1
Add Pin To Net: Unknown Pin: Pin U25-2
Add Pin To Net: Unknown Pin: Pin U25-3
Add Pin To Net: Unknown Pin: Pin U25-4
Add Pin To Net: Unknown Pin: Pin U25-5
Add Pin To Net: Unknown Pin: Pin U25-6
Add Pin To Net: Unknown Pin: Pin U25-7
Add Pin To Net: Unknown Pin: Pin U25-8
Add Pin To Net: Unknown Pin: Pin U25-9
Add Pin To Net: Unknown Pin: Pin U26-1
Add Pin To Net: Unknown Pin: Pin U26-2
Add Pin To Net: Unknown Pin: Pin U26-3
Add Pin To Net: Unknown Pin: Pin U26-4
Add Pin To Net: Unknown Pin: Pin U26-5
Add Pin To Net: Unknown Pin: Pin U26-6
Add Pin To Net: Unknown Pin: Pin U26-7
Add Pin To Net: Unknown Pin: Pin U26-8
Add Pin To Net: Unknown Pin: Pin U26-9
Add Pin To Net: Unknown Pin: Pin U27-1
Add Pin To Net: Unknown Pin: Pin U27-2
Add Pin To Net: Unknown Pin: Pin U27-3
Add Pin To Net: Unknown Pin: Pin U27-4
Add Pin To Net: Unknown Pin: Pin U27-5
Add Pin To Net: Unknown Pin: Pin U27-6
Add Pin To Net: Unknown Pin: Pin U27-7
Add Pin To Net: Unknown Pin: Pin U27-8
Add Pin To Net: Unknown Pin: Pin U27-9
Add Pin To Net: Unknown Pin: Pin U28-1
Add Pin To Net: Unknown Pin: Pin U28-2
Add Pin To Net: Unknown Pin: Pin U28-3
Add Pin To Net: Unknown Pin: Pin U28-4
Add Pin To Net: Unknown Pin: Pin U28-5
Add Pin To Net: Unknown Pin: Pin U28-6
Add Pin To Net: Unknown Pin: Pin U28-7
Add Pin To Net: Unknown Pin: Pin U28-8
Add Pin To Net: Unknown Pin: Pin U28-9
Add Differential Pair: Number of nets in differential pair NetR299_2 is 1 instead of 2
Add Differential Pair: Number of nets in differential pair NetR300_2 is 1 instead of 2
Added Member To Class: ClassName=08_SAMA7G54-DDR3 Member=Component C301 4.7uF/10V
Added Member To Class: ClassName=08_SAMA7G54-DDR3 Member=Component C302 0.1uF/10V
Added Member To Class: ClassName=08_SAMA7G54-DDR3 Member=Component C303 0.1uF/10V
Added Member To Class: ClassName=08_SAMA7G54-DDR3 Member=Component C304 0.1uF/10V
Added Member To Class: ClassName=08_SAMA7G54-DDR3 Member=Component C305 0.1uF/10V
Added Member To Class: ClassName=08_SAMA7G54-DDR3 Member=Component C306 0.1uF/10V
Added Member To Class: ClassName=08_SAMA7G54-DDR3 Member=Component C307 0.1uF/10V
Added Member To Class: ClassName=08_SAMA7G54-DDR3 Member=Component C308 0.1uF/10V
Added Member To Class: ClassName=08_SAMA7G54-DDR3 Member=Component C309 0.1uF/10V
Added Member To Class: ClassName=08_SAMA7G54-DDR3 Member=Component C310 0.1uF/10V
Added Member To Class: ClassName=08_SAMA7G54-DDR3 Member=Component C311 0.1uF/10V
Added Member To Class: ClassName=08_SAMA7G54-DDR3 Member=Component C312 0.1uF/10V
Added Member To Class: ClassName=08_SAMA7G54-DDR3 Member=Component C313 0.1uF/10V
Added Member To Class: ClassName=08_SAMA7G54-DDR3 Member=Component C314 0.1uF/10V
Added Member To Class: ClassName=08_SAMA7G54-DDR3 Member=Component C315 0.1uF/10V
Added Member To Class: ClassName=08_SAMA7G54-DDR3 Member=Component C316 0.1uF/10V
Added Member To Class: ClassName=08_SAMA7G54-DDR3 Member=Component C317 0.1uF/10V
Added Member To Class: ClassName=08_SAMA7G54-DDR3 Member=Component C318 0.1uF/10V
Added Member To Class: ClassName=08_SAMA7G54-DDR3 Member=Component C319 0.1uF/10V
Added Member To Class: ClassName=08_SAMA7G54-DDR3 Member=Component C320 4.7uF/10V
Added Member To Class: ClassName=08_SAMA7G54-DDR3 Member=Component C341 0.1uF/10V
Added Member To Class: ClassName=08_SAMA7G54-DDR3 Member=Component C342 0.1uF/10V
Added Member To Class: ClassName=11_MCU Member=Component R18 22R
Added Member To Class: ClassName=11_MCU Member=Component R25 22R
Added Member To Class: ClassName=11_MCU Member=Component R26 22R
Added Member To Class: ClassName=08_SAMA7G54-DDR3 Member=Component R539 240R
Added Member To Class: ClassName=08_SAMA7G54-DDR3 Member=Component TP17
Added Member To Class: ClassName=08_SAMA7G54-DDR3 Member=Component TP18
Added Member To Class: ClassName=08_SAMA7G54-DDR3 Member=Component TP19
Added Member To Class: ClassName=08_SAMA7G54-DDR3 Member=Component TP20
Added Member To Class: ClassName=08_SAMA7G54-DDR3 Member=Component TP21
Added Member To Class: ClassName=08_SAMA7G54-DDR3 Member=Component TP22
Added Member To Class: ClassName=08_SAMA7G54-DDR3 Member=Component TP23
Added Member To Class: ClassName=08_SAMA7G54-DDR3 Member=Component TP24
Add Class Member: Failed to add class member : Component U25 TB67H451AFNG,EL
Add Class Member: Failed to add class member : Component U26 TB67H451AFNG,EL
Add Class Member: Failed to add class member : Component U27 TB67H451AFNG,EL
Add Class Member: Failed to add class member : Component U28 TB67H451AFNG,EL
