Added Component: Designator=D28(SOD3717X145N)
Add component (AddParameter): Name = "Code - JEDEC"; Value = "DO-214-AB"; VariantName = "[No Variations]"
Add component (AddParameter): Name = "Published"; Value = "8-Jun-2000"; VariantName = "[No Variations]"
Add component (AddParameter): Name = "Publisher"; Value = "Altium Limited"; VariantName = "[No Variations]"
Add component (AddParameter): Name = "Revision"; Value = "July-2002: Re-released for DXP Platform."; VariantName = "[No Variations]"
Add component (AddParameter): Name = "Value"; Value = "1N5007"; VariantName = "[No Variations]"
Added Component: Designator=D29(SOD3717X145N)
Add component (AddParameter): Name = "Code - JEDEC"; Value = "DO-214-AB"; VariantName = "[No Variations]"
Add component (AddParameter): Name = "Published"; Value = "8-Jun-2000"; VariantName = "[No Variations]"
Add component (AddParameter): Name = "Publisher"; Value = "Altium Limited"; VariantName = "[No Variations]"
Add component (AddParameter): Name = "Revision"; Value = "July-2002: Re-released for DXP Platform."; VariantName = "[No Variations]"
Add component (AddParameter): Name = "Value"; Value = "1N5007"; VariantName = "[No Variations]"
Added Component: Designator=D30(SOD3717X145N)
Add component (AddParameter): Name = "Code - JEDEC"; Value = "DO-214-AB"; VariantName = "[No Variations]"
Add component (AddParameter): Name = "Published"; Value = "8-Jun-2000"; VariantName = "[No Variations]"
Add component (AddParameter): Name = "Publisher"; Value = "Altium Limited"; VariantName = "[No Variations]"
Add component (AddParameter): Name = "Revision"; Value = "July-2002: Re-released for DXP Platform."; VariantName = "[No Variations]"
Add component (AddParameter): Name = "Value"; Value = "1N5007"; VariantName = "[No Variations]"
Added Component: Designator=D31(SOD3717X145N)
Add component (AddParameter): Name = "Code - JEDEC"; Value = "DO-214-AB"; VariantName = "[No Variations]"
Add component (AddParameter): Name = "Published"; Value = "8-Jun-2000"; VariantName = "[No Variations]"
Add component (AddParameter): Name = "Publisher"; Value = "Altium Limited"; VariantName = "[No Variations]"
Add component (AddParameter): Name = "Revision"; Value = "July-2002: Re-released for DXP Platform."; VariantName = "[No Variations]"
Add component (AddParameter): Name = "Value"; Value = "1N5007"; VariantName = "[No Variations]"
Added Component: Designator=D32(SOD3717X145N)
Add component (AddParameter): Name = "Code - JEDEC"; Value = "DO-214-AB"; VariantName = "[No Variations]"
Add component (AddParameter): Name = "Published"; Value = "8-Jun-2000"; VariantName = "[No Variations]"
Add component (AddParameter): Name = "Publisher"; Value = "Altium Limited"; VariantName = "[No Variations]"
Add component (AddParameter): Name = "Revision"; Value = "July-2002: Re-released for DXP Platform."; VariantName = "[No Variations]"
Add component (AddParameter): Name = "Value"; Value = "1N5007"; VariantName = "[No Variations]"
Added Component: Designator=D33(SOD3717X145N)
Add component (AddParameter): Name = "Code - JEDEC"; Value = "DO-214-AB"; VariantName = "[No Variations]"
Add component (AddParameter): Name = "Published"; Value = "8-Jun-2000"; VariantName = "[No Variations]"
Add component (AddParameter): Name = "Publisher"; Value = "Altium Limited"; VariantName = "[No Variations]"
Add component (AddParameter): Name = "Revision"; Value = "July-2002: Re-released for DXP Platform."; VariantName = "[No Variations]"
Add component (AddParameter): Name = "Value"; Value = "1N5007"; VariantName = "[No Variations]"
Added Component: Designator=D34(SOD3717X145N)
Add component (AddParameter): Name = "Code - JEDEC"; Value = "DO-214-AB"; VariantName = "[No Variations]"
Add component (AddParameter): Name = "Published"; Value = "8-Jun-2000"; VariantName = "[No Variations]"
Add component (AddParameter): Name = "Publisher"; Value = "Altium Limited"; VariantName = "[No Variations]"
Add component (AddParameter): Name = "Revision"; Value = "July-2002: Re-released for DXP Platform."; VariantName = "[No Variations]"
Add component (AddParameter): Name = "Value"; Value = "1N5007"; VariantName = "[No Variations]"
Added Component: Designator=D35(SOD3717X145N)
Add component (AddParameter): Name = "Code - JEDEC"; Value = "DO-214-AB"; VariantName = "[No Variations]"
Add component (AddParameter): Name = "Published"; Value = "8-Jun-2000"; VariantName = "[No Variations]"
Add component (AddParameter): Name = "Publisher"; Value = "Altium Limited"; VariantName = "[No Variations]"
Add component (AddParameter): Name = "Revision"; Value = "July-2002: Re-released for DXP Platform."; VariantName = "[No Variations]"
Add component (AddParameter): Name = "Value"; Value = "1N5007"; VariantName = "[No Variations]"
Added Component: Designator=DZ9(SOD3717X145N)
Added Component: Designator=DZ10(SOD3717X145N)
Added Component: Designator=DZ11(SOD3717X145N)
Added Component: Designator=DZ12(SOD3717X145N)
Added Component: Designator=DZ13(SOD3717X145N)
Added Component: Designator=DZ14(SOD3717X145N)
Added Component: Designator=DZ15(SOD3717X145N)
Added Component: Designator=DZ16(SOD3717X145N)
Added Component: Designator=J32(MOLEX_5040500891)
Added Component: Designator=J33(MOLEX_5040500891)
Added Component: Designator=Q19(SOT95P240X120-3N)
Add component (AddParameter): Name = "Check_prices"; Value = "https://www.snapeda.com/parts/AO3400A/Alpha/view-part/?ref=eda"; VariantName = "[No Variations]"
Add component (AddParameter): Name = "MF"; Value = "Alpha & Omega Semiconductor"; VariantName = "[No Variations]"
Add component (AddParameter): Name = "MP"; Value = "AO3400A"; VariantName = "[No Variations]"
Add component (AddParameter): Name = "Package"; Value = "SOT-23 Alpha &amp; Omega Semiconductor Inc."; VariantName = "[No Variations]"
Add component (AddParameter): Name = "SnapEDA_Link"; Value = "https://www.snapeda.com/parts/AO3400A/Alpha/view-part/?ref=snap"; VariantName = "[No Variations]"
Add component (AddParameter): Name = "Value"; Value = ""; VariantName = "[No Variations]"
Added Component: Designator=Q20(SOT95P240X120-3N)
Add component (AddParameter): Name = "Check_prices"; Value = "https://www.snapeda.com/parts/AO3400A/Alpha/view-part/?ref=eda"; VariantName = "[No Variations]"
Add component (AddParameter): Name = "MF"; Value = "Alpha & Omega Semiconductor"; VariantName = "[No Variations]"
Add component (AddParameter): Name = "MP"; Value = "AO3400A"; VariantName = "[No Variations]"
Add component (AddParameter): Name = "Package"; Value = "SOT-23 Alpha &amp; Omega Semiconductor Inc."; VariantName = "[No Variations]"
Add component (AddParameter): Name = "SnapEDA_Link"; Value = "https://www.snapeda.com/parts/AO3400A/Alpha/view-part/?ref=snap"; VariantName = "[No Variations]"
Add component (AddParameter): Name = "Value"; Value = ""; VariantName = "[No Variations]"
Added Component: Designator=Q21(SOT95P240X120-3N)
Add component (AddParameter): Name = "Check_prices"; Value = "https://www.snapeda.com/parts/AO3400A/Alpha/view-part/?ref=eda"; VariantName = "[No Variations]"
Add component (AddParameter): Name = "MF"; Value = "Alpha & Omega Semiconductor"; VariantName = "[No Variations]"
Add component (AddParameter): Name = "MP"; Value = "AO3400A"; VariantName = "[No Variations]"
Add component (AddParameter): Name = "Package"; Value = "SOT-23 Alpha &amp; Omega Semiconductor Inc."; VariantName = "[No Variations]"
Add component (AddParameter): Name = "SnapEDA_Link"; Value = "https://www.snapeda.com/parts/AO3400A/Alpha/view-part/?ref=snap"; VariantName = "[No Variations]"
Add component (AddParameter): Name = "Value"; Value = ""; VariantName = "[No Variations]"
Added Component: Designator=Q22(SOT95P240X120-3N)
Add component (AddParameter): Name = "Check_prices"; Value = "https://www.snapeda.com/parts/AO3400A/Alpha/view-part/?ref=eda"; VariantName = "[No Variations]"
Add component (AddParameter): Name = "MF"; Value = "Alpha & Omega Semiconductor"; VariantName = "[No Variations]"
Add component (AddParameter): Name = "MP"; Value = "AO3400A"; VariantName = "[No Variations]"
Add component (AddParameter): Name = "Package"; Value = "SOT-23 Alpha &amp; Omega Semiconductor Inc."; VariantName = "[No Variations]"
Add component (AddParameter): Name = "SnapEDA_Link"; Value = "https://www.snapeda.com/parts/AO3400A/Alpha/view-part/?ref=snap"; VariantName = "[No Variations]"
Add component (AddParameter): Name = "Value"; Value = ""; VariantName = "[No Variations]"
Added Component: Designator=Q23(SOT95P240X120-3N)
Add component (AddParameter): Name = "Check_prices"; Value = "https://www.snapeda.com/parts/AO3400A/Alpha/view-part/?ref=eda"; VariantName = "[No Variations]"
Add component (AddParameter): Name = "MF"; Value = "Alpha & Omega Semiconductor"; VariantName = "[No Variations]"
Add component (AddParameter): Name = "MP"; Value = "AO3400A"; VariantName = "[No Variations]"
Add component (AddParameter): Name = "Package"; Value = "SOT-23 Alpha &amp; Omega Semiconductor Inc."; VariantName = "[No Variations]"
Add component (AddParameter): Name = "SnapEDA_Link"; Value = "https://www.snapeda.com/parts/AO3400A/Alpha/view-part/?ref=snap"; VariantName = "[No Variations]"
Add component (AddParameter): Name = "Value"; Value = ""; VariantName = "[No Variations]"
Added Component: Designator=Q24(SOT95P240X120-3N)
Add component (AddParameter): Name = "Check_prices"; Value = "https://www.snapeda.com/parts/AO3400A/Alpha/view-part/?ref=eda"; VariantName = "[No Variations]"
Add component (AddParameter): Name = "MF"; Value = "Alpha & Omega Semiconductor"; VariantName = "[No Variations]"
Add component (AddParameter): Name = "MP"; Value = "AO3400A"; VariantName = "[No Variations]"
Add component (AddParameter): Name = "Package"; Value = "SOT-23 Alpha &amp; Omega Semiconductor Inc."; VariantName = "[No Variations]"
Add component (AddParameter): Name = "SnapEDA_Link"; Value = "https://www.snapeda.com/parts/AO3400A/Alpha/view-part/?ref=snap"; VariantName = "[No Variations]"
Add component (AddParameter): Name = "Value"; Value = ""; VariantName = "[No Variations]"
Added Component: Designator=Q25(SOT95P240X120-3N)
Add component (AddParameter): Name = "Check_prices"; Value = "https://www.snapeda.com/parts/AO3400A/Alpha/view-part/?ref=eda"; VariantName = "[No Variations]"
Add component (AddParameter): Name = "MF"; Value = "Alpha & Omega Semiconductor"; VariantName = "[No Variations]"
Add component (AddParameter): Name = "MP"; Value = "AO3400A"; VariantName = "[No Variations]"
Add component (AddParameter): Name = "Package"; Value = "SOT-23 Alpha &amp; Omega Semiconductor Inc."; VariantName = "[No Variations]"
Add component (AddParameter): Name = "SnapEDA_Link"; Value = "https://www.snapeda.com/parts/AO3400A/Alpha/view-part/?ref=snap"; VariantName = "[No Variations]"
Add component (AddParameter): Name = "Value"; Value = ""; VariantName = "[No Variations]"
Added Component: Designator=Q26(SOT95P240X120-3N)
Add component (AddParameter): Name = "Check_prices"; Value = "https://www.snapeda.com/parts/AO3400A/Alpha/view-part/?ref=eda"; VariantName = "[No Variations]"
Add component (AddParameter): Name = "MF"; Value = "Alpha & Omega Semiconductor"; VariantName = "[No Variations]"
Add component (AddParameter): Name = "MP"; Value = "AO3400A"; VariantName = "[No Variations]"
Add component (AddParameter): Name = "Package"; Value = "SOT-23 Alpha &amp; Omega Semiconductor Inc."; VariantName = "[No Variations]"
Add component (AddParameter): Name = "SnapEDA_Link"; Value = "https://www.snapeda.com/parts/AO3400A/Alpha/view-part/?ref=snap"; VariantName = "[No Variations]"
Add component (AddParameter): Name = "Value"; Value = ""; VariantName = "[No Variations]"
Added Component: Designator=R201(RES_C_1005X40)
Added Component: Designator=R202(RES_C_1005X40)
Added Component: Designator=R491(RES_C_1005X40)
Added Component: Designator=R492(RES_C_1005X40)
Added Component: Designator=R493(RES_C_1005X40)
Added Component: Designator=R494(RES_C_1005X40)
Added Component: Designator=R495(RES_C_1005X40)
Added Component: Designator=R496(RES_C_1005X40)
Added Component: Designator=R497(RES_C_1005X40)
Added Component: Designator=R498(RES_C_1005X40)
Added Component: Designator=R499(RES_C_1005X40)
Added Component: Designator=R500(RES_C_1005X40)
Added Component: Designator=R501(RES_C_1005X40)
Added Component: Designator=R502(RES_C_1005X40)
Added Component: Designator=R503(RES_C_1005X40)
Added Component: Designator=R504(RES_C_1005X40)
Added Pin To Net: NetName=5/12V_Solenoid Pin=D28-1
Added Pin To Net: NetName=5/12V_Solenoid Pin=D29-1
Added Pin To Net: NetName=5/12V_Solenoid Pin=D30-1
Added Pin To Net: NetName=5/12V_Solenoid Pin=D31-1
Added Pin To Net: NetName=5/12V_Solenoid Pin=D32-1
Added Pin To Net: NetName=5/12V_Solenoid Pin=D33-1
Added Pin To Net: NetName=5/12V_Solenoid Pin=D34-1
Added Pin To Net: NetName=5/12V_Solenoid Pin=D35-1
Added Pin To Net: NetName=5/12V_Solenoid Pin=J32-1
Added Pin To Net: NetName=5/12V_Solenoid Pin=J32-3
Added Pin To Net: NetName=5/12V_Solenoid Pin=J32-5
Added Pin To Net: NetName=5/12V_Solenoid Pin=J32-7
Added Pin To Net: NetName=GND Pin=J32-M1
Added Pin To Net: NetName=GND Pin=J32-M2
Added Pin To Net: NetName=5/12V_Solenoid Pin=J33-1
Added Pin To Net: NetName=5/12V_Solenoid Pin=J33-3
Added Pin To Net: NetName=5/12V_Solenoid Pin=J33-5
Added Pin To Net: NetName=5/12V_Solenoid Pin=J33-7
Added Pin To Net: NetName=GND Pin=J33-M1
Added Pin To Net: NetName=GND Pin=J33-M2
Added Pin To Net: NetName=GND Pin=Q19-2
Added Pin To Net: NetName=GND Pin=Q20-2
Added Pin To Net: NetName=GND Pin=Q21-2
Added Pin To Net: NetName=GND Pin=Q22-2
Added Pin To Net: NetName=GND Pin=Q23-2
Added Pin To Net: NetName=GND Pin=Q24-2
Added Pin To Net: NetName=GND Pin=Q25-2
Added Pin To Net: NetName=GND Pin=Q26-2
Added Pin To Net: NetName=GND Pin=R493-1
Added Pin To Net: NetName=GND Pin=R494-1
Added Pin To Net: NetName=GND Pin=R495-1
Added Pin To Net: NetName=GND Pin=R496-1
Added Pin To Net: NetName=GND Pin=R501-1
Added Pin To Net: NetName=GND Pin=R502-1
Added Pin To Net: NetName=GND Pin=R503-1
Added Pin To Net: NetName=GND Pin=R504-1
Add Pin To Net: Unknown Pin: Pin U25-1
Add Pin To Net: Unknown Pin: Pin U25-2
Add Pin To Net: Unknown Pin: Pin U25-3
Add Pin To Net: Unknown Pin: Pin U25-4
Add Pin To Net: Unknown Pin: Pin U25-5
Add Pin To Net: Unknown Pin: Pin U25-6
Add Pin To Net: Unknown Pin: Pin U25-7
Add Pin To Net: Unknown Pin: Pin U25-8
Add Pin To Net: Unknown Pin: Pin U25-9
Add Pin To Net: Unknown Pin: Pin U26-1
Add Pin To Net: Unknown Pin: Pin U26-2
Add Pin To Net: Unknown Pin: Pin U26-3
Add Pin To Net: Unknown Pin: Pin U26-4
Add Pin To Net: Unknown Pin: Pin U26-5
Add Pin To Net: Unknown Pin: Pin U26-6
Add Pin To Net: Unknown Pin: Pin U26-7
Add Pin To Net: Unknown Pin: Pin U26-8
Add Pin To Net: Unknown Pin: Pin U26-9
Add Pin To Net: Unknown Pin: Pin U27-1
Add Pin To Net: Unknown Pin: Pin U27-2
Add Pin To Net: Unknown Pin: Pin U27-3
Add Pin To Net: Unknown Pin: Pin U27-4
Add Pin To Net: Unknown Pin: Pin U27-5
Add Pin To Net: Unknown Pin: Pin U27-6
Add Pin To Net: Unknown Pin: Pin U27-7
Add Pin To Net: Unknown Pin: Pin U27-8
Add Pin To Net: Unknown Pin: Pin U27-9
Add Pin To Net: Unknown Pin: Pin U28-1
Add Pin To Net: Unknown Pin: Pin U28-2
Add Pin To Net: Unknown Pin: Pin U28-3
Add Pin To Net: Unknown Pin: Pin U28-4
Add Pin To Net: Unknown Pin: Pin U28-5
Add Pin To Net: Unknown Pin: Pin U28-6
Add Pin To Net: Unknown Pin: Pin U28-7
Add Pin To Net: Unknown Pin: Pin U28-8
Add Pin To Net: Unknown Pin: Pin U28-9
Added Pin To Net: NetName=NetD28_2 Pin=D28-2
Added Pin To Net: NetName=NetD28_2 Pin=DZ9-2
Added Net: Name=NetD28_2
Added Pin To Net: NetName=NetD29_2 Pin=D29-2
Added Pin To Net: NetName=NetD29_2 Pin=DZ10-2
Added Net: Name=NetD29_2
Added Pin To Net: NetName=NetD30_2 Pin=D30-2
Added Pin To Net: NetName=NetD30_2 Pin=DZ11-2
Added Net: Name=NetD30_2
Added Pin To Net: NetName=NetD31_2 Pin=D31-2
Added Pin To Net: NetName=NetD31_2 Pin=DZ12-2
Added Net: Name=NetD31_2
Added Pin To Net: NetName=NetD32_2 Pin=D32-2
Added Pin To Net: NetName=NetD32_2 Pin=DZ13-2
Added Net: Name=NetD32_2
Added Pin To Net: NetName=NetD33_2 Pin=D33-2
Added Pin To Net: NetName=NetD33_2 Pin=DZ14-2
Added Net: Name=NetD33_2
Added Pin To Net: NetName=NetD34_2 Pin=D34-2
Added Pin To Net: NetName=NetD34_2 Pin=DZ15-2
Added Net: Name=NetD34_2
Added Pin To Net: NetName=NetD35_2 Pin=D35-2
Added Pin To Net: NetName=NetD35_2 Pin=DZ16-2
Added Net: Name=NetD35_2
Added Pin To Net: NetName=NetQ19_1 Pin=Q19-1
Added Pin To Net: NetName=NetQ19_1 Pin=R201-1
Added Pin To Net: NetName=NetQ19_1 Pin=R493-2
Added Net: Name=NetQ19_1
Added Pin To Net: NetName=NetQ20_1 Pin=Q20-1
Added Pin To Net: NetName=NetQ20_1 Pin=R202-1
Added Pin To Net: NetName=NetQ20_1 Pin=R494-2
Added Net: Name=NetQ20_1
Added Pin To Net: NetName=NetQ21_1 Pin=Q21-1
Added Pin To Net: NetName=NetQ21_1 Pin=R491-1
Added Pin To Net: NetName=NetQ21_1 Pin=R495-2
Added Net: Name=NetQ21_1
Added Pin To Net: NetName=NetQ22_1 Pin=Q22-1
Added Pin To Net: NetName=NetQ22_1 Pin=R492-1
Added Pin To Net: NetName=NetQ22_1 Pin=R496-2
Added Net: Name=NetQ22_1
Added Pin To Net: NetName=NetQ23_1 Pin=Q23-1
Added Pin To Net: NetName=NetQ23_1 Pin=R497-1
Added Pin To Net: NetName=NetQ23_1 Pin=R501-2
Added Net: Name=NetQ23_1
Added Pin To Net: NetName=NetQ24_1 Pin=Q24-1
Added Pin To Net: NetName=NetQ24_1 Pin=R498-1
Added Pin To Net: NetName=NetQ24_1 Pin=R502-2
Added Net: Name=NetQ24_1
Added Pin To Net: NetName=NetQ25_1 Pin=Q25-1
Added Pin To Net: NetName=NetQ25_1 Pin=R499-1
Added Pin To Net: NetName=NetQ25_1 Pin=R503-2
Added Net: Name=NetQ25_1
Added Pin To Net: NetName=NetQ26_1 Pin=Q26-1
Added Pin To Net: NetName=NetQ26_1 Pin=R500-1
Added Pin To Net: NetName=NetQ26_1 Pin=R504-2
Added Net: Name=NetQ26_1
Added Pin To Net: NetName=SOLENOID_A_9 Pin=DZ9-1
Added Pin To Net: NetName=SOLENOID_A_9 Pin=J32-2
Added Pin To Net: NetName=SOLENOID_A_9 Pin=Q19-3
Added Net: Name=SOLENOID_A_9
Added Pin To Net: NetName=SOLENOID_A_10 Pin=DZ10-1
Added Pin To Net: NetName=SOLENOID_A_10 Pin=J32-4
Added Pin To Net: NetName=SOLENOID_A_10 Pin=Q20-3
Added Net: Name=SOLENOID_A_10
Added Pin To Net: NetName=SOLENOID_A_11 Pin=DZ11-1
Added Pin To Net: NetName=SOLENOID_A_11 Pin=J32-6
Added Pin To Net: NetName=SOLENOID_A_11 Pin=Q21-3
Added Net: Name=SOLENOID_A_11
Added Pin To Net: NetName=SOLENOID_A_12 Pin=DZ12-1
Added Pin To Net: NetName=SOLENOID_A_12 Pin=J32-8
Added Pin To Net: NetName=SOLENOID_A_12 Pin=Q22-3
Added Net: Name=SOLENOID_A_12
Added Pin To Net: NetName=SOLENOID_A_13 Pin=DZ13-1
Added Pin To Net: NetName=SOLENOID_A_13 Pin=J33-2
Added Pin To Net: NetName=SOLENOID_A_13 Pin=Q23-3
Added Net: Name=SOLENOID_A_13
Added Pin To Net: NetName=SOLENOID_A_14 Pin=DZ14-1
Added Pin To Net: NetName=SOLENOID_A_14 Pin=J33-4
Added Pin To Net: NetName=SOLENOID_A_14 Pin=Q24-3
Added Net: Name=SOLENOID_A_14
Added Pin To Net: NetName=SOLENOID_A_15 Pin=DZ15-1
Added Pin To Net: NetName=SOLENOID_A_15 Pin=J33-6
Added Pin To Net: NetName=SOLENOID_A_15 Pin=Q25-3
Added Net: Name=SOLENOID_A_15
Added Pin To Net: NetName=SOLENOID_A_16 Pin=DZ16-1
Added Pin To Net: NetName=SOLENOID_A_16 Pin=J33-8
Added Pin To Net: NetName=SOLENOID_A_16 Pin=Q26-3
Added Net: Name=SOLENOID_A_16
Added Pin To Net: NetName=SOLENOID_CTR_9 Pin=R201-2
Added Pin To Net: NetName=SOLENOID_CTR_9 Pin=U47-13
Added Net: Name=SOLENOID_CTR_9
Added Pin To Net: NetName=SOLENOID_CTR_10 Pin=R202-2
Added Pin To Net: NetName=SOLENOID_CTR_10 Pin=U47-14
Added Net: Name=SOLENOID_CTR_10
Added Pin To Net: NetName=SOLENOID_CTR_11 Pin=R491-2
Added Pin To Net: NetName=SOLENOID_CTR_11 Pin=U47-15
Added Net: Name=SOLENOID_CTR_11
Added Pin To Net: NetName=SOLENOID_CTR_12 Pin=R492-2
Added Pin To Net: NetName=SOLENOID_CTR_12 Pin=U47-16
Added Net: Name=SOLENOID_CTR_12
Added Pin To Net: NetName=SOLENOID_CTR_13 Pin=R497-2
Added Pin To Net: NetName=SOLENOID_CTR_13 Pin=U47-17
Added Net: Name=SOLENOID_CTR_13
Added Pin To Net: NetName=SOLENOID_CTR_14 Pin=R498-2
Added Pin To Net: NetName=SOLENOID_CTR_14 Pin=U47-18
Added Net: Name=SOLENOID_CTR_14
Added Pin To Net: NetName=SOLENOID_CTR_15 Pin=R499-2
Added Pin To Net: NetName=SOLENOID_CTR_15 Pin=U47-19
Added Net: Name=SOLENOID_CTR_15
Added Pin To Net: NetName=SOLENOID_CTR_16 Pin=R500-2
Added Pin To Net: NetName=SOLENOID_CTR_16 Pin=U47-20
Added Net: Name=SOLENOID_CTR_16
Added Member To Class: ClassName=19_SOLEDNOID_2 Member=Component D28 1N4007FL
Added Member To Class: ClassName=19_SOLEDNOID_2 Member=Component D29 1N4007FL
Added Member To Class: ClassName=19_SOLEDNOID_2 Member=Component D30 1N4007FL
Added Member To Class: ClassName=19_SOLEDNOID_2 Member=Component D31 1N4007FL
Added Member To Class: ClassName=19_SOLEDNOID_2 Member=Component D32 1N4007FL
Added Member To Class: ClassName=19_SOLEDNOID_2 Member=Component D33 1N4007FL
Added Member To Class: ClassName=19_SOLEDNOID_2 Member=Component D34 1N4007FL
Added Member To Class: ClassName=19_SOLEDNOID_2 Member=Component D35 1N4007FL
Added Member To Class: ClassName=19_SOLEDNOID_2 Member=Component DZ9 KDZLVTFTR51
Added Member To Class: ClassName=19_SOLEDNOID_2 Member=Component DZ10 KDZLVTFTR51
Added Member To Class: ClassName=19_SOLEDNOID_2 Member=Component DZ11 KDZLVTFTR51
Added Member To Class: ClassName=19_SOLEDNOID_2 Member=Component DZ12 KDZLVTFTR51
Added Member To Class: ClassName=19_SOLEDNOID_2 Member=Component DZ13 KDZLVTFTR51
Added Member To Class: ClassName=19_SOLEDNOID_2 Member=Component DZ14 KDZLVTFTR51
Added Member To Class: ClassName=19_SOLEDNOID_2 Member=Component DZ15 KDZLVTFTR51
Added Member To Class: ClassName=19_SOLEDNOID_2 Member=Component DZ16 KDZLVTFTR51
Added Member To Class: ClassName=19_SOLEDNOID_2 Member=Component J32 5040500891
Added Member To Class: ClassName=19_SOLEDNOID_2 Member=Component J33 5040500891
Added Member To Class: ClassName=19_SOLEDNOID_2 Member=Component Q19 AO3400A
Added Member To Class: ClassName=19_SOLEDNOID_2 Member=Component Q20 AO3400A
Added Member To Class: ClassName=19_SOLEDNOID_2 Member=Component Q21 AO3400A
Added Member To Class: ClassName=19_SOLEDNOID_2 Member=Component Q22 AO3400A
Added Member To Class: ClassName=19_SOLEDNOID_2 Member=Component Q23 AO3400A
Added Member To Class: ClassName=19_SOLEDNOID_2 Member=Component Q24 AO3400A
Added Member To Class: ClassName=19_SOLEDNOID_2 Member=Component Q25 AO3400A
Added Member To Class: ClassName=19_SOLEDNOID_2 Member=Component Q26 AO3400A
Added Member To Class: ClassName=19_SOLEDNOID_2 Member=Component R201 4.7k
Added Member To Class: ClassName=19_SOLEDNOID_2 Member=Component R202 4.7k
Added Member To Class: ClassName=19_SOLEDNOID_2 Member=Component R491 4.7k
Added Member To Class: ClassName=19_SOLEDNOID_2 Member=Component R492 4.7k
Added Member To Class: ClassName=19_SOLEDNOID_2 Member=Component R493 10k
Added Member To Class: ClassName=19_SOLEDNOID_2 Member=Component R494 10k
Added Member To Class: ClassName=19_SOLEDNOID_2 Member=Component R495 10k
Added Member To Class: ClassName=19_SOLEDNOID_2 Member=Component R496 10k
Added Member To Class: ClassName=19_SOLEDNOID_2 Member=Component R497 4.7k
Added Member To Class: ClassName=19_SOLEDNOID_2 Member=Component R498 4.7k
Added Member To Class: ClassName=19_SOLEDNOID_2 Member=Component R499 4.7k
Added Member To Class: ClassName=19_SOLEDNOID_2 Member=Component R500 4.7k
Added Member To Class: ClassName=19_SOLEDNOID_2 Member=Component R501 10k
Added Member To Class: ClassName=19_SOLEDNOID_2 Member=Component R502 10k
Added Member To Class: ClassName=19_SOLEDNOID_2 Member=Component R503 10k
Added Member To Class: ClassName=19_SOLEDNOID_2 Member=Component R504 10k
Add Class Member: Failed to add class member : Component U25 TB67H451AFNG,EL
Add Class Member: Failed to add class member : Component U26 TB67H451AFNG,EL
Add Class Member: Failed to add class member : Component U27 TB67H451AFNG,EL
Add Class Member: Failed to add class member : Component U28 TB67H451AFNG,EL
