Change Component Footprint: Designator=C151 Old Footprint=cap_c_0201 New Footprint=CAP_C_0603x30
Change Component Footprint: Designator=C152 Old Footprint=cap_c_0201 New Footprint=CAP_C_0603x30
Change Component Footprint: Designator=C232 Old Footprint=cap_c_0201 New Footprint=CAP_C_0603x30
Change Component Footprint: Designator=C233 Old Footprint=cap_c_0201 New Footprint=CAP_C_0603x30
Change Component Footprint: Designator=C234 Old Footprint=cap_c_0201 New Footprint=CAP_C_0603x30
Change Component Footprint: Designator=C235 Old Footprint=cap_c_0201 New Footprint=CAP_C_0603x30
Change Component Footprint: Designator=C236 Old Footprint=cap_c_0201 New Footprint=CAP_C_0603x30
Change Component Footprint: Designator=C237 Old Footprint=cap_c_0201 New Footprint=CAP_C_0603x30
Change Component Footprint: Designator=C238 Old Footprint=cap_c_0201 New Footprint=CAP_C_0603x30
Change Component Footprint: Designator=C239 Old Footprint=cap_c_0201 New Footprint=CAP_C_0603x30
Change Component Footprint: Designator=C240 Old Footprint=cap_c_0201 New Footprint=CAP_C_0603x30
Change Component Footprint: Designator=C241 Old Footprint=cap_c_0201 New Footprint=CAP_C_0603x30
Change Component Footprint: Designator=C242 Old Footprint=cap_c_0201 New Footprint=CAP_C_0603x30
Change Component Footprint: Designator=C243 Old Footprint=cap_c_0201 New Footprint=CAP_C_0603x30
Change Component Footprint: Designator=C245 Old Footprint=cap_c_0201 New Footprint=CAP_C_0603x30
Change Component Footprint: Designator=C246 Old Footprint=cap_c_0201 New Footprint=CAP_C_0603x30
Change Component Footprint: Designator=C247 Old Footprint=cap_c_0201 New Footprint=CAP_C_0603x30
Change Component Footprint: Designator=C248 Old Footprint=cap_c_0201 New Footprint=CAP_C_0603x30
Change Component Footprint: Designator=C249 Old Footprint=cap_c_0201 New Footprint=CAP_C_0603x30
Change Component Footprint: Designator=C250 Old Footprint=cap_c_0201 New Footprint=CAP_C_0603x30
Change Component Footprint: Designator=C251 Old Footprint=cap_c_0201 New Footprint=CAP_C_0603x30
Change Component Footprint: Designator=C252 Old Footprint=cap_c_0201 New Footprint=CAP_C_0603x30
Change Component Footprint: Designator=C253 Old Footprint=cap_c_0201 New Footprint=CAP_C_0603x30
Change Component Footprint: Designator=C254 Old Footprint=cap_c_0201 New Footprint=CAP_C_0603x30
Change Component Footprint: Designator=C255 Old Footprint=cap_c_0201 New Footprint=CAP_C_0603x30
Change Component Footprint: Designator=C256 Old Footprint=cap_c_0201 New Footprint=CAP_C_0603x30
Change Component Footprint: Designator=C257 Old Footprint=cap_c_0201 New Footprint=CAP_C_0603x30
Change Component Footprint: Designator=C258 Old Footprint=cap_c_0201 New Footprint=CAP_C_0603x30
Change Component Footprint: Designator=C259 Old Footprint=cap_c_0201 New Footprint=CAP_C_0603x30
Change Component Footprint: Designator=C262 Old Footprint=cap_c_0201 New Footprint=CAP_C_0603x30
Change Component Footprint: Designator=C263 Old Footprint=cap_c_0201 New Footprint=CAP_C_0603x30
Change Component Footprint: Designator=C264 Old Footprint=cap_c_0201 New Footprint=CAP_C_0603x30
Change Component Footprint: Designator=C266 Old Footprint=cap_c_0201 New Footprint=CAP_C_0603x30
Change Component Footprint: Designator=C267 Old Footprint=cap_c_0201 New Footprint=CAP_C_0603x30
Change Component Footprint: Designator=C268 Old Footprint=cap_c_0201 New Footprint=CAP_C_0603x30
Change Component Footprint: Designator=C269 Old Footprint=cap_c_0201 New Footprint=CAP_C_0603x30
Change Component Footprint: Designator=C270 Old Footprint=cap_c_0201 New Footprint=CAP_C_0603x30
Change Component Footprint: Designator=C271 Old Footprint=cap_c_0201 New Footprint=CAP_C_0603x30
Change Component Footprint: Designator=C273 Old Footprint=cap_c_0201 New Footprint=CAP_C_0603x30
Change Component Footprint: Designator=C275 Old Footprint=cap_c_0201 New Footprint=CAP_C_0603x30
Change Component Footprint: Designator=C277 Old Footprint=cap_c_0201 New Footprint=CAP_C_0603x30
Change Component Footprint: Designator=C278 Old Footprint=cap_c_0201 New Footprint=CAP_C_0603x30
Change Component Footprint: Designator=C279 Old Footprint=cap_c_0201 New Footprint=CAP_C_0603x30
Change Component Footprint: Designator=C285 Old Footprint=cap_c_0201 New Footprint=CAP_C_0603x30
Change Component Footprint: Designator=C286 Old Footprint=cap_c_0201 New Footprint=CAP_C_0603x30
Change Component Footprint: Designator=C293 Old Footprint=cap_c_0201 New Footprint=CAP_C_0603x30
Change Component Footprint: Designator=C297 Old Footprint=cap_c_0201 New Footprint=CAP_C_0603x30
Change Component Footprint: Designator=C298 Old Footprint=cap_c_0201 New Footprint=CAP_C_0603x30
Change Component Footprint: Designator=C299 Old Footprint=cap_c_0201 New Footprint=CAP_C_0603x30
Change Component Footprint: Designator=C300 Old Footprint=cap_c_0201 New Footprint=CAP_C_0603x30
Change Component Footprint: Designator=C294 Old Footprint=cap_c_0201 New Footprint=CAP_C_1005X50_L
Change Component Footprint: Designator=C295 Old Footprint=cap_c_0201 New Footprint=CAP_C_1005X50_L
Change Component Footprint: Designator=C296 Old Footprint=cap_c_0201 New Footprint=CAP_C_1005X50_L
Change Footprint: Footprint Not Found CAP_C_0201
Change Footprint: Footprint Not Found CAP_C_0201
Change Footprint: Footprint Not Found res_c_0201
Added Member To Class: ClassName=11_MCU Member=Component R18 22R
Added Member To Class: ClassName=11_MCU Member=Component R25 22R
Added Member To Class: ClassName=11_MCU Member=Component R26 22R
