Removed Pin From Net: NetName=NetC59_1 Pin=C31_1-1
Removed Pin From Net: NetName=TEC_OUT_B_1 Pin=C35_1-2
Removed Pin From Net: NetName=GND Pin=C42_1-1
Removed Pin From Net: NetName=NetC63_2 Pin=C42_1-2
Removed Pin From Net: NetName=TEC_SWEN_1 Pin=R126-1
Removed Pin From Net: NetName=TEC_SWEN_3 Pin=R127-1
Removed Pin From Net: NetName=TEC_EN_1 Pin=R128-2
Removed Pin From Net: NetName=TEC_EN_3 Pin=R129-2
Removed Pin From Net: NetName=TEC_SWEN_2 Pin=R136-1
Removed Pin From Net: NetName=TEC_SWEN_4 Pin=R137-1
Removed Pin From Net: NetName=TEC_EN_2 Pin=R138-2
Removed Pin From Net: NetName=TEC_EN_4 Pin=R139-2
Removed Member From Class: ClassName=16_TEC Member=R126
Removed Member From Class: ClassName=16_TEC Member=R127
Removed Member From Class: ClassName=16_TEC Member=R128
Removed Member From Class: ClassName=16_TEC Member=R129
Removed Member From Class: ClassName=16_TEC Member=R136
Removed Member From Class: ClassName=16_TEC Member=R137
Removed Member From Class: ClassName=16_TEC Member=R138
Removed Member From Class: ClassName=16_TEC Member=R139
Added Pin To Net: NetName=TEC_SWEN_1 Pin=R130-1
Added Pin To Net: NetName=TEC_EN_1 Pin=R131-1
Added Pin To Net: NetName=TEC_SWEN_3 Pin=R132-1
Added Pin To Net: NetName=TEC_EN_3 Pin=R133-1
Added Pin To Net: NetName=TEC_SWEN_2 Pin=R140-1
Added Pin To Net: NetName=TEC_EN_2 Pin=R141-1
Added Pin To Net: NetName=TEC_SWEN_4 Pin=R142-1
Added Pin To Net: NetName=TEC_EN_4 Pin=R143-1
Added Pin To Net: NetName=TEC_SWEN_1 Pin=U6-13
Added Pin To Net: NetName=TEC_EN_1 Pin=U6-19
Added Pin To Net: NetName=TEC_SWEN_3 Pin=U7-13
Added Pin To Net: NetName=TEC_EN_3 Pin=U7-19
Added Pin To Net: NetName=TEC_SWEN_2 Pin=U8-13
Added Pin To Net: NetName=TEC_EN_2 Pin=U8-19
Added Pin To Net: NetName=TEC_SWEN_4 Pin=U9-13
Added Pin To Net: NetName=TEC_EN_4 Pin=U9-19
Add Pin To Net: Unknown Pin: Pin U25-1
Add Pin To Net: Unknown Pin: Pin U25-2
Add Pin To Net: Unknown Pin: Pin U25-3
Add Pin To Net: Unknown Pin: Pin U25-4
Add Pin To Net: Unknown Pin: Pin U25-5
Add Pin To Net: Unknown Pin: Pin U25-6
Add Pin To Net: Unknown Pin: Pin U25-7
Add Pin To Net: Unknown Pin: Pin U25-8
Add Pin To Net: Unknown Pin: Pin U25-9
Add Pin To Net: Unknown Pin: Pin U26-1
Add Pin To Net: Unknown Pin: Pin U26-2
Add Pin To Net: Unknown Pin: Pin U26-3
Add Pin To Net: Unknown Pin: Pin U26-4
Add Pin To Net: Unknown Pin: Pin U26-5
Add Pin To Net: Unknown Pin: Pin U26-6
Add Pin To Net: Unknown Pin: Pin U26-7
Add Pin To Net: Unknown Pin: Pin U26-8
Add Pin To Net: Unknown Pin: Pin U26-9
Add Pin To Net: Unknown Pin: Pin U27-1
Add Pin To Net: Unknown Pin: Pin U27-2
Add Pin To Net: Unknown Pin: Pin U27-3
Add Pin To Net: Unknown Pin: Pin U27-4
Add Pin To Net: Unknown Pin: Pin U27-5
Add Pin To Net: Unknown Pin: Pin U27-6
Add Pin To Net: Unknown Pin: Pin U27-7
Add Pin To Net: Unknown Pin: Pin U27-8
Add Pin To Net: Unknown Pin: Pin U27-9
Add Pin To Net: Unknown Pin: Pin U28-1
Add Pin To Net: Unknown Pin: Pin U28-2
Add Pin To Net: Unknown Pin: Pin U28-3
Add Pin To Net: Unknown Pin: Pin U28-4
Add Pin To Net: Unknown Pin: Pin U28-5
Add Pin To Net: Unknown Pin: Pin U28-6
Add Pin To Net: Unknown Pin: Pin U28-7
Add Pin To Net: Unknown Pin: Pin U28-8
Add Pin To Net: Unknown Pin: Pin U28-9
Add Class Member: Failed to add class member : Component U25 TB67H451AFNG,EL
Add Class Member: Failed to add class member : Component U26 TB67H451AFNG,EL
Add Class Member: Failed to add class member : Component U27 TB67H451AFNG,EL
Add Class Member: Failed to add class member : Component U28 TB67H451AFNG,EL
