Removed Pin From Net: NetName=_PC8 Pin=J2-5
Removed Pin From Net: NetName=_PC7 Pin=J2-6
Added Component: Designator=C186(CAP_C_1005X60)
Added Component: Designator=R452(RES_C_0603X30)
Added Component: Designator=R454(RES_C_0603X30)
Added Pin To Net: NetName=GND Pin=C186-1
Added Pin To Net: NetName=VDD_3V3 Pin=C186-2
Added Pin To Net: NetName=_PC7 Pin=R452-2
Added Pin To Net: NetName=_PC8 Pin=R454-2
Added Pin To Net: NetName=OBC_VS_SOM_I2C_SCL Pin=J2-5
Added Pin To Net: NetName=OBC_VS_SOM_I2C_SCL Pin=R454-1
Added Net: Name=OBC_VS_SOM_I2C_SCL
Added Pin To Net: NetName=OBC_VS_SOM_I2C_SDA Pin=J2-6
Added Pin To Net: NetName=OBC_VS_SOM_I2C_SDA Pin=R452-1
Added Net: Name=OBC_VS_SOM_I2C_SDA
Added Member To Class: ClassName=05_CONNECTOR_IN Member=Component C186 0.1uF/10V
Added Member To Class: ClassName=11_MCU Member=Component R18 22R
Added Member To Class: ClassName=11_MCU Member=Component R25 22R
Added Member To Class: ClassName=11_MCU Member=Component R26 22R
Added Member To Class: ClassName=08_SAMA7G54-PIO Member=Component R452 22R
Added Member To Class: ClassName=08_SAMA7G54-PIO Member=Component R454 22R
