Removed Pin From Net: NetName=IF_GND Pin=J1-3
Removed Pin From Net: NetName=OBC_CANH Pin=J1-5
Removed Pin From Net: NetName=OBC_CANL Pin=J1-6
Removed Pin From Net: NetName=OBC_VS_SOM_I2C_SCL Pin=J1-7
Removed Pin From Net: NetName=OBC_VS_SOM_I2C_SDA Pin=J1-8
Removed Pin From Net: NetName=EXP_GND Pin=J2-5
Removed Pin From Net: NetName=IF_SOM_USB_P Pin=J2-6
Removed Pin From Net: NetName=IF_SOM_USB_N Pin=J2-7
Removed Pin From Net: NetName=IF_MCU_SHUTDOWN Pin=J2-8
Removed Pin From Net: NetName=PA01 Pin=R12-1
Removed Pin From Net: NetName=HEATER_PWM_3 Pin=R12-2
Removed Pin From Net: NetName=TEC_EN_2 Pin=R13-1
Removed Pin From Net: NetName=PD01 Pin=R13-2
Removed Pin From Net: NetName=PA02 Pin=R14-1
Removed Pin From Net: NetName=MCU_SOL_1_IN1 Pin=R14-2
Removed Pin From Net: NetName=POW_ONOFF_SOM Pin=R15-1
Removed Pin From Net: NetName=PD02 Pin=R15-2
Removed Pin From Net: NetName=PA03 Pin=R16-1
Removed Pin From Net: NetName=MCU_I2C0_SDA Pin=R16-2
Removed Pin From Net: NetName=PD03 Pin=R17-2
Removed Pin From Net: NetName=PD07 Pin=R24-2
Removed Pin From Net: NetName=PD08 Pin=R25-2
Removed Pin From Net: NetName=PA09 Pin=R26-1
Removed Pin From Net: NetName=MCU_UART0_RX_SOM_TX Pin=R26-2
Removed Pin From Net: NetName=MCU_SOM_GPIO_A Pin=R27-1
Removed Pin From Net: NetName=PD09 Pin=R27-2
Removed Pin From Net: NetName=PA10 Pin=R28-1
Removed Pin From Net: NetName=MCU_UART0_TX_SOM_RX Pin=R28-2
Removed Pin From Net: NetName=MCU_SOM_GPIO_B Pin=R29-1
Removed Pin From Net: NetName=PD10 Pin=R29-2
Removed Pin From Net: NetName=PA11 Pin=R30-1
Removed Pin From Net: NetName=MCU_RAM_QSPI_nCS Pin=R30-2
Removed Pin From Net: NetName=TEC_nCS_4 Pin=R31-1
Removed Pin From Net: NetName=PD11 Pin=R31-2
Removed Pin From Net: NetName=PA12 Pin=R32-1
Removed Pin From Net: NetName=MCU_MRAM_QSPI_IO1 Pin=R32-2
Removed Pin From Net: NetName=PD12 Pin=R33-2
Removed Pin From Net: NetName=PA13 Pin=R34-1
Removed Pin From Net: NetName=MCU_MRAM_QSPI_IO0 Pin=R34-2
Removed Pin From Net: NetName=TEC_SWEN_2 Pin=R35-1
Removed Pin From Net: NetName=PD13 Pin=R35-2
Removed Pin From Net: NetName=PA14 Pin=R36-1
Removed Pin From Net: NetName=MCU_MRAM_QSPI_CLK Pin=R36-2
Removed Pin From Net: NetName=MCU_PRAM_SW_nEN Pin=R37-1
Removed Pin From Net: NetName=PD14 Pin=R37-2
Removed Pin From Net: NetName=PA15 Pin=R38-1
Removed Pin From Net: NetName=PHOTO_ADC_CONV Pin=R38-2
Removed Pin From Net: NetName=PA16 Pin=R39-1
Removed Pin From Net: NetName=HEATER_PWM_5 Pin=R39-2
Removed Pin From Net: NetName=PA17 Pin=R40-1
Removed Pin From Net: NetName=MCU_MRAM_QSPI_IO2 Pin=R40-2
Removed Pin From Net: NetName=MCU_SOL_2_IN2 Pin=R41-1
Removed Pin From Net: NetName=PD17 Pin=R41-2
Removed Pin From Net: NetName=MCU_SOL_2_IN1 Pin=R42-1
Removed Pin From Net: NetName=PD18 Pin=R42-2
Removed Pin From Net: NetName=MCU_SPI0_MISO Pin=R44-1
Removed Pin From Net: NetName=PD20 Pin=R44-2
Removed Pin From Net: NetName=MCU_SPI0_MOSI Pin=R45-1
Removed Pin From Net: NetName=PD21 Pin=R45-2
Removed Pin From Net: NetName=PA22 Pin=R46-1
Removed Pin From Net: NetName=MCU_SOL_3_IN2 Pin=R46-2
Removed Pin From Net: NetName=MCU_SPI0_SCK Pin=R47-1
Removed Pin From Net: NetName=PD22 Pin=R47-2
Removed Pin From Net: NetName=PA23 Pin=R48-1
Removed Pin From Net: NetName=MCU_SOL_3_IN1 Pin=R48-2
Removed Pin From Net: NetName=PA24 Pin=R49-1
Removed Pin From Net: NetName=MCU_SOL_4_IN2 Pin=R49-2
Removed Pin From Net: NetName=PA25 Pin=R50-1
Removed Pin From Net: NetName=MCU_SOL_4_IN1 Pin=R50-2
Removed Pin From Net: NetName=MCU_CONSOLE_RX Pin=R51-1
Removed Pin From Net: NetName=PD25 Pin=R51-2
Removed Pin From Net: NetName=PA26 Pin=R52-1
Removed Pin From Net: NetName=HEATER_PWM_4 Pin=R52-2
Removed Pin From Net: NetName=MCU_CONSOLE_TX Pin=R53-1
Removed Pin From Net: NetName=PD26 Pin=R53-2
Removed Pin From Net: NetName=PA27 Pin=R54-1
Removed Pin From Net: NetName=HEATER_PWM_1 Pin=R54-2
Removed Pin From Net: NetName=MCU_HD4_I2C2_SDA Pin=R55-1
Removed Pin From Net: NetName=PD27 Pin=R55-2
Removed Pin From Net: NetName=PA28 Pin=R56-1
Removed Pin From Net: NetName=TEC_EN_3 Pin=R56-2
Removed Pin From Net: NetName=MCU_HD4_I2C2_SCL Pin=R57-1
Removed Pin From Net: NetName=PD28 Pin=R57-2
Removed Pin From Net: NetName=PA29 Pin=R58-1
Removed Pin From Net: NetName=TEC_EN_4 Pin=R58-2
Removed Pin From Net: NetName=PA30 Pin=R59-1
Removed Pin From Net: NetName=TEC_SWEN_1 Pin=R59-2
Removed Pin From Net: NetName=PA31 Pin=R60-1
Removed Pin From Net: NetName=MCU_MRAM_QSPI_IO3 Pin=R61-1
Removed Pin From Net: NetName=PD31 Pin=R61-2
Removed Pin From Net: NetName=3.3V_MCU Pin=R62-2
Removed Pin From Net: NetName=NetC15_2 Pin=R63-1
Removed Pin From Net: NetName=WD_nRESET Pin=R63-2
Removed Pin From Net: NetName=MCU_nRESET Pin=R64-1
Removed Pin From Net: NetName=NetC15_2 Pin=R64-2
Removed Pin From Net: NetName=PC01 Pin=R65-1
Removed Pin From Net: NetName=TEC_SWEN_3 Pin=R65-2
Removed Pin From Net: NetName=WD_DONE Pin=R66-1
Removed Pin From Net: NetName=PE01 Pin=R66-2
Removed Pin From Net: NetName=PC02 Pin=R67-1
Removed Pin From Net: NetName=TEC_SWEN_4 Pin=R67-2
Removed Pin From Net: NetName=WD_WAKE Pin=R68-1
Removed Pin From Net: NetName=PE02 Pin=R68-2
Removed Pin From Net: NetName=PC03 Pin=R69-1
Removed Pin From Net: NetName=MCU_RTC_CLKOUT Pin=R69-2
Removed Pin From Net: NetName=PC04 Pin=R70-1
Removed Pin From Net: NetName=MCU_RTC_INT Pin=R70-2
Removed Pin From Net: NetName=PC05 Pin=R71-1
Removed Pin From Net: NetName=HEATER_PWM_7 Pin=R71-2
Removed Pin From Net: NetName=PC06 Pin=R72-1
Removed Pin From Net: NetName=HEATER_PWM_8 Pin=R72-2
Removed Pin From Net: NetName=PC07 Pin=R73-1
Removed Pin From Net: NetName=LASER_SW_INT_CS Pin=R73-2
Removed Pin From Net: NetName=PC09 Pin=R75-1
Removed Pin From Net: NetName=SENSOR1_EN Pin=R75-2
Removed Pin From Net: NetName=PC10 Pin=R76-1
Removed Pin From Net: NetName=SENSOR2_EN Pin=R76-2
Removed Pin From Net: NetName=PC11 Pin=R77-1
Removed Pin From Net: NetName=SENSOR3_EN Pin=R77-2
Removed Pin From Net: NetName=SENSOR_I2C1_SDA Pin=R78-1
Removed Pin From Net: NetName=PB04 Pin=R78-2
Removed Pin From Net: NetName=PC12 Pin=R79-1
Removed Pin From Net: NetName=CANRX1 Pin=R79-2
Removed Pin From Net: NetName=MCU_TRACESWO Pin=R80-1
Removed Pin From Net: NetName=PB05 Pin=R80-2
Removed Pin From Net: NetName=MCU_SWDIO Pin=R81-1
Removed Pin From Net: NetName=PB06 Pin=R81-2
Removed Pin From Net: NetName=PC14 Pin=R82-1
Removed Pin From Net: NetName=CANTX1 Pin=R82-2
Removed Pin From Net: NetName=MCU_TSWCLK Pin=R83-1
Removed Pin From Net: NetName=PB07 Pin=R83-2
Removed Pin From Net: NetName=SENSOR_I2C1_SCL Pin=R84-1
Removed Pin From Net: NetName=PB05 Pin=R84-2
Removed Pin From Net: NetName=MCU_OSCIN Pin=R85-1
Removed Pin From Net: NetName=PB08 Pin=R85-2
Removed Pin From Net: NetName=PC16 Pin=R86-1
Removed Pin From Net: NetName=LASER_DAC_LATCH Pin=R86-2
Removed Pin From Net: NetName=MCU_OSCOUT Pin=R87-1
Removed Pin From Net: NetName=PB09 Pin=R87-2
Removed Pin From Net: NetName=PC17 Pin=R88-1
Removed Pin From Net: NetName=MCU_HD4_I2C_EN Pin=R88-2
Removed Pin From Net: NetName=PC18 Pin=R89-1
Removed Pin From Net: NetName=TEC_nCS_1 Pin=R89-2
Removed Pin From Net: NetName=PC19 Pin=R90-1
Removed Pin From Net: NetName=MCU_SOL_1_IN2 Pin=R90-2
Removed Pin From Net: NetName=PC20 Pin=R91-1
Removed Pin From Net: NetName=TEC_nCS_2 Pin=R91-2
Removed Pin From Net: NetName=PC21 Pin=R92-1
Removed Pin From Net: NetName=TEC_EN_1 Pin=R92-2
Removed Pin From Net: NetName=PC22 Pin=R93-1
Removed Pin From Net: NetName=TEC_nCS_3 Pin=R93-2
Removed Pin From Net: NetName=PC23 Pin=R94-1
Removed Pin From Net: NetName=HEATER_PWM_6 Pin=R94-2
Removed Pin From Net: NetName=PC24 Pin=R95-1
Removed Pin From Net: NetName=TEC_SPI_SCK Pin=R95-2
Removed Pin From Net: NetName=PC26 Pin=R96-1
Removed Pin From Net: NetName=TEC_SPI_MISO Pin=R96-2
Removed Pin From Net: NetName=PC27 Pin=R97-1
Removed Pin From Net: NetName=TEC_SPI_MOSI Pin=R97-2
Removed Pin From Net: NetName=PC28 Pin=R98-1
Removed Pin From Net: NetName=MCU_PRAM_SPI1_nCS Pin=R98-2
Removed Pin From Net: NetName=PC29 Pin=R99-1
Removed Pin From Net: NetName=ADC_TEMP8 Pin=R99-2
Removed Pin From Net: NetName=PC30 Pin=R100-1
Removed Pin From Net: NetName=TEMP _SENSOR Pin=R100-2
Removed Pin From Net: NetName=PC31 Pin=R101-1
Removed Pin From Net: NetName=LASER_ADC_1 Pin=R101-2
Removed Pin From Net: NetName=MCU_OSCOUT Pin=R102-1
Removed Pin From Net: NetName=MCU_OSCIN Pin=R102-2
Removed Pin From Net: NetName=GND Pin=R103-1
Removed Pin From Net: NetName=NetC18_2 Pin=R103-2
Removed Pin From Net: NetName=_PD19 Pin=R272-1
Removed Pin From Net: NetName=OBC_VS_SOM_SPI_SG_SCK Pin=R298-1
Removed Pin From Net: NetName=_PA31 Pin=R298-2
Removed Pin From Net: NetName=SOM_USB_SW_nOE Pin=R299-1
Removed Pin From Net: NetName=_PB4 Pin=R299-2
Removed Pin From Net: NetName=OBC_VS_SOM_SPI_SG_MISO Pin=R300-1
Removed Pin From Net: NetName=_PB1 Pin=R300-2
Removed Pin From Net: NetName=SOM_USB_SW_SEL0 Pin=R301-1
Removed Pin From Net: NetName=_PB5 Pin=R301-2
Removed Pin From Net: NetName=OBC_VS_SOM_SPI_SG_MOSI Pin=R302-1
Removed Pin From Net: NetName=_PB2 Pin=R302-2
Removed Pin From Net: NetName=SOM_USB_SW_SEL1 Pin=R303-1
Removed Pin From Net: NetName=_PB6 Pin=R303-2
Removed Pin From Net: NetName=OBC_VS_SOM_SPI_SG_CS Pin=R304-1
Removed Pin From Net: NetName=_PB0 Pin=R304-2
Removed Pin From Net: NetName=SOM_USB_PWR_EN1 Pin=R305-1
Removed Pin From Net: NetName=_PB7 Pin=R305-2
Removed Pin From Net: NetName=SOM_USB_PWR_EN2 Pin=R306-1
Removed Pin From Net: NetName=_PB8 Pin=R306-2
Removed Pin From Net: NetName=SD2_CMD Pin=R307-1
Removed Pin From Net: NetName=_PB29 Pin=R307-2
Removed Pin From Net: NetName=SD2_DATA0 Pin=R308-1
Removed Pin From Net: NetName=_PB31 Pin=R308-2
Removed Pin From Net: NetName=SD2_DATA1 Pin=R309-1
Removed Pin From Net: NetName=_PC0 Pin=R309-2
Removed Pin From Net: NetName=SD2_DATA2 Pin=R310-1
Removed Pin From Net: NetName=_PC1 Pin=R310-2
Removed Pin From Net: NetName=SD2_DATA3 Pin=R311-1
Removed Pin From Net: NetName=_PC2 Pin=R311-2
Removed Pin From Net: NetName=SOM_PHOTO_ADC_CONV Pin=R312-1
Removed Pin From Net: NetName=_PD18 Pin=R312-2
Removed Pin From Net: NetName=SD2_CLK Pin=R313-1
Removed Pin From Net: NetName=_PB30 Pin=R313-2
Removed Pin From Net: NetName=SOM_CANRX1 Pin=R314-1
Removed Pin From Net: NetName=_PD15 Pin=R314-2
Removed Pin From Net: NetName=SD2_nCD Pin=R315-1
Removed Pin From Net: NetName=_PC4 Pin=R315-2
Removed Pin From Net: NetName=SOM_USB_LED_2 Pin=R316-1
Removed Pin From Net: NetName=_PB14 Pin=R316-2
Removed Pin From Net: NetName=SOM_CANTX0 Pin=R317-1
Removed Pin From Net: NetName=_PD12 Pin=R317-2
Removed Pin From Net: NetName=SOM_CANRX0 Pin=R318-1
Removed Pin From Net: NetName=_PD13 Pin=R318-2
Removed Pin From Net: NetName=SOM_USB_LED_1 Pin=R319-1
Removed Pin From Net: NetName=_PB12 Pin=R319-2
Removed Pin From Net: NetName=SOM_CANTX1 Pin=R320-1
Removed Pin From Net: NetName=_PD14 Pin=R320-2
Removed Pin From Net: NetName=SOM_CONSOLE_RX Pin=R321-1
Removed Pin From Net: NetName=_PD17 Pin=R321-2
Removed Pin From Net: NetName=SOM_CONSOLE_TX Pin=R322-1
Removed Pin From Net: NetName=_PD16 Pin=R322-2
Removed Pin From Net: NetName=SOM_SDMMC0_OUT_D6 Pin=R323-1
Removed Pin From Net: NetName=_PA9 Pin=R323-2
Removed Pin From Net: NetName=SOM_SDMMC0_OUT_D7 Pin=R324-1
Removed Pin From Net: NetName=_PA10 Pin=R324-2
Removed Pin From Net: NetName=SOM_PHOTO_SW_nCS Pin=R325-1
Removed Pin From Net: NetName=_PD21 Pin=R325-2
Removed Pin From Net: NetName=SOM_SDMMC0_OUT_D1 Pin=R326-1
Removed Pin From Net: NetName=_PA4 Pin=R326-2
Removed Pin From Net: NetName=SOM_SDMMC0_OUT_D5 Pin=R327-1
Removed Pin From Net: NetName=_PA8 Pin=R327-2
Removed Pin From Net: NetName=SOM_CAM_CK_P Pin=R328-1
Removed Pin From Net: NetName=MIPI_CK_P Pin=R328-2
Removed Pin From Net: NetName=SOM_SDMMC0_OUT_D4 Pin=R329-1
Removed Pin From Net: NetName=_PA7 Pin=R329-2
Removed Pin From Net: NetName=SOM_CAM_CK_N Pin=R330-1
Removed Pin From Net: NetName=MIPI_CK_N Pin=R330-2
Removed Pin From Net: NetName=SOM_PHOTO_ADC_nCS Pin=R331-1
Removed Pin From Net: NetName=_PD20 Pin=R331-2
Removed Pin From Net: NetName=SOM_SDMMC0_OUT_D3 Pin=R332-1
Removed Pin From Net: NetName=_PA6 Pin=R332-2
Removed Pin From Net: NetName=SOM_CAM_D1_P Pin=R333-1
Removed Pin From Net: NetName=MIPI_D1_P Pin=R333-2
Removed Pin From Net: NetName=SOM_USB_N Pin=R334-1
Removed Pin From Net: NetName=USBC_N Pin=R334-2
Removed Pin From Net: NetName=SOM_SDMMC0_OUT_CK Pin=R335-1
Removed Pin From Net: NetName=_PA0 Pin=R335-2
Removed Pin From Net: NetName=SOM_CAM_D1_N Pin=R336-1
Removed Pin From Net: NetName=MIPI_D1_N Pin=R336-2
Removed Pin From Net: NetName=SOM_USB_P Pin=R337-1
Removed Pin From Net: NetName=USBC_P Pin=R337-2
Removed Pin From Net: NetName=SOM_EMMC_nRST Pin=R338-1
Removed Pin From Net: NetName=_PA2 Pin=R338-2
Removed Pin From Net: NetName=SOM_CAM_D0_P Pin=R339-1
Removed Pin From Net: NetName=MIPI_D0_P Pin=R339-2
Removed Pin From Net: NetName=SOM_SDMMC0_OUT_D2 Pin=R340-1
Removed Pin From Net: NetName=_PA5 Pin=R340-2
Removed Pin From Net: NetName=SOM_CAM_D0_N Pin=R341-1
Removed Pin From Net: NetName=MIPI_D0_N Pin=R341-2
Removed Pin From Net: NetName=SOM_SDMMC0_OUT_D0 Pin=R342-1
Removed Pin From Net: NetName=_PA3 Pin=R342-2
Removed Pin From Net: NetName=USB1_N Pin=R343-1
Removed Pin From Net: NetName=USBB_N Pin=R343-2
Removed Pin From Net: NetName=SOM_SDMMC0_OUT_DS Pin=R344-1
Removed Pin From Net: NetName=_PA11 Pin=R344-2
Removed Pin From Net: NetName=USB1_P Pin=R345-1
Removed Pin From Net: NetName=USBB_P Pin=R345-2
Removed Pin From Net: NetName=SOM_SDMMC0_OUT_CMD Pin=R346-1
Removed Pin From Net: NetName=_PA1 Pin=R346-2
Removed Pin From Net: NetName=IF_SOM_USB_N Pin=R347-1
Removed Pin From Net: NetName=USBA_N Pin=R347-2
Removed Pin From Net: NetName=MCU_UART0_RX_SOM_TX Pin=R348-1
Removed Pin From Net: NetName=_PA20 Pin=R348-2
Removed Pin From Net: NetName=IF_SOM_USB_P Pin=R349-1
Removed Pin From Net: NetName=USBA_P Pin=R349-2
Removed Pin From Net: NetName=MCU_SOM_GPIO_A Pin=R350-1
Removed Pin From Net: NetName=_PA22 Pin=R350-2
Removed Pin From Net: NetName=MCU_SOM_GPIO_B Pin=R351-1
Removed Pin From Net: NetName=_PA18 Pin=R351-2
Removed Pin From Net: NetName=MCU_UART0_TX_SOM_RX Pin=R352-1
Removed Pin From Net: NetName=_PA21 Pin=R352-2
Removed Pin From Net: NetName=MCU_UART1_TX_SOM_RX Pin=R353-1
Removed Pin From Net: NetName=_PA16 Pin=R353-2
Removed Pin From Net: NetName=MCU_UART1_RX_SOM_TX Pin=R354-1
Removed Pin From Net: NetName=_PA15 Pin=R354-2
Removed Pin From Net: NetName=OBC_VS_SOM_I2C_SDA Pin=R355-1
Removed Pin From Net: NetName=_PC9 Pin=R355-2
Removed Pin From Net: NetName=OBC_VS_SOM_I2C_SCL Pin=R356-1
Removed Pin From Net: NetName=_PC10 Pin=R356-2
Removed Pin From Net: NetName=SOM_PHOTO_SPI_MOSI Pin=R357-1
Removed Pin From Net: NetName=_PC11 Pin=R357-2
Removed Pin From Net: NetName=SOM_PHOTO_SPI_MISO Pin=R358-1
Removed Pin From Net: NetName=_PC12 Pin=R358-2
Removed Pin From Net: NetName=SOM_PRAM_SPI_SCK Pin=R359-1
Removed Pin From Net: NetName=_PA26 Pin=R359-2
Removed Pin From Net: NetName=SOM_PRAM_nCS Pin=R360-1
Removed Pin From Net: NetName=_PA27 Pin=R360-2
Removed Pin From Net: NetName=SOM_PRAM_SPI_MOSI Pin=R361-1
Removed Pin From Net: NetName=_PA28 Pin=R361-2
Removed Pin From Net: NetName=SOM_PHOTO_ADC_EOC Pin=R362-1
Removed Pin From Net: NetName=_PC15 Pin=R362-2
Removed Pin From Net: NetName=SOM_PRAM_SPI_MISO Pin=R363-1
Removed Pin From Net: NetName=_PA29 Pin=R363-2
Removed Pin From Net: NetName=SEL_VLDO1 Pin=R364-1
Removed Pin From Net: NetName=VBAT Pin=R364-2
Removed Pin From Net: NetName=_PC3 Pin=R365-1
Removed Pin From Net: NetName=VBAT Pin=R365-2
Removed Pin From Net: NetName=GND Pin=R366-1
Removed Pin From Net: NetName=_PC3 Pin=R366-2
Removed Pin From Net: NetName=_PC4 Pin=R367-1
Removed Pin From Net: NetName=VBAT Pin=R367-2
Removed Pin From Net: NetName=GND Pin=R368-1
Removed Pin From Net: NetName=_PC4 Pin=R368-2
Removed Pin From Net: NetName=NTRST_PC25 Pin=R369-1
Removed Pin From Net: NetName=VBAT Pin=R369-2
Removed Pin From Net: NetName=GND Pin=R370-1
Removed Pin From Net: NetName=JTAGSEL Pin=R370-2
Removed Pin From Net: NetName=_PC5 Pin=R371-1
Removed Pin From Net: NetName=VBAT Pin=R371-2
Removed Pin From Net: NetName=GND Pin=R372-1
Removed Pin From Net: NetName=_PC5 Pin=R372-2
Removed Pin From Net: NetName=_PA12 Pin=R373-1
Removed Pin From Net: NetName=3.3V_SOM Pin=R373-2
Removed Pin From Net: NetName=GND Pin=R374-1
Removed Pin From Net: NetName=_PA12 Pin=R374-2
Removed Pin From Net: NetName=_PA13 Pin=R375-1
Removed Pin From Net: NetName=3.3V_SOM Pin=R375-2
Removed Pin From Net: NetName=GND Pin=R376-1
Removed Pin From Net: NetName=_PA13 Pin=R376-2
Removed Pin From Net: NetName=_PA14 Pin=R377-1
Removed Pin From Net: NetName=3.3V_SOM Pin=R377-2
Removed Pin From Net: NetName=GND Pin=R378-1
Removed Pin From Net: NetName=_PA14 Pin=R378-2
Removed Pin From Net: NetName=NTRST_PC25 Pin=R385-1
Removed Pin From Net: NetName=PE00 Pin=R408-2
Removed Pin From Net: NetName=POW_ONOFF_HD4 Pin=R413-2
Removed Pin From Net: NetName=POW_ONOFF_Solenoid Pin=R423-2
Remove Pin from Net: Failed to remove Pin
Removed Pin From Net: NetName=MCP16502_HPM Pin=R?-1
Remove Pin from Net: Failed to remove Pin
Remove Pin from Net: Failed to remove Pin
Remove Pin from Net: Failed to remove Pin
Remove Pin from Net: Failed to remove Pin
Removed Pin From Net: NetName=PB12 Pin=R?-2
Remove Pin from Net: Failed to remove Pin
Remove Pin from Net: Failed to remove Pin
Removed Pin From Net: NetName=ADC_TEMP5 Pin=U3-18
Removed Pin From Net: NetName=ADC_TEMP6 Pin=U3-19
Removed Pin From Net: NetName=ADC_TEMP4 Pin=U3-20
Removed Pin From Net: NetName=ADC_TEMP3 Pin=U3-21
Removed Pin From Net: NetName=ADC_TEMP7 Pin=U3-26
Removed Pin From Net: NetName=PB03 Pin=U3-31
Removed Pin From Net: NetName=VBAT Pin=U29-170
Removed Pin From Net: NetName=PE00 Pin=U36-9
Removed Member From Class: ClassName=06_SOM Member=R298
Removed Member From Class: ClassName=06_SOM Member=R299
Removed Member From Class: ClassName=06_SOM Member=R300
Removed Member From Class: ClassName=06_SOM Member=R301
Removed Member From Class: ClassName=06_SOM Member=R302
Removed Member From Class: ClassName=06_SOM Member=R303
Removed Member From Class: ClassName=06_SOM Member=R304
Removed Member From Class: ClassName=POWER_4 Member=R413
Removed Member From Class: ClassName=POWER_4 Member=R423
Removed Member From Class: ClassName=06_SOM Member=R?
Removed Member From Class: ClassName=08_MCU Member=R?
Change Component Comment : Designator=R64 Old Comment=0R New Comment=22R
Change Component Comment : Designator=R103 Old Comment=5.62k New Comment=22R
Change Component Comment : Designator=R62 Old Comment=10k New Comment=22R
Change Component Comment : Designator=R364 Old Comment=10k New Comment=22R
Change Component Comment : Designator=R369 Old Comment=10k New Comment=22R
Change Component Comment : Designator=R102 Old Comment=10M New Comment=22R
Change Component Comment : Designator=R63 Old Comment=22R New Comment=0R
Change Component Comment : Designator=R306 Old Comment=22R New Comment=0R
Change Component Comment : Designator=R61 Old Comment=22R New Comment=10k
Change Component Comment : Designator=R307 Old Comment=22R New Comment=10k
Change Component Comment : Designator=R319 Old Comment=22R New Comment=10k
Change Component Comment : Designator=R305 Old Comment=22R New Comment=DNP/0R
Change Component Comment : Designator=R83 Old Comment=22R New Comment=DNP/22R
Change Comment: Unknown Component : J1
Change Component Comment : Designator=R365 Old Comment=DNP/10k New Comment=22R
Change Component Comment : Designator=R366 Old Comment=DNP/10k New Comment=22R
Change Component Comment : Designator=R367 Old Comment=DNP/10k New Comment=22R
Change Component Comment : Designator=R368 Old Comment=DNP/10k New Comment=22R
Change Component Comment : Designator=R370 Old Comment=DNP/10k New Comment=22R
Change Component Comment : Designator=R371 Old Comment=DNP/10k New Comment=22R
Change Component Comment : Designator=R372 Old Comment=DNP/10k New Comment=22R
Change Component Comment : Designator=R373 Old Comment=DNP/10k New Comment=22R
Change Component Comment : Designator=R375 Old Comment=DNP/10k New Comment=22R
Change Component Comment : Designator=R376 Old Comment=DNP/10k New Comment=22R
Change Component Comment : Designator=R377 Old Comment=DNP/10k New Comment=22R
Change Component Comment : Designator=R378 Old Comment=DNP/10k New Comment=22R
Change Component Comment : Designator=R374 Old Comment=DNP/10k New Comment=DNP/100k
Change Component Comment : Designator=R80 Old Comment=DNP/22R New Comment=22R
Change Component Designator: OldDesignator=C152 NewDesignator=C153
Change Component Designator: OldDesignator=C153 NewDesignator=C155
Change Component Designator: OldDesignator=C154 NewDesignator=C156
Change Component Designator: OldDesignator=C155 NewDesignator=C157
Change Component Designator: OldDesignator=C156 NewDesignator=C158
Change Component Designator: OldDesignator=C157 NewDesignator=C159
Change Component Designator: OldDesignator=C158 NewDesignator=C160
Change Component Designator: OldDesignator=C159 NewDesignator=C161
Change Component Designator: OldDesignator=C160 NewDesignator=C162
Change Component Designator: OldDesignator=C161 NewDesignator=C163
Change Component Designator: OldDesignator=C162 NewDesignator=C164
Change Component Designator: OldDesignator=C163 NewDesignator=C165
Change Component Designator: OldDesignator=C164 NewDesignator=C166
Change Component Designator: OldDesignator=C165 NewDesignator=C167
Change Component Designator: OldDesignator=C166 NewDesignator=C168
Change Component Designator: OldDesignator=C167 NewDesignator=C169
Change Component Designator: OldDesignator=C168 NewDesignator=C170
Change Component Designator: OldDesignator=C169 NewDesignator=C171
Change Component Designator: OldDesignator=C170 NewDesignator=C172
Change Component Designator: OldDesignator=C171 NewDesignator=C173
Change Component Designator: OldDesignator=C172 NewDesignator=C174
Change Component Designator: OldDesignator=C173 NewDesignator=C175
Change Component Designator: OldDesignator=C174 NewDesignator=C176
Change Component Designator: OldDesignator=C175 NewDesignator=C177
Change Component Designator: OldDesignator=C176 NewDesignator=C178
Change Component Designator: OldDesignator=C177 NewDesignator=C179
Change Component Designator: OldDesignator=C178 NewDesignator=C180
Change Component Designator: OldDesignator=C179 NewDesignator=C181
Change Component Designator: OldDesignator=C180 NewDesignator=C182
Change Component Designator: OldDesignator=C181 NewDesignator=C183
Change Component Designator: OldDesignator=C182 NewDesignator=C184
Change Component Designator: OldDesignator=C183 NewDesignator=C185
Change Component Designator: OldDesignator=C184 NewDesignator=C186
Change Component Designator: OldDesignator=R104 NewDesignator=R111
Change Component Designator: OldDesignator=R105 NewDesignator=R112
Change Component Designator: OldDesignator=R106 NewDesignator=R113
Change Component Designator: OldDesignator=R107 NewDesignator=R114
Change Component Designator: OldDesignator=R108 NewDesignator=R115
Change Component Designator: OldDesignator=R109 NewDesignator=R116
Change Component Designator: OldDesignator=R110 NewDesignator=R117
Change Component Designator: OldDesignator=R111 NewDesignator=R118
Change Component Designator: OldDesignator=R112 NewDesignator=R119
Change Component Designator: OldDesignator=R113 NewDesignator=R120
Change Component Designator: OldDesignator=R114 NewDesignator=R121
Change Component Designator: OldDesignator=R115 NewDesignator=R122
Change Component Designator: OldDesignator=R116 NewDesignator=R123
Change Component Designator: OldDesignator=R117 NewDesignator=R124
Change Component Designator: OldDesignator=R118 NewDesignator=R125
Change Component Designator: OldDesignator=R119 NewDesignator=R126
Change Component Designator: OldDesignator=R120 NewDesignator=R127
Change Component Designator: OldDesignator=R121 NewDesignator=R128
Change Component Designator: OldDesignator=R122 NewDesignator=R129
Change Component Designator: OldDesignator=R123 NewDesignator=R130
Change Component Designator: OldDesignator=R124 NewDesignator=R131
Change Component Designator: OldDesignator=R125 NewDesignator=R132
Change Component Designator: OldDesignator=R126 NewDesignator=R133
Change Component Designator: OldDesignator=R127 NewDesignator=R134
Change Component Designator: OldDesignator=R128 NewDesignator=R135
Change Component Designator: OldDesignator=R129 NewDesignator=R136
Change Component Designator: OldDesignator=R130 NewDesignator=R137
Change Component Designator: OldDesignator=R131 NewDesignator=R138
Change Component Designator: OldDesignator=R132 NewDesignator=R139
Change Component Designator: OldDesignator=R133 NewDesignator=R140
Change Component Designator: OldDesignator=R134 NewDesignator=R141
Change Component Designator: OldDesignator=R135 NewDesignator=R142
Change Component Designator: OldDesignator=R136 NewDesignator=R143
Change Component Designator: OldDesignator=R137 NewDesignator=R144
Change Component Designator: OldDesignator=R138 NewDesignator=R145
Change Component Designator: OldDesignator=R139 NewDesignator=R146
Change Component Designator: OldDesignator=R140 NewDesignator=R147
Change Component Designator: OldDesignator=R141 NewDesignator=R148
Change Component Designator: OldDesignator=R142 NewDesignator=R149
Change Component Designator: OldDesignator=R143 NewDesignator=R150
Change Component Designator: OldDesignator=R144 NewDesignator=R151
Change Component Designator: OldDesignator=R145 NewDesignator=R152
Change Component Designator: OldDesignator=R146 NewDesignator=R153
Change Component Designator: OldDesignator=R147 NewDesignator=R154
Change Component Designator: OldDesignator=R148 NewDesignator=R155
Change Component Designator: OldDesignator=R149 NewDesignator=R156
Change Component Designator: OldDesignator=R150 NewDesignator=R157
Change Component Designator: OldDesignator=R151 NewDesignator=R158
Change Component Designator: OldDesignator=R152 NewDesignator=R159
Change Component Designator: OldDesignator=R153 NewDesignator=R160
Change Component Designator: OldDesignator=R154 NewDesignator=R161
Change Component Designator: OldDesignator=R155 NewDesignator=R162
Change Component Designator: OldDesignator=R156 NewDesignator=R163
Change Component Designator: OldDesignator=R157 NewDesignator=R164
Change Component Designator: OldDesignator=R158 NewDesignator=R165
Change Component Designator: OldDesignator=R159 NewDesignator=R166
Change Component Designator: OldDesignator=R160 NewDesignator=R167
Change Component Designator: OldDesignator=R161 NewDesignator=R168
Change Component Designator: OldDesignator=R162 NewDesignator=R169
Change Component Designator: OldDesignator=R163 NewDesignator=R170
Change Component Designator: OldDesignator=R164 NewDesignator=R171
Change Component Designator: OldDesignator=R165 NewDesignator=R172
Change Component Designator: OldDesignator=R166 NewDesignator=R173
Change Component Designator: OldDesignator=R167 NewDesignator=R174
Change Component Designator: OldDesignator=R168 NewDesignator=R175
Change Component Designator: OldDesignator=R169 NewDesignator=R176
Change Component Designator: OldDesignator=R170 NewDesignator=R177
Change Component Designator: OldDesignator=R171 NewDesignator=R178
Change Component Designator: OldDesignator=R172 NewDesignator=R179
Change Component Designator: OldDesignator=R173 NewDesignator=R180
Change Component Designator: OldDesignator=R174 NewDesignator=R181
Change Component Designator: OldDesignator=R175 NewDesignator=R182
Change Component Designator: OldDesignator=R176 NewDesignator=R183
Change Component Designator: OldDesignator=R177 NewDesignator=R184
Change Component Designator: OldDesignator=R178 NewDesignator=R185
Change Component Designator: OldDesignator=R179 NewDesignator=R186
Change Component Designator: OldDesignator=R180 NewDesignator=R187
Change Component Designator: OldDesignator=R181 NewDesignator=R188
Change Component Designator: OldDesignator=R182 NewDesignator=R189
Change Component Designator: OldDesignator=R183 NewDesignator=R190
Change Component Designator: OldDesignator=R184 NewDesignator=R191
Change Component Designator: OldDesignator=R185 NewDesignator=R192
Change Component Designator: OldDesignator=R186 NewDesignator=R193
Change Component Designator: OldDesignator=R187 NewDesignator=R194
Change Component Designator: OldDesignator=R188 NewDesignator=R195
Change Component Designator: OldDesignator=R189 NewDesignator=R196
Change Component Designator: OldDesignator=R190 NewDesignator=R197
Change Component Designator: OldDesignator=R191 NewDesignator=R198
Change Component Designator: OldDesignator=R192 NewDesignator=R199
Change Component Designator: OldDesignator=R193 NewDesignator=R200
Change Component Designator: OldDesignator=R194 NewDesignator=R201
Change Component Designator: OldDesignator=R195 NewDesignator=R202
Change Component Designator: OldDesignator=R196 NewDesignator=R203
Change Component Designator: OldDesignator=R197 NewDesignator=R204
Change Component Designator: OldDesignator=R198 NewDesignator=R205
Change Component Designator: OldDesignator=R199 NewDesignator=R206
Change Component Designator: OldDesignator=R200 NewDesignator=R207
Change Component Designator: OldDesignator=R201 NewDesignator=R208
Change Component Designator: OldDesignator=R202 NewDesignator=R209
Change Component Designator: OldDesignator=R203 NewDesignator=R210
Change Component Designator: OldDesignator=R204 NewDesignator=R211
Change Component Designator: OldDesignator=R205 NewDesignator=R212
Change Component Designator: OldDesignator=R206 NewDesignator=R213
Change Component Designator: OldDesignator=R207 NewDesignator=R214
Change Component Designator: OldDesignator=R208 NewDesignator=R215
Change Component Designator: OldDesignator=R209 NewDesignator=R216
Change Component Designator: OldDesignator=R210 NewDesignator=R217
Change Component Designator: OldDesignator=R211 NewDesignator=R218
Change Component Designator: OldDesignator=R212 NewDesignator=R219
Change Component Designator: OldDesignator=R213 NewDesignator=R220
Change Component Designator: OldDesignator=R214 NewDesignator=R221
Change Component Designator: OldDesignator=R215 NewDesignator=R222
Change Component Designator: OldDesignator=R216 NewDesignator=R223
Change Component Designator: OldDesignator=R217 NewDesignator=R224
Change Component Designator: OldDesignator=R218 NewDesignator=R225
Change Component Designator: OldDesignator=R219 NewDesignator=R226
Change Component Designator: OldDesignator=R220 NewDesignator=R227
Change Component Designator: OldDesignator=R221 NewDesignator=R228
Change Component Designator: OldDesignator=R222 NewDesignator=R229
Change Component Designator: OldDesignator=R223 NewDesignator=R230
Change Component Designator: OldDesignator=R224 NewDesignator=R231
Change Component Designator: OldDesignator=R225 NewDesignator=R232
Change Component Designator: OldDesignator=R226 NewDesignator=R233
Change Component Designator: OldDesignator=R227 NewDesignator=R234
Change Component Designator: OldDesignator=R228 NewDesignator=R235
Change Component Designator: OldDesignator=R229 NewDesignator=R236
Change Component Designator: OldDesignator=R230 NewDesignator=R237
Change Component Designator: OldDesignator=R231 NewDesignator=R238
Change Component Designator: OldDesignator=R232 NewDesignator=R239
Change Component Designator: OldDesignator=R233 NewDesignator=R240
Change Component Designator: OldDesignator=R234 NewDesignator=R241
Change Component Designator: OldDesignator=R235 NewDesignator=R242
Change Component Designator: OldDesignator=R236 NewDesignator=R243
Change Component Designator: OldDesignator=R237 NewDesignator=R244
Change Component Designator: OldDesignator=R238 NewDesignator=R245
Change Component Designator: OldDesignator=R239 NewDesignator=R246
Change Component Designator: OldDesignator=R240 NewDesignator=R247
Change Component Designator: OldDesignator=R241 NewDesignator=R248
Change Component Designator: OldDesignator=R242 NewDesignator=R249
Change Component Designator: OldDesignator=R243 NewDesignator=R250
Change Component Designator: OldDesignator=R244 NewDesignator=R251
Change Component Designator: OldDesignator=R245 NewDesignator=R252
Change Component Designator: OldDesignator=R246 NewDesignator=R253
Change Component Designator: OldDesignator=R247 NewDesignator=R254
Change Component Designator: OldDesignator=R248 NewDesignator=R255
Change Component Designator: OldDesignator=R249 NewDesignator=R256
Change Component Designator: OldDesignator=R250 NewDesignator=R257
Change Component Designator: OldDesignator=R251 NewDesignator=R258
Change Component Designator: OldDesignator=R252 NewDesignator=R259
Change Component Designator: OldDesignator=R253 NewDesignator=R260
Change Component Designator: OldDesignator=R254 NewDesignator=R261
Change Component Designator: OldDesignator=R255 NewDesignator=R262
Change Component Designator: OldDesignator=R256 NewDesignator=R263
Change Component Designator: OldDesignator=R257 NewDesignator=R264
Change Component Designator: OldDesignator=R258 NewDesignator=R265
Change Component Designator: OldDesignator=R259 NewDesignator=R266
Change Component Designator: OldDesignator=R260 NewDesignator=R267
Change Component Designator: OldDesignator=R261 NewDesignator=R268
Change Component Designator: OldDesignator=R262 NewDesignator=R269
Change Component Designator: OldDesignator=R263 NewDesignator=R270
Change Component Designator: OldDesignator=R264 NewDesignator=R271
Change Component Designator: OldDesignator=R265 NewDesignator=R272
Change Component Designator: OldDesignator=R266 NewDesignator=R273
Change Component Designator: OldDesignator=R267 NewDesignator=R274
Change Component Designator: OldDesignator=R268 NewDesignator=R275
Change Component Designator: OldDesignator=R269 NewDesignator=R276
Change Component Designator: OldDesignator=R270 NewDesignator=R277
Change Component Designator: OldDesignator=R271 NewDesignator=R278
Change Component Designator: OldDesignator=R272 NewDesignator=R279
Change Component Designator: OldDesignator=R273 NewDesignator=R280
Change Component Designator: OldDesignator=R274 NewDesignator=R281
Change Component Designator: OldDesignator=R275 NewDesignator=R282
Change Component Designator: OldDesignator=R276 NewDesignator=R283
Change Component Designator: OldDesignator=R277 NewDesignator=R284
Change Component Designator: OldDesignator=R278 NewDesignator=R285
Change Component Designator: OldDesignator=R279 NewDesignator=R286
Change Component Designator: OldDesignator=R280 NewDesignator=R287
Change Component Designator: OldDesignator=R281 NewDesignator=R288
Change Component Designator: OldDesignator=R282 NewDesignator=R289
Change Component Designator: OldDesignator=R283 NewDesignator=R290
Change Component Designator: OldDesignator=R284 NewDesignator=R291
Change Component Designator: OldDesignator=R285 NewDesignator=R292
Change Component Designator: OldDesignator=R286 NewDesignator=R293
Change Component Designator: OldDesignator=R287 NewDesignator=R294
Change Component Designator: OldDesignator=R288 NewDesignator=R295
Change Component Designator: OldDesignator=R289 NewDesignator=R296
Change Component Designator: OldDesignator=R290 NewDesignator=R297
Change Component Designator: OldDesignator=R291 NewDesignator=R298
Change Component Designator: OldDesignator=R292 NewDesignator=R299
Change Component Designator: OldDesignator=R293 NewDesignator=R300
Change Component Designator: OldDesignator=R294 NewDesignator=R301
Change Component Designator: OldDesignator=R295 NewDesignator=R302
Change Component Designator: OldDesignator=R296 NewDesignator=R303
Change Component Designator: OldDesignator=R297 NewDesignator=R304
Change Component Designator: OldDesignator=R379 NewDesignator=R397
Change Component Designator: OldDesignator=R380 NewDesignator=R398
Change Component Designator: OldDesignator=R381 NewDesignator=R399
Change Component Designator: OldDesignator=R382 NewDesignator=R400
Change Component Designator: OldDesignator=R383 NewDesignator=R401
Change Component Designator: OldDesignator=R384 NewDesignator=R402
Change Component Designator: OldDesignator=R385 NewDesignator=R403
Change Component Designator: OldDesignator=R386 NewDesignator=R404
Change Component Designator: OldDesignator=R387 NewDesignator=R405
Change Component Designator: OldDesignator=R388 NewDesignator=R406
Change Component Designator: OldDesignator=R389 NewDesignator=R407
Change Component Designator: OldDesignator=R390 NewDesignator=R408
Change Component Designator: OldDesignator=R391 NewDesignator=R409
Change Component Designator: OldDesignator=R392 NewDesignator=R410
Change Component Designator: OldDesignator=R393 NewDesignator=R411
Change Component Designator: OldDesignator=R394 NewDesignator=R412
Change Component Designator: OldDesignator=R395 NewDesignator=R413
Change Component Designator: OldDesignator=R397 NewDesignator=R414
Change Component Designator: OldDesignator=R398 NewDesignator=R415
Change Component Designator: OldDesignator=R399 NewDesignator=R416
Change Component Designator: OldDesignator=R400 NewDesignator=R417
Change Component Designator: OldDesignator=R401 NewDesignator=R418
Change Component Designator: OldDesignator=R402 NewDesignator=R419
Change Component Designator: OldDesignator=R403 NewDesignator=R420
Change Component Designator: OldDesignator=R405 NewDesignator=R421
Change Component Designator: OldDesignator=R406 NewDesignator=R422
Change Component Designator: OldDesignator=R407 NewDesignator=R423
Change Component Designator: OldDesignator=R408 NewDesignator=R424
Change Component Designator: OldDesignator=R409 NewDesignator=R425
Change Component Designator: OldDesignator=R410 NewDesignator=R426
Change Component Designator: OldDesignator=R411 NewDesignator=R427
Change Component Designator: OldDesignator=R412 NewDesignator=R428
Change Component Designator: OldDesignator=R414 NewDesignator=R429
Change Component Designator: OldDesignator=R415 NewDesignator=R430
Change Component Designator: OldDesignator=R416 NewDesignator=R431
Change Component Designator: OldDesignator=R417 NewDesignator=R432
Change Component Designator: OldDesignator=R418 NewDesignator=R433
Change Component Designator: OldDesignator=R419 NewDesignator=R434
Change Component Designator: OldDesignator=R420 NewDesignator=R435
Change Component Designator: OldDesignator=R421 NewDesignator=R436
Change Component Designator: OldDesignator=R422 NewDesignator=R437
Change Component Designator: OldDesignator=R424 NewDesignator=R438
Change Component Designator: OldDesignator=R425 NewDesignator=R439
Change Component Designator: OldDesignator=R426 NewDesignator=R440
Change Component Designator: OldDesignator=R427 NewDesignator=R441
Change Component Designator: OldDesignator=R428 NewDesignator=R442
Change Component Designator: OldDesignator=R429 NewDesignator=R443
Change Component Designator: OldDesignator=R430 NewDesignator=R444
Change Component Designator: OldDesignator=R431 NewDesignator=R445
Change Component Designator: OldDesignator=R432 NewDesignator=R446
Change Component Designator: OldDesignator=R433 NewDesignator=R447
Change Component Designator: OldDesignator=R434 NewDesignator=R448
Change Component Designator: OldDesignator=R435 NewDesignator=R449
Change Component Designator: OldDesignator=R436 NewDesignator=R450
Change Component Designator: OldDesignator=R437 NewDesignator=R451
Change Component Designator: OldDesignator=R438 NewDesignator=R452
Change Component Designator: OldDesignator=R439 NewDesignator=R453
Change Component Designator: OldDesignator=R440 NewDesignator=R454
Change Component Designator: OldDesignator=R441 NewDesignator=R455
Change Component Designator: OldDesignator=U30 NewDesignator=U31
Change Component Designator: OldDesignator=U31 NewDesignator=U30
Added Component: Designator=C152(CAP_C_1005X60)
Added Component: Designator=C154(CAP_C_1005X60)
Added Component: Designator=J26(MOLEX_0533980271)
Added Component: Designator=R104(RES_C_1005X40)
Added Component: Designator=R105(RES_C_1005X40)
Added Component: Designator=R106(RES_C_1005X40)
Added Component: Designator=R107(RES_C_1005X40)
Added Component: Designator=R108(RES_C_1005X40)
Added Component: Designator=R109(RES_C_1005X40)
Added Component: Designator=R110(RES_C_1005X40)
Added Component: Designator=R379(RES_C_1005X40)
Added Component: Designator=R380(RES_C_1005X40)
Added Component: Designator=R381(RES_C_1005X40)
Added Component: Designator=R382(RES_C_1005X40)
Added Component: Designator=R383(RES_C_1005X40)
Added Component: Designator=R384(RES_C_1005X40)
Added Component: Designator=R385(RES_C_1005X40)
Added Component: Designator=R386(RES_C_1005X40)
Added Component: Designator=R387(RES_C_1005X40)
Added Component: Designator=R388(RES_C_1005X40)
Added Component: Designator=R389(RES_C_1005X40)
Added Component: Designator=R390(RES_C_1005X40)
Added Component: Designator=R391(RES_C_1005X40)
Added Component: Designator=R392(RES_C_1005X40)
Added Component: Designator=R393(RES_C_1005X40)
Added Component: Designator=R394(RES_C_1005X40)
Added Component: Designator=R395(RES_C_1005X40)
Added Component: Designator=R396(RES_C_1005X40)
Added Component: Designator=TP5(Testpoint_TH_D130H80)
Add component (AddParameter): Name = "Category"; Value = ""; VariantName = "[No Variations]"
Add component (AddParameter): Name = "CompanyID"; Value = ""; VariantName = "[No Variations]"
Add component (AddParameter): Name = "MFR"; Value = ""; VariantName = "[No Variations]"
Add component (AddParameter): Name = "MFR_URL"; Value = ""; VariantName = "[No Variations]"
Add component (AddParameter): Name = "MPN"; Value = ""; VariantName = "[No Variations]"
Add component (AddParameter): Name = "PinCount"; Value = ""; VariantName = "[No Variations]"
Add component (AddParameter): Name = "Solder"; Value = "NF"; VariantName = "[No Variations]"
Add component (AddParameter): Name = "Value"; Value = ""; VariantName = "[No Variations]"
Added Component: Designator=TP6(Testpoint_TH_D130H80)
Add component (AddParameter): Name = "Category"; Value = ""; VariantName = "[No Variations]"
Add component (AddParameter): Name = "CompanyID"; Value = ""; VariantName = "[No Variations]"
Add component (AddParameter): Name = "MFR"; Value = ""; VariantName = "[No Variations]"
Add component (AddParameter): Name = "MFR_URL"; Value = ""; VariantName = "[No Variations]"
Add component (AddParameter): Name = "MPN"; Value = ""; VariantName = "[No Variations]"
Add component (AddParameter): Name = "PinCount"; Value = ""; VariantName = "[No Variations]"
Add component (AddParameter): Name = "Solder"; Value = "NF"; VariantName = "[No Variations]"
Add component (AddParameter): Name = "Value"; Value = ""; VariantName = "[No Variations]"
Added Pin To Net: NetName=GND Pin=C152-1
Added Pin To Net: NetName=NRST Pin=C152-2
Added Pin To Net: NetName=GND Pin=C154-1
Add Pin To Net: Unknown Pin: Pin J1-3
Add Pin To Net: Unknown Pin: Pin J1-5
Add Pin To Net: Unknown Pin: Pin J1-6
Add Pin To Net: Unknown Pin: Pin J1-7
Add Pin To Net: Unknown Pin: Pin J1-8
Add Pin To Net: Unknown Pin: Pin J1-9
Added Pin To Net: NetName=OBC_VS_SOM_I2C_SCL Pin=J2-5
Added Pin To Net: NetName=OBC_VS_SOM_I2C_SDA Pin=J2-6
Added Pin To Net: NetName=IF_SOM_USB_P Pin=J2-7
Added Pin To Net: NetName=IF_SOM_USB_N Pin=J2-8
Added Pin To Net: NetName=SOM_CONSOLE_TX Pin=J18-2
Added Pin To Net: NetName=SOM_CONSOLE_RX Pin=J18-3
Add Pin To Net: Unknown Pin: Pin J24-1
Add Pin To Net: Unknown Pin: Pin J24-2
Add Pin To Net: Unknown Pin: Pin J24-3
Add Pin To Net: Unknown Pin: Pin J24-4
Add Pin To Net: Unknown Pin: Pin J24-5
Add Pin To Net: Unknown Pin: Pin J24-6
Add Pin To Net: Unknown Pin: Pin J24-7
Add Pin To Net: Unknown Pin: Pin J24-10
Add Pin To Net: Unknown Pin: Pin J24-11
Add Pin To Net: Unknown Pin: Pin J24-M1
Add Pin To Net: Unknown Pin: Pin J24-M2
Added Pin To Net: NetName=GND Pin=J26-2
Added Pin To Net: NetName=GND Pin=J26-M1
Added Pin To Net: NetName=GND Pin=J26-M2
Added Pin To Net: NetName=PE03 Pin=R6-2
Added Pin To Net: NetName=PD00 Pin=R12-2
Added Pin To Net: NetName=PA01 Pin=R13-1
Added Pin To Net: NetName=HEATER_PWM_3 Pin=R13-2
Added Pin To Net: NetName=TEC_EN_2 Pin=R14-1
Added Pin To Net: NetName=PD01 Pin=R14-2
Added Pin To Net: NetName=PA02 Pin=R15-1
Added Pin To Net: NetName=MCU_SOL_1_IN1 Pin=R15-2
Added Pin To Net: NetName=POW_ONOFF_SOM Pin=R16-1
Added Pin To Net: NetName=PD02 Pin=R16-2
Added Pin To Net: NetName=PA03 Pin=R17-1
Added Pin To Net: NetName=MCU_I2C0_SDA Pin=R17-2
Added Pin To Net: NetName=PA09 Pin=R24-1
Added Pin To Net: NetName=MCU_UART0_RX_SOM_TX Pin=R24-2
Added Pin To Net: NetName=MCU_SOM_GPIO_A Pin=R25-1
Added Pin To Net: NetName=PD09 Pin=R25-2
Added Pin To Net: NetName=PA10 Pin=R26-1
Added Pin To Net: NetName=MCU_UART0_TX_SOM_RX Pin=R26-2
Added Pin To Net: NetName=MCU_SOM_GPIO_B Pin=R27-1
Added Pin To Net: NetName=PD10 Pin=R27-2
Added Pin To Net: NetName=PA11 Pin=R28-1
Added Pin To Net: NetName=MCU_RAM_QSPI_nCS Pin=R28-2
Added Pin To Net: NetName=TEC_nCS_4 Pin=R29-1
Added Pin To Net: NetName=PD11 Pin=R29-2
Added Pin To Net: NetName=PA12 Pin=R30-1
Added Pin To Net: NetName=MCU_MRAM_QSPI_IO1 Pin=R30-2
Added Pin To Net: NetName=PD12 Pin=R31-2
Added Pin To Net: NetName=PA13 Pin=R32-1
Added Pin To Net: NetName=MCU_MRAM_QSPI_IO0 Pin=R32-2
Added Pin To Net: NetName=TEC_SWEN_2 Pin=R33-1
Added Pin To Net: NetName=PD13 Pin=R33-2
Added Pin To Net: NetName=PA14 Pin=R34-1
Added Pin To Net: NetName=MCU_MRAM_QSPI_CLK Pin=R34-2
Added Pin To Net: NetName=MCU_PRAM_SW_nEN Pin=R35-1
Added Pin To Net: NetName=PD14 Pin=R35-2
Added Pin To Net: NetName=PA15 Pin=R36-1
Added Pin To Net: NetName=PHOTO_ADC_CONV Pin=R36-2
Added Pin To Net: NetName=PA16 Pin=R37-1
Added Pin To Net: NetName=HEATER_PWM_5 Pin=R37-2
Added Pin To Net: NetName=PA17 Pin=R38-1
Added Pin To Net: NetName=MCU_MRAM_QSPI_IO2 Pin=R38-2
Added Pin To Net: NetName=MCU_SOL_2_IN2 Pin=R39-1
Added Pin To Net: NetName=PD17 Pin=R39-2
Added Pin To Net: NetName=MCU_SOL_2_IN1 Pin=R40-1
Added Pin To Net: NetName=PD18 Pin=R40-2
Added Pin To Net: NetName=PD19 Pin=R41-1
Added Pin To Net: NetName=IF_MCU_SHUTDOWN Pin=R41-2
Added Pin To Net: NetName=MCU_SPI0_MISO Pin=R42-1
Added Pin To Net: NetName=PD20 Pin=R42-2
Added Pin To Net: NetName=MCU_SPI0_MOSI Pin=R43-1
Added Pin To Net: NetName=PD21 Pin=R43-2
Added Pin To Net: NetName=PA22 Pin=R44-1
Added Pin To Net: NetName=MCU_SOL_3_IN2 Pin=R44-2
Added Pin To Net: NetName=MCU_SPI0_SCK Pin=R45-1
Added Pin To Net: NetName=PD22 Pin=R45-2
Added Pin To Net: NetName=PA23 Pin=R46-1
Added Pin To Net: NetName=MCU_SOL_3_IN1 Pin=R46-2
Added Pin To Net: NetName=PA24 Pin=R47-1
Added Pin To Net: NetName=MCU_SOL_4_IN2 Pin=R47-2
Added Pin To Net: NetName=PA25 Pin=R48-1
Added Pin To Net: NetName=MCU_SOL_4_IN1 Pin=R48-2
Added Pin To Net: NetName=MCU_CONSOLE_RX Pin=R49-1
Added Pin To Net: NetName=PD25 Pin=R49-2
Added Pin To Net: NetName=PA26 Pin=R50-1
Added Pin To Net: NetName=HEATER_PWM_4 Pin=R50-2
Added Pin To Net: NetName=MCU_CONSOLE_TX Pin=R51-1
Added Pin To Net: NetName=PD26 Pin=R51-2
Added Pin To Net: NetName=PA27 Pin=R52-1
Added Pin To Net: NetName=HEATER_PWM_1 Pin=R52-2
Added Pin To Net: NetName=MCU_HD4_I2C2_SDA Pin=R53-1
Added Pin To Net: NetName=PD27 Pin=R53-2
Added Pin To Net: NetName=PA28 Pin=R54-1
Added Pin To Net: NetName=TEC_EN_3 Pin=R54-2
Added Pin To Net: NetName=MCU_HD4_I2C2_SCL Pin=R55-1
Added Pin To Net: NetName=PD28 Pin=R55-2
Added Pin To Net: NetName=PA29 Pin=R56-1
Added Pin To Net: NetName=TEC_EN_4 Pin=R56-2
Added Pin To Net: NetName=PD29 Pin=R57-1
Added Pin To Net: NetName=POW_ONOFF_BUCK_PERI Pin=R57-2
Added Pin To Net: NetName=PA30 Pin=R58-1
Added Pin To Net: NetName=TEC_SWEN_1 Pin=R58-2
Added Pin To Net: NetName=PA31 Pin=R59-1
Added Pin To Net: NetName=MCU_MRAM_QSPI_IO3 Pin=R60-1
Added Pin To Net: NetName=PD31 Pin=R60-2
Added Pin To Net: NetName=NetC15_2 Pin=R61-1
Added Pin To Net: NetName=3.3V_MCU Pin=R61-2
Added Pin To Net: NetName=WD_nRESET Pin=R62-2
Added Pin To Net: NetName=MCU_nRESET Pin=R63-1
Added Pin To Net: NetName=NetC15_2 Pin=R63-2
Added Pin To Net: NetName=PC01 Pin=R64-1
Added Pin To Net: NetName=TEC_SWEN_3 Pin=R64-2
Added Pin To Net: NetName=WD_DONE Pin=R65-1
Added Pin To Net: NetName=PE01 Pin=R65-2
Added Pin To Net: NetName=PC02 Pin=R66-1
Added Pin To Net: NetName=TEC_SWEN_4 Pin=R66-2
Added Pin To Net: NetName=WD_WAKE Pin=R67-1
Added Pin To Net: NetName=PE02 Pin=R67-2
Added Pin To Net: NetName=PC03 Pin=R68-1
Added Pin To Net: NetName=MCU_RTC_CLKOUT Pin=R68-2
Added Pin To Net: NetName=PC04 Pin=R69-1
Added Pin To Net: NetName=MCU_RTC_INT Pin=R69-2
Added Pin To Net: NetName=PC05 Pin=R70-1
Added Pin To Net: NetName=HEATER_PWM_7 Pin=R70-2
Added Pin To Net: NetName=PC06 Pin=R71-1
Added Pin To Net: NetName=HEATER_PWM_8 Pin=R71-2
Added Pin To Net: NetName=PC07 Pin=R72-1
Added Pin To Net: NetName=LASER_SW_INT_CS Pin=R72-2
Added Pin To Net: NetName=ADC_TEMP3 Pin=R73-1
Added Pin To Net: NetName=ADC_TEMP4 Pin=R75-1
Added Pin To Net: NetName=PC09 Pin=R76-1
Added Pin To Net: NetName=SENSOR1_EN Pin=R76-2
Added Pin To Net: NetName=ADC_TEMP7 Pin=R77-1
Added Pin To Net: NetName=PC10 Pin=R78-1
Added Pin To Net: NetName=SENSOR2_EN Pin=R78-2
Added Pin To Net: NetName=PB03 Pin=R79-1
Added Pin To Net: NetName=PC11 Pin=R80-1
Added Pin To Net: NetName=SENSOR3_EN Pin=R80-2
Added Pin To Net: NetName=SENSOR_I2C1_SDA Pin=R81-1
Added Pin To Net: NetName=PB04 Pin=R81-2
Added Pin To Net: NetName=PC12 Pin=R82-1
Added Pin To Net: NetName=CANRX1 Pin=R82-2
Added Pin To Net: NetName=MCU_TRACESWO Pin=R83-1
Added Pin To Net: NetName=PB05 Pin=R83-2
Added Pin To Net: NetName=ADC_TEMP6 Pin=R84-2
Added Pin To Net: NetName=MCU_SWDIO Pin=R85-1
Added Pin To Net: NetName=PB06 Pin=R85-2
Added Pin To Net: NetName=SENSOR_I2C1_SCL Pin=R86-1
Added Pin To Net: NetName=PB05 Pin=R86-2
Added Pin To Net: NetName=PC14 Pin=R87-1
Added Pin To Net: NetName=CANTX1 Pin=R87-2
Added Pin To Net: NetName=MCU_TSWCLK Pin=R88-1
Added Pin To Net: NetName=PB07 Pin=R88-2
Added Pin To Net: NetName=ADC_TEMP5 Pin=R89-2
Added Pin To Net: NetName=MCU_OSCIN Pin=R90-1
Added Pin To Net: NetName=PB08 Pin=R90-2
Added Pin To Net: NetName=PC16 Pin=R91-1
Added Pin To Net: NetName=LASER_DAC_LATCH Pin=R91-2
Added Pin To Net: NetName=MCU_OSCOUT Pin=R92-1
Added Pin To Net: NetName=PB09 Pin=R92-2
Added Pin To Net: NetName=PC17 Pin=R93-1
Added Pin To Net: NetName=MCU_HD4_I2C_EN Pin=R93-2
Added Pin To Net: NetName=MCP16502_HPM Pin=R94-1
Added Pin To Net: NetName=PB12 Pin=R94-2
Added Pin To Net: NetName=PC18 Pin=R95-1
Added Pin To Net: NetName=TEC_nCS_1 Pin=R95-2
Added Pin To Net: NetName=24M_EN Pin=R96-1
Added Pin To Net: NetName=PB13 Pin=R96-2
Added Pin To Net: NetName=PC19 Pin=R97-1
Added Pin To Net: NetName=MCU_SOL_1_IN2 Pin=R97-2
Added Pin To Net: NetName=PC20 Pin=R98-1
Added Pin To Net: NetName=TEC_nCS_2 Pin=R98-2
Added Pin To Net: NetName=PC21 Pin=R99-1
Added Pin To Net: NetName=TEC_EN_1 Pin=R99-2
Added Pin To Net: NetName=PC22 Pin=R100-1
Added Pin To Net: NetName=TEC_nCS_3 Pin=R100-2
Added Pin To Net: NetName=PC23 Pin=R101-1
Added Pin To Net: NetName=HEATER_PWM_6 Pin=R101-2
Added Pin To Net: NetName=PC24 Pin=R102-1
Added Pin To Net: NetName=TEC_SPI_SCK Pin=R102-2
Added Pin To Net: NetName=PC26 Pin=R103-1
Added Pin To Net: NetName=TEC_SPI_MISO Pin=R103-2
Added Pin To Net: NetName=PC27 Pin=R104-1
Added Pin To Net: NetName=TEC_SPI_MOSI Pin=R104-2
Added Pin To Net: NetName=PC28 Pin=R105-1
Added Pin To Net: NetName=MCU_PRAM_SPI1_nCS Pin=R105-2
Added Pin To Net: NetName=PC29 Pin=R106-1
Added Pin To Net: NetName=ADC_TEMP8 Pin=R106-2
Added Pin To Net: NetName=PC30 Pin=R107-1
Added Pin To Net: NetName=TEMP _SENSOR Pin=R107-2
Added Pin To Net: NetName=PC31 Pin=R108-1
Added Pin To Net: NetName=LASER_ADC_1 Pin=R108-2
Added Pin To Net: NetName=MCU_OSCOUT Pin=R109-1
Added Pin To Net: NetName=MCU_OSCIN Pin=R109-2
Added Pin To Net: NetName=GND Pin=R110-1
Added Pin To Net: NetName=NetC18_2 Pin=R110-2
Added Pin To Net: NetName=SOM_CONSOLE_TX Pin=R244-1
Added Pin To Net: NetName=SOM_CONSOLE_RX Pin=R245-1
Added Pin To Net: NetName=VBAT Pin=R306-1
Added Pin To Net: NetName=GND Pin=R307-1
Added Pin To Net: NetName=24M_EN Pin=R307-2
Added Pin To Net: NetName=OBC_VS_SOM_SPI_SG_SCK Pin=R308-1
Added Pin To Net: NetName=_PA31 Pin=R308-2
Added Pin To Net: NetName=SOM_USB_SW_nOE Pin=R309-1
Added Pin To Net: NetName=_PB4 Pin=R309-2
Added Pin To Net: NetName=OBC_VS_SOM_SPI_SG_MISO Pin=R310-1
Added Pin To Net: NetName=_PB1 Pin=R310-2
Added Pin To Net: NetName=SOM_PHOTO_SPI_MOSI Pin=R311-1
Added Pin To Net: NetName=_PE3 Pin=R311-2
Added Pin To Net: NetName=SOM_USB_SW_SEL0 Pin=R312-1
Added Pin To Net: NetName=_PB5 Pin=R312-2
Added Pin To Net: NetName=OBC_VS_SOM_SPI_SG_MOSI Pin=R313-1
Added Pin To Net: NetName=_PB2 Pin=R313-2
Added Pin To Net: NetName=SOM_PHOTO_SW_nCS Pin=R314-1
Added Pin To Net: NetName=_PE2 Pin=R314-2
Added Pin To Net: NetName=SOM_USB_SW_SEL1 Pin=R315-1
Added Pin To Net: NetName=_PB6 Pin=R315-2
Added Pin To Net: NetName=OBC_VS_SOM_SPI_SG_CS Pin=R316-1
Added Pin To Net: NetName=_PB0 Pin=R316-2
Added Pin To Net: NetName=_PE5 Pin=R317-2
Added Pin To Net: NetName=SOM_USB_PWR_EN1 Pin=R318-1
Added Pin To Net: NetName=_PB7 Pin=R318-2
Added Pin To Net: NetName=GND Pin=R319-1
Added Pin To Net: NetName=SEL_VLDO1 Pin=R319-2
Added Pin To Net: NetName=SOM_PHOTO_SPI_MISO Pin=R320-1
Added Pin To Net: NetName=_PE4 Pin=R320-2
Added Pin To Net: NetName=SOM_USB_PWR_EN2 Pin=R321-1
Added Pin To Net: NetName=_PB8 Pin=R321-2
Added Pin To Net: NetName=SOM_PHOTO_ADC_nCS Pin=R322-1
Added Pin To Net: NetName=_PE6 Pin=R322-2
Added Pin To Net: NetName=SD2_CMD Pin=R323-1
Added Pin To Net: NetName=_PB29 Pin=R323-2
Added Pin To Net: NetName=SD2_DATA0 Pin=R324-1
Added Pin To Net: NetName=_PB31 Pin=R324-2
Added Pin To Net: NetName=SD2_DATA1 Pin=R325-1
Added Pin To Net: NetName=_PC0 Pin=R325-2
Added Pin To Net: NetName=SD2_DATA2 Pin=R326-1
Added Pin To Net: NetName=_PC1 Pin=R326-2
Added Pin To Net: NetName=MCU_UART0_TX_SOM_RX Pin=R327-1
Added Pin To Net: NetName=_PD19 Pin=R327-2
Added Pin To Net: NetName=SD2_DATA3 Pin=R328-1
Added Pin To Net: NetName=_PC2 Pin=R328-2
Added Pin To Net: NetName=MCU_UART0_RX_SOM_TX Pin=R329-1
Added Pin To Net: NetName=_PD18 Pin=R329-2
Added Pin To Net: NetName=SD2_CLK Pin=R330-1
Added Pin To Net: NetName=_PB30 Pin=R330-2
Added Pin To Net: NetName=SOM_CANRX1 Pin=R331-1
Added Pin To Net: NetName=_PD15 Pin=R331-2
Added Pin To Net: NetName=SD2_nCD Pin=R332-1
Added Pin To Net: NetName=_PC4 Pin=R332-2
Added Pin To Net: NetName=SOM_USB_LED_2 Pin=R333-1
Added Pin To Net: NetName=_PB14 Pin=R333-2
Added Pin To Net: NetName=SOM_CANTX0 Pin=R334-1
Added Pin To Net: NetName=_PD12 Pin=R334-2
Added Pin To Net: NetName=SOM_CANRX0 Pin=R335-1
Added Pin To Net: NetName=_PD13 Pin=R335-2
Added Pin To Net: NetName=SOM_USB_LED_1 Pin=R336-1
Added Pin To Net: NetName=_PB12 Pin=R336-2
Added Pin To Net: NetName=SOM_CANTX1 Pin=R337-1
Added Pin To Net: NetName=_PD14 Pin=R337-2
Added Pin To Net: NetName=MCU_UART1_TX_SOM_RX Pin=R338-1
Added Pin To Net: NetName=_PD17 Pin=R338-2
Added Pin To Net: NetName=MCU_UART1_RX_SOM_TX Pin=R339-1
Added Pin To Net: NetName=_PD16 Pin=R339-2
Added Pin To Net: NetName=SOM_SDMMC0_OUT_D6 Pin=R340-1
Added Pin To Net: NetName=_PA9 Pin=R340-2
Added Pin To Net: NetName=SOM_SDMMC0_OUT_D7 Pin=R341-1
Added Pin To Net: NetName=_PA10 Pin=R341-2
Added Pin To Net: NetName=_PD21 Pin=R342-2
Added Pin To Net: NetName=SOM_SDMMC0_OUT_D1 Pin=R343-1
Added Pin To Net: NetName=_PA4 Pin=R343-2
Added Pin To Net: NetName=SOM_SDMMC0_OUT_D5 Pin=R344-1
Added Pin To Net: NetName=_PA8 Pin=R344-2
Added Pin To Net: NetName=SOM_CAM_CK_P Pin=R345-1
Added Pin To Net: NetName=MIPI_CK_P Pin=R345-2
Added Pin To Net: NetName=SOM_SDMMC0_OUT_D4 Pin=R346-1
Added Pin To Net: NetName=_PA7 Pin=R346-2
Added Pin To Net: NetName=SOM_CAM_CK_N Pin=R347-1
Added Pin To Net: NetName=MIPI_CK_N Pin=R347-2
Added Pin To Net: NetName=_PD20 Pin=R348-2
Added Pin To Net: NetName=SOM_SDMMC0_OUT_D3 Pin=R349-1
Added Pin To Net: NetName=_PA6 Pin=R349-2
Added Pin To Net: NetName=SOM_CAM_D1_P Pin=R350-1
Added Pin To Net: NetName=MIPI_D1_P Pin=R350-2
Added Pin To Net: NetName=SOM_USB_N Pin=R351-1
Added Pin To Net: NetName=USBC_N Pin=R351-2
Added Pin To Net: NetName=SOM_SDMMC0_OUT_CK Pin=R352-1
Added Pin To Net: NetName=_PA0 Pin=R352-2
Added Pin To Net: NetName=SOM_CAM_D1_N Pin=R353-1
Added Pin To Net: NetName=MIPI_D1_N Pin=R353-2
Added Pin To Net: NetName=SOM_USB_P Pin=R354-1
Added Pin To Net: NetName=USBC_P Pin=R354-2
Added Pin To Net: NetName=SOM_EMMC_nRST Pin=R355-1
Added Pin To Net: NetName=_PA2 Pin=R355-2
Added Pin To Net: NetName=SOM_CAM_D0_P Pin=R356-1
Added Pin To Net: NetName=MIPI_D0_P Pin=R356-2
Added Pin To Net: NetName=SOM_SDMMC0_OUT_D2 Pin=R357-1
Added Pin To Net: NetName=_PA5 Pin=R357-2
Added Pin To Net: NetName=SOM_CAM_D0_N Pin=R358-1
Added Pin To Net: NetName=MIPI_D0_N Pin=R358-2
Added Pin To Net: NetName=SOM_SDMMC0_OUT_D0 Pin=R359-1
Added Pin To Net: NetName=_PA3 Pin=R359-2
Added Pin To Net: NetName=USB1_N Pin=R360-1
Added Pin To Net: NetName=USBB_N Pin=R360-2
Added Pin To Net: NetName=SOM_SDMMC0_OUT_DS Pin=R361-1
Added Pin To Net: NetName=_PA11 Pin=R361-2
Added Pin To Net: NetName=USB1_P Pin=R362-1
Added Pin To Net: NetName=USBB_P Pin=R362-2
Added Pin To Net: NetName=SOM_SDMMC0_OUT_CMD Pin=R363-1
Added Pin To Net: NetName=_PA1 Pin=R363-2
Added Pin To Net: NetName=SOM_PHOTO_ADC_CONV Pin=R364-1
Added Pin To Net: NetName=_PA17 Pin=R364-2
Added Pin To Net: NetName=IF_SOM_USB_N Pin=R365-1
Added Pin To Net: NetName=USBA_N Pin=R365-2
Added Pin To Net: NetName=IF_SOM_USB_P Pin=R366-1
Added Pin To Net: NetName=USBA_P Pin=R366-2
Added Pin To Net: NetName=MCU_SOM_GPIO_A Pin=R367-1
Added Pin To Net: NetName=_PA22 Pin=R367-2
Added Pin To Net: NetName=MCU_SOM_GPIO_B Pin=R368-1
Added Pin To Net: NetName=_PA18 Pin=R368-2
Added Pin To Net: NetName=OBC_VS_SOM_I2C_SDA Pin=R369-1
Added Pin To Net: NetName=_PC9 Pin=R369-2
Added Pin To Net: NetName=OBC_VS_SOM_I2C_SCL Pin=R370-1
Added Pin To Net: NetName=_PC10 Pin=R370-2
Added Pin To Net: NetName=SOM_CONSOLE_TX Pin=R371-1
Added Pin To Net: NetName=_PC11 Pin=R371-2
Added Pin To Net: NetName=SOM_CONSOLE_RX Pin=R372-1
Added Pin To Net: NetName=_PC12 Pin=R372-2
Added Pin To Net: NetName=SOM_PRAM_SPI_SCK Pin=R373-1
Added Pin To Net: NetName=_PA26 Pin=R373-2
Added Pin To Net: NetName=5V_MAIN Pin=R374-1
Added Pin To Net: NetName=MCP16502_HPM Pin=R374-2
Added Pin To Net: NetName=_PC13 Pin=R375-2
Added Pin To Net: NetName=SOM_PRAM_nCS Pin=R376-1
Added Pin To Net: NetName=_PA27 Pin=R376-2
Added Pin To Net: NetName=_PC14 Pin=R377-2
Added Pin To Net: NetName=SOM_PRAM_SPI_MOSI Pin=R378-1
Added Pin To Net: NetName=_PA28 Pin=R378-2
Added Pin To Net: NetName=SOM_PHOTO_ADC_EOC Pin=R379-1
Added Pin To Net: NetName=_PC15 Pin=R379-2
Added Pin To Net: NetName=SOM_PRAM_SPI_MISO Pin=R380-1
Added Pin To Net: NetName=_PA29 Pin=R380-2
Added Pin To Net: NetName=MCP16502_HPM Pin=R381-1
Added Pin To Net: NetName=GND Pin=R381-2
Added Pin To Net: NetName=NTRST_PC25 Pin=R382-1
Added Pin To Net: NetName=VBAT Pin=R382-2
Added Pin To Net: NetName=NRST Pin=R383-1
Added Pin To Net: NetName=VBAT Pin=R383-2
Added Pin To Net: NetName=_PC3 Pin=R384-1
Added Pin To Net: NetName=VBAT Pin=R384-2
Added Pin To Net: NetName=GND Pin=R385-1
Added Pin To Net: NetName=_PC3 Pin=R385-2
Added Pin To Net: NetName=_PC4 Pin=R386-1
Added Pin To Net: NetName=VBAT Pin=R386-2
Added Pin To Net: NetName=GND Pin=R387-1
Added Pin To Net: NetName=_PC4 Pin=R387-2
Added Pin To Net: NetName=_PC5 Pin=R388-1
Added Pin To Net: NetName=VBAT Pin=R388-2
Added Pin To Net: NetName=GND Pin=R389-1
Added Pin To Net: NetName=_PC5 Pin=R389-2
Added Pin To Net: NetName=_PA12 Pin=R390-1
Added Pin To Net: NetName=3.3V_SOM Pin=R390-2
Added Pin To Net: NetName=GND Pin=R391-1
Added Pin To Net: NetName=_PA12 Pin=R391-2
Added Pin To Net: NetName=GND Pin=R392-1
Added Pin To Net: NetName=JTAGSEL Pin=R392-2
Added Pin To Net: NetName=_PA13 Pin=R393-1
Added Pin To Net: NetName=3.3V_SOM Pin=R393-2
Added Pin To Net: NetName=GND Pin=R394-1
Added Pin To Net: NetName=_PA13 Pin=R394-2
Added Pin To Net: NetName=_PA14 Pin=R395-1
Added Pin To Net: NetName=3.3V_SOM Pin=R395-2
Added Pin To Net: NetName=GND Pin=R396-1
Added Pin To Net: NetName=_PA14 Pin=R396-2
Added Pin To Net: NetName=NRST Pin=R403-1
Added Pin To Net: NetName=eFUSE_ILIM_5V_TEC Pin=R424-2
Added Pin To Net: NetName=POW_ONOFF_HD4 Pin=R425-2
Added Pin To Net: NetName=POW_ONOFF_HD4 Pin=R430-1
Added Pin To Net: NetName=POW_ONOFF_Solenoid Pin=R433-2
Added Pin To Net: NetName=POW_ONOFF_Solenoid Pin=R438-1
Added Pin To Net: NetName=SOM_TWCK Pin=TP5-0
Added Pin To Net: NetName=SOM_TWD Pin=TP6-0
Added Pin To Net: NetName=PE03 Pin=U1-9
Added Pin To Net: NetName=PE00 Pin=U3-27
Add Pin To Net: Unknown Pin: Pin U25-1
Add Pin To Net: Unknown Pin: Pin U25-2
Add Pin To Net: Unknown Pin: Pin U25-3
Add Pin To Net: Unknown Pin: Pin U25-4
Add Pin To Net: Unknown Pin: Pin U25-5
Add Pin To Net: Unknown Pin: Pin U25-6
Add Pin To Net: Unknown Pin: Pin U25-8
Add Pin To Net: Unknown Pin: Pin U25-9
Add Pin To Net: Unknown Pin: Pin U26-1
Add Pin To Net: Unknown Pin: Pin U26-2
Add Pin To Net: Unknown Pin: Pin U26-3
Add Pin To Net: Unknown Pin: Pin U26-4
Add Pin To Net: Unknown Pin: Pin U26-5
Add Pin To Net: Unknown Pin: Pin U26-6
Add Pin To Net: Unknown Pin: Pin U26-8
Add Pin To Net: Unknown Pin: Pin U26-9
Add Pin To Net: Unknown Pin: Pin U27-1
Add Pin To Net: Unknown Pin: Pin U27-2
Add Pin To Net: Unknown Pin: Pin U27-3
Add Pin To Net: Unknown Pin: Pin U27-4
Add Pin To Net: Unknown Pin: Pin U27-5
Add Pin To Net: Unknown Pin: Pin U27-6
Add Pin To Net: Unknown Pin: Pin U27-8
Add Pin To Net: Unknown Pin: Pin U27-9
Add Pin To Net: Unknown Pin: Pin U28-1
Add Pin To Net: Unknown Pin: Pin U28-2
Add Pin To Net: Unknown Pin: Pin U28-3
Add Pin To Net: Unknown Pin: Pin U28-4
Add Pin To Net: Unknown Pin: Pin U28-5
Add Pin To Net: Unknown Pin: Pin U28-6
Add Pin To Net: Unknown Pin: Pin U28-8
Add Pin To Net: Unknown Pin: Pin U28-9
Added Pin To Net: NetName=eFUSE_ILIM_5V_TEC Pin=U36-9
Added Pin To Net: NetName=POW_ONOFF_HD4 Pin=U37-1
Added Pin To Net: NetName=POW_ONOFF_HD4 Pin=U37-1
Added Pin To Net: NetName=POW_ONOFF_Solenoid Pin=U38-1
Added Pin To Net: NetName=POW_ONOFF_Solenoid Pin=U38-1
Change Net Name : Old Net Name=NetC156_1 New Net Name=NetC158_1
Change Net Name : Old Net Name=NetC156_2 New Net Name=NetC158_2
Change Net Name : Old Net Name=NetC164_2 New Net Name=NetC166_2
Change Net Name : Old Net Name=NetC165_2 New Net Name=NetC167_2
Change Net Name : Old Net Name=NetC169_2 New Net Name=NetC171_2
Change Net Name : Old Net Name=NetC170_2 New Net Name=NetC172_2
Change Net Name : Old Net Name=NetC173_2 New Net Name=NetC175_2
Change Net Name : Old Net Name=NetC174_2 New Net Name=NetC176_2
Change Net Name : Old Net Name=NetC175_2 New Net Name=NetC177_2
Change Net Name : Old Net Name=NetC178_1 New Net Name=NetC180_1
Change Net Name : Old Net Name=NetC181_1 New Net Name=NetC183_1
Change Net Name : Old Net Name=NetC184_1 New Net Name=NetC186_1
Change Net Name : Old Net Name=NetR119_2 New Net Name=NetR126_2
Change Net Name : Old Net Name=NetR120_2 New Net Name=NetR127_2
Change Net Name : Old Net Name=NetR121_1 New Net Name=NetR128_1
Change Net Name : Old Net Name=NetR122_1 New Net Name=NetR129_1
Change Net Name : Old Net Name=NetR129_2 New Net Name=NetR136_2
Change Net Name : Old Net Name=NetR130_2 New Net Name=NetR137_2
Change Net Name : Old Net Name=NetR131_1 New Net Name=NetR138_1
Change Net Name : Old Net Name=NetR132_1 New Net Name=NetR139_1
Change Net Name : Old Net Name=NetR139_2 New Net Name=NetR146_2
Change Net Name : Old Net Name=NetR140_2 New Net Name=NetR147_2
Change Net Name : Old Net Name=NetR141_2 New Net Name=NetR148_2
Change Net Name : Old Net Name=NetR142_2 New Net Name=NetR149_2
Change Net Name : Old Net Name=NetR143_2 New Net Name=NetR150_2
Change Net Name : Old Net Name=NetR144_2 New Net Name=NetR151_2
Change Net Name : Old Net Name=NetR161_1 New Net Name=NetR168_1
Change Net Name : Old Net Name=NetR162_1 New Net Name=NetR169_1
Change Net Name : Old Net Name=NetR167_1 New Net Name=NetR174_1
Change Net Name : Old Net Name=NetR168_1 New Net Name=NetR175_1
Change Net Name : Old Net Name=NetR173_1 New Net Name=NetR180_1
Change Net Name : Old Net Name=NetR174_1 New Net Name=NetR181_1
Change Net Name : Old Net Name=NetR179_1 New Net Name=NetR186_1
Change Net Name : Old Net Name=NetR180_1 New Net Name=NetR187_1
Change Net Name : Old Net Name=NetR185_1 New Net Name=NetR192_1
Change Net Name : Old Net Name=NetR194_1 New Net Name=NetR201_1
Change Net Name : Old Net Name=NetR195_1 New Net Name=NetR202_1
Change Net Name : Old Net Name=NetR198_2 New Net Name=NetR205_2
Change Net Name : Old Net Name=NetR199_2 New Net Name=NetR206_2
Change Net Name : Old Net Name=NetR204_1 New Net Name=NetR211_1
Change Net Name : Old Net Name=NetR205_1 New Net Name=NetR212_1
Change Net Name : Old Net Name=NetR213_2 New Net Name=NetR220_2
Change Net Name : Old Net Name=NetR214_2 New Net Name=NetR221_2
Change Net Name : Old Net Name=NetR217_1 New Net Name=NetR224_1
Change Net Name : Old Net Name=NetR241_1 New Net Name=NetR248_1
Change Net Name : Old Net Name=NetR242_1 New Net Name=NetR249_1
Change Net Name : Old Net Name=NetR243_1 New Net Name=NetR250_1
Change Net Name : Old Net Name=NetR244_1 New Net Name=NetR251_1
Change Net Name : Old Net Name=NetR384_2 New Net Name=NetR402_2
Change Net Name : Old Net Name=NetR386_1 New Net Name=NetR404_1
Change Net Name : Old Net Name=NetR387_1 New Net Name=NetR405_1
Change Net Name : Old Net Name=NetR389_1 New Net Name=NetR407_1
Change Net Name : Old Net Name=NetR390_1 New Net Name=NetR408_1
Change Net Name : Old Net Name=NetR395_1 New Net Name=NetR413_1
Change Net Name : Old Net Name=NetR401_1 New Net Name=NetR418_1
Change Net Name : Old Net Name=NetR402_1 New Net Name=NetR419_1
Change Net Name : Old Net Name=NetR403_1 New Net Name=NetR420_1
Change Net Name : Old Net Name=NetR410_1 New Net Name=NetR426_1
Change Net Name : Old Net Name=NetR411_1 New Net Name=NetR427_1
Change Net Name : Old Net Name=NetR412_1 New Net Name=NetR428_1
Change Net Name : Old Net Name=NetR419_1 New Net Name=NetR434_1
Change Net Name : Old Net Name=NetR420_1 New Net Name=NetR435_1
Change Net Name : Old Net Name=NetR421_1 New Net Name=NetR436_1
Change Net Name : Old Net Name=NetR427_2 New Net Name=NetR441_2
Change Net Name : Old Net Name=NetR429_1 New Net Name=NetR443_1
Change Net Name : Old Net Name=NetR430_2 New Net Name=NetR444_2
Change Net Name : Old Net Name=NetR432_2 New Net Name=NetR446_2
Change Net Name : Old Net Name=NetR434_1 New Net Name=NetR448_1
Change Net Name : Old Net Name=NetR435_2 New Net Name=NetR449_2
Change Net Name : Old Net Name=NetR437_2 New Net Name=NetR451_2
Change Net Name : Old Net Name=NetR439_1 New Net Name=NetR453_1
Change Net Name : Old Net Name=NetR440_2 New Net Name=NetR454_2
Change Net Name : Old Net Name=PB03 New Net Name=ADC_SWITCH
Change Net Name : Old Net Name=VBAT New Net Name=VDD_3V3
Added Pin To Net: NetName=3.3_VBAT Pin=C154-2
Added Pin To Net: NetName=3.3_VBAT Pin=J26-1
Added Pin To Net: NetName=3.3_VBAT Pin=R305-1
Added Pin To Net: NetName=3.3_VBAT Pin=U31-9
Added Net: Name=3.3_VBAT
Added Pin To Net: NetName=LASER_SPI_nCS1 Pin=R59-2
Added Pin To Net: NetName=LASER_SPI_nCS1 Pin=R292-2
Added Pin To Net: NetName=LASER_SPI_nCS1 Pin=R299-1
Added Net: Name=LASER_SPI_nCS1
Added Pin To Net: NetName=NetR260_1 Pin=R260-1
Added Net: Name=NetR260_1
Added Pin To Net: NetName=NetR263_1 Pin=R263-1
Added Net: Name=NetR263_1
Added Pin To Net: NetName=NetR266_1 Pin=R266-1
Added Net: Name=NetR266_1
Added Pin To Net: NetName=NetR269_1 Pin=R269-1
Added Net: Name=NetR269_1
Added Pin To Net: NetName=PB00 Pin=R73-2
Added Pin To Net: NetName=PB00 Pin=U3-21
Added Net: Name=PB00
Added Pin To Net: NetName=PB01 Pin=R75-2
Added Pin To Net: NetName=PB01 Pin=U3-20
Added Net: Name=PB01
Added Pin To Net: NetName=PB02 Pin=R77-2
Added Pin To Net: NetName=PB02 Pin=U3-26
Added Net: Name=PB02
Added Pin To Net: NetName=PB03 Pin=R79-2
Added Pin To Net: NetName=PB03 Pin=U3-31
Added Net: Name=PB03
Added Pin To Net: NetName=PC13 Pin=R84-1
Added Pin To Net: NetName=PC13 Pin=U3-19
Added Net: Name=PC13
Added Pin To Net: NetName=PC15 Pin=R89-1
Added Pin To Net: NetName=PC15 Pin=U3-18
Added Net: Name=PC15
Added Pin To Net: NetName=PHOTO_ADC_CS Pin=R12-1
Added Pin To Net: NetName=PHOTO_ADC_CS Pin=R271-2
Added Pin To Net: NetName=PHOTO_ADC_CS Pin=R286-1
Added Net: Name=PHOTO_ADC_CS
Added Pin To Net: NetName=PHOTO_SPI0_nCS2 Pin=R31-1
Added Pin To Net: NetName=PHOTO_SPI0_nCS2 Pin=R270-2
Added Pin To Net: NetName=PHOTO_SPI0_nCS2 Pin=R284-1
Added Net: Name=PHOTO_SPI0_nCS2
Added Pin To Net: NetName=SOM_CAM_I2C_SCL Pin=R375-1
Added Net: Name=SOM_CAM_I2C_SCL
Added Pin To Net: NetName=SOM_CAM_I2C_SDA Pin=R377-1
Added Net: Name=SOM_CAM_I2C_SDA
Added Pin To Net: NetName=SOM_PHOTO_SPI_SCK Pin=R279-1
Added Pin To Net: NetName=SOM_PHOTO_SPI_SCK Pin=R317-1
Added Net: Name=SOM_PHOTO_SPI_SCK
Added Pin To Net: NetName=VBAT Pin=R305-2
Added Pin To Net: NetName=VBAT Pin=R306-2
Added Pin To Net: NetName=VBAT Pin=U29-170
Added Net: Name=VBAT
Change Class Name : Old Net Name=04_CONNECTOR_IN New Net Name=05_CONNECTOR_IN
Change Class Name : Old Net Name=04_CONNECTOR_OUT New Net Name=05_CONNECTOR_OUT
Change Class Name : Old Net Name=05_POWER_1 New Net Name=06_POWER_1
Change Class Name : Old Net Name=05_POWER_2 New Net Name=06_POWER_2
Change Class Name : Old Net Name=06_SOM New Net Name=08_SOM
Change Class Name : Old Net Name=06_SOM_USB_CARD New Net Name=08_SOM_USB_CARD
Change Class Name : Old Net Name=07_eMMC New Net Name=09_eMMC
Change Class Name : Old Net Name=07_USB New Net Name=10_USB
Change Class Name : Old Net Name=08_MCU New Net Name=11_MCU
Change Class Name : Old Net Name=09_MRAM_RTC_WDT New Net Name=13_MRAM_RTC_WDT
Change Class Name : Old Net Name=10_NTC_TEMPSENSOR New Net Name=14_NTC_TEMPSENSOR
Change Class Name : Old Net Name=11_HEATER New Net Name=15_HEATER
Change Class Name : Old Net Name=12_TEC New Net Name=16_TEC
Change Class Name : Old Net Name=13_FLOW_Sensor New Net Name=17_FLOW_Sensor
Change Class Name : Old Net Name=14_HD4_PUMP New Net Name=18_HD4_PUMP
Change Class Name : Old Net Name=15_SOLEDNOID New Net Name=19_SOLEDNOID
Change Class Name : Old Net Name=CAN New Net Name=07_CAN
Change Class Name : Old Net Name=CONSOLE New Net Name=12_CONSOLE
Change Class Name : Old Net Name=POWER_3 New Net Name=06_POWER_3
Change Class Name : Old Net Name=POWER_4 New Net Name=06_POWER_4
Added Member To Class: ClassName=08_SOM Member=Component C152 0.1uF/10V
Added Member To Class: ClassName=13_MRAM_RTC_WDT Member=Component C156 0.1uF/10V
Add Class Member: Failed to add class member : Component J24 0533981171
Added Member To Class: ClassName=13_MRAM_RTC_WDT Member=Component J26 Header 2x1_2M
Added Member To Class: ClassName=11_MCU Member=Component R104 22R
Added Member To Class: ClassName=11_MCU Member=Component R105 22R
Added Member To Class: ClassName=11_MCU Member=Component R106 22R
Added Member To Class: ClassName=11_MCU Member=Component R107 22R
Added Member To Class: ClassName=11_MCU Member=Component R108 22R
Added Member To Class: ClassName=11_MCU Member=Component R109 10M
Added Member To Class: ClassName=11_MCU Member=Component R110 5.62k
Added Member To Class: ClassName=08_SOM Member=Component R379 22R
Added Member To Class: ClassName=08_SOM Member=Component R380 22R
Added Member To Class: ClassName=08_SOM Member=Component R381 10k
Added Member To Class: ClassName=08_SOM Member=Component R382 10k
Added Member To Class: ClassName=08_SOM Member=Component R383 10k
Added Member To Class: ClassName=08_SOM Member=Component R384 DNP/10k
Added Member To Class: ClassName=08_SOM Member=Component R385 DNP/10k
Added Member To Class: ClassName=08_SOM Member=Component R386 DNP/10k
Added Member To Class: ClassName=08_SOM Member=Component R387 DNP/10k
Added Member To Class: ClassName=08_SOM Member=Component R388 DNP/10k
Added Member To Class: ClassName=08_SOM Member=Component R389 DNP/10k
Added Member To Class: ClassName=08_SOM Member=Component R390 DNP/10k
Added Member To Class: ClassName=08_SOM Member=Component R391 DNP/10k
Added Member To Class: ClassName=08_SOM Member=Component R392 DNP/10k
Added Member To Class: ClassName=08_SOM Member=Component R393 DNP/10k
Added Member To Class: ClassName=08_SOM Member=Component R394 DNP/10k
Added Member To Class: ClassName=08_SOM Member=Component R395 DNP/10k
Added Member To Class: ClassName=08_SOM Member=Component R396 DNP/10k
Added Member To Class: ClassName=08_SOM Member=Component TP5
Added Member To Class: ClassName=08_SOM Member=Component TP6
Add Class Member: Failed to add class member : Component U25 TB67H451AFNG,EL
Add Class Member: Failed to add class member : Component U26 TB67H451AFNG,EL
Add Class Member: Failed to add class member : Component U27 TB67H451AFNG,EL
Add Class Member: Failed to add class member : Component U28 TB67H451AFNG,EL
Added Rule: Name=Schematic Matched Net Lengths
Added Rule: Name=Schematic Matched Net Lengths_3
