Added Component: Designator=J3(SAMTEC_TSM-108-01-L-SV-P-TR)
Added Component: Designator=J25(SAMTEC_TSM-108-01-L-SV-P-TR)
Add Pin To Net: Unknown Pin: Pin J3-2
Add Pin To Net: Unknown Pin: Pin J3-3
Add Pin To Net: Unknown Pin: Pin J3-4
Add Pin To Net: Unknown Pin: Pin J3-5
Add Pin To Net: Unknown Pin: Pin J3-6
Added Pin To Net: NetName=MCU_SWDIO Pin=J3-8
Add Pin To Net: Unknown Pin: Pin J25-2
Add Pin To Net: Unknown Pin: Pin J25-3
Add Pin To Net: Unknown Pin: Pin J25-4
Add Pin To Net: Unknown Pin: Pin J25-5
Add Pin To Net: Unknown Pin: Pin J25-6
Add Pin To Net: Unknown Pin: Pin J25-7
Added Pin To Net: NetName=TMS_SWDIO_PC27 Pin=J25-8
Add Pin To Net: Unknown Pin: Pin U54-13
Added Member To Class: ClassName=11_MCU Member=Component J3 Header 8x1
Added Member To Class: ClassName=08_SAMA7G54-PIO Member=Component J25 Header 8x1
Added Member To Class: ClassName=11_MCU Member=Component R18 22R
Added Member To Class: ClassName=11_MCU Member=Component R25 22R
Added Member To Class: ClassName=11_MCU Member=Component R26 22R
