Removed Pin From Net: NetName=MCU_SOL_4_IN2 Pin=U26-2
Removed Pin From Net: NetName=MCU_SOL_4_IN1 Pin=U26-3
Removed Pin From Net: NetName=SOL_4_OUT1 Pin=U26-6
Removed Pin From Net: NetName=NetR268_1 Pin=U26-7
Removed Pin From Net: NetName=SOL_4_OUT2 Pin=U26-8
Removed Pin From Net: NetName=MCU_SOL_2_IN2 Pin=U28-2
Removed Pin From Net: NetName=MCU_SOL_2_IN1 Pin=U28-3
Removed Pin From Net: NetName=SOL_2_OUT1 Pin=U28-6
Removed Pin From Net: NetName=NetR262_1 Pin=U28-7
Removed Pin From Net: NetName=SOL_2_OUT2 Pin=U28-8
Change Component Designator: OldDesignator=U26 NewDesignator=U28
Change Component Designator: OldDesignator=U28 NewDesignator=U26
Added Pin To Net: NetName=MCU_SOL_4_IN2 Pin=U26-2
Added Pin To Net: NetName=MCU_SOL_4_IN1 Pin=U26-3
Added Pin To Net: NetName=SOL_4_OUT1 Pin=U26-6
Added Pin To Net: NetName=NetR268_1 Pin=U26-7
Added Pin To Net: NetName=SOL_4_OUT2 Pin=U26-8
Added Pin To Net: NetName=MCU_SOL_2_IN2 Pin=U28-2
Added Pin To Net: NetName=MCU_SOL_2_IN1 Pin=U28-3
Added Pin To Net: NetName=SOL_2_OUT1 Pin=U28-6
Added Pin To Net: NetName=NetR262_1 Pin=U28-7
Added Pin To Net: NetName=SOL_2_OUT2 Pin=U28-8
Add Pin To Net: Unknown Pin: Pin U54-13
Added Member To Class: ClassName=11_MCU Member=Component R18 22R
Added Member To Class: ClassName=11_MCU Member=Component R25 22R
Added Member To Class: ClassName=11_MCU Member=Component R26 22R
Added Member To Class: ClassName=19_SOLEDNOID_1 Member=Component U28 TB67H451AFNG,EL
